Archive member included to satisfy reference by file (symbol)

.\CortexM0\ARM_GCC_541\Debug\Motor_Board_Rev3.a(CyLib.o)
                              .\CortexM0\ARM_GCC_541\Debug\cyfitter_cfg.o (CyIntEnable)
.\CortexM0\ARM_GCC_541\Debug\Motor_Board_Rev3.a(CyLFClk.o)
                              .\CortexM0\ARM_GCC_541\Debug\Motor_Board_Rev3.a(CyLib.o) (CySysClkWcoEnabled)
.\CortexM0\ARM_GCC_541\Debug\Motor_Board_Rev3.a(PWM_Motor.o)
                              .\CortexM0\ARM_GCC_541\Debug\MotorDrive.o (PWM_Motor_WriteCompare)
.\CortexM0\ARM_GCC_541\Debug\Motor_Board_Rev3.a(Pin_Direction.o)
                              .\CortexM0\ARM_GCC_541\Debug\MotorDrive.o (Pin_Direction_Write)
.\CortexM0\ARM_GCC_541\Debug\Motor_Board_Rev3.a(isr_Limit_1.o)
                              .\CortexM0\ARM_GCC_541\Debug\main.o (isr_Limit_1_StartEx)
.\CortexM0\ARM_GCC_541\Debug\Motor_Board_Rev3.a(QuadDec.o)
                              .\CortexM0\ARM_GCC_541\Debug\main.o (QuadDec_SetCounter)
.\CortexM0\ARM_GCC_541\Debug\Motor_Board_Rev3.a(QuadDec_Cnt16.o)
                              .\CortexM0\ARM_GCC_541\Debug\Motor_Board_Rev3.a(QuadDec.o) (QuadDec_Cnt16_Stop)
.\CortexM0\ARM_GCC_541\Debug\Motor_Board_Rev3.a(CAN.o)
                              .\CortexM0\ARM_GCC_541\Debug\main.o (CAN_GlobalIntEnable)
.\CortexM0\ARM_GCC_541\Debug\Motor_Board_Rev3.a(CAN_INT.o)
                              .\CortexM0\ARM_GCC_541\Debug\Motor_Board_Rev3.a(CAN.o) (CAN_ISR)
.\CortexM0\ARM_GCC_541\Debug\Motor_Board_Rev3.a(CAN_TX_RX_func.o)
                              .\CortexM0\ARM_GCC_541\Debug\PortPSOC_CY8C4248AZI_L485.o (CAN_SendMsg)
.\CortexM0\ARM_GCC_541\Debug\Motor_Board_Rev3.a(UART.o)
                              .\CortexM0\ARM_GCC_541\Debug\main.o (UART_Start)
.\CortexM0\ARM_GCC_541\Debug\Motor_Board_Rev3.a(UART_UART.o)
                              .\CortexM0\ARM_GCC_541\Debug\Motor_Board_Rev3.a(UART.o) (UART_UartInit)
.\CortexM0\ARM_GCC_541\Debug\Motor_Board_Rev3.a(Can_addr.o)
                              .\CortexM0\ARM_GCC_541\Debug\main.o (Can_addr_Read)
.\CortexM0\ARM_GCC_541\Debug\Motor_Board_Rev3.a(Timer_1.o)
                              .\CortexM0\ARM_GCC_541\Debug\main.o (Timer_1_ReadStatusRegister)
.\CortexM0\ARM_GCC_541\Debug\Motor_Board_Rev3.a(isr_period.o)
                              .\CortexM0\ARM_GCC_541\Debug\main.o (isr_period_StartEx)
.\CortexM0\ARM_GCC_541\Debug\Motor_Board_Rev3.a(StripLights.o)
                              .\CortexM0\ARM_GCC_541\Debug\LED_Array.o (StripLights_Trigger)
.\CortexM0\ARM_GCC_541\Debug\Motor_Board_Rev3.a(StripLights_fonts.o)
                              .\CortexM0\ARM_GCC_541\Debug\Motor_Board_Rev3.a(StripLights.o) (StripLights_SetFont)
.\CortexM0\ARM_GCC_541\Debug\Motor_Board_Rev3.a(StripLights_cisr.o)
                              .\CortexM0\ARM_GCC_541\Debug\Motor_Board_Rev3.a(StripLights.o) (StripLights_cisr_StartEx)
.\CortexM0\ARM_GCC_541\Debug\Motor_Board_Rev3.a(StripLights_fisr.o)
                              .\CortexM0\ARM_GCC_541\Debug\Motor_Board_Rev3.a(StripLights.o) (StripLights_fisr_StartEx)
.\CortexM0\ARM_GCC_541\Debug\Motor_Board_Rev3.a(CyBootAsmGnu.o)
                              .\CortexM0\ARM_GCC_541\Debug\Motor_Board_Rev3.a(CyLib.o) (CyDelayCycles)
.\CortexM0\ARM_GCC_541\Debug\Motor_Board_Rev3.a(CyFlash.o)
                              .\CortexM0\ARM_GCC_541\Debug\Motor_Board_Rev3.a(CyLib.o) (CySysFlashSetWaitCycles)
.\CortexM0\ARM_GCC_541\Debug\Motor_Board_Rev3.a(cyutils.o)
                              .\CortexM0\ARM_GCC_541\Debug\Motor_Board_Rev3.a(Timer_1.o) (CySetReg24)
.\CortexM0\ARM_GCC_541\Debug\Motor_Board_Rev3.a(UART_SPI_UART.o)
                              .\CortexM0\ARM_GCC_541\Debug\Motor_Board_Rev3.a(UART_UART.o) (UART_SpiUartReadRxData)
c:/program files (x86)/cypress/psoc creator/4.3/psoc creator/import/gnu/arm/5.4.1/bin/../lib/gcc/arm-none-eabi/5.4.1/armv6-m\libgcc.a(_udivsi3.o)
                              .\CortexM0\ARM_GCC_541\Debug\Motor_Board_Rev3.a(CyLib.o) (__aeabi_uidiv)
c:/program files (x86)/cypress/psoc creator/4.3/psoc creator/import/gnu/arm/5.4.1/bin/../lib/gcc/arm-none-eabi/5.4.1/armv6-m\libgcc.a(_divsi3.o)
                              .\CortexM0\ARM_GCC_541\Debug\Motor_Board_Rev3.a(CyLib.o) (__aeabi_idiv)
c:/program files (x86)/cypress/psoc creator/4.3/psoc creator/import/gnu/arm/5.4.1/bin/../lib/gcc/arm-none-eabi/5.4.1/armv6-m\libgcc.a(_dvmd_tls.o)
                              c:/program files (x86)/cypress/psoc creator/4.3/psoc creator/import/gnu/arm/5.4.1/bin/../lib/gcc/arm-none-eabi/5.4.1/armv6-m\libgcc.a(_udivsi3.o) (__aeabi_idiv0)
c:/program files (x86)/cypress/psoc creator/4.3/psoc creator/import/gnu/arm/5.4.1/bin/../lib/gcc/arm-none-eabi/5.4.1/armv6-m\libgcc.a(_fixunsdfsi.o)
                              .\CortexM0\ARM_GCC_541\Debug\LED_Array.o (__aeabi_d2uiz)
c:/program files (x86)/cypress/psoc creator/4.3/psoc creator/import/gnu/arm/5.4.1/bin/../lib/gcc/arm-none-eabi/5.4.1/armv6-m\libgcc.a(adddf3.o)
[...]
Memory Configuration

Name             Origin             Length             Attributes
rom              0x00000000         0x00040000         xr
ram              0x20000000         0x00008000         xrw
*default*        0x00000000         0xffffffff

Linker script and memory map

LOAD c:/program files (x86)/cypress/psoc creator/4.3/psoc creator/import/gnu/arm/5.4.1/bin/../lib/gcc/arm-none-eabi/5.4.1/armv6-m/crti.o
LOAD c:/program files (x86)/cypress/psoc creator/4.3/psoc creator/import/gnu/arm/5.4.1/bin/../lib/gcc/arm-none-eabi/5.4.1/armv6-m/crtbegin.o
LOAD c:/program files (x86)/cypress/psoc creator/4.3/psoc creator/import/gnu/arm/5.4.1/bin/../lib/gcc/arm-none-eabi/5.4.1/../../../../arm-none-eabi/lib/armv6-m/crt0.o
START GROUP
LOAD .\CortexM0\ARM_GCC_541\Debug\main.o
LOAD .\CortexM0\ARM_GCC_541\Debug\Initialize_CAN_addr.o
LOAD .\CortexM0\ARM_GCC_541\Debug\MotorDrive.o
LOAD .\CortexM0\ARM_GCC_541\Debug\PositionPID.o
LOAD .\CortexM0\ARM_GCC_541\Debug\LED_Array.o
LOAD .\CortexM0\ARM_GCC_541\Debug\CANCommon.o
LOAD .\CortexM0\ARM_GCC_541\Debug\CANGPIO.o
LOAD .\CortexM0\ARM_GCC_541\Debug\CANLocalization.o
LOAD .\CortexM0\ARM_GCC_541\Debug\CANMotorUnit.o
LOAD .\CortexM0\ARM_GCC_541\Debug\CANPacket.o
LOAD .\CortexM0\ARM_GCC_541\Debug\CANPower.o
LOAD .\CortexM0\ARM_GCC_541\Debug\PortPSOC_CY8C4248AZI_L485.o
LOAD .\CortexM0\ARM_GCC_541\Debug\cyfitter_cfg.o
LOAD .\CortexM0\ARM_GCC_541\Debug\cymetadata.o
LOAD .\CortexM0\ARM_GCC_541\Debug\Cm0Start.o
LOAD .\CortexM0\ARM_GCC_541\Debug\Motor_Board_Rev3.a
END GROUP
START GROUP
LOAD c:/program files (x86)/cypress/psoc creator/4.3/psoc creator/import/gnu/arm/5.4.1/bin/../lib/gcc/arm-none-eabi/5.4.1/armv6-m\libgcc.a
LOAD c:/program files (x86)/cypress/psoc creator/4.3/psoc creator/import/gnu/arm/5.4.1/bin/../lib/gcc/arm-none-eabi/5.4.1/../../../../arm-none-eabi/lib/armv6-m\libg_nano.a
LOAD c:/program files (x86)/cypress/psoc creator/4.3/psoc creator/import/gnu/arm/5.4.1/bin/../lib/gcc/arm-none-eabi/5.4.1/../../../../arm-none-eabi/lib/armv6-m\libc_nano.a
END GROUP
START GROUP
LOAD c:/program files (x86)/cypress/psoc creator/4.3/psoc creator/import/gnu/arm/5.4.1/bin/../lib/gcc/arm-none-eabi/5.4.1/armv6-m\libgcc.a
LOAD c:/program files (x86)/cypress/psoc creator/4.3/psoc creator/import/gnu/arm/5.4.1/bin/../lib/gcc/arm-none-eabi/5.4.1/../../../../arm-none-eabi/lib/armv6-m\libc_nano.a
END GROUP
LOAD c:/program files (x86)/cypress/psoc creator/4.3/psoc creator/import/gnu/arm/5.4.1/bin/../lib/gcc/arm-none-eabi/5.4.1/armv6-m/crtend.o
LOAD c:/program files (x86)/cypress/psoc creator/4.3/psoc creator/import/gnu/arm/5.4.1/bin/../lib/gcc/arm-none-eabi/5.4.1/armv6-m/crtn.o
START GROUP
LOAD c:/program files (x86)/cypress/psoc creator/4.3/psoc creator/import/gnu/arm/5.4.1/bin/../lib/gcc/arm-none-eabi/5.4.1/armv6-m\libgcc.a
LOAD c:/program files (x86)/cypress/psoc creator/4.3/psoc creator/import/gnu/arm/5.4.1/bin/../lib/gcc/arm-none-eabi/5.4.1/../../../../arm-none-eabi/lib/armv6-m\libc.a
LOAD c:/program files (x86)/cypress/psoc creator/4.3/psoc creator/import/gnu/arm/5.4.1/bin/../lib/gcc/arm-none-eabi/5.4.1/../../../../arm-none-eabi/lib/armv6-m\libnosys.a
END GROUP
                0x00000000                CY_APPL_ORIGIN = 0x0
                0x00000100                CY_FLASH_ROW_SIZE = 0x100
                0x00000001                CY_APPL_NUM = 0x1
                0x00000001                CY_APPL_MAX = 0x1
                0x00000040                CY_METADATA_SIZE = 0x40
                0x00000000                CY_APPL_LOADABLE = 0x0
                0x00000000                CY_CHECKSUM_EXCLUDE_SIZE = ALIGN (0x0, CY_FLASH_ROW_SIZE)
                0x00000000                CY_APP_FOR_STACK_AND_COPIER = 0x0
                [!provide]                PROVIDE (__cy_heap_start, _end)
                0x00000001                PROVIDE (__cy_region_num, ((__cy_regions_end - __cy_regions) / 0x10))
                0x20008000                PROVIDE (__cy_stack, (ORIGIN (ram) + LENGTH (ram)))
                [!provide]                PROVIDE (__cy_heap_end, (__cy_stack - 0x800))

.cybootloader   0x00000000        0x0
 *(.cybootloader)
                0x00000000                appl1_start = CY_APPL_ORIGIN?CY_APPL_ORIGIN:ALIGN (CY_FLASH_ROW_SIZE)
                0x0001ff00                appl2_start = (appl1_start + ALIGN ((((LENGTH (rom) - appl1_start) - (0x2 * CY_FLASH_ROW_SIZE)) / 0x2), CY_FLASH_ROW_SIZE))
                0x00000000                appl_start = (CY_APPL_NUM == 0x1)?appl1_start:appl2_start
                0x00000001                cy_project_type_bootloader = (appl_start == 0x0)?0x1:0x0
                0x00000000                cy_project_type_app_for_stack_and_copier = (CY_APP_FOR_STACK_AND_COPIER == 0x1)?0x1:0x0

.text           0x00000000     0x43b2
 CREATE_OBJECT_SYMBOLS
                0x00000000                PROVIDE (__cy_interrupt_vector, RomVectors)
 *(.romvectors)
 .romvectors    0x00000000       0x10 .\CortexM0\ARM_GCC_541\Debug\Cm0Start.o
                0x00000000                RomVectors
                0x00000001                ASSERT ((. != __cy_interrupt_vector), No interrupt vector)
                0x00000001                ASSERT (CY_APPL_ORIGIN?(SIZEOF (.cybootloader) <= CY_APPL_ORIGIN):0x1, Wrong image location)
                0x00000010                PROVIDE (__cy_reset, Reset)
 *(.text.Reset)
 .text.Reset    0x00000010        0x8 .\CortexM0\ARM_GCC_541\Debug\Cm0Start.o
                0x00000010                Reset
                0x00000001                ASSERT ((. != __cy_reset), No reset code)
 *(.psocinit)
 .psocinit      0x00000018      0x2f4 .\CortexM0\ARM_GCC_541\Debug\cyfitter_cfg.o
                0x00000130                cyfitter_cfg
                0x0000030c                . = MAX (., 0x100)
 *(.text .text.* .gnu.linkonce.t.*)
 .text          0x0000030c       0x60 c:/program files (x86)/cypress/psoc creator/4.3/psoc creator/import/gnu/arm/5.4.1/bin/../lib/gcc/arm-none-eabi/5.4.1/armv6-m/crtbegin.o
 .text.Period_Reset_Handler
                0x0000036c       0x2c .\CortexM0\ARM_GCC_541\Debug\main.o
                0x0000036c                Period_Reset_Handler
 .text.Pin_Limit_Handler
                0x00000398       0x14 .\CortexM0\ARM_GCC_541\Debug\main.o
                0x00000398                Pin_Limit_Handler
 .text.ISR_CAN  0x000003ac       0xf4 .\CortexM0\ARM_GCC_541\Debug\main.o
                0x000003ac                ISR_CAN
 .text.Initialize
                0x000004a0       0xac .\CortexM0\ARM_GCC_541\Debug\main.o
                0x000004a0                Initialize
 .text.main     0x0000054c       0x7c .\CortexM0\ARM_GCC_541\Debug\main.o
                0x0000054c                main
 .text.set_PWM  0x000005c8       0x58 .\CortexM0\ARM_GCC_541\Debug\MotorDrive.o
                0x000005c8                set_PWM
 .text.initalize_LEDs
                0x00000620       0x28 .\CortexM0\ARM_GCC_541\Debug\LED_Array.o
                0x00000620                initalize_LEDs
 .text.set_all_LED_Colors
                0x00000648       0x2c .\CortexM0\ARM_GCC_541\Debug\LED_Array.o
                0x00000648                set_all_LED_Colors
 .text.get_color_packet
                0x00000674        0xc .\CortexM0\ARM_GCC_541\Debug\LED_Array.o
                0x00000674                get_color_packet
 .text.colorShift
                0x00000680      0x128 .\CortexM0\ARM_GCC_541\Debug\LED_Array.o
                0x00000680                colorShift
 .text.cfg_write_bytes32
                0x000007a8       0x34 .\CortexM0\ARM_GCC_541\Debug\cyfitter_cfg.o
 .text.CYMEMZERO
                0x000007dc        0xc .\CortexM0\ARM_GCC_541\Debug\cyfitter_cfg.o
 .text.SetAnalogRoutingPumps
                0x000007e8       0x20 .\CortexM0\ARM_GCC_541\Debug\cyfitter_cfg.o
                0x000007e8                SetAnalogRoutingPumps
 .text.AnalogSetDefault
                0x00000808       0x3c .\CortexM0\ARM_GCC_541\Debug\cyfitter_cfg.o
 .text.IntDefaultHandler
                0x00000844       0x10 .\CortexM0\ARM_GCC_541\Debug\Cm0Start.o
                0x00000844                IntDefaultHandler
 .text._sbrk    0x00000854       0x30 .\CortexM0\ARM_GCC_541\Debug\Cm0Start.o
                0x00000854                _sbrk
 .text.Start_c  0x00000884       0x48 .\CortexM0\ARM_GCC_541\Debug\Cm0Start.o
                0x00000884                Start_c
 .text.initialize_psoc
                0x000008cc       0x4c .\CortexM0\ARM_GCC_541\Debug\Cm0Start.o
                0x000008cc                initialize_psoc
 .text.CySysClkImoDisableWcoLock
                0x00000918       0x14 .\CortexM0\ARM_GCC_541\Debug\Motor_Board_Rev3.a(CyLib.o)
                0x00000918                CySysClkImoDisableWcoLock
 .text.CySysClkImoGetWcoLock
                0x0000092c       0x14 .\CortexM0\ARM_GCC_541\Debug\Motor_Board_Rev3.a(CyLib.o)
                0x0000092c                CySysClkImoGetWcoLock
 .text.CySysClkImoEnableUsbLock
                0x00000940       0xf4 .\CortexM0\ARM_GCC_541\Debug\Motor_Board_Rev3.a(CyLib.o)
                0x00000940                CySysClkImoEnableUsbLock
 .text.CySysClkImoDisableUsbLock
                0x00000a34       0x90 .\CortexM0\ARM_GCC_541\Debug\Motor_Board_Rev3.a(CyLib.o)
                0x00000a34                CySysClkImoDisableUsbLock
 .text.CySysClkImoGetUsbLock
                0x00000ac4       0x14 .\CortexM0\ARM_GCC_541\Debug\Motor_Board_Rev3.a(CyLib.o)
                0x00000ac4                CySysClkImoGetUsbLock
 .text.CyIntEnable
                0x00000ad8       0x14 .\CortexM0\ARM_GCC_541\Debug\Motor_Board_Rev3.a(CyLib.o)
                0x00000ad8                CyIntEnable
 .text.CyIntDisable
                0x00000aec       0x14 .\CortexM0\ARM_GCC_541\Debug\Motor_Board_Rev3.a(CyLib.o)
                0x00000aec                CyIntDisable
 .text.CyHalt   0x00000b00        0x4 .\CortexM0\ARM_GCC_541\Debug\Motor_Board_Rev3.a(CyLib.o)
                0x00000b00                CyHalt
 .text.CyIntSetVector
                0x00000b04       0x24 .\CortexM0\ARM_GCC_541\Debug\Motor_Board_Rev3.a(CyLib.o)
                0x00000b04                CyIntSetVector
 .text.CyIntSetPriority
                0x00000b28       0x4c .\CortexM0\ARM_GCC_541\Debug\Motor_Board_Rev3.a(CyLib.o)
                0x00000b28                CyIntSetPriority
 .text.CyDelay  0x00000b74       0x30 .\CortexM0\ARM_GCC_541\Debug\Motor_Board_Rev3.a(CyLib.o)
                0x00000b74                CyDelay
 .text.CySysClkImoEnableWcoLock
                0x00000ba4       0xfc .\CortexM0\ARM_GCC_541\Debug\Motor_Board_Rev3.a(CyLib.o)
                0x00000ba4                CySysClkImoEnableWcoLock
 .text.CyDelayUs
                0x00000ca0       0x14 .\CortexM0\ARM_GCC_541\Debug\Motor_Board_Rev3.a(CyLib.o)
                0x00000ca0                CyDelayUs
 .text.CySysClkWriteImoFreq
                0x00000cb4      0x1bc .\CortexM0\ARM_GCC_541\Debug\Motor_Board_Rev3.a(CyLib.o)
                0x00000cb4                CySysClkWriteImoFreq
 .text.CySysWdtLocked
                0x00000e70       0x14 .\CortexM0\ARM_GCC_541\Debug\Motor_Board_Rev3.a(CyLFClk.o)
 .text.CySysClkWcoEnabled
                0x00000e84       0x14 .\CortexM0\ARM_GCC_541\Debug\Motor_Board_Rev3.a(CyLFClk.o)
                0x00000e84                CySysClkWcoEnabled
 .text.CySysWdtLock
                0x00000e98       0x1c .\CortexM0\ARM_GCC_541\Debug\Motor_Board_Rev3.a(CyLFClk.o)
                0x00000e98                CySysWdtLock
 .text.CySysWdtUnlock
                0x00000eb4       0x30 .\CortexM0\ARM_GCC_541\Debug\Motor_Board_Rev3.a(CyLFClk.o)
                0x00000eb4                CySysWdtUnlock
 .text.CySysWdtClearInterrupt
                0x00000ee4       0x4c .\CortexM0\ARM_GCC_541\Debug\Motor_Board_Rev3.a(CyLFClk.o)
                0x00000ee4                CySysWdtClearInterrupt
 .text.CySysWdtIsr
                0x00000f30       0xa4 .\CortexM0\ARM_GCC_541\Debug\Motor_Board_Rev3.a(CyLFClk.o)
                0x00000f30                CySysWdtIsr
 .text.PWM_Motor_WriteCompare
                0x00000fd4       0x10 .\CortexM0\ARM_GCC_541\Debug\Motor_Board_Rev3.a(PWM_Motor.o)
                0x00000fd4                PWM_Motor_WriteCompare
 .text.Pin_Direction_Write
                0x00000fe4       0x18 .\CortexM0\ARM_GCC_541\Debug\Motor_Board_Rev3.a(Pin_Direction.o)
                0x00000fe4                Pin_Direction_Write
 .text.isr_Limit_1_SetVector
                0x00000ffc        0xc .\CortexM0\ARM_GCC_541\Debug\Motor_Board_Rev3.a(isr_Limit_1.o)
                0x00000ffc                isr_Limit_1_SetVector
 .text.isr_Limit_1_SetPriority
                0x00001008       0x24 .\CortexM0\ARM_GCC_541\Debug\Motor_Board_Rev3.a(isr_Limit_1.o)
                0x00001008                isr_Limit_1_SetPriority
 .text.isr_Limit_1_Enable
                0x0000102c        0xc .\CortexM0\ARM_GCC_541\Debug\Motor_Board_Rev3.a(isr_Limit_1.o)
                0x0000102c                isr_Limit_1_Enable
 .text.isr_Limit_1_Disable
                0x00001038        0xc .\CortexM0\ARM_GCC_541\Debug\Motor_Board_Rev3.a(isr_Limit_1.o)
                0x00001038                isr_Limit_1_Disable
 .text.isr_Limit_1_StartEx
                0x00001044       0x1c .\CortexM0\ARM_GCC_541\Debug\Motor_Board_Rev3.a(isr_Limit_1.o)
                0x00001044                isr_Limit_1_StartEx
 .text.QuadDec_SetCounter
                0x00001060       0x24 .\CortexM0\ARM_GCC_541\Debug\Motor_Board_Rev3.a(QuadDec.o)
                0x00001060                QuadDec_SetCounter
 .text.QuadDec_GetEvents
                0x00001084       0x10 .\CortexM0\ARM_GCC_541\Debug\Motor_Board_Rev3.a(QuadDec.o)
                0x00001084                QuadDec_GetEvents
 .text.QuadDec_SetInterruptMask
                0x00001094        0xc .\CortexM0\ARM_GCC_541\Debug\Motor_Board_Rev3.a(QuadDec.o)
                0x00001094                QuadDec_SetInterruptMask
 .text.QuadDec_Enable
                0x000010a0       0x28 .\CortexM0\ARM_GCC_541\Debug\Motor_Board_Rev3.a(QuadDec.o)
                0x000010a0                QuadDec_Enable
 .text.QuadDec_Start
                0x000010c8       0x28 .\CortexM0\ARM_GCC_541\Debug\Motor_Board_Rev3.a(QuadDec.o)
                0x000010c8                QuadDec_Start
 .text.QuadDec_Cnt16_Enable
                0x000010f0       0x14 .\CortexM0\ARM_GCC_541\Debug\Motor_Board_Rev3.a(QuadDec_Cnt16.o)
                0x000010f0                QuadDec_Cnt16_Enable
 .text.QuadDec_Cnt16_SetInterruptMode
                0x00001104        0xc .\CortexM0\ARM_GCC_541\Debug\Motor_Board_Rev3.a(QuadDec_Cnt16.o)
                0x00001104                QuadDec_Cnt16_SetInterruptMode
 .text.QuadDec_Cnt16_ReadStatusRegister
                0x00001110        0xc .\CortexM0\ARM_GCC_541\Debug\Motor_Board_Rev3.a(QuadDec_Cnt16.o)
                0x00001110                QuadDec_Cnt16_ReadStatusRegister
 .text.QuadDec_Cnt16_WriteCounter
                0x0000111c        0xc .\CortexM0\ARM_GCC_541\Debug\Motor_Board_Rev3.a(QuadDec_Cnt16.o)
                0x0000111c                QuadDec_Cnt16_WriteCounter
 .text.QuadDec_Cnt16_ReadCapture
                0x00001128        0xc .\CortexM0\ARM_GCC_541\Debug\Motor_Board_Rev3.a(QuadDec_Cnt16.o)
                0x00001128                QuadDec_Cnt16_ReadCapture
 .text.QuadDec_Cnt16_WritePeriod
                0x00001134        0xc .\CortexM0\ARM_GCC_541\Debug\Motor_Board_Rev3.a(QuadDec_Cnt16.o)
                0x00001134                QuadDec_Cnt16_WritePeriod
 .text.QuadDec_Cnt16_WriteCompare
                0x00001140        0xc .\CortexM0\ARM_GCC_541\Debug\Motor_Board_Rev3.a(QuadDec_Cnt16.o)
                0x00001140                QuadDec_Cnt16_WriteCompare
 .text.QuadDec_Cnt16_ClearFIFO
                0x0000114c       0x14 .\CortexM0\ARM_GCC_541\Debug\Motor_Board_Rev3.a(QuadDec_Cnt16.o)
                0x0000114c                QuadDec_Cnt16_ClearFIFO
 .text.QuadDec_Cnt16_Init
                0x00001160       0x58 .\CortexM0\ARM_GCC_541\Debug\Motor_Board_Rev3.a(QuadDec_Cnt16.o)
                0x00001160                QuadDec_Cnt16_Init
 .text.QuadDec_Cnt16_Start
                0x000011b8       0x20 .\CortexM0\ARM_GCC_541\Debug\Motor_Board_Rev3.a(QuadDec_Cnt16.o)
                0x000011b8                QuadDec_Cnt16_Start
 .text.CAN_GlobalIntEnable
                0x000011d8       0x1c .\CortexM0\ARM_GCC_541\Debug\Motor_Board_Rev3.a(CAN.o)
                0x000011d8                CAN_GlobalIntEnable
 .text.CAN_Enable
                0x000011f4       0x48 .\CortexM0\ARM_GCC_541\Debug\Motor_Board_Rev3.a(CAN.o)
                0x000011f4                CAN_Enable
 .text.CAN_SetPreScaler
                0x0000123c       0x38 .\CortexM0\ARM_GCC_541\Debug\Motor_Board_Rev3.a(CAN.o)
                0x0000123c                CAN_SetPreScaler
 .text.CAN_SetArbiter
                0x00001274       0x40 .\CortexM0\ARM_GCC_541\Debug\Motor_Board_Rev3.a(CAN.o)
                0x00001274                CAN_SetArbiter
 .text.CAN_SetTsegSample
                0x000012b4       0xa0 .\CortexM0\ARM_GCC_541\Debug\Motor_Board_Rev3.a(CAN.o)
                0x000012b4                CAN_SetTsegSample
 .text.CAN_SetRestartType
                0x00001354       0x38 .\CortexM0\ARM_GCC_541\Debug\Motor_Board_Rev3.a(CAN.o)
                0x00001354                CAN_SetRestartType
 .text.CAN_SetEdgeMode
                0x0000138c       0x38 .\CortexM0\ARM_GCC_541\Debug\Motor_Board_Rev3.a(CAN.o)
                0x0000138c                CAN_SetEdgeMode
 .text.CAN_SetIrqMask
                0x000013c4       0x1c .\CortexM0\ARM_GCC_541\Debug\Motor_Board_Rev3.a(CAN.o)
                0x000013c4                CAN_SetIrqMask
 .text.CAN_RxBufConfig
                0x000013e0       0x98 .\CortexM0\ARM_GCC_541\Debug\Motor_Board_Rev3.a(CAN.o)
                0x000013e0                CAN_RxBufConfig
 .text.CAN_TxBufConfig
                0x00001478       0x58 .\CortexM0\ARM_GCC_541\Debug\Motor_Board_Rev3.a(CAN.o)
                0x00001478                CAN_TxBufConfig
 .text.CAN_RxTxBuffersConfig
                0x000014d0       0x54 .\CortexM0\ARM_GCC_541\Debug\Motor_Board_Rev3.a(CAN.o)
                0x000014d0                CAN_RxTxBuffersConfig
 .text.CAN_SetSwapDataEndianness
                0x00001524       0x40 .\CortexM0\ARM_GCC_541\Debug\Motor_Board_Rev3.a(CAN.o)
                0x00001524                CAN_SetSwapDataEndianness
 .text.CAN_Init
                0x00001564       0xe8 .\CortexM0\ARM_GCC_541\Debug\Motor_Board_Rev3.a(CAN.o)
                0x00001564                CAN_Init
 .text.CAN_Start
                0x0000164c       0x28 .\CortexM0\ARM_GCC_541\Debug\Motor_Board_Rev3.a(CAN.o)
                0x0000164c                CAN_Start
 .text.CAN_ISR  0x00001674        0x4 .\CortexM0\ARM_GCC_541\Debug\Motor_Board_Rev3.a(CAN_INT.o)
                0x00001674                CAN_ISR
 .text.UART_ScbModePostEnable
                0x00001678        0x8 .\CortexM0\ARM_GCC_541\Debug\Motor_Board_Rev3.a(UART.o)
 .text.UART_Init
                0x00001680        0x8 .\CortexM0\ARM_GCC_541\Debug\Motor_Board_Rev3.a(UART.o)
                0x00001680                UART_Init
 .text.UART_Enable
                0x00001688       0x18 .\CortexM0\ARM_GCC_541\Debug\Motor_Board_Rev3.a(UART.o)
                0x00001688                UART_Enable
 .text.UART_Start
                0x000016a0       0x20 .\CortexM0\ARM_GCC_541\Debug\Motor_Board_Rev3.a(UART.o)
                0x000016a0                UART_Start
 .text.UART_UartInit
                0x000016c0       0xa8 .\CortexM0\ARM_GCC_541\Debug\Motor_Board_Rev3.a(UART_UART.o)
                0x000016c0                UART_UartInit
 .text.UART_UartPostEnable
                0x00001768       0x24 .\CortexM0\ARM_GCC_541\Debug\Motor_Board_Rev3.a(UART_UART.o)
                0x00001768                UART_UartPostEnable
 .text.UART_UartPutString
                0x0000178c       0x18 .\CortexM0\ARM_GCC_541\Debug\Motor_Board_Rev3.a(UART_UART.o)
                0x0000178c                UART_UartPutString
 .text.Can_addr_Read
                0x000017a4        0xc .\CortexM0\ARM_GCC_541\Debug\Motor_Board_Rev3.a(Can_addr.o)
                0x000017a4                Can_addr_Read
 .text.Timer_1_Enable
                0x000017b0       0x14 .\CortexM0\ARM_GCC_541\Debug\Motor_Board_Rev3.a(Timer_1.o)
                0x000017b0                Timer_1_Enable
 .text.Timer_1_SetInterruptMode
                0x000017c4        0xc .\CortexM0\ARM_GCC_541\Debug\Motor_Board_Rev3.a(Timer_1.o)
                0x000017c4                Timer_1_SetInterruptMode
 .text.Timer_1_ReadStatusRegister
                0x000017d0        0xc .\CortexM0\ARM_GCC_541\Debug\Motor_Board_Rev3.a(Timer_1.o)
                0x000017d0                Timer_1_ReadStatusRegister
 .text.Timer_1_WritePeriod
                0x000017dc       0x10 .\CortexM0\ARM_GCC_541\Debug\Motor_Board_Rev3.a(Timer_1.o)
                0x000017dc                Timer_1_WritePeriod
 .text.Timer_1_ReadCapture
                0x000017ec       0x10 .\CortexM0\ARM_GCC_541\Debug\Motor_Board_Rev3.a(Timer_1.o)
                0x000017ec                Timer_1_ReadCapture
 .text.Timer_1_WriteCounter
                0x000017fc       0x10 .\CortexM0\ARM_GCC_541\Debug\Motor_Board_Rev3.a(Timer_1.o)
                0x000017fc                Timer_1_WriteCounter
 .text.Timer_1_ClearFIFO
                0x0000180c       0x14 .\CortexM0\ARM_GCC_541\Debug\Motor_Board_Rev3.a(Timer_1.o)
                0x0000180c                Timer_1_ClearFIFO
 .text.Timer_1_Init
                0x00001820       0x38 .\CortexM0\ARM_GCC_541\Debug\Motor_Board_Rev3.a(Timer_1.o)
                0x00001820                Timer_1_Init
 .text.Timer_1_Start
                0x00001858       0x20 .\CortexM0\ARM_GCC_541\Debug\Motor_Board_Rev3.a(Timer_1.o)
                0x00001858                Timer_1_Start
 .text.isr_period_SetVector
                0x00001878        0xc .\CortexM0\ARM_GCC_541\Debug\Motor_Board_Rev3.a(isr_period.o)
                0x00001878                isr_period_SetVector
 .text.isr_period_SetPriority
                0x00001884       0x20 .\CortexM0\ARM_GCC_541\Debug\Motor_Board_Rev3.a(isr_period.o)
                0x00001884                isr_period_SetPriority
 .text.isr_period_Enable
                0x000018a4        0xc .\CortexM0\ARM_GCC_541\Debug\Motor_Board_Rev3.a(isr_period.o)
                0x000018a4                isr_period_Enable
 .text.isr_period_Disable
                0x000018b0        0xc .\CortexM0\ARM_GCC_541\Debug\Motor_Board_Rev3.a(isr_period.o)
                0x000018b0                isr_period_Disable
 .text.isr_period_StartEx
                0x000018bc       0x1c .\CortexM0\ARM_GCC_541\Debug\Motor_Board_Rev3.a(isr_period.o)
                0x000018bc                isr_period_StartEx
 .text.StripLights_FISR
                0x000018d8       0x60 .\CortexM0\ARM_GCC_541\Debug\Motor_Board_Rev3.a(StripLights.o)
                0x000018d8                StripLights_FISR
 .text.StripLights_CISR
                0x00001938       0x7c .\CortexM0\ARM_GCC_541\Debug\Motor_Board_Rev3.a(StripLights.o)
                0x00001938                StripLights_CISR
 .text.StripLights_Trigger
                0x000019b4       0x6c .\CortexM0\ARM_GCC_541\Debug\Motor_Board_Rev3.a(StripLights.o)
                0x000019b4                StripLights_Trigger
 .text.StripLights_Ready
                0x00001a20       0x1c .\CortexM0\ARM_GCC_541\Debug\Motor_Board_Rev3.a(StripLights.o)
                0x00001a20                StripLights_Ready
 .text.StripLights_MemClear
                0x00001a3c       0x28 .\CortexM0\ARM_GCC_541\Debug\Motor_Board_Rev3.a(StripLights.o)
                0x00001a3c                StripLights_MemClear
 .text.StripLights_Pixel
                0x00001a64       0x24 .\CortexM0\ARM_GCC_541\Debug\Motor_Board_Rev3.a(StripLights.o)
                0x00001a64                StripLights_Pixel
 .text.StripLights_Dim
                0x00001a88       0x78 .\CortexM0\ARM_GCC_541\Debug\Motor_Board_Rev3.a(StripLights.o)
                0x00001a88                StripLights_Dim
 .text.StripLights_Start
                0x00001b00       0x7c .\CortexM0\ARM_GCC_541\Debug\Motor_Board_Rev3.a(StripLights.o)
                0x00001b00                StripLights_Start
 .text.StripLights_SetFont
                0x00001b7c       0x4c .\CortexM0\ARM_GCC_541\Debug\Motor_Board_Rev3.a(StripLights_fonts.o)
                0x00001b7c                StripLights_SetFont
 .text.StripLights_cisr_SetVector
                0x00001bc8        0xc .\CortexM0\ARM_GCC_541\Debug\Motor_Board_Rev3.a(StripLights_cisr.o)
                0x00001bc8                StripLights_cisr_SetVector
 .text.StripLights_cisr_SetPriority
                0x00001bd4       0x20 .\CortexM0\ARM_GCC_541\Debug\Motor_Board_Rev3.a(StripLights_cisr.o)
                0x00001bd4                StripLights_cisr_SetPriority
 .text.StripLights_cisr_Enable
                0x00001bf4        0xc .\CortexM0\ARM_GCC_541\Debug\Motor_Board_Rev3.a(StripLights_cisr.o)
                0x00001bf4                StripLights_cisr_Enable
 .text.StripLights_cisr_Disable
                0x00001c00        0xc .\CortexM0\ARM_GCC_541\Debug\Motor_Board_Rev3.a(StripLights_cisr.o)
                0x00001c00                StripLights_cisr_Disable
 .text.StripLights_cisr_StartEx
                0x00001c0c       0x1c .\CortexM0\ARM_GCC_541\Debug\Motor_Board_Rev3.a(StripLights_cisr.o)
                0x00001c0c                StripLights_cisr_StartEx
 .text.StripLights_fisr_SetVector
                0x00001c28        0xc .\CortexM0\ARM_GCC_541\Debug\Motor_Board_Rev3.a(StripLights_fisr.o)
                0x00001c28                StripLights_fisr_SetVector
 .text.StripLights_fisr_SetPriority
                0x00001c34       0x24 .\CortexM0\ARM_GCC_541\Debug\Motor_Board_Rev3.a(StripLights_fisr.o)
                0x00001c34                StripLights_fisr_SetPriority
 .text.StripLights_fisr_Enable
                0x00001c58        0xc .\CortexM0\ARM_GCC_541\Debug\Motor_Board_Rev3.a(StripLights_fisr.o)
                0x00001c58                StripLights_fisr_Enable
 .text.StripLights_fisr_Disable
                0x00001c64        0xc .\CortexM0\ARM_GCC_541\Debug\Motor_Board_Rev3.a(StripLights_fisr.o)
                0x00001c64                StripLights_fisr_Disable
 .text.StripLights_fisr_StartEx
                0x00001c70       0x1c .\CortexM0\ARM_GCC_541\Debug\Motor_Board_Rev3.a(StripLights_fisr.o)
                0x00001c70                StripLights_fisr_StartEx
 *fill*         0x00001c8c        0x4 
 .text          0x00001c90       0x20 .\CortexM0\ARM_GCC_541\Debug\Motor_Board_Rev3.a(CyBootAsmGnu.o)
                0x00001c90                CyDelayCycles
                0x00001ca2                CyEnterCriticalSection
                0x00001caa                CyExitCriticalSection
 .text.CySysFlashSetWaitCycles
                0x00001cb0       0x54 .\CortexM0\ARM_GCC_541\Debug\Motor_Board_Rev3.a(CyFlash.o)
                0x00001cb0                CySysFlashSetWaitCycles
 .text.CySetReg24
                0x00001d04       0x14 .\CortexM0\ARM_GCC_541\Debug\Motor_Board_Rev3.a(cyutils.o)
                0x00001d04                CySetReg24
 .text.CyGetReg24
                0x00001d18       0x14 .\CortexM0\ARM_GCC_541\Debug\Motor_Board_Rev3.a(cyutils.o)
                0x00001d18                CyGetReg24
 .text.UART_SpiUartWriteTxData
                0x00001d2c       0x1c .\CortexM0\ARM_GCC_541\Debug\Motor_Board_Rev3.a(UART_SPI_UART.o)
                0x00001d2c                UART_SpiUartWriteTxData
 .text          0x00001d48      0x114 c:/program files (x86)/cypress/psoc creator/4.3/psoc creator/import/gnu/arm/5.4.1/bin/../lib/gcc/arm-none-eabi/5.4.1/armv6-m\libgcc.a(_udivsi3.o)
                0x00001d48                __aeabi_uidiv
                0x00001d48                __udivsi3
                0x00001e54                __aeabi_uidivmod
 .text          0x00001e5c        0x4 c:/program files (x86)/cypress/psoc creator/4.3/psoc creator/import/gnu/arm/5.4.1/bin/../lib/gcc/arm-none-eabi/5.4.1/armv6-m\libgcc.a(_dvmd_tls.o)
                0x00001e5c                __aeabi_idiv0
                0x00001e5c                __aeabi_ldiv0
 .text          0x00001e60       0x3c c:/program files (x86)/cypress/psoc creator/4.3/psoc creator/import/gnu/arm/5.4.1/bin/../lib/gcc/arm-none-eabi/5.4.1/armv6-m\libgcc.a(_fixunsdfsi.o)
                0x00001e60                __aeabi_d2uiz
                0x00001e60                __fixunsdfsi
 .text          0x00001e9c      0x658 c:/program files (x86)/cypress/psoc creator/4.3/psoc creator/import/gnu/arm/5.4.1/bin/../lib/gcc/arm-none-eabi/5.4.1/armv6-m\libgcc.a(adddf3.o)
                0x00001e9c                __aeabi_dadd
 .text          0x000024f4      0x62c c:/program files (x86)/cypress/psoc creator/4.3/psoc creator/import/gnu/arm/5.4.1/bin/../lib/gcc/arm-none-eabi/5.4.1/armv6-m\libgcc.a(divdf3.o)
                0x000024f4                __aeabi_ddiv
 .text          0x00002b20      0x4f4 c:/program files (x86)/cypress/psoc creator/4.3/psoc creator/import/gnu/arm/5.4.1/bin/../lib/gcc/arm-none-eabi/5.4.1/armv6-m\libgcc.a(muldf3.o)
                0x00002b20                __aeabi_dmul
 .text          0x00003014      0x6a8 c:/program files (x86)/cypress/psoc creator/4.3/psoc creator/import/gnu/arm/5.4.1/bin/../lib/gcc/arm-none-eabi/5.4.1/armv6-m\libgcc.a(subdf3.o)
                0x00003014                __aeabi_dsub
 .text          0x000036bc       0x6c c:/program files (x86)/cypress/psoc creator/4.3/psoc creator/import/gnu/arm/5.4.1/bin/../lib/gcc/arm-none-eabi/5.4.1/armv6-m\libgcc.a(fixdfsi.o)
                0x000036bc                __aeabi_d2iz
 .text          0x00003728       0x84 c:/program files (x86)/cypress/psoc creator/4.3/psoc creator/import/gnu/arm/5.4.1/bin/../lib/gcc/arm-none-eabi/5.4.1/armv6-m\libgcc.a(floatsidf.o)
                0x00003728                __aeabi_i2d
 .text          0x000037ac       0x70 c:/program files (x86)/cypress/psoc creator/4.3/psoc creator/import/gnu/arm/5.4.1/bin/../lib/gcc/arm-none-eabi/5.4.1/armv6-m\libgcc.a(floatunsidf.o)
                0x000037ac                __aeabi_ui2d
 .text          0x0000381c       0x7c c:/program files (x86)/cypress/psoc creator/4.3/psoc creator/import/gnu/arm/5.4.1/bin/../lib/gcc/arm-none-eabi/5.4.1/armv6-m\libgcc.a(_arm_cmpdf2.o)
                0x0000381c                __aeabi_cdrcmple
                0x0000382c                __aeabi_cdcmple
                0x0000382c                __aeabi_cdcmpeq
                0x0000383c                __aeabi_dcmpeq
                0x00003848                __aeabi_dcmplt
                0x0000385c                __aeabi_dcmple
                0x00003870                __aeabi_dcmpgt
                0x00003884                __aeabi_dcmpge
 .text          0x00003898       0x3c c:/program files (x86)/cypress/psoc creator/4.3/psoc creator/import/gnu/arm/5.4.1/bin/../lib/gcc/arm-none-eabi/5.4.1/armv6-m\libgcc.a(_clzsi2.o)
                0x00003898                __clzsi2
 .text          0x000038d4       0x80 c:/program files (x86)/cypress/psoc creator/4.3/psoc creator/import/gnu/arm/5.4.1/bin/../lib/gcc/arm-none-eabi/5.4.1/armv6-m\libgcc.a(eqdf2.o)
                0x000038d4                __nedf2
                0x000038d4                __eqdf2
 .text          0x00003954       0xc8 c:/program files (x86)/cypress/psoc creator/4.3/psoc creator/import/gnu/arm/5.4.1/bin/../lib/gcc/arm-none-eabi/5.4.1/armv6-m\libgcc.a(gedf2.o)
                0x00003954                __gedf2
                0x00003954                __gtdf2
 .text          0x00003a1c       0xd4 c:/program files (x86)/cypress/psoc creator/4.3/psoc creator/import/gnu/arm/5.4.1/bin/../lib/gcc/arm-none-eabi/5.4.1/armv6-m\libgcc.a(ledf2.o)
                0x00003a1c                __ledf2
                0x00003a1c                __ltdf2
 .text.__errno  0x00003af0        0xc c:/program files (x86)/cypress/psoc creator/4.3/psoc creator/import/gnu/arm/5.4.1/bin/../lib/gcc/arm-none-eabi/5.4.1/../../../../arm-none-eabi/lib/armv6-m\libg_nano.a(lib_a-errno.o)
                0x00003af0                __errno
 .text.__libc_init_array
                0x00003afc       0x4c c:/program files (x86)/cypress/psoc creator/4.3/psoc creator/import/gnu/arm/5.4.1/bin/../lib/gcc/arm-none-eabi/5.4.1/../../../../arm-none-eabi/lib/armv6-m\libg_nano.a(lib_a-init.o)
                0x00003afc                __libc_init_array
 .text.memcpy   0x00003b48       0x12 c:/program files (x86)/cypress/psoc creator/4.3/psoc creator/import/gnu/arm/5.4.1/bin/../lib/gcc/arm-none-eabi/5.4.1/../../../../arm-none-eabi/lib/armv6-m\libg_nano.a(lib_a-memcpy-stub.o)
                0x00003b48                memcpy
 .text.memset   0x00003b5a       0x10 c:/program files (x86)/cypress/psoc creator/4.3/psoc creator/import/gnu/arm/5.4.1/bin/../lib/gcc/arm-none-eabi/5.4.1/../../../../arm-none-eabi/lib/armv6-m\libg_nano.a(lib_a-memset.o)
                0x00003b5a                memset
 *fill*         0x00003b6a        0x2 
 .text.sprintf  0x00003b6c       0x44 c:/program files (x86)/cypress/psoc creator/4.3/psoc creator/import/gnu/arm/5.4.1/bin/../lib/gcc/arm-none-eabi/5.4.1/../../../../arm-none-eabi/lib/armv6-m\libg_nano.a(lib_a-sprintf.o)
                0x00003b6c                siprintf
                0x00003b6c                sprintf
 .text.__ssputs_r
                0x00003bb0       0xc4 c:/program files (x86)/cypress/psoc creator/4.3/psoc creator/import/gnu/arm/5.4.1/bin/../lib/gcc/arm-none-eabi/5.4.1/../../../../arm-none-eabi/lib/armv6-m\libg_nano.a(lib_a-nano-svfprintf.o)
                0x00003bb0                __ssputs_r
 .text._svfprintf_r
                0x00003c74      0x1fc c:/program files (x86)/cypress/psoc creator/4.3/psoc creator/import/gnu/arm/5.4.1/bin/../lib/gcc/arm-none-eabi/5.4.1/../../../../arm-none-eabi/lib/armv6-m\libg_nano.a(lib_a-nano-svfprintf.o)
                0x00003c74                _svfiprintf_r
                0x00003c74                _svfprintf_r
 .text._printf_common
                0x00003e70       0xdc c:/program files (x86)/cypress/psoc creator/4.3/psoc creator/import/gnu/arm/5.4.1/bin/../lib/gcc/arm-none-eabi/5.4.1/../../../../arm-none-eabi/lib/armv6-m\libg_nano.a(lib_a-nano-vfprintf_i.o)
                0x00003e70                _printf_common
 .text._printf_i
                0x00003f4c      0x244 c:/program files (x86)/cypress/psoc creator/4.3/psoc creator/import/gnu/arm/5.4.1/bin/../lib/gcc/arm-none-eabi/5.4.1/../../../../arm-none-eabi/lib/armv6-m\libg_nano.a(lib_a-nano-vfprintf_i.o)
                0x00003f4c                _printf_i
 .text.memchr   0x00004190       0x16 c:/program files (x86)/cypress/psoc creator/4.3/psoc creator/import/gnu/arm/5.4.1/bin/../lib/gcc/arm-none-eabi/5.4.1/../../../../arm-none-eabi/lib/armv6-m\libg_nano.a(lib_a-memchr-stub.o)
                0x00004190                memchr
 .text.memmove  0x000041a6       0x2a c:/program files (x86)/cypress/psoc creator/4.3/psoc creator/import/gnu/arm/5.4.1/bin/../lib/gcc/arm-none-eabi/5.4.1/../../../../arm-none-eabi/lib/armv6-m\libg_nano.a(lib_a-memmove.o)
                0x000041a6                memmove
 .text._free_r  0x000041d0       0x98 c:/program files (x86)/cypress/psoc creator/4.3/psoc creator/import/gnu/arm/5.4.1/bin/../lib/gcc/arm-none-eabi/5.4.1/../../../../arm-none-eabi/lib/armv6-m\libg_nano.a(lib_a-nano-freer.o)
                0x000041d0                _free_r
 .text._malloc_r
                0x00004268       0xc0 c:/program files (x86)/cypress/psoc creator/4.3/psoc creator/import/gnu/arm/5.4.1/bin/../lib/gcc/arm-none-eabi/5.4.1/../../../../arm-none-eabi/lib/armv6-m\libg_nano.a(lib_a-nano-mallocr.o)
                0x00004268                _malloc_r
 .text._realloc_r
                0x00004328       0x4c c:/program files (x86)/cypress/psoc creator/4.3/psoc creator/import/gnu/arm/5.4.1/bin/../lib/gcc/arm-none-eabi/5.4.1/../../../../arm-none-eabi/lib/armv6-m\libg_nano.a(lib_a-nano-reallocr.o)
                0x00004328                _realloc_r
 .text._sbrk_r  0x00004374       0x24 c:/program files (x86)/cypress/psoc creator/4.3/psoc creator/import/gnu/arm/5.4.1/bin/../lib/gcc/arm-none-eabi/5.4.1/../../../../arm-none-eabi/lib/armv6-m\libg_nano.a(lib_a-sbrkr.o)
                0x00004374                _sbrk_r
 .text.__malloc_lock
                0x00004398        0x2 c:/program files (x86)/cypress/psoc creator/4.3/psoc creator/import/gnu/arm/5.4.1/bin/../lib/gcc/arm-none-eabi/5.4.1/../../../../arm-none-eabi/lib/armv6-m\libg_nano.a(lib_a-mlock.o)
                0x00004398                __malloc_lock
 .text.__malloc_unlock
                0x0000439a        0x2 c:/program files (x86)/cypress/psoc creator/4.3/psoc creator/import/gnu/arm/5.4.1/bin/../lib/gcc/arm-none-eabi/5.4.1/../../../../arm-none-eabi/lib/armv6-m\libg_nano.a(lib_a-mlock.o)
                0x0000439a                __malloc_unlock
 .text._malloc_usable_size_r
                0x0000439c       0x16 c:/program files (x86)/cypress/psoc creator/4.3/psoc creator/import/gnu/arm/5.4.1/bin/../lib/gcc/arm-none-eabi/5.4.1/../../../../arm-none-eabi/lib/armv6-m\libg_nano.a(lib_a-nano-msizer.o)
                0x0000439c                _malloc_usable_size_r
 *(.plt)
 *(.gnu.warning)
 *(.glue_7t)
 .glue_7t       0x000043b2        0x0 linker stubs
 *(.glue_7)
 .glue_7        0x000043b2        0x0 linker stubs
 *(.vfp11_veneer)
 .vfp11_veneer  0x000043b2        0x0 linker stubs
 *(.bootloader)
 *(.ARM.extab* .gnu.linkonce.armextab.*)
 *(.gcc_except_table)

.v4_bx          0x000043b4        0x0
 .v4_bx         0x000043b4        0x0 linker stubs

.iplt           0x000043b4        0x0
 .iplt          0x000043b4        0x0 c:/program files (x86)/cypress/psoc creator/4.3/psoc creator/import/gnu/arm/5.4.1/bin/../lib/gcc/arm-none-eabi/5.4.1/armv6-m/crtbegin.o

.eh_frame_hdr
 *(.eh_frame_hdr)

.eh_frame       0x000043b4        0x4
 *(.eh_frame)
 .eh_frame      0x000043b4        0x0 c:/program files (x86)/cypress/psoc creator/4.3/psoc creator/import/gnu/arm/5.4.1/bin/../lib/gcc/arm-none-eabi/5.4.1/armv6-m/crtbegin.o
 .eh_frame      0x000043b4        0x4 c:/program files (x86)/cypress/psoc creator/4.3/psoc creator/import/gnu/arm/5.4.1/bin/../lib/gcc/arm-none-eabi/5.4.1/armv6-m/crtend.o
                [!provide]                PROVIDE (__exidx_start, .)

.ARM.exidx
 *(.ARM.exidx* .gnu.linkonce.armexidx.*)
                0x000043b8                __exidx_end = .

.rodata         0x000043b8      0xc58
 *(.rodata .rodata.* .gnu.linkonce.r.*)
 .rodata.str1.4
                0x000043b8       0x5c .\CortexM0\ARM_GCC_541\Debug\main.o
 .rodata        0x00004414      0x5a4 .\CortexM0\ARM_GCC_541\Debug\cyfitter_cfg.o
 .rodata        0x000049b8       0x47 .\CortexM0\ARM_GCC_541\Debug\Motor_Board_Rev3.a(CyLib.o)
                0x000049b8                cyImoFreqMhz2Reg
                0x000049e8                cyImoFreqMhz2DpllOffset
 *fill*         0x000049ff        0x1 
 .rodata        0x00004a00      0x160 .\CortexM0\ARM_GCC_541\Debug\Motor_Board_Rev3.a(CAN.o)
 .rodata        0x00004b60      0x1e0 .\CortexM0\ARM_GCC_541\Debug\Motor_Board_Rev3.a(StripLights.o)
                0x00004b60                StripLights_CLUT
 .rodata        0x00004d40      0x1e0 .\CortexM0\ARM_GCC_541\Debug\Motor_Board_Rev3.a(StripLights_fonts.o)
                0x00004d40                StripLights_Font5x7
 .rodata        0x00004f20       0x40 c:/program files (x86)/cypress/psoc creator/4.3/psoc creator/import/gnu/arm/5.4.1/bin/../lib/gcc/arm-none-eabi/5.4.1/armv6-m\libgcc.a(divdf3.o)
 .rodata        0x00004f60       0x40 c:/program files (x86)/cypress/psoc creator/4.3/psoc creator/import/gnu/arm/5.4.1/bin/../lib/gcc/arm-none-eabi/5.4.1/armv6-m\libgcc.a(muldf3.o)
 .rodata.str1.1
                0x00004fa0        0x2 c:/program files (x86)/cypress/psoc creator/4.3/psoc creator/import/gnu/arm/5.4.1/bin/../lib/gcc/arm-none-eabi/5.4.1/../../../../arm-none-eabi/lib/armv6-m\libg_nano.a(lib_a-impure.o)
 .rodata.str1.1
                0x00004fa2       0x11 c:/program files (x86)/cypress/psoc creator/4.3/psoc creator/import/gnu/arm/5.4.1/bin/../lib/gcc/arm-none-eabi/5.4.1/../../../../arm-none-eabi/lib/armv6-m\libg_nano.a(lib_a-nano-svfprintf.o)
 .rodata.str1.1
                0x00004fb3       0x22 c:/program files (x86)/cypress/psoc creator/4.3/psoc creator/import/gnu/arm/5.4.1/bin/../lib/gcc/arm-none-eabi/5.4.1/../../../../arm-none-eabi/lib/armv6-m\libg_nano.a(lib_a-nano-vfprintf_i.o)
                0x00004fd8                . = ALIGN (0x4)
 *fill*         0x00004fd5        0x3 
 *(.init)
 .init          0x00004fd8        0x4 c:/program files (x86)/cypress/psoc creator/4.3/psoc creator/import/gnu/arm/5.4.1/bin/../lib/gcc/arm-none-eabi/5.4.1/armv6-m/crti.o
                0x00004fd8                _init
 .init          0x00004fdc        0x8 c:/program files (x86)/cypress/psoc creator/4.3/psoc creator/import/gnu/arm/5.4.1/bin/../lib/gcc/arm-none-eabi/5.4.1/armv6-m/crtn.o
                0x00004fe4                . = ALIGN (0x4)
                0x00004fe4                __preinit_array_start = .
 *(.preinit_array)
                0x00004fe4                __preinit_array_end = .
                0x00004fe4                . = ALIGN (0x4)
                0x00004fe4                __init_array_start = .
 *(SORT(.init_array.*))
 *(.init_array)
 .init_array    0x00004fe4        0x4 c:/program files (x86)/cypress/psoc creator/4.3/psoc creator/import/gnu/arm/5.4.1/bin/../lib/gcc/arm-none-eabi/5.4.1/armv6-m/crtbegin.o
 .init_array    0x00004fe8        0x4 .\CortexM0\ARM_GCC_541\Debug\Cm0Start.o
                0x00004fec                __init_array_end = .
                0x00004fec                . = ALIGN (0x4)
 *(.fini)
 .fini          0x00004fec        0x4 c:/program files (x86)/cypress/psoc creator/4.3/psoc creator/import/gnu/arm/5.4.1/bin/../lib/gcc/arm-none-eabi/5.4.1/armv6-m/crti.o
                0x00004fec                _fini
 .fini          0x00004ff0        0x8 c:/program files (x86)/cypress/psoc creator/4.3/psoc creator/import/gnu/arm/5.4.1/bin/../lib/gcc/arm-none-eabi/5.4.1/armv6-m/crtn.o
                0x00004ff8                . = ALIGN (0x4)
                0x00004ff8                __fini_array_start = .
 *(.fini_array)
 .fini_array    0x00004ff8        0x4 c:/program files (x86)/cypress/psoc creator/4.3/psoc creator/import/gnu/arm/5.4.1/bin/../lib/gcc/arm-none-eabi/5.4.1/armv6-m/crtbegin.o
 *(SORT(.fini_array.*))
                0x00004ffc                __fini_array_end = .
                0x00004ffc                . = ALIGN (0x4)
 *crtbegin.o(.ctors)
 *(EXCLUDE_FILE(*crtend.o) .ctors)
 *(SORT(.ctors.*))
 *crtend.o(.ctors)
                0x00004ffc                . = ALIGN (0x4)
 *crtbegin.o(.dtors)
 *(EXCLUDE_FILE(*crtend.o) .dtors)
 *(SORT(.dtors.*))
 *crtend.o(.dtors)
                0x00004ffc                . = ALIGN (0x4)
                0x00004ffc                __cy_regions = .
                0x00004ffc        0x4 LONG 0x5010 __cy_region_init_ram
                0x00005000        0x4 LONG 0x200000c0 __cy_region_start_data
                0x00005004        0x4 LONG 0x88 __cy_region_init_size_ram
                0x00005008        0x4 LONG 0x138 __cy_region_zero_size_ram
                0x0000500c                __cy_regions_end = .
                0x00005010                . = ALIGN (0x8)
 *fill*         0x0000500c        0x4 
                0x00005010                _etext = .

.cy_checksum_exclude
                0x00005010        0x0
 *(.cy_checksum_exclude)

.ramvectors     0x20000000       0xc0
                0x20000000                __cy_region_start_ram = .
 *(.ramvectors)
 .ramvectors    0x20000000       0xc0 .\CortexM0\ARM_GCC_541\Debug\Cm0Start.o
                0x20000000                CyRamVectors

.noinit
 *(.noinit)

.data           0x200000c0       0x88 load address 0x00005010
                0x200000c0                __cy_region_start_data = .
 *(.jcr)
 .jcr           0x200000c0        0x0 c:/program files (x86)/cypress/psoc creator/4.3/psoc creator/import/gnu/arm/5.4.1/bin/../lib/gcc/arm-none-eabi/5.4.1/armv6-m/crtbegin.o
 .jcr           0x200000c0        0x4 c:/program files (x86)/cypress/psoc creator/4.3/psoc creator/import/gnu/arm/5.4.1/bin/../lib/gcc/arm-none-eabi/5.4.1/armv6-m/crtend.o
 *(.got.plt)
 *(.got)
 *(.shdata)
 *(.data .data.* .gnu.linkonce.d.*)
 .data          0x200000c4        0x4 .\CortexM0\ARM_GCC_541\Debug\Cm0Start.o
 .data          0x200000c8       0x14 .\CortexM0\ARM_GCC_541\Debug\Motor_Board_Rev3.a(CyLib.o)
                0x200000c8                CySysClkPumpConfig
                0x200000cc                cydelay32kMs
                0x200000d0                cydelayFreqKhz
                0x200000d4                cydelayFreqMhz
                0x200000d8                cydelayFreqHz
 .data          0x200000dc        0x8 .\CortexM0\ARM_GCC_541\Debug\Motor_Board_Rev3.a(CyLFClk.o)
 .data.impure_data
                0x200000e4       0x60 c:/program files (x86)/cypress/psoc creator/4.3/psoc creator/import/gnu/arm/5.4.1/bin/../lib/gcc/arm-none-eabi/5.4.1/../../../../arm-none-eabi/lib/armv6-m\libg_nano.a(lib_a-impure.o)
 .data._impure_ptr
                0x20000144        0x4 c:/program files (x86)/cypress/psoc creator/4.3/psoc creator/import/gnu/arm/5.4.1/bin/../lib/gcc/arm-none-eabi/5.4.1/../../../../arm-none-eabi/lib/armv6-m\libg_nano.a(lib_a-impure.o)
                0x20000144                _impure_ptr
                0x20000148                . = ALIGN (0x8)
 *(.ram)
                0x20000148                _edata = .

.igot.plt       0x20000148        0x0 load address 0x00005098
 .igot.plt      0x20000148        0x0 c:/program files (x86)/cypress/psoc creator/4.3/psoc creator/import/gnu/arm/5.4.1/bin/../lib/gcc/arm-none-eabi/5.4.1/armv6-m/crtbegin.o

.bss            0x20000148      0x138 load address 0x00005098
                0x20000148                PROVIDE (__bss_start__, .)
 *(.shbss)
 *(.bss .bss.* .gnu.linkonce.b.*)
 .bss           0x20000148       0x1c c:/program files (x86)/cypress/psoc creator/4.3/psoc creator/import/gnu/arm/5.4.1/bin/../lib/gcc/arm-none-eabi/5.4.1/armv6-m/crtbegin.o
 .bss           0x20000164        0x3 .\CortexM0\ARM_GCC_541\Debug\main.o
                0x20000164                invalidate
                0x20000165                time_LED
                0x20000166                drive
 *fill*         0x20000167        0x1 
 .bss           0x20000168       0x20 .\CortexM0\ARM_GCC_541\Debug\Motor_Board_Rev3.a(CyLib.o)
                0x20000168                CySysClkImoTrim4
                0x2000016c                CySysClkImoTrim5
                0x20000184                CySysTickInitVar
 .bss           0x20000188       0x28 .\CortexM0\ARM_GCC_541\Debug\Motor_Board_Rev3.a(CyLFClk.o)
 .bss           0x200001b0        0x1 .\CortexM0\ARM_GCC_541\Debug\Motor_Board_Rev3.a(QuadDec.o)
                0x200001b0                QuadDec_initVar
 .bss           0x200001b1        0x1 .\CortexM0\ARM_GCC_541\Debug\Motor_Board_Rev3.a(QuadDec_Cnt16.o)
                0x200001b1                QuadDec_Cnt16_initVar
 .bss           0x200001b2        0x1 .\CortexM0\ARM_GCC_541\Debug\Motor_Board_Rev3.a(CAN.o)
                0x200001b2                CAN_initVar
 *fill*         0x200001b3        0x1 
 .bss           0x200001b4        0x4 .\CortexM0\ARM_GCC_541\Debug\Motor_Board_Rev3.a(UART.o)
                0x200001b4                UART_initVar
                0x200001b6                UART_IntrTxMask
 .bss           0x200001b8        0x1 .\CortexM0\ARM_GCC_541\Debug\Motor_Board_Rev3.a(Timer_1.o)
                0x200001b8                Timer_1_initVar
 *fill*         0x200001b9        0x3 
 .bss           0x200001bc       0x15 .\CortexM0\ARM_GCC_541\Debug\Motor_Board_Rev3.a(StripLights.o)
                0x200001bc                StripLights_ledIndex
                0x200001c0                StripLights_row
                0x200001d0                StripLights_initvar
 *fill*         0x200001d1        0x3 
 .bss.__malloc_sbrk_start
                0x200001d4        0x4 c:/program files (x86)/cypress/psoc creator/4.3/psoc creator/import/gnu/arm/5.4.1/bin/../lib/gcc/arm-none-eabi/5.4.1/../../../../arm-none-eabi/lib/armv6-m\libg_nano.a(lib_a-nano-mallocr.o)
                0x200001d4                __malloc_sbrk_start
 .bss.__malloc_free_list
                0x200001d8        0x4 c:/program files (x86)/cypress/psoc creator/4.3/psoc creator/import/gnu/arm/5.4.1/bin/../lib/gcc/arm-none-eabi/5.4.1/../../../../arm-none-eabi/lib/armv6-m\libg_nano.a(lib_a-nano-mallocr.o)
                0x200001d8                __malloc_free_list
 *(COMMON)
 COMMON         0x200001dc       0x78 .\CortexM0\ARM_GCC_541\Debug\main.o
                0x200001dc                txData
                0x20000240                rxMailbox
                0x20000250                test
 COMMON         0x20000254       0x18 .\CortexM0\ARM_GCC_541\Debug\Motor_Board_Rev3.a(StripLights.o)
                0x20000254                StripLights_ledArray
                0x20000260                StripLights_DimMask
                0x20000264                StripLights_DimShift
                0x20000268                StripLights_refreshComplete
 COMMON         0x2000026c       0x10 .\CortexM0\ARM_GCC_541\Debug\Motor_Board_Rev3.a(StripLights_fonts.o)
                0x2000026c                StripLights_fontX
                0x20000270                StripLights_fontOffset
                0x20000274                StripLights_fontPtr
                0x20000278                StripLights_fontY
 COMMON         0x2000027c        0x4 c:/program files (x86)/cypress/psoc creator/4.3/psoc creator/import/gnu/arm/5.4.1/bin/../lib/gcc/arm-none-eabi/5.4.1/../../../../arm-none-eabi/lib/armv6-m\libg_nano.a(lib_a-reent.o)
                0x2000027c                errno
                0x20000280                . = ALIGN (0x8)
 *(.ram.b)
                0x20000280                _end = .
                0x20000280                __end = .
                0x20000280                PROVIDE (end, .)
                0x20000280                PROVIDE (__bss_end__, .)
                0x00005010                __cy_region_init_ram = LOADADDR (.data)
                0x00000088                __cy_region_init_size_ram = (_edata - ADDR (.data))
                0x00000138                __cy_region_zero_size_ram = (_end - _edata)

.heap           0x20000280       0x80 load address 0x00005098
                0x20000280                . = _end
                0x20000300                . = (. + 0x80)
 *fill*         0x20000280       0x80 
                0x20000300                __cy_heap_limit = .

.stack          0x20007800      0x800
                0x20007800                __cy_stack_limit = .
                0x20008000                . = (. + 0x800)
 *fill*         0x20007800      0x800 
                0x00000001                ASSERT ((__cy_stack_limit >= __cy_heap_limit), region RAM overflowed with stack)
                0x00000000                cy_checksum_exclude_size = (CY_APPL_LOADABLE == 0x1)?SIZEOF (.cy_checksum_exclude):0x0
                0x00000001                ASSERT ((cy_checksum_exclude_size <= CY_CHECKSUM_EXCLUDE_SIZE), CY_BOOT: Section .cy_checksum_exclude size exceedes specified limit.)
                0x0003ffc0                cyloadermeta_start = (cy_project_type_bootloader || cy_project_type_app_for_stack_and_copier)?(LENGTH (rom) - CY_METADATA_SIZE):0xf0000000

.cyloadermeta
 *(.cyloadermeta)
                0x0003ffc0                cyloadablemeta_start = cy_project_type_app_for_stack_and_copier?((LENGTH (rom) - CY_FLASH_ROW_SIZE) - CY_METADATA_SIZE):((LENGTH (rom) - (CY_FLASH_ROW_SIZE * (CY_APPL_NUM - 0x1))) - CY_METADATA_SIZE)

.cyloadablemeta
 *(.cyloadablemeta)

.cyflashprotect
                0x90400000       0x80
 *(.cyflashprotect)
 .cyflashprotect
                0x90400000       0x80 .\CortexM0\ARM_GCC_541\Debug\cymetadata.o
                0x90400000                cy_meta_flashprotect

.cymeta         0x90500000        0xc
 *(.cymeta)
 .cymeta        0x90500000        0xc .\CortexM0\ARM_GCC_541\Debug\cymetadata.o
                0x90500000                cy_metadata

.cychipprotect  0x90600000        0x1
 *(.cychipprotect)
 .cychipprotect
                0x90600000        0x1 .\CortexM0\ARM_GCC_541\Debug\cymetadata.o
                0x90600000                cy_meta_chipprotect

.rel.dyn        0x00005098        0x0 load address 0x90600004
 .rel.iplt      0x00005098        0x0 c:/program files (x86)/cypress/psoc creator/4.3/psoc creator/import/gnu/arm/5.4.1/bin/../lib/gcc/arm-none-eabi/5.4.1/armv6-m/crtbegin.o

.stab
 *(.stab)

.stabstr
 *(.stabstr)

.debug
 *(.debug)

.line
 *(.line)

.debug_srcinfo
 *(.debug_srcinfo)

.debug_sfnames
 *(.debug_sfnames)

.debug_aranges  0x00000000     0x1148
 *(.debug_aranges)
 .debug_aranges
                0x00000000       0x40 .\CortexM0\ARM_GCC_541\Debug\main.o
 .debug_aranges
                0x00000040       0x20 .\CortexM0\ARM_GCC_541\Debug\MotorDrive.o
 .debug_aranges
                0x00000060       0x38 .\CortexM0\ARM_GCC_541\Debug\LED_Array.o
 .debug_aranges
                0x00000098       0xc0 .\CortexM0\ARM_GCC_541\Debug\CANCommon.o
 .debug_aranges
                0x00000158       0x18 .\CortexM0\ARM_GCC_541\Debug\CANGPIO.o
 .debug_aranges
                0x00000170       0x18 .\CortexM0\ARM_GCC_541\Debug\CANLocalization.o
 .debug_aranges
                0x00000188       0xc0 .\CortexM0\ARM_GCC_541\Debug\CANMotorUnit.o
 .debug_aranges
                0x00000248       0xa0 .\CortexM0\ARM_GCC_541\Debug\CANPacket.o
 .debug_aranges
                0x000002e8       0x40 .\CortexM0\ARM_GCC_541\Debug\CANPower.o
 .debug_aranges
                0x00000328       0x50 .\CortexM0\ARM_GCC_541\Debug\PortPSOC_CY8C4248AZI_L485.o
 .debug_aranges
                0x00000378       0x48 .\CortexM0\ARM_GCC_541\Debug\cyfitter_cfg.o
 .debug_aranges
                0x000003c0       0x18 .\CortexM0\ARM_GCC_541\Debug\cymetadata.o
 .debug_aranges
                0x000003d8       0x48 .\CortexM0\ARM_GCC_541\Debug\Cm0Start.o
 .debug_aranges
                0x00000420      0x260 .\CortexM0\ARM_GCC_541\Debug\Motor_Board_Rev3.a(CyLib.o)
 .debug_aranges
                0x00000680      0x188 .\CortexM0\ARM_GCC_541\Debug\Motor_Board_Rev3.a(CyLFClk.o)
 .debug_aranges
                0x00000808      0x158 .\CortexM0\ARM_GCC_541\Debug\Motor_Board_Rev3.a(PWM_Motor.o)
 .debug_aranges
                0x00000960       0x48 .\CortexM0\ARM_GCC_541\Debug\Motor_Board_Rev3.a(Pin_Direction.o)
 .debug_aranges
                0x000009a8       0x80 .\CortexM0\ARM_GCC_541\Debug\Motor_Board_Rev3.a(isr_Limit_1.o)
 .debug_aranges
                0x00000a28       0x60 .\CortexM0\ARM_GCC_541\Debug\Motor_Board_Rev3.a(QuadDec.o)
 .debug_aranges
                0x00000a88       0x98 .\CortexM0\ARM_GCC_541\Debug\Motor_Board_Rev3.a(QuadDec_Cnt16.o)
 .debug_aranges
                0x00000b20       0xe8 .\CortexM0\ARM_GCC_541\Debug\Motor_Board_Rev3.a(CAN.o)
 .debug_aranges
                0x00000c08       0x20 .\CortexM0\ARM_GCC_541\Debug\Motor_Board_Rev3.a(CAN_INT.o)
 .debug_aranges
                0x00000c28       0x30 .\CortexM0\ARM_GCC_541\Debug\Motor_Board_Rev3.a(CAN_TX_RX_func.o)
 .debug_aranges
                0x00000c58       0x58 .\CortexM0\ARM_GCC_541\Debug\Motor_Board_Rev3.a(UART.o)
 .debug_aranges
                0x00000cb0       0x90 .\CortexM0\ARM_GCC_541\Debug\Motor_Board_Rev3.a(UART_UART.o)
 .debug_aranges
                0x00000d40       0x40 .\CortexM0\ARM_GCC_541\Debug\Motor_Board_Rev3.a(Can_addr.o)
 .debug_aranges
                0x00000d80       0x90 .\CortexM0\ARM_GCC_541\Debug\Motor_Board_Rev3.a(Timer_1.o)
 .debug_aranges
                0x00000e10       0x80 .\CortexM0\ARM_GCC_541\Debug\Motor_Board_Rev3.a(isr_period.o)
 .debug_aranges
                0x00000e90       0xa0 .\CortexM0\ARM_GCC_541\Debug\Motor_Board_Rev3.a(StripLights.o)
 .debug_aranges
                0x00000f30       0x30 .\CortexM0\ARM_GCC_541\Debug\Motor_Board_Rev3.a(StripLights_fonts.o)
 .debug_aranges
                0x00000f60       0x80 .\CortexM0\ARM_GCC_541\Debug\Motor_Board_Rev3.a(StripLights_cisr.o)
 .debug_aranges
                0x00000fe0       0x80 .\CortexM0\ARM_GCC_541\Debug\Motor_Board_Rev3.a(StripLights_fisr.o)
 .debug_aranges
                0x00001060       0x20 .\CortexM0\ARM_GCC_541\Debug\Motor_Board_Rev3.a(CyBootAsmGnu.o)
 .debug_aranges
                0x00001080       0x40 .\CortexM0\ARM_GCC_541\Debug\Motor_Board_Rev3.a(CyFlash.o)
 .debug_aranges
                0x000010c0       0x28 .\CortexM0\ARM_GCC_541\Debug\Motor_Board_Rev3.a(cyutils.o)
 .debug_aranges
                0x000010e8       0x60 .\CortexM0\ARM_GCC_541\Debug\Motor_Board_Rev3.a(UART_SPI_UART.o)

.debug_pubnames
 *(.debug_pubnames)

.debug_info     0x00000000     0xac7b
 *(.debug_info .gnu.linkonce.wi.*)
 .debug_info    0x00000000      0x7c8 .\CortexM0\ARM_GCC_541\Debug\main.o
 .debug_info    0x000007c8      0x174 .\CortexM0\ARM_GCC_541\Debug\MotorDrive.o
 .debug_info    0x0000093c      0x372 .\CortexM0\ARM_GCC_541\Debug\LED_Array.o
 .debug_info    0x00000cae      0xa55 .\CortexM0\ARM_GCC_541\Debug\CANCommon.o
 .debug_info    0x00001703       0x6b .\CortexM0\ARM_GCC_541\Debug\CANGPIO.o
 .debug_info    0x0000176e       0x6b .\CortexM0\ARM_GCC_541\Debug\CANLocalization.o
 .debug_info    0x000017d9      0x9e7 .\CortexM0\ARM_GCC_541\Debug\CANMotorUnit.o
 .debug_info    0x000021c0      0x5fb .\CortexM0\ARM_GCC_541\Debug\CANPacket.o
 .debug_info    0x000027bb      0x2ff .\CortexM0\ARM_GCC_541\Debug\CANPower.o
 .debug_info    0x00002aba      0x5df .\CortexM0\ARM_GCC_541\Debug\PortPSOC_CY8C4248AZI_L485.o
 .debug_info    0x00003099      0x417 .\CortexM0\ARM_GCC_541\Debug\cyfitter_cfg.o
 .debug_info    0x000034b0       0xf8 .\CortexM0\ARM_GCC_541\Debug\cymetadata.o
 .debug_info    0x000035a8      0x3a2 .\CortexM0\ARM_GCC_541\Debug\Cm0Start.o
 .debug_info    0x0000394a     0x178f .\CortexM0\ARM_GCC_541\Debug\Motor_Board_Rev3.a(CyLib.o)
 .debug_info    0x000050d9     0x1058 .\CortexM0\ARM_GCC_541\Debug\Motor_Board_Rev3.a(CyLFClk.o)
 .debug_info    0x00006131      0x908 .\CortexM0\ARM_GCC_541\Debug\Motor_Board_Rev3.a(PWM_Motor.o)
 .debug_info    0x00006a39      0x19d .\CortexM0\ARM_GCC_541\Debug\Motor_Board_Rev3.a(Pin_Direction.o)
 .debug_info    0x00006bd6      0x305 .\CortexM0\ARM_GCC_541\Debug\Motor_Board_Rev3.a(isr_Limit_1.o)
 .debug_info    0x00006edb      0x2d4 .\CortexM0\ARM_GCC_541\Debug\Motor_Board_Rev3.a(QuadDec.o)
 .debug_info    0x000071af      0x345 .\CortexM0\ARM_GCC_541\Debug\Motor_Board_Rev3.a(QuadDec_Cnt16.o)
 .debug_info    0x000074f4      0x9c6 .\CortexM0\ARM_GCC_541\Debug\Motor_Board_Rev3.a(CAN.o)
 .debug_info    0x00007eba       0xa0 .\CortexM0\ARM_GCC_541\Debug\Motor_Board_Rev3.a(CAN_INT.o)
 .debug_info    0x00007f5a      0x37e .\CortexM0\ARM_GCC_541\Debug\Motor_Board_Rev3.a(CAN_TX_RX_func.o)
 .debug_info    0x000082d8      0x23a .\CortexM0\ARM_GCC_541\Debug\Motor_Board_Rev3.a(UART.o)
 .debug_info    0x00008512      0x3b5 .\CortexM0\ARM_GCC_541\Debug\Motor_Board_Rev3.a(UART_UART.o)
 .debug_info    0x000088c7      0x17f .\CortexM0\ARM_GCC_541\Debug\Motor_Board_Rev3.a(Can_addr.o)
 .debug_info    0x00008a46      0x386 .\CortexM0\ARM_GCC_541\Debug\Motor_Board_Rev3.a(Timer_1.o)
 .debug_info    0x00008dcc      0x305 .\CortexM0\ARM_GCC_541\Debug\Motor_Board_Rev3.a(isr_period.o)
 .debug_info    0x000090d1      0xa83 .\CortexM0\ARM_GCC_541\Debug\Motor_Board_Rev3.a(StripLights.o)
 .debug_info    0x00009b54      0x394 .\CortexM0\ARM_GCC_541\Debug\Motor_Board_Rev3.a(StripLights_fonts.o)
 .debug_info    0x00009ee8      0x305 .\CortexM0\ARM_GCC_541\Debug\Motor_Board_Rev3.a(StripLights_cisr.o)
 .debug_info    0x0000a1ed      0x305 .\CortexM0\ARM_GCC_541\Debug\Motor_Board_Rev3.a(StripLights_fisr.o)
 .debug_info    0x0000a4f2       0xcc .\CortexM0\ARM_GCC_541\Debug\Motor_Board_Rev3.a(CyBootAsmGnu.o)
 .debug_info    0x0000a5be      0x352 .\CortexM0\ARM_GCC_541\Debug\Motor_Board_Rev3.a(CyFlash.o)
 .debug_info    0x0000a910      0x14b .\CortexM0\ARM_GCC_541\Debug\Motor_Board_Rev3.a(cyutils.o)
 .debug_info    0x0000aa5b      0x220 .\CortexM0\ARM_GCC_541\Debug\Motor_Board_Rev3.a(UART_SPI_UART.o)

.debug_abbrev   0x00000000     0x2bc4
 *(.debug_abbrev)
 .debug_abbrev  0x00000000      0x166 .\CortexM0\ARM_GCC_541\Debug\main.o
 .debug_abbrev  0x00000166       0xc4 .\CortexM0\ARM_GCC_541\Debug\MotorDrive.o
 .debug_abbrev  0x0000022a      0x15d .\CortexM0\ARM_GCC_541\Debug\LED_Array.o
 .debug_abbrev  0x00000387      0x149 .\CortexM0\ARM_GCC_541\Debug\CANCommon.o
 .debug_abbrev  0x000004d0       0x26 .\CortexM0\ARM_GCC_541\Debug\CANGPIO.o
 .debug_abbrev  0x000004f6       0x26 .\CortexM0\ARM_GCC_541\Debug\CANLocalization.o
 .debug_abbrev  0x0000051c      0x115 .\CortexM0\ARM_GCC_541\Debug\CANMotorUnit.o
 .debug_abbrev  0x00000631      0x168 .\CortexM0\ARM_GCC_541\Debug\CANPacket.o
 .debug_abbrev  0x00000799      0x124 .\CortexM0\ARM_GCC_541\Debug\CANPower.o
 .debug_abbrev  0x000008bd      0x1ab .\CortexM0\ARM_GCC_541\Debug\PortPSOC_CY8C4248AZI_L485.o
 .debug_abbrev  0x00000a68      0x1d8 .\CortexM0\ARM_GCC_541\Debug\cyfitter_cfg.o
 .debug_abbrev  0x00000c40       0x5d .\CortexM0\ARM_GCC_541\Debug\cymetadata.o
 .debug_abbrev  0x00000c9d      0x1d7 .\CortexM0\ARM_GCC_541\Debug\Cm0Start.o
 .debug_abbrev  0x00000e74      0x288 .\CortexM0\ARM_GCC_541\Debug\Motor_Board_Rev3.a(CyLib.o)
 .debug_abbrev  0x000010fc      0x248 .\CortexM0\ARM_GCC_541\Debug\Motor_Board_Rev3.a(CyLFClk.o)
 .debug_abbrev  0x00001344      0x119 .\CortexM0\ARM_GCC_541\Debug\Motor_Board_Rev3.a(PWM_Motor.o)
 .debug_abbrev  0x0000145d       0xc8 .\CortexM0\ARM_GCC_541\Debug\Motor_Board_Rev3.a(Pin_Direction.o)
 .debug_abbrev  0x00001525      0x19a .\CortexM0\ARM_GCC_541\Debug\Motor_Board_Rev3.a(isr_Limit_1.o)
 .debug_abbrev  0x000016bf      0x151 .\CortexM0\ARM_GCC_541\Debug\Motor_Board_Rev3.a(QuadDec.o)
 .debug_abbrev  0x00001810      0x117 .\CortexM0\ARM_GCC_541\Debug\Motor_Board_Rev3.a(QuadDec_Cnt16.o)
 .debug_abbrev  0x00001927      0x186 .\CortexM0\ARM_GCC_541\Debug\Motor_Board_Rev3.a(CAN.o)
 .debug_abbrev  0x00001aad       0x42 .\CortexM0\ARM_GCC_541\Debug\Motor_Board_Rev3.a(CAN_INT.o)
 .debug_abbrev  0x00001aef      0x159 .\CortexM0\ARM_GCC_541\Debug\Motor_Board_Rev3.a(CAN_TX_RX_func.o)
 .debug_abbrev  0x00001c48       0xd5 .\CortexM0\ARM_GCC_541\Debug\Motor_Board_Rev3.a(UART.o)
 .debug_abbrev  0x00001d1d      0x132 .\CortexM0\ARM_GCC_541\Debug\Motor_Board_Rev3.a(UART_UART.o)
 .debug_abbrev  0x00001e4f       0xac .\CortexM0\ARM_GCC_541\Debug\Motor_Board_Rev3.a(Can_addr.o)
 .debug_abbrev  0x00001efb      0x167 .\CortexM0\ARM_GCC_541\Debug\Motor_Board_Rev3.a(Timer_1.o)
 .debug_abbrev  0x00002062      0x19a .\CortexM0\ARM_GCC_541\Debug\Motor_Board_Rev3.a(isr_period.o)
 .debug_abbrev  0x000021fc      0x1dc .\CortexM0\ARM_GCC_541\Debug\Motor_Board_Rev3.a(StripLights.o)
 .debug_abbrev  0x000023d8      0x113 .\CortexM0\ARM_GCC_541\Debug\Motor_Board_Rev3.a(StripLights_fonts.o)
 .debug_abbrev  0x000024eb      0x19a .\CortexM0\ARM_GCC_541\Debug\Motor_Board_Rev3.a(StripLights_cisr.o)
 .debug_abbrev  0x00002685      0x19a .\CortexM0\ARM_GCC_541\Debug\Motor_Board_Rev3.a(StripLights_fisr.o)
 .debug_abbrev  0x0000281f       0x14 .\CortexM0\ARM_GCC_541\Debug\Motor_Board_Rev3.a(CyBootAsmGnu.o)
 .debug_abbrev  0x00002833      0x182 .\CortexM0\ARM_GCC_541\Debug\Motor_Board_Rev3.a(CyFlash.o)
 .debug_abbrev  0x000029b5       0xc0 .\CortexM0\ARM_GCC_541\Debug\Motor_Board_Rev3.a(cyutils.o)
 .debug_abbrev  0x00002a75      0x14f .\CortexM0\ARM_GCC_541\Debug\Motor_Board_Rev3.a(UART_SPI_UART.o)

.debug_line     0x00000000     0x4594
 *(.debug_line)
 .debug_line    0x00000000      0x356 .\CortexM0\ARM_GCC_541\Debug\main.o
 .debug_line    0x00000356        0x0 .\CortexM0\ARM_GCC_541\Debug\Initialize_CAN_addr.o
 .debug_line    0x00000356      0x1a1 .\CortexM0\ARM_GCC_541\Debug\MotorDrive.o
 .debug_line    0x000004f7        0x0 .\CortexM0\ARM_GCC_541\Debug\PositionPID.o
 .debug_line    0x000004f7      0x1ca .\CortexM0\ARM_GCC_541\Debug\LED_Array.o
 .debug_line    0x000006c1      0x2f3 .\CortexM0\ARM_GCC_541\Debug\CANCommon.o
 .debug_line    0x000009b4       0x1d .\CortexM0\ARM_GCC_541\Debug\CANGPIO.o
 .debug_line    0x000009d1       0x1d .\CortexM0\ARM_GCC_541\Debug\CANLocalization.o
 .debug_line    0x000009ee      0x2d7 .\CortexM0\ARM_GCC_541\Debug\CANMotorUnit.o
 .debug_line    0x00000cc5      0x2c9 .\CortexM0\ARM_GCC_541\Debug\CANPacket.o
 .debug_line    0x00000f8e      0x19d .\CortexM0\ARM_GCC_541\Debug\CANPower.o
 .debug_line    0x0000112b      0x2c6 .\CortexM0\ARM_GCC_541\Debug\PortPSOC_CY8C4248AZI_L485.o
 .debug_line    0x000013f1      0x1ba .\CortexM0\ARM_GCC_541\Debug\cyfitter_cfg.o
 .debug_line    0x000015ab      0x141 .\CortexM0\ARM_GCC_541\Debug\cymetadata.o
 .debug_line    0x000016ec      0x236 .\CortexM0\ARM_GCC_541\Debug\Cm0Start.o
 .debug_line    0x00001922      0x8cb .\CortexM0\ARM_GCC_541\Debug\Motor_Board_Rev3.a(CyLib.o)
 .debug_line    0x000021ed      0x5d1 .\CortexM0\ARM_GCC_541\Debug\Motor_Board_Rev3.a(CyLFClk.o)
 .debug_line    0x000027be      0x382 .\CortexM0\ARM_GCC_541\Debug\Motor_Board_Rev3.a(PWM_Motor.o)
 .debug_line    0x00002b40       0xc5 .\CortexM0\ARM_GCC_541\Debug\Motor_Board_Rev3.a(Pin_Direction.o)
 .debug_line    0x00002c05      0x157 .\CortexM0\ARM_GCC_541\Debug\Motor_Board_Rev3.a(isr_Limit_1.o)
 .debug_line    0x00002d5c      0x123 .\CortexM0\ARM_GCC_541\Debug\Motor_Board_Rev3.a(QuadDec.o)
 .debug_line    0x00002e7f      0x196 .\CortexM0\ARM_GCC_541\Debug\Motor_Board_Rev3.a(QuadDec_Cnt16.o)
 .debug_line    0x00003015      0x3e7 .\CortexM0\ARM_GCC_541\Debug\Motor_Board_Rev3.a(CAN.o)
 .debug_line    0x000033fc       0x53 .\CortexM0\ARM_GCC_541\Debug\Motor_Board_Rev3.a(CAN_INT.o)
 .debug_line    0x0000344f       0xfc .\CortexM0\ARM_GCC_541\Debug\Motor_Board_Rev3.a(CAN_TX_RX_func.o)
 .debug_line    0x0000354b      0x108 .\CortexM0\ARM_GCC_541\Debug\Motor_Board_Rev3.a(UART.o)
 .debug_line    0x00003653      0x1cf .\CortexM0\ARM_GCC_541\Debug\Motor_Board_Rev3.a(UART_UART.o)
 .debug_line    0x00003822       0xb7 .\CortexM0\ARM_GCC_541\Debug\Motor_Board_Rev3.a(Can_addr.o)
 .debug_line    0x000038d9      0x17b .\CortexM0\ARM_GCC_541\Debug\Motor_Board_Rev3.a(Timer_1.o)
 .debug_line    0x00003a54      0x156 .\CortexM0\ARM_GCC_541\Debug\Motor_Board_Rev3.a(isr_period.o)
 .debug_line    0x00003baa      0x2d8 .\CortexM0\ARM_GCC_541\Debug\Motor_Board_Rev3.a(StripLights.o)
 .debug_line    0x00003e82       0xf5 .\CortexM0\ARM_GCC_541\Debug\Motor_Board_Rev3.a(StripLights_fonts.o)
 .debug_line    0x00003f77      0x158 .\CortexM0\ARM_GCC_541\Debug\Motor_Board_Rev3.a(StripLights_cisr.o)
 .debug_line    0x000040cf      0x15c .\CortexM0\ARM_GCC_541\Debug\Motor_Board_Rev3.a(StripLights_fisr.o)
 .debug_line    0x0000422b       0x68 .\CortexM0\ARM_GCC_541\Debug\Motor_Board_Rev3.a(CyBootAsmGnu.o)
 .debug_line    0x00004293      0x173 .\CortexM0\ARM_GCC_541\Debug\Motor_Board_Rev3.a(CyFlash.o)
 .debug_line    0x00004406       0x74 .\CortexM0\ARM_GCC_541\Debug\Motor_Board_Rev3.a(cyutils.o)
 .debug_line    0x0000447a      0x11a .\CortexM0\ARM_GCC_541\Debug\Motor_Board_Rev3.a(UART_SPI_UART.o)

.debug_frame    0x00000000     0x30cc
 *(.debug_frame)
 .debug_frame   0x00000000       0xa4 .\CortexM0\ARM_GCC_541\Debug\main.o
 .debug_frame   0x000000a4       0x2c .\CortexM0\ARM_GCC_541\Debug\MotorDrive.o
 .debug_frame   0x000000d0       0x90 .\CortexM0\ARM_GCC_541\Debug\LED_Array.o
 .debug_frame   0x00000160      0x27c .\CortexM0\ARM_GCC_541\Debug\CANCommon.o
 .debug_frame   0x000003dc      0x254 .\CortexM0\ARM_GCC_541\Debug\CANMotorUnit.o
 .debug_frame   0x00000630      0x198 .\CortexM0\ARM_GCC_541\Debug\CANPacket.o
 .debug_frame   0x000007c8       0x8c .\CortexM0\ARM_GCC_541\Debug\CANPower.o
 .debug_frame   0x00000854       0xb0 .\CortexM0\ARM_GCC_541\Debug\PortPSOC_CY8C4248AZI_L485.o
 .debug_frame   0x00000904       0xb8 .\CortexM0\ARM_GCC_541\Debug\cyfitter_cfg.o
 .debug_frame   0x000009bc       0xbc .\CortexM0\ARM_GCC_541\Debug\Cm0Start.o
 .debug_frame   0x00000a78      0x6f4 .\CortexM0\ARM_GCC_541\Debug\Motor_Board_Rev3.a(CyLib.o)
 .debug_frame   0x0000116c      0x4a4 .\CortexM0\ARM_GCC_541\Debug\Motor_Board_Rev3.a(CyLFClk.o)
 .debug_frame   0x00001610      0x3a0 .\CortexM0\ARM_GCC_541\Debug\Motor_Board_Rev3.a(PWM_Motor.o)
 .debug_frame   0x000019b0       0x70 .\CortexM0\ARM_GCC_541\Debug\Motor_Board_Rev3.a(Pin_Direction.o)
 .debug_frame   0x00001a20      0x110 .\CortexM0\ARM_GCC_541\Debug\Motor_Board_Rev3.a(isr_Limit_1.o)
 .debug_frame   0x00001b30       0xdc .\CortexM0\ARM_GCC_541\Debug\Motor_Board_Rev3.a(QuadDec.o)
 .debug_frame   0x00001c0c      0x134 .\CortexM0\ARM_GCC_541\Debug\Motor_Board_Rev3.a(QuadDec_Cnt16.o)
 .debug_frame   0x00001d40      0x238 .\CortexM0\ARM_GCC_541\Debug\Motor_Board_Rev3.a(CAN.o)
 .debug_frame   0x00001f78       0x20 .\CortexM0\ARM_GCC_541\Debug\Motor_Board_Rev3.a(CAN_INT.o)
 .debug_frame   0x00001f98       0x60 .\CortexM0\ARM_GCC_541\Debug\Motor_Board_Rev3.a(CAN_TX_RX_func.o)
 .debug_frame   0x00001ff8       0xd8 .\CortexM0\ARM_GCC_541\Debug\Motor_Board_Rev3.a(UART.o)
 .debug_frame   0x000020d0      0x144 .\CortexM0\ARM_GCC_541\Debug\Motor_Board_Rev3.a(UART_UART.o)
 .debug_frame   0x00002214       0x78 .\CortexM0\ARM_GCC_541\Debug\Motor_Board_Rev3.a(Can_addr.o)
 .debug_frame   0x0000228c      0x160 .\CortexM0\ARM_GCC_541\Debug\Motor_Board_Rev3.a(Timer_1.o)
 .debug_frame   0x000023ec      0x110 .\CortexM0\ARM_GCC_541\Debug\Motor_Board_Rev3.a(isr_period.o)
 .debug_frame   0x000024fc      0x1d0 .\CortexM0\ARM_GCC_541\Debug\Motor_Board_Rev3.a(StripLights.o)
 .debug_frame   0x000026cc       0x84 .\CortexM0\ARM_GCC_541\Debug\Motor_Board_Rev3.a(StripLights_fonts.o)
 .debug_frame   0x00002750      0x110 .\CortexM0\ARM_GCC_541\Debug\Motor_Board_Rev3.a(StripLights_cisr.o)
 .debug_frame   0x00002860      0x110 .\CortexM0\ARM_GCC_541\Debug\Motor_Board_Rev3.a(StripLights_fisr.o)
 .debug_frame   0x00002970       0x90 .\CortexM0\ARM_GCC_541\Debug\Motor_Board_Rev3.a(CyFlash.o)
 .debug_frame   0x00002a00       0x30 .\CortexM0\ARM_GCC_541\Debug\Motor_Board_Rev3.a(cyutils.o)
 .debug_frame   0x00002a30       0xb0 .\CortexM0\ARM_GCC_541\Debug\Motor_Board_Rev3.a(UART_SPI_UART.o)
 .debug_frame   0x00002ae0       0x20 c:/program files (x86)/cypress/psoc creator/4.3/psoc creator/import/gnu/arm/5.4.1/bin/../lib/gcc/arm-none-eabi/5.4.1/armv6-m\libgcc.a(_udivsi3.o)
 .debug_frame   0x00002b00       0x20 c:/program files (x86)/cypress/psoc creator/4.3/psoc creator/import/gnu/arm/5.4.1/bin/../lib/gcc/arm-none-eabi/5.4.1/armv6-m\libgcc.a(_divsi3.o)
 .debug_frame   0x00002b20       0x2c c:/program files (x86)/cypress/psoc creator/4.3/psoc creator/import/gnu/arm/5.4.1/bin/../lib/gcc/arm-none-eabi/5.4.1/armv6-m\libgcc.a(_fixunsdfsi.o)
 .debug_frame   0x00002b4c       0x3c c:/program files (x86)/cypress/psoc creator/4.3/psoc creator/import/gnu/arm/5.4.1/bin/../lib/gcc/arm-none-eabi/5.4.1/armv6-m\libgcc.a(adddf3.o)
 .debug_frame   0x00002b88       0x3c c:/program files (x86)/cypress/psoc creator/4.3/psoc creator/import/gnu/arm/5.4.1/bin/../lib/gcc/arm-none-eabi/5.4.1/armv6-m\libgcc.a(divdf3.o)
 .debug_frame   0x00002bc4       0x3c c:/program files (x86)/cypress/psoc creator/4.3/psoc creator/import/gnu/arm/5.4.1/bin/../lib/gcc/arm-none-eabi/5.4.1/armv6-m\libgcc.a(muldf3.o)
 .debug_frame   0x00002c00       0x38 c:/program files (x86)/cypress/psoc creator/4.3/psoc creator/import/gnu/arm/5.4.1/bin/../lib/gcc/arm-none-eabi/5.4.1/armv6-m\libgcc.a(subdf3.o)
 .debug_frame   0x00002c38       0x2c c:/program files (x86)/cypress/psoc creator/4.3/psoc creator/import/gnu/arm/5.4.1/bin/../lib/gcc/arm-none-eabi/5.4.1/armv6-m\libgcc.a(fixdfsi.o)
 .debug_frame   0x00002c64       0x2c c:/program files (x86)/cypress/psoc creator/4.3/psoc creator/import/gnu/arm/5.4.1/bin/../lib/gcc/arm-none-eabi/5.4.1/armv6-m\libgcc.a(floatsidf.o)
 .debug_frame   0x00002c90       0x2c c:/program files (x86)/cypress/psoc creator/4.3/psoc creator/import/gnu/arm/5.4.1/bin/../lib/gcc/arm-none-eabi/5.4.1/armv6-m\libgcc.a(floatunsidf.o)
 .debug_frame   0x00002cbc       0x38 c:/program files (x86)/cypress/psoc creator/4.3/psoc creator/import/gnu/arm/5.4.1/bin/../lib/gcc/arm-none-eabi/5.4.1/armv6-m\libgcc.a(eqdf2.o)
 .debug_frame   0x00002cf4       0x38 c:/program files (x86)/cypress/psoc creator/4.3/psoc creator/import/gnu/arm/5.4.1/bin/../lib/gcc/arm-none-eabi/5.4.1/armv6-m\libgcc.a(gedf2.o)
 .debug_frame   0x00002d2c       0x38 c:/program files (x86)/cypress/psoc creator/4.3/psoc creator/import/gnu/arm/5.4.1/bin/../lib/gcc/arm-none-eabi/5.4.1/armv6-m\libgcc.a(ledf2.o)
 .debug_frame   0x00002d64       0x20 c:/program files (x86)/cypress/psoc creator/4.3/psoc creator/import/gnu/arm/5.4.1/bin/../lib/gcc/arm-none-eabi/5.4.1/../../../../arm-none-eabi/lib/armv6-m\libg_nano.a(lib_a-errno.o)
 .debug_frame   0x00002d84       0x28 c:/program files (x86)/cypress/psoc creator/4.3/psoc creator/import/gnu/arm/5.4.1/bin/../lib/gcc/arm-none-eabi/5.4.1/../../../../arm-none-eabi/lib/armv6-m\libg_nano.a(lib_a-exit.o)
 .debug_frame   0x00002dac       0x2c c:/program files (x86)/cypress/psoc creator/4.3/psoc creator/import/gnu/arm/5.4.1/bin/../lib/gcc/arm-none-eabi/5.4.1/../../../../arm-none-eabi/lib/armv6-m\libg_nano.a(lib_a-init.o)
 .debug_frame   0x00002dd8       0x28 c:/program files (x86)/cypress/psoc creator/4.3/psoc creator/import/gnu/arm/5.4.1/bin/../lib/gcc/arm-none-eabi/5.4.1/../../../../arm-none-eabi/lib/armv6-m\libg_nano.a(lib_a-memcpy-stub.o)
 .debug_frame   0x00002e00       0x20 c:/program files (x86)/cypress/psoc creator/4.3/psoc creator/import/gnu/arm/5.4.1/bin/../lib/gcc/arm-none-eabi/5.4.1/../../../../arm-none-eabi/lib/armv6-m\libg_nano.a(lib_a-memset.o)
 .debug_frame   0x00002e20       0x50 c:/program files (x86)/cypress/psoc creator/4.3/psoc creator/import/gnu/arm/5.4.1/bin/../lib/gcc/arm-none-eabi/5.4.1/../../../../arm-none-eabi/lib/armv6-m\libg_nano.a(lib_a-sprintf.o)
 .debug_frame   0x00002e70       0x74 c:/program files (x86)/cypress/psoc creator/4.3/psoc creator/import/gnu/arm/5.4.1/bin/../lib/gcc/arm-none-eabi/5.4.1/../../../../arm-none-eabi/lib/armv6-m\libg_nano.a(lib_a-nano-svfprintf.o)
 .debug_frame   0x00002ee4       0x54 c:/program files (x86)/cypress/psoc creator/4.3/psoc creator/import/gnu/arm/5.4.1/bin/../lib/gcc/arm-none-eabi/5.4.1/../../../../arm-none-eabi/lib/armv6-m\libg_nano.a(lib_a-nano-vfprintf_i.o)
 .debug_frame   0x00002f38       0x20 c:/program files (x86)/cypress/psoc creator/4.3/psoc creator/import/gnu/arm/5.4.1/bin/../lib/gcc/arm-none-eabi/5.4.1/../../../../arm-none-eabi/lib/armv6-m\libg_nano.a(lib_a-memchr-stub.o)
 .debug_frame   0x00002f58       0x28 c:/program files (x86)/cypress/psoc creator/4.3/psoc creator/import/gnu/arm/5.4.1/bin/../lib/gcc/arm-none-eabi/5.4.1/../../../../arm-none-eabi/lib/armv6-m\libg_nano.a(lib_a-memmove.o)
 .debug_frame   0x00002f80       0x2c c:/program files (x86)/cypress/psoc creator/4.3/psoc creator/import/gnu/arm/5.4.1/bin/../lib/gcc/arm-none-eabi/5.4.1/../../../../arm-none-eabi/lib/armv6-m\libg_nano.a(lib_a-nano-freer.o)
 .debug_frame   0x00002fac       0x2c c:/program files (x86)/cypress/psoc creator/4.3/psoc creator/import/gnu/arm/5.4.1/bin/../lib/gcc/arm-none-eabi/5.4.1/../../../../arm-none-eabi/lib/armv6-m\libg_nano.a(lib_a-nano-mallocr.o)
 .debug_frame   0x00002fd8       0x30 c:/program files (x86)/cypress/psoc creator/4.3/psoc creator/import/gnu/arm/5.4.1/bin/../lib/gcc/arm-none-eabi/5.4.1/../../../../arm-none-eabi/lib/armv6-m\libg_nano.a(lib_a-nano-reallocr.o)
 .debug_frame   0x00003008       0x2c c:/program files (x86)/cypress/psoc creator/4.3/psoc creator/import/gnu/arm/5.4.1/bin/../lib/gcc/arm-none-eabi/5.4.1/../../../../arm-none-eabi/lib/armv6-m\libg_nano.a(lib_a-sbrkr.o)
 .debug_frame   0x00003034       0x30 c:/program files (x86)/cypress/psoc creator/4.3/psoc creator/import/gnu/arm/5.4.1/bin/../lib/gcc/arm-none-eabi/5.4.1/../../../../arm-none-eabi/lib/armv6-m\libg_nano.a(lib_a-mlock.o)
 .debug_frame   0x00003064       0x20 c:/program files (x86)/cypress/psoc creator/4.3/psoc creator/import/gnu/arm/5.4.1/bin/../lib/gcc/arm-none-eabi/5.4.1/../../../../arm-none-eabi/lib/armv6-m\libg_nano.a(lib_a-nano-msizer.o)
 .debug_frame   0x00003084       0x48 c:/program files (x86)/cypress/psoc creator/4.3/psoc creator/import/gnu/arm/5.4.1/bin/../lib/gcc/arm-none-eabi/5.4.1/../../../../arm-none-eabi/lib/armv6-m\libg_nano.a(lib_a-reent.o)

.debug_str      0x00000000     0x3c72
 *(.debug_str)
 .debug_str     0x00000000      0x3d8 .\CortexM0\ARM_GCC_541\Debug\main.o
                                0x438 (size before relaxing)
 .debug_str     0x000003d8       0x16 .\CortexM0\ARM_GCC_541\Debug\Initialize_CAN_addr.o
                                0x122 (size before relaxing)
 .debug_str     0x000003ee       0x56 .\CortexM0\ARM_GCC_541\Debug\MotorDrive.o
                                0x238 (size before relaxing)
 .debug_str     0x00000444       0x79 .\CortexM0\ARM_GCC_541\Debug\PositionPID.o
                                0x107 (size before relaxing)
 .debug_str     0x000004bd       0xf3 .\CortexM0\ARM_GCC_541\Debug\LED_Array.o
                                0x318 (size before relaxing)
 .debug_str     0x000005b0      0x3ee .\CortexM0\ARM_GCC_541\Debug\CANCommon.o
                                0x5cc (size before relaxing)
 .debug_str     0x0000099e       0x14 .\CortexM0\ARM_GCC_541\Debug\CANGPIO.o
                                0x19a (size before relaxing)
 .debug_str     0x000009b2       0x1c .\CortexM0\ARM_GCC_541\Debug\CANLocalization.o
                                0x1a2 (size before relaxing)
 .debug_str     0x000009ce      0x23b .\CortexM0\ARM_GCC_541\Debug\CANMotorUnit.o
                                0x4d6 (size before relaxing)
 .debug_str     0x00000c09      0x1a4 .\CortexM0\ARM_GCC_541\Debug\CANPacket.o
                                0x435 (size before relaxing)
 .debug_str     0x00000dad       0xc2 .\CortexM0\ARM_GCC_541\Debug\CANPower.o
                                0x33a (size before relaxing)
 .debug_str     0x00000e6f      0x18d .\CortexM0\ARM_GCC_541\Debug\PortPSOC_CY8C4248AZI_L485.o
                                0x469 (size before relaxing)
 .debug_str     0x00000ffc      0x13e .\CortexM0\ARM_GCC_541\Debug\cyfitter_cfg.o
                                0x33f (size before relaxing)
 .debug_str     0x0000113a       0x59 .\CortexM0\ARM_GCC_541\Debug\cymetadata.o
                                0x204 (size before relaxing)
 .debug_str     0x00001193      0x134 .\CortexM0\ARM_GCC_541\Debug\Cm0Start.o
                                0x33d (size before relaxing)
 .debug_str     0x000012c7      0x914 .\CortexM0\ARM_GCC_541\Debug\Motor_Board_Rev3.a(CyLib.o)
                                0xb7a (size before relaxing)
 .debug_str     0x00001bdb      0x6d9 .\CortexM0\ARM_GCC_541\Debug\Motor_Board_Rev3.a(CyLFClk.o)
                                0x959 (size before relaxing)
 .debug_str     0x000022b4      0x46f .\CortexM0\ARM_GCC_541\Debug\Motor_Board_Rev3.a(PWM_Motor.o)
                                0x695 (size before relaxing)
 .debug_str     0x00002723       0xcf .\CortexM0\ARM_GCC_541\Debug\Motor_Board_Rev3.a(Pin_Direction.o)
                                0x2aa (size before relaxing)
 .debug_str     0x000027f2      0x135 .\CortexM0\ARM_GCC_541\Debug\Motor_Board_Rev3.a(isr_Limit_1.o)
                                0x37a (size before relaxing)
 .debug_str     0x00002927      0x114 .\CortexM0\ARM_GCC_541\Debug\Motor_Board_Rev3.a(QuadDec.o)
                                0x359 (size before relaxing)
 .debug_str     0x00002a3b      0x1c5 .\CortexM0\ARM_GCC_541\Debug\Motor_Board_Rev3.a(QuadDec_Cnt16.o)
                                0x42c (size before relaxing)
 .debug_str     0x00002c00      0x257 .\CortexM0\ARM_GCC_541\Debug\Motor_Board_Rev3.a(CAN.o)
                                0x572 (size before relaxing)
 .debug_str     0x00002e57       0x29 .\CortexM0\ARM_GCC_541\Debug\Motor_Board_Rev3.a(CAN_INT.o)
                                0x1e0 (size before relaxing)
 .debug_str     0x00002e80       0x63 .\CortexM0\ARM_GCC_541\Debug\Motor_Board_Rev3.a(CAN_TX_RX_func.o)
                                0x305 (size before relaxing)
 .debug_str     0x00002ee3       0xf7 .\CortexM0\ARM_GCC_541\Debug\Motor_Board_Rev3.a(UART.o)
                                0x2d3 (size before relaxing)
 .debug_str     0x00002fda      0x1d2 .\CortexM0\ARM_GCC_541\Debug\Motor_Board_Rev3.a(UART_UART.o)
                                0x404 (size before relaxing)
 .debug_str     0x000031ac       0x7a .\CortexM0\ARM_GCC_541\Debug\Motor_Board_Rev3.a(Can_addr.o)
                                0x28b (size before relaxing)
 .debug_str     0x00003226      0x175 .\CortexM0\ARM_GCC_541\Debug\Motor_Board_Rev3.a(Timer_1.o)
                                0x3b1 (size before relaxing)
 .debug_str     0x0000339b      0x119 .\CortexM0\ARM_GCC_541\Debug\Motor_Board_Rev3.a(isr_period.o)
                                0x36c (size before relaxing)
 .debug_str     0x000034b4      0x24d .\CortexM0\ARM_GCC_541\Debug\Motor_Board_Rev3.a(StripLights.o)
                                0x4a2 (size before relaxing)
 .debug_str     0x00003701       0xee .\CortexM0\ARM_GCC_541\Debug\Motor_Board_Rev3.a(StripLights_fonts.o)
                                0x30d (size before relaxing)
 .debug_str     0x000037ef      0x167 .\CortexM0\ARM_GCC_541\Debug\Motor_Board_Rev3.a(StripLights_cisr.o)
                                0x3c0 (size before relaxing)
 .debug_str     0x00003956      0x167 .\CortexM0\ARM_GCC_541\Debug\Motor_Board_Rev3.a(StripLights_fisr.o)
                                0x3c0 (size before relaxing)
 .debug_str     0x00003abd       0xab .\CortexM0\ARM_GCC_541\Debug\Motor_Board_Rev3.a(CyFlash.o)
                                0x2ec (size before relaxing)
 .debug_str     0x00003b68       0x2e .\CortexM0\ARM_GCC_541\Debug\Motor_Board_Rev3.a(cyutils.o)
                                0x1f9 (size before relaxing)
 .debug_str     0x00003b96       0xdc .\CortexM0\ARM_GCC_541\Debug\Motor_Board_Rev3.a(UART_SPI_UART.o)
                                0x30a (size before relaxing)

.debug_loc      0x00000000     0x6ad6
 *(.debug_loc)
 .debug_loc     0x00000000       0x1f .\CortexM0\ARM_GCC_541\Debug\main.o
 .debug_loc     0x0000001f       0xd2 .\CortexM0\ARM_GCC_541\Debug\MotorDrive.o
 .debug_loc     0x000000f1      0x33e .\CortexM0\ARM_GCC_541\Debug\LED_Array.o
 .debug_loc     0x0000042f      0x8ff .\CortexM0\ARM_GCC_541\Debug\CANCommon.o
 .debug_loc     0x00000d2e      0x8d6 .\CortexM0\ARM_GCC_541\Debug\CANMotorUnit.o
 .debug_loc     0x00001604      0x575 .\CortexM0\ARM_GCC_541\Debug\CANPacket.o
 .debug_loc     0x00001b79      0x1bb .\CortexM0\ARM_GCC_541\Debug\CANPower.o
 .debug_loc     0x00001d34      0x182 .\CortexM0\ARM_GCC_541\Debug\PortPSOC_CY8C4248AZI_L485.o
 .debug_loc     0x00001eb6      0x136 .\CortexM0\ARM_GCC_541\Debug\cyfitter_cfg.o
 .debug_loc     0x00001fec      0x14f .\CortexM0\ARM_GCC_541\Debug\Cm0Start.o
 .debug_loc     0x0000213b     0x182f .\CortexM0\ARM_GCC_541\Debug\Motor_Board_Rev3.a(CyLib.o)
 .debug_loc     0x0000396a      0xdb7 .\CortexM0\ARM_GCC_541\Debug\Motor_Board_Rev3.a(CyLFClk.o)
 .debug_loc     0x00004721      0x547 .\CortexM0\ARM_GCC_541\Debug\Motor_Board_Rev3.a(PWM_Motor.o)
 .debug_loc     0x00004c68       0xa2 .\CortexM0\ARM_GCC_541\Debug\Motor_Board_Rev3.a(Pin_Direction.o)
 .debug_loc     0x00004d0a       0x82 .\CortexM0\ARM_GCC_541\Debug\Motor_Board_Rev3.a(isr_Limit_1.o)
 .debug_loc     0x00004d8c       0xa0 .\CortexM0\ARM_GCC_541\Debug\Motor_Board_Rev3.a(QuadDec.o)
 .debug_loc     0x00004e2c       0x3d .\CortexM0\ARM_GCC_541\Debug\Motor_Board_Rev3.a(QuadDec_Cnt16.o)
 .debug_loc     0x00004e69      0xa5e .\CortexM0\ARM_GCC_541\Debug\Motor_Board_Rev3.a(CAN.o)
 .debug_loc     0x000058c7      0x17f .\CortexM0\ARM_GCC_541\Debug\Motor_Board_Rev3.a(CAN_TX_RX_func.o)
 .debug_loc     0x00005a46       0x7e .\CortexM0\ARM_GCC_541\Debug\Motor_Board_Rev3.a(UART.o)
 .debug_loc     0x00005ac4      0x223 .\CortexM0\ARM_GCC_541\Debug\Motor_Board_Rev3.a(UART_UART.o)
 .debug_loc     0x00005ce7       0x44 .\CortexM0\ARM_GCC_541\Debug\Motor_Board_Rev3.a(Can_addr.o)
 .debug_loc     0x00005d2b       0x6b .\CortexM0\ARM_GCC_541\Debug\Motor_Board_Rev3.a(Timer_1.o)
 .debug_loc     0x00005d96       0x82 .\CortexM0\ARM_GCC_541\Debug\Motor_Board_Rev3.a(isr_period.o)
 .debug_loc     0x00005e18      0x6e1 .\CortexM0\ARM_GCC_541\Debug\Motor_Board_Rev3.a(StripLights.o)
 .debug_loc     0x000064f9      0x252 .\CortexM0\ARM_GCC_541\Debug\Motor_Board_Rev3.a(StripLights_fonts.o)
 .debug_loc     0x0000674b       0x82 .\CortexM0\ARM_GCC_541\Debug\Motor_Board_Rev3.a(StripLights_cisr.o)
 .debug_loc     0x000067cd       0x82 .\CortexM0\ARM_GCC_541\Debug\Motor_Board_Rev3.a(StripLights_fisr.o)
 .debug_loc     0x0000684f      0x160 .\CortexM0\ARM_GCC_541\Debug\Motor_Board_Rev3.a(CyFlash.o)
 .debug_loc     0x000069af       0x91 .\CortexM0\ARM_GCC_541\Debug\Motor_Board_Rev3.a(cyutils.o)
 .debug_loc     0x00006a40       0x96 .\CortexM0\ARM_GCC_541\Debug\Motor_Board_Rev3.a(UART_SPI_UART.o)

.debug_macinfo
 *(.debug_macinfo)

.debug_ranges   0x00000000      0xf28
 *(.debug_ranges)
 .debug_ranges  0x00000000       0x30 .\CortexM0\ARM_GCC_541\Debug\main.o
 .debug_ranges  0x00000030       0x10 .\CortexM0\ARM_GCC_541\Debug\MotorDrive.o
 .debug_ranges  0x00000040       0x40 .\CortexM0\ARM_GCC_541\Debug\LED_Array.o
 .debug_ranges  0x00000080       0xb0 .\CortexM0\ARM_GCC_541\Debug\CANCommon.o
 .debug_ranges  0x00000130       0xb0 .\CortexM0\ARM_GCC_541\Debug\CANMotorUnit.o
 .debug_ranges  0x000001e0       0xc0 .\CortexM0\ARM_GCC_541\Debug\CANPacket.o
 .debug_ranges  0x000002a0       0x30 .\CortexM0\ARM_GCC_541\Debug\CANPower.o
 .debug_ranges  0x000002d0       0x40 .\CortexM0\ARM_GCC_541\Debug\PortPSOC_CY8C4248AZI_L485.o
 .debug_ranges  0x00000310       0x38 .\CortexM0\ARM_GCC_541\Debug\cyfitter_cfg.o
 .debug_ranges  0x00000348       0x38 .\CortexM0\ARM_GCC_541\Debug\Cm0Start.o
 .debug_ranges  0x00000380      0x250 .\CortexM0\ARM_GCC_541\Debug\Motor_Board_Rev3.a(CyLib.o)
 .debug_ranges  0x000005d0      0x178 .\CortexM0\ARM_GCC_541\Debug\Motor_Board_Rev3.a(CyLFClk.o)
 .debug_ranges  0x00000748      0x148 .\CortexM0\ARM_GCC_541\Debug\Motor_Board_Rev3.a(PWM_Motor.o)
 .debug_ranges  0x00000890       0x38 .\CortexM0\ARM_GCC_541\Debug\Motor_Board_Rev3.a(Pin_Direction.o)
 .debug_ranges  0x000008c8       0x70 .\CortexM0\ARM_GCC_541\Debug\Motor_Board_Rev3.a(isr_Limit_1.o)
 .debug_ranges  0x00000938       0x50 .\CortexM0\ARM_GCC_541\Debug\Motor_Board_Rev3.a(QuadDec.o)
 .debug_ranges  0x00000988       0x88 .\CortexM0\ARM_GCC_541\Debug\Motor_Board_Rev3.a(QuadDec_Cnt16.o)
 .debug_ranges  0x00000a10       0xd8 .\CortexM0\ARM_GCC_541\Debug\Motor_Board_Rev3.a(CAN.o)
 .debug_ranges  0x00000ae8       0x10 .\CortexM0\ARM_GCC_541\Debug\Motor_Board_Rev3.a(CAN_INT.o)
 .debug_ranges  0x00000af8       0x20 .\CortexM0\ARM_GCC_541\Debug\Motor_Board_Rev3.a(CAN_TX_RX_func.o)
 .debug_ranges  0x00000b18       0x48 .\CortexM0\ARM_GCC_541\Debug\Motor_Board_Rev3.a(UART.o)
 .debug_ranges  0x00000b60       0x80 .\CortexM0\ARM_GCC_541\Debug\Motor_Board_Rev3.a(UART_UART.o)
 .debug_ranges  0x00000be0       0x30 .\CortexM0\ARM_GCC_541\Debug\Motor_Board_Rev3.a(Can_addr.o)
 .debug_ranges  0x00000c10       0x80 .\CortexM0\ARM_GCC_541\Debug\Motor_Board_Rev3.a(Timer_1.o)
 .debug_ranges  0x00000c90       0x70 .\CortexM0\ARM_GCC_541\Debug\Motor_Board_Rev3.a(isr_period.o)
 .debug_ranges  0x00000d00       0x90 .\CortexM0\ARM_GCC_541\Debug\Motor_Board_Rev3.a(StripLights.o)
 .debug_ranges  0x00000d90       0x20 .\CortexM0\ARM_GCC_541\Debug\Motor_Board_Rev3.a(StripLights_fonts.o)
 .debug_ranges  0x00000db0       0x70 .\CortexM0\ARM_GCC_541\Debug\Motor_Board_Rev3.a(StripLights_cisr.o)
 .debug_ranges  0x00000e20       0x70 .\CortexM0\ARM_GCC_541\Debug\Motor_Board_Rev3.a(StripLights_fisr.o)
 .debug_ranges  0x00000e90       0x30 .\CortexM0\ARM_GCC_541\Debug\Motor_Board_Rev3.a(CyFlash.o)
 .debug_ranges  0x00000ec0       0x18 .\CortexM0\ARM_GCC_541\Debug\Motor_Board_Rev3.a(cyutils.o)
 .debug_ranges  0x00000ed8       0x50 .\CortexM0\ARM_GCC_541\Debug\Motor_Board_Rev3.a(UART_SPI_UART.o)

.comment        0x00000000       0x6e
 .comment       0x00000000       0x6e .\CortexM0\ARM_GCC_541\Debug\main.o
                                 0x6f (size before relaxing)
 .comment       0x0000006e       0x6f .\CortexM0\ARM_GCC_541\Debug\Initialize_CAN_addr.o
 .comment       0x0000006e       0x6f .\CortexM0\ARM_GCC_541\Debug\MotorDrive.o
 .comment       0x0000006e       0x6f .\CortexM0\ARM_GCC_541\Debug\PositionPID.o
 .comment       0x0000006e       0x6f .\CortexM0\ARM_GCC_541\Debug\LED_Array.o
 .comment       0x0000006e       0x6f .\CortexM0\ARM_GCC_541\Debug\CANCommon.o
 .comment       0x0000006e       0x6f .\CortexM0\ARM_GCC_541\Debug\CANGPIO.o
 .comment       0x0000006e       0x6f .\CortexM0\ARM_GCC_541\Debug\CANLocalization.o
 .comment       0x0000006e       0x6f .\CortexM0\ARM_GCC_541\Debug\CANMotorUnit.o
 .comment       0x0000006e       0x6f .\CortexM0\ARM_GCC_541\Debug\CANPacket.o
 .comment       0x0000006e       0x6f .\CortexM0\ARM_GCC_541\Debug\CANPower.o
 .comment       0x0000006e       0x6f .\CortexM0\ARM_GCC_541\Debug\PortPSOC_CY8C4248AZI_L485.o
 .comment       0x0000006e       0x6f .\CortexM0\ARM_GCC_541\Debug\cyfitter_cfg.o
 .comment       0x0000006e       0x6f .\CortexM0\ARM_GCC_541\Debug\cymetadata.o
 .comment       0x0000006e       0x6f .\CortexM0\ARM_GCC_541\Debug\Cm0Start.o
 .comment       0x0000006e       0x6f .\CortexM0\ARM_GCC_541\Debug\Motor_Board_Rev3.a(CyLib.o)
 .comment       0x0000006e       0x6f .\CortexM0\ARM_GCC_541\Debug\Motor_Board_Rev3.a(CyLFClk.o)
 .comment       0x0000006e       0x6f .\CortexM0\ARM_GCC_541\Debug\Motor_Board_Rev3.a(PWM_Motor.o)
 .comment       0x0000006e       0x6f .\CortexM0\ARM_GCC_541\Debug\Motor_Board_Rev3.a(Pin_Direction.o)
 .comment       0x0000006e       0x6f .\CortexM0\ARM_GCC_541\Debug\Motor_Board_Rev3.a(isr_Limit_1.o)
 .comment       0x0000006e       0x6f .\CortexM0\ARM_GCC_541\Debug\Motor_Board_Rev3.a(QuadDec.o)
 .comment       0x0000006e       0x6f .\CortexM0\ARM_GCC_541\Debug\Motor_Board_Rev3.a(QuadDec_Cnt16.o)
 .comment       0x0000006e       0x6f .\CortexM0\ARM_GCC_541\Debug\Motor_Board_Rev3.a(CAN.o)
 .comment       0x0000006e       0x6f .\CortexM0\ARM_GCC_541\Debug\Motor_Board_Rev3.a(CAN_INT.o)
 .comment       0x0000006e       0x6f .\CortexM0\ARM_GCC_541\Debug\Motor_Board_Rev3.a(CAN_TX_RX_func.o)
 .comment       0x0000006e       0x6f .\CortexM0\ARM_GCC_541\Debug\Motor_Board_Rev3.a(UART.o)
 .comment       0x0000006e       0x6f .\CortexM0\ARM_GCC_541\Debug\Motor_Board_Rev3.a(UART_UART.o)
 .comment       0x0000006e       0x6f .\CortexM0\ARM_GCC_541\Debug\Motor_Board_Rev3.a(Can_addr.o)
 .comment       0x0000006e       0x6f .\CortexM0\ARM_GCC_541\Debug\Motor_Board_Rev3.a(Timer_1.o)
 .comment       0x0000006e       0x6f .\CortexM0\ARM_GCC_541\Debug\Motor_Board_Rev3.a(isr_period.o)
 .comment       0x0000006e       0x6f .\CortexM0\ARM_GCC_541\Debug\Motor_Board_Rev3.a(StripLights.o)
 .comment       0x0000006e       0x6f .\CortexM0\ARM_GCC_541\Debug\Motor_Board_Rev3.a(StripLights_fonts.o)
 .comment       0x0000006e       0x6f .\CortexM0\ARM_GCC_541\Debug\Motor_Board_Rev3.a(StripLights_cisr.o)
 .comment       0x0000006e       0x6f .\CortexM0\ARM_GCC_541\Debug\Motor_Board_Rev3.a(StripLights_fisr.o)
 .comment       0x0000006e       0x6f .\CortexM0\ARM_GCC_541\Debug\Motor_Board_Rev3.a(CyFlash.o)
 .comment       0x0000006e       0x6f .\CortexM0\ARM_GCC_541\Debug\Motor_Board_Rev3.a(cyutils.o)
 .comment       0x0000006e       0x6f .\CortexM0\ARM_GCC_541\Debug\Motor_Board_Rev3.a(UART_SPI_UART.o)

.debug_weaknames
 *(.debug_weaknames)

.debug_funcnames
 *(.debug_funcnames)

.debug_typenames
 *(.debug_typenames)

.debug_varnames
 *(.debug_varnames)

.note.gnu.arm.ident
 *(.note.gnu.arm.ident)

.ARM.attributes
                0x00000000       0x28
 *(.ARM.attributes)
 .ARM.attributes
                0x00000000       0x1e c:/program files (x86)/cypress/psoc creator/4.3/psoc creator/import/gnu/arm/5.4.1/bin/../lib/gcc/arm-none-eabi/5.4.1/armv6-m/crti.o
 .ARM.attributes
                0x0000001e       0x2c c:/program files (x86)/cypress/psoc creator/4.3/psoc creator/import/gnu/arm/5.4.1/bin/../lib/gcc/arm-none-eabi/5.4.1/armv6-m/crtbegin.o
 .ARM.attributes
                0x0000004a       0x1b c:/program files (x86)/cypress/psoc creator/4.3/psoc creator/import/gnu/arm/5.4.1/bin/../lib/gcc/arm-none-eabi/5.4.1/../../../../arm-none-eabi/lib/armv6-m/crt0.o
 .ARM.attributes
                0x00000065       0x31 .\CortexM0\ARM_GCC_541\Debug\main.o
 .ARM.attributes
                0x00000096       0x31 .\CortexM0\ARM_GCC_541\Debug\Initialize_CAN_addr.o
 .ARM.attributes
                0x000000c7       0x31 .\CortexM0\ARM_GCC_541\Debug\MotorDrive.o
 .ARM.attributes
                0x000000f8       0x31 .\CortexM0\ARM_GCC_541\Debug\PositionPID.o
 .ARM.attributes
                0x00000129       0x31 .\CortexM0\ARM_GCC_541\Debug\LED_Array.o
 .ARM.attributes
                0x0000015a       0x31 .\CortexM0\ARM_GCC_541\Debug\CANCommon.o
 .ARM.attributes
                0x0000018b       0x31 .\CortexM0\ARM_GCC_541\Debug\CANGPIO.o
 .ARM.attributes
                0x000001bc       0x31 .\CortexM0\ARM_GCC_541\Debug\CANLocalization.o
 .ARM.attributes
                0x000001ed       0x31 .\CortexM0\ARM_GCC_541\Debug\CANMotorUnit.o
 .ARM.attributes
                0x0000021e       0x31 .\CortexM0\ARM_GCC_541\Debug\CANPacket.o
 .ARM.attributes
                0x0000024f       0x31 .\CortexM0\ARM_GCC_541\Debug\CANPower.o
 .ARM.attributes
                0x00000280       0x31 .\CortexM0\ARM_GCC_541\Debug\PortPSOC_CY8C4248AZI_L485.o
 .ARM.attributes
                0x000002b1       0x31 .\CortexM0\ARM_GCC_541\Debug\cyfitter_cfg.o
 .ARM.attributes
                0x000002e2       0x31 .\CortexM0\ARM_GCC_541\Debug\cymetadata.o
 .ARM.attributes
                0x00000313       0x31 .\CortexM0\ARM_GCC_541\Debug\Cm0Start.o
 .ARM.attributes
                0x00000344       0x31 .\CortexM0\ARM_GCC_541\Debug\Motor_Board_Rev3.a(CyLib.o)
 .ARM.attributes
                0x00000375       0x31 .\CortexM0\ARM_GCC_541\Debug\Motor_Board_Rev3.a(CyLFClk.o)
 .ARM.attributes
                0x000003a6       0x31 .\CortexM0\ARM_GCC_541\Debug\Motor_Board_Rev3.a(PWM_Motor.o)
 .ARM.attributes
                0x000003d7       0x31 .\CortexM0\ARM_GCC_541\Debug\Motor_Board_Rev3.a(Pin_Direction.o)
 .ARM.attributes
                0x00000408       0x31 .\CortexM0\ARM_GCC_541\Debug\Motor_Board_Rev3.a(isr_Limit_1.o)
 .ARM.attributes
                0x00000439       0x31 .\CortexM0\ARM_GCC_541\Debug\Motor_Board_Rev3.a(QuadDec.o)
 .ARM.attributes