Archive member included to satisfy reference by file (symbol)

.\CortexM0\ARM_GCC_541\Debug\Motor_Board_Rev3.a(CyLib.o)
                              .\CortexM0\ARM_GCC_541\Debug\cyfitter_cfg.o (CyIntEnable)
.\CortexM0\ARM_GCC_541\Debug\Motor_Board_Rev3.a(CyLFClk.o)
                              .\CortexM0\ARM_GCC_541\Debug\Motor_Board_Rev3.a(CyLib.o) (CySysClkWcoEnabled)
.\CortexM0\ARM_GCC_541\Debug\Motor_Board_Rev3.a(PWM_Motor.o)
                              .\CortexM0\ARM_GCC_541\Debug\MotorDrive.o (PWM_Motor_WriteCompare)
.\CortexM0\ARM_GCC_541\Debug\Motor_Board_Rev3.a(Pin_Direction.o)
                              .\CortexM0\ARM_GCC_541\Debug\MotorDrive.o (Pin_Direction_Write)
.\CortexM0\ARM_GCC_541\Debug\Motor_Board_Rev3.a(isr_Limit_1.o)
                              .\CortexM0\ARM_GCC_541\Debug\main.o (isr_Limit_1_StartEx)
.\CortexM0\ARM_GCC_541\Debug\Motor_Board_Rev3.a(QuadDec.o)
                              .\CortexM0\ARM_GCC_541\Debug\main.o (QuadDec_SetCounter)
.\CortexM0\ARM_GCC_541\Debug\Motor_Board_Rev3.a(QuadDec_Cnt16.o)
                              .\CortexM0\ARM_GCC_541\Debug\Motor_Board_Rev3.a(QuadDec.o) (QuadDec_Cnt16_Stop)
.\CortexM0\ARM_GCC_541\Debug\Motor_Board_Rev3.a(CAN.o)
                              .\CortexM0\ARM_GCC_541\Debug\PortPSOC_CY8C4248AZI_L485.o (CAN_GlobalIntEnable)
.\CortexM0\ARM_GCC_541\Debug\Motor_Board_Rev3.a(CAN_INT.o)
                              .\CortexM0\ARM_GCC_541\Debug\Motor_Board_Rev3.a(CAN.o) (CAN_ISR)
.\CortexM0\ARM_GCC_541\Debug\Motor_Board_Rev3.a(CAN_TX_RX_func.o)
                              .\CortexM0\ARM_GCC_541\Debug\PortPSOC_CY8C4248AZI_L485.o (CAN_SendMsg)
.\CortexM0\ARM_GCC_541\Debug\Motor_Board_Rev3.a(UART.o)
                              .\CortexM0\ARM_GCC_541\Debug\main.o (UART_Start)
.\CortexM0\ARM_GCC_541\Debug\Motor_Board_Rev3.a(UART_UART.o)
                              .\CortexM0\ARM_GCC_541\Debug\Motor_Board_Rev3.a(UART.o) (UART_UartInit)
.\CortexM0\ARM_GCC_541\Debug\Motor_Board_Rev3.a(Can_addr.o)
                              .\CortexM0\ARM_GCC_541\Debug\main.o (Can_addr_Read)
.\CortexM0\ARM_GCC_541\Debug\Motor_Board_Rev3.a(Timer_1.o)
                              .\CortexM0\ARM_GCC_541\Debug\main.o (Timer_1_ReadStatusRegister)
.\CortexM0\ARM_GCC_541\Debug\Motor_Board_Rev3.a(isr_period.o)
                              .\CortexM0\ARM_GCC_541\Debug\main.o (isr_period_StartEx)
.\CortexM0\ARM_GCC_541\Debug\Motor_Board_Rev3.a(StripLights.o)
                              .\CortexM0\ARM_GCC_541\Debug\LED_Array.o (StripLights_Trigger)
.\CortexM0\ARM_GCC_541\Debug\Motor_Board_Rev3.a(StripLights_fonts.o)
                              .\CortexM0\ARM_GCC_541\Debug\Motor_Board_Rev3.a(StripLights.o) (StripLights_SetFont)
.\CortexM0\ARM_GCC_541\Debug\Motor_Board_Rev3.a(StripLights_cisr.o)
                              .\CortexM0\ARM_GCC_541\Debug\Motor_Board_Rev3.a(StripLights.o) (StripLights_cisr_StartEx)
.\CortexM0\ARM_GCC_541\Debug\Motor_Board_Rev3.a(StripLights_fisr.o)
                              .\CortexM0\ARM_GCC_541\Debug\Motor_Board_Rev3.a(StripLights.o) (StripLights_fisr_StartEx)
.\CortexM0\ARM_GCC_541\Debug\Motor_Board_Rev3.a(CyBootAsmGnu.o)
                              .\CortexM0\ARM_GCC_541\Debug\Motor_Board_Rev3.a(CyLib.o) (CyDelayCycles)
.\CortexM0\ARM_GCC_541\Debug\Motor_Board_Rev3.a(CyFlash.o)
                              .\CortexM0\ARM_GCC_541\Debug\Motor_Board_Rev3.a(CyLib.o) (CySysFlashSetWaitCycles)
.\CortexM0\ARM_GCC_541\Debug\Motor_Board_Rev3.a(cyutils.o)
                              .\CortexM0\ARM_GCC_541\Debug\Motor_Board_Rev3.a(Timer_1.o) (CySetReg24)
.\CortexM0\ARM_GCC_541\Debug\Motor_Board_Rev3.a(UART_SPI_UART.o)
                              .\CortexM0\ARM_GCC_541\Debug\Motor_Board_Rev3.a(UART_UART.o) (UART_SpiUartReadRxData)
c:/program files (x86)/cypress/psoc creator/4.3/psoc creator/import/gnu/arm/5.4.1/bin/../lib/gcc/arm-none-eabi/5.4.1/armv6-m\libgcc.a(_udivsi3.o)
                              .\CortexM0\ARM_GCC_541\Debug\Motor_Board_Rev3.a(CyLib.o) (__aeabi_uidiv)
c:/program files (x86)/cypress/psoc creator/4.3/psoc creator/import/gnu/arm/5.4.1/bin/../lib/gcc/arm-none-eabi/5.4.1/armv6-m\libgcc.a(_divsi3.o)
                              .\CortexM0\ARM_GCC_541\Debug\Motor_Board_Rev3.a(CyLib.o) (__aeabi_idiv)
c:/program files (x86)/cypress/psoc creator/4.3/psoc creator/import/gnu/arm/5.4.1/bin/../lib/gcc/arm-none-eabi/5.4.1/armv6-m\libgcc.a(_dvmd_tls.o)
                              c:/program files (x86)/cypress/psoc creator/4.3/psoc creator/import/gnu/arm/5.4.1/bin/../lib/gcc/arm-none-eabi/5.4.1/armv6-m\libgcc.a(_udivsi3.o) (__aeabi_idiv0)
c:/program files (x86)/cypress/psoc creator/4.3/psoc creator/import/gnu/arm/5.4.1/bin/../lib/gcc/arm-none-eabi/5.4.1/armv6-m\libgcc.a(_fixunsdfsi.o)
                              .\CortexM0\ARM_GCC_541\Debug\LED_Array.o (__aeabi_d2uiz)
[...]
Memory Configuration

Name             Origin             Length             Attributes
rom              0x00000000         0x00040000         xr
ram              0x20000000         0x00008000         xrw
*default*        0x00000000         0xffffffff

Linker script and memory map

LOAD c:/program files (x86)/cypress/psoc creator/4.3/psoc creator/import/gnu/arm/5.4.1/bin/../lib/gcc/arm-none-eabi/5.4.1/armv6-m/crti.o
LOAD c:/program files (x86)/cypress/psoc creator/4.3/psoc creator/import/gnu/arm/5.4.1/bin/../lib/gcc/arm-none-eabi/5.4.1/armv6-m/crtbegin.o
LOAD c:/program files (x86)/cypress/psoc creator/4.3/psoc creator/import/gnu/arm/5.4.1/bin/../lib/gcc/arm-none-eabi/5.4.1/../../../../arm-none-eabi/lib/armv6-m/crt0.o
START GROUP
LOAD .\CortexM0\ARM_GCC_541\Debug\main.o
LOAD .\CortexM0\ARM_GCC_541\Debug\Initialize_CAN_addr.o
LOAD .\CortexM0\ARM_GCC_541\Debug\MotorDrive.o
LOAD .\CortexM0\ARM_GCC_541\Debug\PositionPID.o
LOAD .\CortexM0\ARM_GCC_541\Debug\LED_Array.o
LOAD .\CortexM0\ARM_GCC_541\Debug\CANCommon.o
LOAD .\CortexM0\ARM_GCC_541\Debug\CANGPIO.o
LOAD .\CortexM0\ARM_GCC_541\Debug\CANLocalization.o
LOAD .\CortexM0\ARM_GCC_541\Debug\CANMotorUnit.o
LOAD .\CortexM0\ARM_GCC_541\Debug\CANPacket.o
LOAD .\CortexM0\ARM_GCC_541\Debug\CANPower.o
LOAD .\CortexM0\ARM_GCC_541\Debug\PortPSOC_CY8C4248AZI_L485.o
LOAD .\CortexM0\ARM_GCC_541\Debug\cyfitter_cfg.o
LOAD .\CortexM0\ARM_GCC_541\Debug\cymetadata.o
LOAD .\CortexM0\ARM_GCC_541\Debug\Cm0Start.o
LOAD .\CortexM0\ARM_GCC_541\Debug\Motor_Board_Rev3.a
END GROUP
START GROUP
LOAD c:/program files (x86)/cypress/psoc creator/4.3/psoc creator/import/gnu/arm/5.4.1/bin/../lib/gcc/arm-none-eabi/5.4.1/armv6-m\libgcc.a
LOAD c:/program files (x86)/cypress/psoc creator/4.3/psoc creator/import/gnu/arm/5.4.1/bin/../lib/gcc/arm-none-eabi/5.4.1/../../../../arm-none-eabi/lib/armv6-m\libg_nano.a
LOAD c:/program files (x86)/cypress/psoc creator/4.3/psoc creator/import/gnu/arm/5.4.1/bin/../lib/gcc/arm-none-eabi/5.4.1/../../../../arm-none-eabi/lib/armv6-m\libc_nano.a
END GROUP
START GROUP
LOAD c:/program files (x86)/cypress/psoc creator/4.3/psoc creator/import/gnu/arm/5.4.1/bin/../lib/gcc/arm-none-eabi/5.4.1/armv6-m\libgcc.a
LOAD c:/program files (x86)/cypress/psoc creator/4.3/psoc creator/import/gnu/arm/5.4.1/bin/../lib/gcc/arm-none-eabi/5.4.1/../../../../arm-none-eabi/lib/armv6-m\libc_nano.a
END GROUP
LOAD c:/program files (x86)/cypress/psoc creator/4.3/psoc creator/import/gnu/arm/5.4.1/bin/../lib/gcc/arm-none-eabi/5.4.1/armv6-m/crtend.o
LOAD c:/program files (x86)/cypress/psoc creator/4.3/psoc creator/import/gnu/arm/5.4.1/bin/../lib/gcc/arm-none-eabi/5.4.1/armv6-m/crtn.o
START GROUP
LOAD c:/program files (x86)/cypress/psoc creator/4.3/psoc creator/import/gnu/arm/5.4.1/bin/../lib/gcc/arm-none-eabi/5.4.1/armv6-m\libgcc.a
LOAD c:/program files (x86)/cypress/psoc creator/4.3/psoc creator/import/gnu/arm/5.4.1/bin/../lib/gcc/arm-none-eabi/5.4.1/../../../../arm-none-eabi/lib/armv6-m\libc.a
LOAD c:/program files (x86)/cypress/psoc creator/4.3/psoc creator/import/gnu/arm/5.4.1/bin/../lib/gcc/arm-none-eabi/5.4.1/../../../../arm-none-eabi/lib/armv6-m\libnosys.a
END GROUP
                0x00000000                CY_APPL_ORIGIN = 0x0
                0x00000100                CY_FLASH_ROW_SIZE = 0x100
                0x00000001                CY_APPL_NUM = 0x1
                0x00000001                CY_APPL_MAX = 0x1
                0x00000040                CY_METADATA_SIZE = 0x40
                0x00000000                CY_APPL_LOADABLE = 0x0
                0x00000000                CY_CHECKSUM_EXCLUDE_SIZE = ALIGN (0x0, CY_FLASH_ROW_SIZE)
                0x00000000                CY_APP_FOR_STACK_AND_COPIER = 0x0
                [!provide]                PROVIDE (__cy_heap_start, _end)
                0x00000001                PROVIDE (__cy_region_num, ((__cy_regions_end - __cy_regions) / 0x10))
                0x20008000                PROVIDE (__cy_stack, (ORIGIN (ram) + LENGTH (ram)))
                [!provide]                PROVIDE (__cy_heap_end, (__cy_stack - 0x800))

.cybootloader   0x00000000        0x0
 *(.cybootloader)
                0x00000000                appl1_start = CY_APPL_ORIGIN?CY_APPL_ORIGIN:ALIGN (CY_FLASH_ROW_SIZE)
                0x0001ff00                appl2_start = (appl1_start + ALIGN ((((LENGTH (rom) - appl1_start) - (0x2 * CY_FLASH_ROW_SIZE)) / 0x2), CY_FLASH_ROW_SIZE))
                0x00000000                appl_start = (CY_APPL_NUM == 0x1)?appl1_start:appl2_start
                0x00000001                cy_project_type_bootloader = (appl_start == 0x0)?0x1:0x0
                0x00000000                cy_project_type_app_for_stack_and_copier = (CY_APP_FOR_STACK_AND_COPIER == 0x1)?0x1:0x0

.text           0x00000000     0x28aa
 CREATE_OBJECT_SYMBOLS
                0x00000000                PROVIDE (__cy_interrupt_vector, RomVectors)
 *(.romvectors)
 .romvectors    0x00000000       0x10 .\CortexM0\ARM_GCC_541\Debug\Cm0Start.o
                0x00000000                RomVectors
                0x00000001                ASSERT ((. != __cy_interrupt_vector), No interrupt vector)
                0x00000001                ASSERT (CY_APPL_ORIGIN?(SIZEOF (.cybootloader) <= CY_APPL_ORIGIN):0x1, Wrong image location)
                0x00000010                PROVIDE (__cy_reset, Reset)
 *(.text.Reset)
 .text.Reset    0x00000010        0x8 .\CortexM0\ARM_GCC_541\Debug\Cm0Start.o
                0x00000010                Reset
                0x00000001                ASSERT ((. != __cy_reset), No reset code)
 *(.psocinit)
 .psocinit      0x00000018      0x2f4 .\CortexM0\ARM_GCC_541\Debug\cyfitter_cfg.o
                0x00000130                cyfitter_cfg
                0x0000030c                . = MAX (., 0x100)
 *(.text .text.* .gnu.linkonce.t.*)
 .text          0x0000030c       0x60 c:/program files (x86)/cypress/psoc creator/4.3/psoc creator/import/gnu/arm/5.4.1/bin/../lib/gcc/arm-none-eabi/5.4.1/armv6-m/crtbegin.o
 .text.Period_Reset_Handler
                0x0000036c       0x2c .\CortexM0\ARM_GCC_541\Debug\main.o
                0x0000036c                Period_Reset_Handler
 .text.Pin_Limit_Handler
                0x00000398       0x14 .\CortexM0\ARM_GCC_541\Debug\main.o
                0x00000398                Pin_Limit_Handler
 .text.Initialize
                0x000003ac       0x58 .\CortexM0\ARM_GCC_541\Debug\main.o
                0x000003ac                Initialize
 .text.main     0x00000404       0xc8 .\CortexM0\ARM_GCC_541\Debug\main.o
                0x00000404                main
 .text.set_PWM  0x000004cc       0x58 .\CortexM0\ARM_GCC_541\Debug\MotorDrive.o
                0x000004cc                set_PWM
 .text.initalize_LEDs
                0x00000524       0x28 .\CortexM0\ARM_GCC_541\Debug\LED_Array.o
                0x00000524                initalize_LEDs
 .text.set_all_LED_Colors
                0x0000054c       0x2c .\CortexM0\ARM_GCC_541\Debug\LED_Array.o
                0x0000054c                set_all_LED_Colors
 .text.get_color_packet
                0x00000578        0xc .\CortexM0\ARM_GCC_541\Debug\LED_Array.o
                0x00000578                get_color_packet
 .text.InitCAN  0x00000584       0x94 .\CortexM0\ARM_GCC_541\Debug\PortPSOC_CY8C4248AZI_L485.o
                0x00000584                InitCAN
 .text.SendCANPacket
                0x00000618       0x40 .\CortexM0\ARM_GCC_541\Debug\PortPSOC_CY8C4248AZI_L485.o
                0x00000618                SendCANPacket
 .text.FIFOSize
                0x00000658       0x2c .\CortexM0\ARM_GCC_541\Debug\PortPSOC_CY8C4248AZI_L485.o
                0x00000658                FIFOSize
 .text.countAddFIFO
                0x00000684       0x44 .\CortexM0\ARM_GCC_541\Debug\PortPSOC_CY8C4248AZI_L485.o
                0x00000684                countAddFIFO
 .text.CAN_FLAG_ISR
                0x000006c8       0xb8 .\CortexM0\ARM_GCC_541\Debug\PortPSOC_CY8C4248AZI_L485.o
                0x000006c8                CAN_FLAG_ISR
 .text.countRemoveFIFO
                0x00000780       0x24 .\CortexM0\ARM_GCC_541\Debug\PortPSOC_CY8C4248AZI_L485.o
                0x00000780                countRemoveFIFO
 .text.PollAndReceiveCANPacket
                0x000007a4       0x3c .\CortexM0\ARM_GCC_541\Debug\PortPSOC_CY8C4248AZI_L485.o
                0x000007a4                PollAndReceiveCANPacket
 .text.cfg_write_bytes32
                0x000007e0       0x34 .\CortexM0\ARM_GCC_541\Debug\cyfitter_cfg.o
 .text.CYMEMZERO
                0x00000814        0xc .\CortexM0\ARM_GCC_541\Debug\cyfitter_cfg.o
 .text.SetAnalogRoutingPumps
                0x00000820       0x20 .\CortexM0\ARM_GCC_541\Debug\cyfitter_cfg.o
                0x00000820                SetAnalogRoutingPumps
 .text.AnalogSetDefault
                0x00000840       0x3c .\CortexM0\ARM_GCC_541\Debug\cyfitter_cfg.o
 .text.IntDefaultHandler
                0x0000087c       0x10 .\CortexM0\ARM_GCC_541\Debug\Cm0Start.o
                0x0000087c                IntDefaultHandler
 .text._sbrk    0x0000088c       0x30 .\CortexM0\ARM_GCC_541\Debug\Cm0Start.o
                0x0000088c                _sbrk
 .text.Start_c  0x000008bc       0x48 .\CortexM0\ARM_GCC_541\Debug\Cm0Start.o
                0x000008bc                Start_c
 .text.initialize_psoc
                0x00000904       0x4c .\CortexM0\ARM_GCC_541\Debug\Cm0Start.o
                0x00000904                initialize_psoc
 .text.CySysClkImoDisableWcoLock
                0x00000950       0x14 .\CortexM0\ARM_GCC_541\Debug\Motor_Board_Rev3.a(CyLib.o)
                0x00000950                CySysClkImoDisableWcoLock
 .text.CySysClkImoGetWcoLock
                0x00000964       0x14 .\CortexM0\ARM_GCC_541\Debug\Motor_Board_Rev3.a(CyLib.o)
                0x00000964                CySysClkImoGetWcoLock
 .text.CySysClkImoEnableUsbLock
                0x00000978       0xf4 .\CortexM0\ARM_GCC_541\Debug\Motor_Board_Rev3.a(CyLib.o)
                0x00000978                CySysClkImoEnableUsbLock
 .text.CySysClkImoDisableUsbLock
                0x00000a6c       0x90 .\CortexM0\ARM_GCC_541\Debug\Motor_Board_Rev3.a(CyLib.o)
                0x00000a6c                CySysClkImoDisableUsbLock
 .text.CySysClkImoGetUsbLock
                0x00000afc       0x14 .\CortexM0\ARM_GCC_541\Debug\Motor_Board_Rev3.a(CyLib.o)
                0x00000afc                CySysClkImoGetUsbLock
 .text.CyIntEnable
                0x00000b10       0x14 .\CortexM0\ARM_GCC_541\Debug\Motor_Board_Rev3.a(CyLib.o)
                0x00000b10                CyIntEnable
 .text.CyIntDisable
                0x00000b24       0x14 .\CortexM0\ARM_GCC_541\Debug\Motor_Board_Rev3.a(CyLib.o)
                0x00000b24                CyIntDisable
 .text.CyHalt   0x00000b38        0x4 .\CortexM0\ARM_GCC_541\Debug\Motor_Board_Rev3.a(CyLib.o)
                0x00000b38                CyHalt
 .text.CyIntSetVector
                0x00000b3c       0x24 .\CortexM0\ARM_GCC_541\Debug\Motor_Board_Rev3.a(CyLib.o)
                0x00000b3c                CyIntSetVector
 .text.CyIntSetPriority
                0x00000b60       0x4c .\CortexM0\ARM_GCC_541\Debug\Motor_Board_Rev3.a(CyLib.o)
                0x00000b60                CyIntSetPriority
 .text.CyDelay  0x00000bac       0x30 .\CortexM0\ARM_GCC_541\Debug\Motor_Board_Rev3.a(CyLib.o)
                0x00000bac                CyDelay
 .text.CySysClkImoEnableWcoLock
                0x00000bdc       0xfc .\CortexM0\ARM_GCC_541\Debug\Motor_Board_Rev3.a(CyLib.o)
                0x00000bdc                CySysClkImoEnableWcoLock
 .text.CyDelayUs
                0x00000cd8       0x14 .\CortexM0\ARM_GCC_541\Debug\Motor_Board_Rev3.a(CyLib.o)
                0x00000cd8                CyDelayUs
 .text.CySysClkWriteImoFreq
                0x00000cec      0x1bc .\CortexM0\ARM_GCC_541\Debug\Motor_Board_Rev3.a(CyLib.o)
                0x00000cec                CySysClkWriteImoFreq
 .text.CySysWdtLocked
                0x00000ea8       0x14 .\CortexM0\ARM_GCC_541\Debug\Motor_Board_Rev3.a(CyLFClk.o)
 .text.CySysClkWcoEnabled
                0x00000ebc       0x14 .\CortexM0\ARM_GCC_541\Debug\Motor_Board_Rev3.a(CyLFClk.o)
                0x00000ebc                CySysClkWcoEnabled
 .text.CySysWdtLock
                0x00000ed0       0x1c .\CortexM0\ARM_GCC_541\Debug\Motor_Board_Rev3.a(CyLFClk.o)
                0x00000ed0                CySysWdtLock
 .text.CySysWdtUnlock
                0x00000eec       0x30 .\CortexM0\ARM_GCC_541\Debug\Motor_Board_Rev3.a(CyLFClk.o)
                0x00000eec                CySysWdtUnlock
 .text.CySysWdtClearInterrupt
                0x00000f1c       0x4c .\CortexM0\ARM_GCC_541\Debug\Motor_Board_Rev3.a(CyLFClk.o)
                0x00000f1c                CySysWdtClearInterrupt
 .text.CySysWdtIsr
                0x00000f68       0xa4 .\CortexM0\ARM_GCC_541\Debug\Motor_Board_Rev3.a(CyLFClk.o)
                0x00000f68                CySysWdtIsr
 .text.PWM_Motor_WriteCompare
                0x0000100c       0x10 .\CortexM0\ARM_GCC_541\Debug\Motor_Board_Rev3.a(PWM_Motor.o)
                0x0000100c                PWM_Motor_WriteCompare
 .text.Pin_Direction_Write
                0x0000101c       0x18 .\CortexM0\ARM_GCC_541\Debug\Motor_Board_Rev3.a(Pin_Direction.o)
                0x0000101c                Pin_Direction_Write
 .text.isr_Limit_1_SetVector
                0x00001034        0xc .\CortexM0\ARM_GCC_541\Debug\Motor_Board_Rev3.a(isr_Limit_1.o)
                0x00001034                isr_Limit_1_SetVector
 .text.isr_Limit_1_SetPriority
                0x00001040       0x24 .\CortexM0\ARM_GCC_541\Debug\Motor_Board_Rev3.a(isr_Limit_1.o)
                0x00001040                isr_Limit_1_SetPriority
 .text.isr_Limit_1_Enable
                0x00001064        0xc .\CortexM0\ARM_GCC_541\Debug\Motor_Board_Rev3.a(isr_Limit_1.o)
                0x00001064                isr_Limit_1_Enable
 .text.isr_Limit_1_Disable
                0x00001070        0xc .\CortexM0\ARM_GCC_541\Debug\Motor_Board_Rev3.a(isr_Limit_1.o)
                0x00001070                isr_Limit_1_Disable
 .text.isr_Limit_1_StartEx
                0x0000107c       0x1c .\CortexM0\ARM_GCC_541\Debug\Motor_Board_Rev3.a(isr_Limit_1.o)
                0x0000107c                isr_Limit_1_StartEx
 .text.QuadDec_SetCounter
                0x00001098       0x24 .\CortexM0\ARM_GCC_541\Debug\Motor_Board_Rev3.a(QuadDec.o)
                0x00001098                QuadDec_SetCounter
 .text.QuadDec_GetEvents
                0x000010bc       0x10 .\CortexM0\ARM_GCC_541\Debug\Motor_Board_Rev3.a(QuadDec.o)
                0x000010bc                QuadDec_GetEvents
 .text.QuadDec_SetInterruptMask
                0x000010cc        0xc .\CortexM0\ARM_GCC_541\Debug\Motor_Board_Rev3.a(QuadDec.o)
                0x000010cc                QuadDec_SetInterruptMask
 .text.QuadDec_Enable
                0x000010d8       0x28 .\CortexM0\ARM_GCC_541\Debug\Motor_Board_Rev3.a(QuadDec.o)
                0x000010d8                QuadDec_Enable
 .text.QuadDec_Start
                0x00001100       0x28 .\CortexM0\ARM_GCC_541\Debug\Motor_Board_Rev3.a(QuadDec.o)
                0x00001100                QuadDec_Start
 .text.QuadDec_Cnt16_Enable
                0x00001128       0x14 .\CortexM0\ARM_GCC_541\Debug\Motor_Board_Rev3.a(QuadDec_Cnt16.o)
                0x00001128                QuadDec_Cnt16_Enable
 .text.QuadDec_Cnt16_SetInterruptMode
                0x0000113c        0xc .\CortexM0\ARM_GCC_541\Debug\Motor_Board_Rev3.a(QuadDec_Cnt16.o)
                0x0000113c                QuadDec_Cnt16_SetInterruptMode
 .text.QuadDec_Cnt16_ReadStatusRegister
                0x00001148        0xc .\CortexM0\ARM_GCC_541\Debug\Motor_Board_Rev3.a(QuadDec_Cnt16.o)
                0x00001148                QuadDec_Cnt16_ReadStatusRegister
 .text.QuadDec_Cnt16_WriteCounter
                0x00001154        0xc .\CortexM0\ARM_GCC_541\Debug\Motor_Board_Rev3.a(QuadDec_Cnt16.o)
                0x00001154                QuadDec_Cnt16_WriteCounter
 .text.QuadDec_Cnt16_ReadCapture
                0x00001160        0xc .\CortexM0\ARM_GCC_541\Debug\Motor_Board_Rev3.a(QuadDec_Cnt16.o)
                0x00001160                QuadDec_Cnt16_ReadCapture
 .text.QuadDec_Cnt16_WritePeriod
                0x0000116c        0xc .\CortexM0\ARM_GCC_541\Debug\Motor_Board_Rev3.a(QuadDec_Cnt16.o)
                0x0000116c                QuadDec_Cnt16_WritePeriod
 .text.QuadDec_Cnt16_WriteCompare
                0x00001178        0xc .\CortexM0\ARM_GCC_541\Debug\Motor_Board_Rev3.a(QuadDec_Cnt16.o)
                0x00001178                QuadDec_Cnt16_WriteCompare
 .text.QuadDec_Cnt16_ClearFIFO
                0x00001184       0x14 .\CortexM0\ARM_GCC_541\Debug\Motor_Board_Rev3.a(QuadDec_Cnt16.o)
                0x00001184                QuadDec_Cnt16_ClearFIFO
 .text.QuadDec_Cnt16_Init
                0x00001198       0x58 .\CortexM0\ARM_GCC_541\Debug\Motor_Board_Rev3.a(QuadDec_Cnt16.o)
                0x00001198                QuadDec_Cnt16_Init
 .text.QuadDec_Cnt16_Start
                0x000011f0       0x20 .\CortexM0\ARM_GCC_541\Debug\Motor_Board_Rev3.a(QuadDec_Cnt16.o)
                0x000011f0                QuadDec_Cnt16_Start
 .text.CAN_GlobalIntEnable
                0x00001210       0x1c .\CortexM0\ARM_GCC_541\Debug\Motor_Board_Rev3.a(CAN.o)
                0x00001210                CAN_GlobalIntEnable
 .text.CAN_Enable
                0x0000122c       0x48 .\CortexM0\ARM_GCC_541\Debug\Motor_Board_Rev3.a(CAN.o)
                0x0000122c                CAN_Enable
 .text.CAN_SetPreScaler
                0x00001274       0x38 .\CortexM0\ARM_GCC_541\Debug\Motor_Board_Rev3.a(CAN.o)
                0x00001274                CAN_SetPreScaler
 .text.CAN_SetArbiter
                0x000012ac       0x40 .\CortexM0\ARM_GCC_541\Debug\Motor_Board_Rev3.a(CAN.o)
                0x000012ac                CAN_SetArbiter
 .text.CAN_SetTsegSample
                0x000012ec       0xa0 .\CortexM0\ARM_GCC_541\Debug\Motor_Board_Rev3.a(CAN.o)
                0x000012ec                CAN_SetTsegSample
 .text.CAN_SetRestartType
                0x0000138c       0x38 .\CortexM0\ARM_GCC_541\Debug\Motor_Board_Rev3.a(CAN.o)
                0x0000138c                CAN_SetRestartType
 .text.CAN_SetEdgeMode
                0x000013c4       0x38 .\CortexM0\ARM_GCC_541\Debug\Motor_Board_Rev3.a(CAN.o)
                0x000013c4                CAN_SetEdgeMode
 .text.CAN_SetIrqMask
                0x000013fc       0x1c .\CortexM0\ARM_GCC_541\Debug\Motor_Board_Rev3.a(CAN.o)
                0x000013fc                CAN_SetIrqMask
 .text.CAN_RxBufConfig
                0x00001418       0x98 .\CortexM0\ARM_GCC_541\Debug\Motor_Board_Rev3.a(CAN.o)
                0x00001418                CAN_RxBufConfig
 .text.CAN_TxBufConfig
                0x000014b0       0x58 .\CortexM0\ARM_GCC_541\Debug\Motor_Board_Rev3.a(CAN.o)
                0x000014b0                CAN_TxBufConfig
 .text.CAN_RxTxBuffersConfig
                0x00001508       0x54 .\CortexM0\ARM_GCC_541\Debug\Motor_Board_Rev3.a(CAN.o)
                0x00001508                CAN_RxTxBuffersConfig
 .text.CAN_SetSwapDataEndianness
                0x0000155c       0x40 .\CortexM0\ARM_GCC_541\Debug\Motor_Board_Rev3.a(CAN.o)
                0x0000155c                CAN_SetSwapDataEndianness
 .text.CAN_Init
                0x0000159c       0xe8 .\CortexM0\ARM_GCC_541\Debug\Motor_Board_Rev3.a(CAN.o)
                0x0000159c                CAN_Init
 .text.CAN_Start
                0x00001684       0x28 .\CortexM0\ARM_GCC_541\Debug\Motor_Board_Rev3.a(CAN.o)
                0x00001684                CAN_Start
 .text.CAN_ISR  0x000016ac        0x4 .\CortexM0\ARM_GCC_541\Debug\Motor_Board_Rev3.a(CAN_INT.o)
                0x000016ac                CAN_ISR
 .text.CAN_SendMsg
                0x000016b0      0x154 .\CortexM0\ARM_GCC_541\Debug\Motor_Board_Rev3.a(CAN_TX_RX_func.o)
                0x000016b0                CAN_SendMsg
 .text.UART_ScbModePostEnable
                0x00001804        0x8 .\CortexM0\ARM_GCC_541\Debug\Motor_Board_Rev3.a(UART.o)
 .text.UART_Init
                0x0000180c        0x8 .\CortexM0\ARM_GCC_541\Debug\Motor_Board_Rev3.a(UART.o)
                0x0000180c                UART_Init
 .text.UART_Enable
                0x00001814       0x18 .\CortexM0\ARM_GCC_541\Debug\Motor_Board_Rev3.a(UART.o)
                0x00001814                UART_Enable
 .text.UART_Start
                0x0000182c       0x20 .\CortexM0\ARM_GCC_541\Debug\Motor_Board_Rev3.a(UART.o)
                0x0000182c                UART_Start
 .text.UART_UartInit
                0x0000184c       0xa8 .\CortexM0\ARM_GCC_541\Debug\Motor_Board_Rev3.a(UART_UART.o)
                0x0000184c                UART_UartInit
 .text.UART_UartPostEnable
                0x000018f4       0x24 .\CortexM0\ARM_GCC_541\Debug\Motor_Board_Rev3.a(UART_UART.o)
                0x000018f4                UART_UartPostEnable
 .text.UART_UartPutString
                0x00001918       0x18 .\CortexM0\ARM_GCC_541\Debug\Motor_Board_Rev3.a(UART_UART.o)
                0x00001918                UART_UartPutString
 .text.Can_addr_Read
                0x00001930        0xc .\CortexM0\ARM_GCC_541\Debug\Motor_Board_Rev3.a(Can_addr.o)
                0x00001930                Can_addr_Read
 .text.Timer_1_Enable
                0x0000193c       0x14 .\CortexM0\ARM_GCC_541\Debug\Motor_Board_Rev3.a(Timer_1.o)
                0x0000193c                Timer_1_Enable
 .text.Timer_1_SetInterruptMode
                0x00001950        0xc .\CortexM0\ARM_GCC_541\Debug\Motor_Board_Rev3.a(Timer_1.o)
                0x00001950                Timer_1_SetInterruptMode
 .text.Timer_1_ReadStatusRegister
                0x0000195c        0xc .\CortexM0\ARM_GCC_541\Debug\Motor_Board_Rev3.a(Timer_1.o)
                0x0000195c                Timer_1_ReadStatusRegister
 .text.Timer_1_WritePeriod
                0x00001968       0x10 .\CortexM0\ARM_GCC_541\Debug\Motor_Board_Rev3.a(Timer_1.o)
                0x00001968                Timer_1_WritePeriod
 .text.Timer_1_ReadCapture
                0x00001978       0x10 .\CortexM0\ARM_GCC_541\Debug\Motor_Board_Rev3.a(Timer_1.o)
                0x00001978                Timer_1_ReadCapture
 .text.Timer_1_WriteCounter
                0x00001988       0x10 .\CortexM0\ARM_GCC_541\Debug\Motor_Board_Rev3.a(Timer_1.o)
                0x00001988                Timer_1_WriteCounter
 .text.Timer_1_ClearFIFO
                0x00001998       0x14 .\CortexM0\ARM_GCC_541\Debug\Motor_Board_Rev3.a(Timer_1.o)
                0x00001998                Timer_1_ClearFIFO
 .text.Timer_1_Init
                0x000019ac       0x38 .\CortexM0\ARM_GCC_541\Debug\Motor_Board_Rev3.a(Timer_1.o)
                0x000019ac                Timer_1_Init
 .text.Timer_1_Start
                0x000019e4       0x20 .\CortexM0\ARM_GCC_541\Debug\Motor_Board_Rev3.a(Timer_1.o)
                0x000019e4                Timer_1_Start
 .text.isr_period_SetVector
                0x00001a04        0xc .\CortexM0\ARM_GCC_541\Debug\Motor_Board_Rev3.a(isr_period.o)
                0x00001a04                isr_period_SetVector
 .text.isr_period_SetPriority
                0x00001a10       0x20 .\CortexM0\ARM_GCC_541\Debug\Motor_Board_Rev3.a(isr_period.o)
                0x00001a10                isr_period_SetPriority
 .text.isr_period_Enable
                0x00001a30        0xc .\CortexM0\ARM_GCC_541\Debug\Motor_Board_Rev3.a(isr_period.o)
                0x00001a30                isr_period_Enable
 .text.isr_period_Disable
                0x00001a3c        0xc .\CortexM0\ARM_GCC_541\Debug\Motor_Board_Rev3.a(isr_period.o)
                0x00001a3c                isr_period_Disable
 .text.isr_period_StartEx
                0x00001a48       0x1c .\CortexM0\ARM_GCC_541\Debug\Motor_Board_Rev3.a(isr_period.o)
                0x00001a48                isr_period_StartEx
 .text.StripLights_FISR
                0x00001a64       0x60 .\CortexM0\ARM_GCC_541\Debug\Motor_Board_Rev3.a(StripLights.o)
                0x00001a64                StripLights_FISR
 .text.StripLights_CISR
                0x00001ac4       0x7c .\CortexM0\ARM_GCC_541\Debug\Motor_Board_Rev3.a(StripLights.o)
                0x00001ac4                StripLights_CISR
 .text.StripLights_Trigger
                0x00001b40       0x6c .\CortexM0\ARM_GCC_541\Debug\Motor_Board_Rev3.a(StripLights.o)
                0x00001b40                StripLights_Trigger
 .text.StripLights_Ready
                0x00001bac       0x1c .\CortexM0\ARM_GCC_541\Debug\Motor_Board_Rev3.a(StripLights.o)
                0x00001bac                StripLights_Ready
 .text.StripLights_MemClear
                0x00001bc8       0x28 .\CortexM0\ARM_GCC_541\Debug\Motor_Board_Rev3.a(StripLights.o)
                0x00001bc8                StripLights_MemClear
 .text.StripLights_Pixel
                0x00001bf0       0x24 .\CortexM0\ARM_GCC_541\Debug\Motor_Board_Rev3.a(StripLights.o)
                0x00001bf0                StripLights_Pixel
 .text.StripLights_Dim
                0x00001c14       0x78 .\CortexM0\ARM_GCC_541\Debug\Motor_Board_Rev3.a(StripLights.o)
                0x00001c14                StripLights_Dim
 .text.StripLights_Start
                0x00001c8c       0x7c .\CortexM0\ARM_GCC_541\Debug\Motor_Board_Rev3.a(StripLights.o)
                0x00001c8c                StripLights_Start
 .text.StripLights_SetFont
                0x00001d08       0x4c .\CortexM0\ARM_GCC_541\Debug\Motor_Board_Rev3.a(StripLights_fonts.o)
                0x00001d08                StripLights_SetFont
 .text.StripLights_cisr_SetVector
                0x00001d54        0xc .\CortexM0\ARM_GCC_541\Debug\Motor_Board_Rev3.a(StripLights_cisr.o)
                0x00001d54                StripLights_cisr_SetVector
 .text.StripLights_cisr_SetPriority
                0x00001d60       0x20 .\CortexM0\ARM_GCC_541\Debug\Motor_Board_Rev3.a(StripLights_cisr.o)
                0x00001d60                StripLights_cisr_SetPriority
 .text.StripLights_cisr_Enable
                0x00001d80        0xc .\CortexM0\ARM_GCC_541\Debug\Motor_Board_Rev3.a(StripLights_cisr.o)
                0x00001d80                StripLights_cisr_Enable
 .text.StripLights_cisr_Disable
                0x00001d8c        0xc .\CortexM0\ARM_GCC_541\Debug\Motor_Board_Rev3.a(StripLights_cisr.o)
                0x00001d8c                StripLights_cisr_Disable
 .text.StripLights_cisr_StartEx
                0x00001d98       0x1c .\CortexM0\ARM_GCC_541\Debug\Motor_Board_Rev3.a(StripLights_cisr.o)
                0x00001d98                StripLights_cisr_StartEx
 .text.StripLights_fisr_SetVector
                0x00001db4        0xc .\CortexM0\ARM_GCC_541\Debug\Motor_Board_Rev3.a(StripLights_fisr.o)
                0x00001db4                StripLights_fisr_SetVector
 .text.StripLights_fisr_SetPriority
                0x00001dc0       0x24 .\CortexM0\ARM_GCC_541\Debug\Motor_Board_Rev3.a(StripLights_fisr.o)
                0x00001dc0                StripLights_fisr_SetPriority
 .text.StripLights_fisr_Enable
                0x00001de4        0xc .\CortexM0\ARM_GCC_541\Debug\Motor_Board_Rev3.a(StripLights_fisr.o)
                0x00001de4                StripLights_fisr_Enable
 .text.StripLights_fisr_Disable
                0x00001df0        0xc .\CortexM0\ARM_GCC_541\Debug\Motor_Board_Rev3.a(StripLights_fisr.o)
                0x00001df0                StripLights_fisr_Disable
 .text.StripLights_fisr_StartEx
                0x00001dfc       0x1c .\CortexM0\ARM_GCC_541\Debug\Motor_Board_Rev3.a(StripLights_fisr.o)
                0x00001dfc                StripLights_fisr_StartEx
 .text          0x00001e18       0x20 .\CortexM0\ARM_GCC_541\Debug\Motor_Board_Rev3.a(CyBootAsmGnu.o)
                0x00001e18                CyDelayCycles
                0x00001e2a                CyEnterCriticalSection
                0x00001e32                CyExitCriticalSection
 .text.CySysFlashSetWaitCycles
                0x00001e38       0x54 .\CortexM0\ARM_GCC_541\Debug\Motor_Board_Rev3.a(CyFlash.o)
                0x00001e38                CySysFlashSetWaitCycles
 .text.CySetReg24
                0x00001e8c       0x14 .\CortexM0\ARM_GCC_541\Debug\Motor_Board_Rev3.a(cyutils.o)
                0x00001e8c                CySetReg24
 .text.CyGetReg24
                0x00001ea0       0x14 .\CortexM0\ARM_GCC_541\Debug\Motor_Board_Rev3.a(cyutils.o)
                0x00001ea0                CyGetReg24
 .text.UART_SpiUartWriteTxData
                0x00001eb4       0x1c .\CortexM0\ARM_GCC_541\Debug\Motor_Board_Rev3.a(UART_SPI_UART.o)
                0x00001eb4                UART_SpiUartWriteTxData
 .text          0x00001ed0      0x114 c:/program files (x86)/cypress/psoc creator/4.3/psoc creator/import/gnu/arm/5.4.1/bin/../lib/gcc/arm-none-eabi/5.4.1/armv6-m\libgcc.a(_udivsi3.o)
                0x00001ed0                __aeabi_uidiv
                0x00001ed0                __udivsi3
                0x00001fdc                __aeabi_uidivmod
 .text          0x00001fe4        0x4 c:/program files (x86)/cypress/psoc creator/4.3/psoc creator/import/gnu/arm/5.4.1/bin/../lib/gcc/arm-none-eabi/5.4.1/armv6-m\libgcc.a(_dvmd_tls.o)
                0x00001fe4                __aeabi_idiv0
                0x00001fe4                __aeabi_ldiv0
 .text.__errno  0x00001fe8        0xc c:/program files (x86)/cypress/psoc creator/4.3/psoc creator/import/gnu/arm/5.4.1/bin/../lib/gcc/arm-none-eabi/5.4.1/../../../../arm-none-eabi/lib/armv6-m\libg_nano.a(lib_a-errno.o)
                0x00001fe8                __errno
 .text.__libc_init_array
                0x00001ff4       0x4c c:/program files (x86)/cypress/psoc creator/4.3/psoc creator/import/gnu/arm/5.4.1/bin/../lib/gcc/arm-none-eabi/5.4.1/../../../../arm-none-eabi/lib/armv6-m\libg_nano.a(lib_a-init.o)
                0x00001ff4                __libc_init_array
 .text.memcpy   0x00002040       0x12 c:/program files (x86)/cypress/psoc creator/4.3/psoc creator/import/gnu/arm/5.4.1/bin/../lib/gcc/arm-none-eabi/5.4.1/../../../../arm-none-eabi/lib/armv6-m\libg_nano.a(lib_a-memcpy-stub.o)
                0x00002040                memcpy
 .text.memset   0x00002052       0x10 c:/program files (x86)/cypress/psoc creator/4.3/psoc creator/import/gnu/arm/5.4.1/bin/../lib/gcc/arm-none-eabi/5.4.1/../../../../arm-none-eabi/lib/armv6-m\libg_nano.a(lib_a-memset.o)
                0x00002052                memset
 *fill*         0x00002062        0x2 
 .text.sprintf  0x00002064       0x44 c:/program files (x86)/cypress/psoc creator/4.3/psoc creator/import/gnu/arm/5.4.1/bin/../lib/gcc/arm-none-eabi/5.4.1/../../../../arm-none-eabi/lib/armv6-m\libg_nano.a(lib_a-sprintf.o)
                0x00002064                siprintf
                0x00002064                sprintf
 .text.__ssputs_r
                0x000020a8       0xc4 c:/program files (x86)/cypress/psoc creator/4.3/psoc creator/import/gnu/arm/5.4.1/bin/../lib/gcc/arm-none-eabi/5.4.1/../../../../arm-none-eabi/lib/armv6-m\libg_nano.a(lib_a-nano-svfprintf.o)
                0x000020a8                __ssputs_r
 .text._svfprintf_r
                0x0000216c      0x1fc c:/program files (x86)/cypress/psoc creator/4.3/psoc creator/import/gnu/arm/5.4.1/bin/../lib/gcc/arm-none-eabi/5.4.1/../../../../arm-none-eabi/lib/armv6-m\libg_nano.a(lib_a-nano-svfprintf.o)
                0x0000216c                _svfiprintf_r
                0x0000216c                _svfprintf_r
 .text._printf_common
                0x00002368       0xdc c:/program files (x86)/cypress/psoc creator/4.3/psoc creator/import/gnu/arm/5.4.1/bin/../lib/gcc/arm-none-eabi/5.4.1/../../../../arm-none-eabi/lib/armv6-m\libg_nano.a(lib_a-nano-vfprintf_i.o)
                0x00002368                _printf_common
 .text._printf_i
                0x00002444      0x244 c:/program files (x86)/cypress/psoc creator/4.3/psoc creator/import/gnu/arm/5.4.1/bin/../lib/gcc/arm-none-eabi/5.4.1/../../../../arm-none-eabi/lib/armv6-m\libg_nano.a(lib_a-nano-vfprintf_i.o)
                0x00002444                _printf_i
 .text.memchr   0x00002688       0x16 c:/program files (x86)/cypress/psoc creator/4.3/psoc creator/import/gnu/arm/5.4.1/bin/../lib/gcc/arm-none-eabi/5.4.1/../../../../arm-none-eabi/lib/armv6-m\libg_nano.a(lib_a-memchr-stub.o)
                0x00002688                memchr
 .text.memmove  0x0000269e       0x2a c:/program files (x86)/cypress/psoc creator/4.3/psoc creator/import/gnu/arm/5.4.1/bin/../lib/gcc/arm-none-eabi/5.4.1/../../../../arm-none-eabi/lib/armv6-m\libg_nano.a(lib_a-memmove.o)
                0x0000269e                memmove
 .text._free_r  0x000026c8       0x98 c:/program files (x86)/cypress/psoc creator/4.3/psoc creator/import/gnu/arm/5.4.1/bin/../lib/gcc/arm-none-eabi/5.4.1/../../../../arm-none-eabi/lib/armv6-m\libg_nano.a(lib_a-nano-freer.o)
                0x000026c8                _free_r
 .text._malloc_r
                0x00002760       0xc0 c:/program files (x86)/cypress/psoc creator/4.3/psoc creator/import/gnu/arm/5.4.1/bin/../lib/gcc/arm-none-eabi/5.4.1/../../../../arm-none-eabi/lib/armv6-m\libg_nano.a(lib_a-nano-mallocr.o)
                0x00002760                _malloc_r
 .text._realloc_r
                0x00002820       0x4c c:/program files (x86)/cypress/psoc creator/4.3/psoc creator/import/gnu/arm/5.4.1/bin/../lib/gcc/arm-none-eabi/5.4.1/../../../../arm-none-eabi/lib/armv6-m\libg_nano.a(lib_a-nano-reallocr.o)
                0x00002820                _realloc_r
 .text._sbrk_r  0x0000286c       0x24 c:/program files (x86)/cypress/psoc creator/4.3/psoc creator/import/gnu/arm/5.4.1/bin/../lib/gcc/arm-none-eabi/5.4.1/../../../../arm-none-eabi/lib/armv6-m\libg_nano.a(lib_a-sbrkr.o)
                0x0000286c                _sbrk_r
 .text.__malloc_lock
                0x00002890        0x2 c:/program files (x86)/cypress/psoc creator/4.3/psoc creator/import/gnu/arm/5.4.1/bin/../lib/gcc/arm-none-eabi/5.4.1/../../../../arm-none-eabi/lib/armv6-m\libg_nano.a(lib_a-mlock.o)
                0x00002890                __malloc_lock
 .text.__malloc_unlock
                0x00002892        0x2 c:/program files (x86)/cypress/psoc creator/4.3/psoc creator/import/gnu/arm/5.4.1/bin/../lib/gcc/arm-none-eabi/5.4.1/../../../../arm-none-eabi/lib/armv6-m\libg_nano.a(lib_a-mlock.o)
                0x00002892                __malloc_unlock
 .text._malloc_usable_size_r
                0x00002894       0x16 c:/program files (x86)/cypress/psoc creator/4.3/psoc creator/import/gnu/arm/5.4.1/bin/../lib/gcc/arm-none-eabi/5.4.1/../../../../arm-none-eabi/lib/armv6-m\libg_nano.a(lib_a-nano-msizer.o)
                0x00002894                _malloc_usable_size_r
 *(.plt)
 *(.gnu.warning)
 *(.glue_7t)
 .glue_7t       0x000028aa        0x0 linker stubs
 *(.glue_7)
 .glue_7        0x000028aa        0x0 linker stubs
 *(.vfp11_veneer)
 .vfp11_veneer  0x000028aa        0x0 linker stubs
 *(.bootloader)
 *(.ARM.extab* .gnu.linkonce.armextab.*)
 *(.gcc_except_table)

.v4_bx          0x000028ac        0x0
 .v4_bx         0x000028ac        0x0 linker stubs

.iplt           0x000028ac        0x0
 .iplt          0x000028ac        0x0 c:/program files (x86)/cypress/psoc creator/4.3/psoc creator/import/gnu/arm/5.4.1/bin/../lib/gcc/arm-none-eabi/5.4.1/armv6-m/crtbegin.o

.eh_frame_hdr
 *(.eh_frame_hdr)

.eh_frame       0x000028ac        0x4
 *(.eh_frame)
 .eh_frame      0x000028ac        0x0 c:/program files (x86)/cypress/psoc creator/4.3/psoc creator/import/gnu/arm/5.4.1/bin/../lib/gcc/arm-none-eabi/5.4.1/armv6-m/crtbegin.o
 .eh_frame      0x000028ac        0x4 c:/program files (x86)/cypress/psoc creator/4.3/psoc creator/import/gnu/arm/5.4.1/bin/../lib/gcc/arm-none-eabi/5.4.1/armv6-m/crtend.o
                [!provide]                PROVIDE (__exidx_start, .)

.ARM.exidx
 *(.ARM.exidx* .gnu.linkonce.armexidx.*)
                0x000028b0                __exidx_end = .

.rodata         0x000028b0      0xbb0
 *(.rodata .rodata.* .gnu.linkonce.r.*)
 .rodata.str1.4
                0x000028b0       0x38 .\CortexM0\ARM_GCC_541\Debug\main.o
                                 0x37 (size before relaxing)
 .rodata        0x000028e8      0x5a4 .\CortexM0\ARM_GCC_541\Debug\cyfitter_cfg.o
 .rodata        0x00002e8c       0x47 .\CortexM0\ARM_GCC_541\Debug\Motor_Board_Rev3.a(CyLib.o)
                0x00002e8c                cyImoFreqMhz2Reg
                0x00002ebc                cyImoFreqMhz2DpllOffset
 *fill*         0x00002ed3        0x1 
 .rodata        0x00002ed4      0x160 .\CortexM0\ARM_GCC_541\Debug\Motor_Board_Rev3.a(CAN.o)
 .rodata        0x00003034      0x1e0 .\CortexM0\ARM_GCC_541\Debug\Motor_Board_Rev3.a(StripLights.o)
                0x00003034                StripLights_CLUT
 .rodata        0x00003214      0x1e0 .\CortexM0\ARM_GCC_541\Debug\Motor_Board_Rev3.a(StripLights_fonts.o)
                0x00003214                StripLights_Font5x7
 .rodata.str1.1
                0x000033f4        0x2 c:/program files (x86)/cypress/psoc creator/4.3/psoc creator/import/gnu/arm/5.4.1/bin/../lib/gcc/arm-none-eabi/5.4.1/../../../../arm-none-eabi/lib/armv6-m\libg_nano.a(lib_a-impure.o)
 .rodata.str1.1
                0x000033f6       0x11 c:/program files (x86)/cypress/psoc creator/4.3/psoc creator/import/gnu/arm/5.4.1/bin/../lib/gcc/arm-none-eabi/5.4.1/../../../../arm-none-eabi/lib/armv6-m\libg_nano.a(lib_a-nano-svfprintf.o)
 .rodata.str1.1
                0x00003407       0x22 c:/program files (x86)/cypress/psoc creator/4.3/psoc creator/import/gnu/arm/5.4.1/bin/../lib/gcc/arm-none-eabi/5.4.1/../../../../arm-none-eabi/lib/armv6-m\libg_nano.a(lib_a-nano-vfprintf_i.o)
                0x0000342c                . = ALIGN (0x4)
 *fill*         0x00003429        0x3 
 *(.init)
 .init          0x0000342c        0x4 c:/program files (x86)/cypress/psoc creator/4.3/psoc creator/import/gnu/arm/5.4.1/bin/../lib/gcc/arm-none-eabi/5.4.1/armv6-m/crti.o
                0x0000342c                _init
 .init          0x00003430        0x8 c:/program files (x86)/cypress/psoc creator/4.3/psoc creator/import/gnu/arm/5.4.1/bin/../lib/gcc/arm-none-eabi/5.4.1/armv6-m/crtn.o
                0x00003438                . = ALIGN (0x4)
                0x00003438                __preinit_array_start = .
 *(.preinit_array)
                0x00003438                __preinit_array_end = .
                0x00003438                . = ALIGN (0x4)
                0x00003438                __init_array_start = .
 *(SORT(.init_array.*))
 *(.init_array)
 .init_array    0x00003438        0x4 c:/program files (x86)/cypress/psoc creator/4.3/psoc creator/import/gnu/arm/5.4.1/bin/../lib/gcc/arm-none-eabi/5.4.1/armv6-m/crtbegin.o
 .init_array    0x0000343c        0x4 .\CortexM0\ARM_GCC_541\Debug\Cm0Start.o
                0x00003440                __init_array_end = .
                0x00003440                . = ALIGN (0x4)
 *(.fini)
 .fini          0x00003440        0x4 c:/program files (x86)/cypress/psoc creator/4.3/psoc creator/import/gnu/arm/5.4.1/bin/../lib/gcc/arm-none-eabi/5.4.1/armv6-m/crti.o
                0x00003440                _fini
 .fini          0x00003444        0x8 c:/program files (x86)/cypress/psoc creator/4.3/psoc creator/import/gnu/arm/5.4.1/bin/../lib/gcc/arm-none-eabi/5.4.1/armv6-m/crtn.o
                0x0000344c                . = ALIGN (0x4)
                0x0000344c                __fini_array_start = .
 *(.fini_array)
 .fini_array    0x0000344c        0x4 c:/program files (x86)/cypress/psoc creator/4.3/psoc creator/import/gnu/arm/5.4.1/bin/../lib/gcc/arm-none-eabi/5.4.1/armv6-m/crtbegin.o
 *(SORT(.fini_array.*))
                0x00003450                __fini_array_end = .
                0x00003450                . = ALIGN (0x4)
 *crtbegin.o(.ctors)
 *(EXCLUDE_FILE(*crtend.o) .ctors)
 *(SORT(.ctors.*))
 *crtend.o(.ctors)
                0x00003450                . = ALIGN (0x4)
 *crtbegin.o(.dtors)
 *(EXCLUDE_FILE(*crtend.o) .dtors)
 *(SORT(.dtors.*))
 *crtend.o(.dtors)
                0x00003450                . = ALIGN (0x4)
                0x00003450                __cy_regions = .
                0x00003450        0x4 LONG 0x3460 __cy_region_init_ram
                0x00003454        0x4 LONG 0x200000c0 __cy_region_start_data
                0x00003458        0x4 LONG 0x88 __cy_region_init_size_ram
                0x0000345c        0x4 LONG 0x208 __cy_region_zero_size_ram
                0x00003460                __cy_regions_end = .
                0x00003460                . = ALIGN (0x8)
                0x00003460                _etext = .

.cy_checksum_exclude
                0x00003460        0x0
 *(.cy_checksum_exclude)

.ramvectors     0x20000000       0xc0
                0x20000000                __cy_region_start_ram = .
 *(.ramvectors)
 .ramvectors    0x20000000       0xc0 .\CortexM0\ARM_GCC_541\Debug\Cm0Start.o
                0x20000000                CyRamVectors

.noinit
 *(.noinit)

.data           0x200000c0       0x88 load address 0x00003460
                0x200000c0                __cy_region_start_data = .
 *(.jcr)
 .jcr           0x200000c0        0x0 c:/program files (x86)/cypress/psoc creator/4.3/psoc creator/import/gnu/arm/5.4.1/bin/../lib/gcc/arm-none-eabi/5.4.1/armv6-m/crtbegin.o
 .jcr           0x200000c0        0x4 c:/program files (x86)/cypress/psoc creator/4.3/psoc creator/import/gnu/arm/5.4.1/bin/../lib/gcc/arm-none-eabi/5.4.1/armv6-m/crtend.o
 *(.got.plt)
 *(.got)
 *(.shdata)
 *(.data .data.* .gnu.linkonce.d.*)
 .data          0x200000c4        0x4 .\CortexM0\ARM_GCC_541\Debug\Cm0Start.o
 .data          0x200000c8       0x14 .\CortexM0\ARM_GCC_541\Debug\Motor_Board_Rev3.a(CyLib.o)
                0x200000c8                CySysClkPumpConfig
                0x200000cc                cydelay32kMs
                0x200000d0                cydelayFreqKhz
                0x200000d4                cydelayFreqMhz
                0x200000d8                cydelayFreqHz
 .data          0x200000dc        0x8 .\CortexM0\ARM_GCC_541\Debug\Motor_Board_Rev3.a(CyLFClk.o)
 .data.impure_data
                0x200000e4       0x60 c:/program files (x86)/cypress/psoc creator/4.3/psoc creator/import/gnu/arm/5.4.1/bin/../lib/gcc/arm-none-eabi/5.4.1/../../../../arm-none-eabi/lib/armv6-m\libg_nano.a(lib_a-impure.o)
 .data._impure_ptr
                0x20000144        0x4 c:/program files (x86)/cypress/psoc creator/4.3/psoc creator/import/gnu/arm/5.4.1/bin/../lib/gcc/arm-none-eabi/5.4.1/../../../../arm-none-eabi/lib/armv6-m\libg_nano.a(lib_a-impure.o)
                0x20000144                _impure_ptr
                0x20000148                . = ALIGN (0x8)
 *(.ram)
                0x20000148                _edata = .

.igot.plt       0x20000148        0x0 load address 0x000034e8
 .igot.plt      0x20000148        0x0 c:/program files (x86)/cypress/psoc creator/4.3/psoc creator/import/gnu/arm/5.4.1/bin/../lib/gcc/arm-none-eabi/5.4.1/armv6-m/crtbegin.o

.bss            0x20000148      0x208 load address 0x000034e8
                0x20000148                PROVIDE (__bss_start__, .)
 *(.shbss)
 *(.bss .bss.* .gnu.linkonce.b.*)
 .bss           0x20000148       0x1c c:/program files (x86)/cypress/psoc creator/4.3/psoc creator/import/gnu/arm/5.4.1/bin/../lib/gcc/arm-none-eabi/5.4.1/armv6-m/crtbegin.o
 .bss           0x20000164        0x3 .\CortexM0\ARM_GCC_541\Debug\main.o
                0x20000164                invalidate
                0x20000165                time_LED
                0x20000166                drive
 .bss           0x20000167        0x4 .\CortexM0\ARM_GCC_541\Debug\PortPSOC_CY8C4248AZI_L485.o
                0x20000167                latestMessageFull
                0x20000168                latestMessageHead
                0x20000169                latestMessageTail
                0x2000016a                messageReadFlag
 *fill*         0x2000016b        0x1 
 .bss           0x2000016c       0x20 .\CortexM0\ARM_GCC_541\Debug\Motor_Board_Rev3.a(CyLib.o)
                0x2000016c                CySysClkImoTrim4
                0x20000170                CySysClkImoTrim5
                0x20000188                CySysTickInitVar
 .bss           0x2000018c       0x28 .\CortexM0\ARM_GCC_541\Debug\Motor_Board_Rev3.a(CyLFClk.o)
 .bss           0x200001b4        0x1 .\CortexM0\ARM_GCC_541\Debug\Motor_Board_Rev3.a(QuadDec.o)
                0x200001b4                QuadDec_initVar
 .bss           0x200001b5        0x1 .\CortexM0\ARM_GCC_541\Debug\Motor_Board_Rev3.a(QuadDec_Cnt16.o)
                0x200001b5                QuadDec_Cnt16_initVar
 .bss           0x200001b6        0x1 .\CortexM0\ARM_GCC_541\Debug\Motor_Board_Rev3.a(CAN.o)
                0x200001b6                CAN_initVar
 *fill*         0x200001b7        0x1 
 .bss           0x200001b8        0x4 .\CortexM0\ARM_GCC_541\Debug\Motor_Board_Rev3.a(UART.o)
                0x200001b8                UART_initVar
                0x200001ba                UART_IntrTxMask
 .bss           0x200001bc        0x1 .\CortexM0\ARM_GCC_541\Debug\Motor_Board_Rev3.a(Timer_1.o)
                0x200001bc                Timer_1_initVar
 *fill*         0x200001bd        0x3 
 .bss           0x200001c0       0x15 .\CortexM0\ARM_GCC_541\Debug\Motor_Board_Rev3.a(StripLights.o)
                0x200001c0                StripLights_ledIndex
                0x200001c4                StripLights_row
                0x200001d4                StripLights_initvar
 *fill*         0x200001d5        0x3 
 .bss.__malloc_sbrk_start
                0x200001d8        0x4 c:/program files (x86)/cypress/psoc creator/4.3/psoc creator/import/gnu/arm/5.4.1/bin/../lib/gcc/arm-none-eabi/5.4.1/../../../../arm-none-eabi/lib/armv6-m\libg_nano.a(lib_a-nano-mallocr.o)
                0x200001d8                __malloc_sbrk_start
 .bss.__malloc_free_list
                0x200001dc        0x4 c:/program files (x86)/cypress/psoc creator/4.3/psoc creator/import/gnu/arm/5.4.1/bin/../lib/gcc/arm-none-eabi/5.4.1/../../../../arm-none-eabi/lib/armv6-m\libg_nano.a(lib_a-nano-mallocr.o)
                0x200001dc                __malloc_free_list
 *(COMMON)
 COMMON         0x200001e0       0x78 .\CortexM0\ARM_GCC_541\Debug\main.o
                0x200001e0                txData
                0x20000244                rxMailbox
                0x20000254                test
 COMMON         0x20000258       0xc8 .\CortexM0\ARM_GCC_541\Debug\PortPSOC_CY8C4248AZI_L485.o
                0x20000258                deviceGroup
                0x2000025c                deviceAddress
                0x20000260                latestMessage
 COMMON         0x20000320       0x18 .\CortexM0\ARM_GCC_541\Debug\Motor_Board_Rev3.a(StripLights.o)
                0x20000320                StripLights_ledArray
                0x2000032c                StripLights_DimMask
                0x20000330                StripLights_DimShift
                0x20000334                StripLights_refreshComplete
 COMMON         0x20000338       0x10 .\CortexM0\ARM_GCC_541\Debug\Motor_Board_Rev3.a(StripLights_fonts.o)
                0x20000338                StripLights_fontX
                0x2000033c                StripLights_fontOffset
                0x20000340                StripLights_fontPtr
                0x20000344                StripLights_fontY
 COMMON         0x20000348        0x4 c:/program files (x86)/cypress/psoc creator/4.3/psoc creator/import/gnu/arm/5.4.1/bin/../lib/gcc/arm-none-eabi/5.4.1/../../../../arm-none-eabi/lib/armv6-m\libg_nano.a(lib_a-reent.o)
                0x20000348                errno
                0x20000350                . = ALIGN (0x8)
 *fill*         0x2000034c        0x4 
 *(.ram.b)
                0x20000350                _end = .
                0x20000350                __end = .
                0x20000350                PROVIDE (end, .)
                0x20000350                PROVIDE (__bss_end__, .)
                0x00003460                __cy_region_init_ram = LOADADDR (.data)
                0x00000088                __cy_region_init_size_ram = (_edata - ADDR (.data))
                0x00000208                __cy_region_zero_size_ram = (_end - _edata)

.heap           0x20000350       0x80 load address 0x000034e8
                0x20000350                . = _end
                0x200003d0                . = (. + 0x80)
 *fill*         0x20000350       0x80 
                0x200003d0                __cy_heap_limit = .

.stack          0x20007800      0x800
                0x20007800                __cy_stack_limit = .
                0x20008000                . = (. + 0x800)
 *fill*         0x20007800      0x800 
                0x00000001                ASSERT ((__cy_stack_limit >= __cy_heap_limit), region RAM overflowed with stack)
                0x00000000                cy_checksum_exclude_size = (CY_APPL_LOADABLE == 0x1)?SIZEOF (.cy_checksum_exclude):0x0
                0x00000001                ASSERT ((cy_checksum_exclude_size <= CY_CHECKSUM_EXCLUDE_SIZE), CY_BOOT: Section .cy_checksum_exclude size exceedes specified limit.)
                0x0003ffc0                cyloadermeta_start = (cy_project_type_bootloader || cy_project_type_app_for_stack_and_copier)?(LENGTH (rom) - CY_METADATA_SIZE):0xf0000000

.cyloadermeta
 *(.cyloadermeta)
                0x0003ffc0                cyloadablemeta_start = cy_project_type_app_for_stack_and_copier?((LENGTH (rom) - CY_FLASH_ROW_SIZE) - CY_METADATA_SIZE):((LENGTH (rom) - (CY_FLASH_ROW_SIZE * (CY_APPL_NUM - 0x1))) - CY_METADATA_SIZE)

.cyloadablemeta
 *(.cyloadablemeta)

.cyflashprotect
                0x90400000       0x80
 *(.cyflashprotect)
 .cyflashprotect
                0x90400000       0x80 .\CortexM0\ARM_GCC_541\Debug\cymetadata.o
                0x90400000                cy_meta_flashprotect

.cymeta         0x90500000        0xc
 *(.cymeta)
 .cymeta        0x90500000        0xc .\CortexM0\ARM_GCC_541\Debug\cymetadata.o
                0x90500000                cy_metadata

.cychipprotect  0x90600000        0x1
 *(.cychipprotect)
 .cychipprotect
                0x90600000        0x1 .\CortexM0\ARM_GCC_541\Debug\cymetadata.o
                0x90600000                cy_meta_chipprotect

.rel.dyn        0x000034e8        0x0 load address 0x90600004
 .rel.iplt      0x000034e8        0x0 c:/program files (x86)/cypress/psoc creator/4.3/psoc creator/import/gnu/arm/5.4.1/bin/../lib/gcc/arm-none-eabi/5.4.1/armv6-m/crtbegin.o

.stab
 *(.stab)

.stabstr
 *(.stabstr)

.debug
 *(.debug)

.line
 *(.line)

.debug_srcinfo
 *(.debug_srcinfo)

.debug_sfnames
 *(.debug_sfnames)

.debug_aranges  0x00000000     0x1158
 *(.debug_aranges)
 .debug_aranges
                0x00000000       0x38 .\CortexM0\ARM_GCC_541\Debug\main.o
 .debug_aranges
                0x00000038       0x20 .\CortexM0\ARM_GCC_541\Debug\MotorDrive.o
 .debug_aranges
                0x00000058       0x38 .\CortexM0\ARM_GCC_541\Debug\LED_Array.o
 .debug_aranges
                0x00000090       0xc0 .\CortexM0\ARM_GCC_541\Debug\CANCommon.o
 .debug_aranges
                0x00000150       0x18 .\CortexM0\ARM_GCC_541\Debug\CANGPIO.o
 .debug_aranges
                0x00000168       0x18 .\CortexM0\ARM_GCC_541\Debug\CANLocalization.o
 .debug_aranges
                0x00000180       0xc0 .\CortexM0\ARM_GCC_541\Debug\CANMotorUnit.o
 .debug_aranges
                0x00000240       0xa0 .\CortexM0\ARM_GCC_541\Debug\CANPacket.o
 .debug_aranges
                0x000002e0       0x40 .\CortexM0\ARM_GCC_541\Debug\CANPower.o
 .debug_aranges
                0x00000320       0x68 .\CortexM0\ARM_GCC_541\Debug\PortPSOC_CY8C4248AZI_L485.o
 .debug_aranges
                0x00000388       0x48 .\CortexM0\ARM_GCC_541\Debug\cyfitter_cfg.o
 .debug_aranges
                0x000003d0       0x18 .\CortexM0\ARM_GCC_541\Debug\cymetadata.o
 .debug_aranges
                0x000003e8       0x48 .\CortexM0\ARM_GCC_541\Debug\Cm0Start.o
 .debug_aranges
                0x00000430      0x260 .\CortexM0\ARM_GCC_541\Debug\Motor_Board_Rev3.a(CyLib.o)
 .debug_aranges
                0x00000690      0x188 .\CortexM0\ARM_GCC_541\Debug\Motor_Board_Rev3.a(CyLFClk.o)
 .debug_aranges
                0x00000818      0x158 .\CortexM0\ARM_GCC_541\Debug\Motor_Board_Rev3.a(PWM_Motor.o)
 .debug_aranges
                0x00000970       0x48 .\CortexM0\ARM_GCC_541\Debug\Motor_Board_Rev3.a(Pin_Direction.o)
 .debug_aranges
                0x000009b8       0x80 .\CortexM0\ARM_GCC_541\Debug\Motor_Board_Rev3.a(isr_Limit_1.o)
 .debug_aranges
                0x00000a38       0x60 .\CortexM0\ARM_GCC_541\Debug\Motor_Board_Rev3.a(QuadDec.o)
 .debug_aranges
                0x00000a98       0x98 .\CortexM0\ARM_GCC_541\Debug\Motor_Board_Rev3.a(QuadDec_Cnt16.o)
 .debug_aranges
                0x00000b30       0xe8 .\CortexM0\ARM_GCC_541\Debug\Motor_Board_Rev3.a(CAN.o)
 .debug_aranges
                0x00000c18       0x20 .\CortexM0\ARM_GCC_541\Debug\Motor_Board_Rev3.a(CAN_INT.o)
 .debug_aranges
                0x00000c38       0x30 .\CortexM0\ARM_GCC_541\Debug\Motor_Board_Rev3.a(CAN_TX_RX_func.o)
 .debug_aranges
                0x00000c68       0x58 .\CortexM0\ARM_GCC_541\Debug\Motor_Board_Rev3.a(UART.o)
 .debug_aranges
                0x00000cc0       0x90 .\CortexM0\ARM_GCC_541\Debug\Motor_Board_Rev3.a(UART_UART.o)
 .debug_aranges
                0x00000d50       0x40 .\CortexM0\ARM_GCC_541\Debug\Motor_Board_Rev3.a(Can_addr.o)
 .debug_aranges
                0x00000d90       0x90 .\CortexM0\ARM_GCC_541\Debug\Motor_Board_Rev3.a(Timer_1.o)
 .debug_aranges
                0x00000e20       0x80 .\CortexM0\ARM_GCC_541\Debug\Motor_Board_Rev3.a(isr_period.o)
 .debug_aranges
                0x00000ea0       0xa0 .\CortexM0\ARM_GCC_541\Debug\Motor_Board_Rev3.a(StripLights.o)
 .debug_aranges
                0x00000f40       0x30 .\CortexM0\ARM_GCC_541\Debug\Motor_Board_Rev3.a(StripLights_fonts.o)
 .debug_aranges
                0x00000f70       0x80 .\CortexM0\ARM_GCC_541\Debug\Motor_Board_Rev3.a(StripLights_cisr.o)
 .debug_aranges
                0x00000ff0       0x80 .\CortexM0\ARM_GCC_541\Debug\Motor_Board_Rev3.a(StripLights_fisr.o)
 .debug_aranges
                0x00001070       0x20 .\CortexM0\ARM_GCC_541\Debug\Motor_Board_Rev3.a(CyBootAsmGnu.o)
 .debug_aranges
                0x00001090       0x40 .\CortexM0\ARM_GCC_541\Debug\Motor_Board_Rev3.a(CyFlash.o)
 .debug_aranges
                0x000010d0       0x28 .\CortexM0\ARM_GCC_541\Debug\Motor_Board_Rev3.a(cyutils.o)
 .debug_aranges
                0x000010f8       0x60 .\CortexM0\ARM_GCC_541\Debug\Motor_Board_Rev3.a(UART_SPI_UART.o)

.debug_pubnames
 *(.debug_pubnames)

.debug_info     0x00000000     0xaac8
 *(.debug_info .gnu.linkonce.wi.*)
 .debug_info    0x00000000      0x5d3 .\CortexM0\ARM_GCC_541\Debug\main.o
 .debug_info    0x000005d3      0x174 .\CortexM0\ARM_GCC_541\Debug\MotorDrive.o
 .debug_info    0x00000747      0x372 .\CortexM0\ARM_GCC_541\Debug\LED_Array.o
 .debug_info    0x00000ab9      0xa55 .\CortexM0\ARM_GCC_541\Debug\CANCommon.o
 .debug_info    0x0000150e       0x6b .\CortexM0\ARM_GCC_541\Debug\CANGPIO.o
 .debug_info    0x00001579       0x6b .\CortexM0\ARM_GCC_541\Debug\CANLocalization.o
 .debug_info    0x000015e4      0x9e7 .\CortexM0\ARM_GCC_541\Debug\CANMotorUnit.o
 .debug_info    0x00001fcb      0x5fb .\CortexM0\ARM_GCC_541\Debug\CANPacket.o
 .debug_info    0x000025c6      0x2ff .\CortexM0\ARM_GCC_541\Debug\CANPower.o
 .debug_info    0x000028c5      0x621 .\CortexM0\ARM_GCC_541\Debug\PortPSOC_CY8C4248AZI_L485.o
 .debug_info    0x00002ee6      0x417 .\CortexM0\ARM_GCC_541\Debug\cyfitter_cfg.o
 .debug_info    0x000032fd       0xf8 .\CortexM0\ARM_GCC_541\Debug\cymetadata.o
 .debug_info    0x000033f5      0x3a2 .\CortexM0\ARM_GCC_541\Debug\Cm0Start.o
 .debug_info    0x00003797     0x178f .\CortexM0\ARM_GCC_541\Debug\Motor_Board_Rev3.a(CyLib.o)
 .debug_info    0x00004f26     0x1058 .\CortexM0\ARM_GCC_541\Debug\Motor_Board_Rev3.a(CyLFClk.o)
 .debug_info    0x00005f7e      0x908 .\CortexM0\ARM_GCC_541\Debug\Motor_Board_Rev3.a(PWM_Motor.o)
 .debug_info    0x00006886      0x19d .\CortexM0\ARM_GCC_541\Debug\Motor_Board_Rev3.a(Pin_Direction.o)
 .debug_info    0x00006a23      0x305 .\CortexM0\ARM_GCC_541\Debug\Motor_Board_Rev3.a(isr_Limit_1.o)
 .debug_info    0x00006d28      0x2d4 .\CortexM0\ARM_GCC_541\Debug\Motor_Board_Rev3.a(QuadDec.o)
 .debug_info    0x00006ffc      0x345 .\CortexM0\ARM_GCC_541\Debug\Motor_Board_Rev3.a(QuadDec_Cnt16.o)
 .debug_info    0x00007341      0x9c6 .\CortexM0\ARM_GCC_541\Debug\Motor_Board_Rev3.a(CAN.o)
 .debug_info    0x00007d07       0xa0 .\CortexM0\ARM_GCC_541\Debug\Motor_Board_Rev3.a(CAN_INT.o)
 .debug_info    0x00007da7      0x37e .\CortexM0\ARM_GCC_541\Debug\Motor_Board_Rev3.a(CAN_TX_RX_func.o)
 .debug_info    0x00008125      0x23a .\CortexM0\ARM_GCC_541\Debug\Motor_Board_Rev3.a(UART.o)
 .debug_info    0x0000835f      0x3b5 .\CortexM0\ARM_GCC_541\Debug\Motor_Board_Rev3.a(UART_UART.o)
 .debug_info    0x00008714      0x17f .\CortexM0\ARM_GCC_541\Debug\Motor_Board_Rev3.a(Can_addr.o)
 .debug_info    0x00008893      0x386 .\CortexM0\ARM_GCC_541\Debug\Motor_Board_Rev3.a(Timer_1.o)
 .debug_info    0x00008c19      0x305 .\CortexM0\ARM_GCC_541\Debug\Motor_Board_Rev3.a(isr_period.o)
 .debug_info    0x00008f1e      0xa83 .\CortexM0\ARM_GCC_541\Debug\Motor_Board_Rev3.a(StripLights.o)
 .debug_info    0x000099a1      0x394 .\CortexM0\ARM_GCC_541\Debug\Motor_Board_Rev3.a(StripLights_fonts.o)
 .debug_info    0x00009d35      0x305 .\CortexM0\ARM_GCC_541\Debug\Motor_Board_Rev3.a(StripLights_cisr.o)
 .debug_info    0x0000a03a      0x305 .\CortexM0\ARM_GCC_541\Debug\Motor_Board_Rev3.a(StripLights_fisr.o)
 .debug_info    0x0000a33f       0xcc .\CortexM0\ARM_GCC_541\Debug\Motor_Board_Rev3.a(CyBootAsmGnu.o)
 .debug_info    0x0000a40b      0x352 .\CortexM0\ARM_GCC_541\Debug\Motor_Board_Rev3.a(CyFlash.o)
 .debug_info    0x0000a75d      0x14b .\CortexM0\ARM_GCC_541\Debug\Motor_Board_Rev3.a(cyutils.o)
 .debug_info    0x0000a8a8      0x220 .\CortexM0\ARM_GCC_541\Debug\Motor_Board_Rev3.a(UART_SPI_UART.o)

.debug_abbrev   0x00000000     0x2be7
 *(.debug_abbrev)
 .debug_abbrev  0x00000000      0x187 .\CortexM0\ARM_GCC_541\Debug\main.o
 .debug_abbrev  0x00000187       0xc4 .\CortexM0\ARM_GCC_541\Debug\MotorDrive.o
 .debug_abbrev  0x0000024b      0x15d .\CortexM0\ARM_GCC_541\Debug\LED_Array.o
 .debug_abbrev  0x000003a8      0x149 .\CortexM0\ARM_GCC_541\Debug\CANCommon.o
 .debug_abbrev  0x000004f1       0x26 .\CortexM0\ARM_GCC_541\Debug\CANGPIO.o
 .debug_abbrev  0x00000517       0x26 .\CortexM0\ARM_GCC_541\Debug\CANLocalization.o
 .debug_abbrev  0x0000053d      0x115 .\CortexM0\ARM_GCC_541\Debug\CANMotorUnit.o
 .debug_abbrev  0x00000652      0x168 .\CortexM0\ARM_GCC_541\Debug\CANPacket.o
 .debug_abbrev  0x000007ba      0x124 .\CortexM0\ARM_GCC_541\Debug\CANPower.o
 .debug_abbrev  0x000008de      0x1ad .\CortexM0\ARM_GCC_541\Debug\PortPSOC_CY8C4248AZI_L485.o
 .debug_abbrev  0x00000a8b      0x1d8 .\CortexM0\ARM_GCC_541\Debug\cyfitter_cfg.o
 .debug_abbrev  0x00000c63       0x5d .\CortexM0\ARM_GCC_541\Debug\cymetadata.o
 .debug_abbrev  0x00000cc0      0x1d7 .\CortexM0\ARM_GCC_541\Debug\Cm0Start.o
 .debug_abbrev  0x00000e97      0x288 .\CortexM0\ARM_GCC_541\Debug\Motor_Board_Rev3.a(CyLib.o)
 .debug_abbrev  0x0000111f      0x248 .\CortexM0\ARM_GCC_541\Debug\Motor_Board_Rev3.a(CyLFClk.o)
 .debug_abbrev  0x00001367      0x119 .\CortexM0\ARM_GCC_541\Debug\Motor_Board_Rev3.a(PWM_Motor.o)
 .debug_abbrev  0x00001480       0xc8 .\CortexM0\ARM_GCC_541\Debug\Motor_Board_Rev3.a(Pin_Direction.o)
 .debug_abbrev  0x00001548      0x19a .\CortexM0\ARM_GCC_541\Debug\Motor_Board_Rev3.a(isr_Limit_1.o)
 .debug_abbrev  0x000016e2      0x151 .\CortexM0\ARM_GCC_541\Debug\Motor_Board_Rev3.a(QuadDec.o)
 .debug_abbrev  0x00001833      0x117 .\CortexM0\ARM_GCC_541\Debug\Motor_Board_Rev3.a(QuadDec_Cnt16.o)
 .debug_abbrev  0x0000194a      0x186 .\CortexM0\ARM_GCC_541\Debug\Motor_Board_Rev3.a(CAN.o)
 .debug_abbrev  0x00001ad0       0x42 .\CortexM0\ARM_GCC_541\Debug\Motor_Board_Rev3.a(CAN_INT.o)
 .debug_abbrev  0x00001b12      0x159 .\CortexM0\ARM_GCC_541\Debug\Motor_Board_Rev3.a(CAN_TX_RX_func.o)
 .debug_abbrev  0x00001c6b       0xd5 .\CortexM0\ARM_GCC_541\Debug\Motor_Board_Rev3.a(UART.o)
 .debug_abbrev  0x00001d40      0x132 .\CortexM0\ARM_GCC_541\Debug\Motor_Board_Rev3.a(UART_UART.o)
 .debug_abbrev  0x00001e72       0xac .\CortexM0\ARM_GCC_541\Debug\Motor_Board_Rev3.a(Can_addr.o)
 .debug_abbrev  0x00001f1e      0x167 .\CortexM0\ARM_GCC_541\Debug\Motor_Board_Rev3.a(Timer_1.o)
 .debug_abbrev  0x00002085      0x19a .\CortexM0\ARM_GCC_541\Debug\Motor_Board_Rev3.a(isr_period.o)
 .debug_abbrev  0x0000221f      0x1dc .\CortexM0\ARM_GCC_541\Debug\Motor_Board_Rev3.a(StripLights.o)
 .debug_abbrev  0x000023fb      0x113 .\CortexM0\ARM_GCC_541\Debug\Motor_Board_Rev3.a(StripLights_fonts.o)
 .debug_abbrev  0x0000250e      0x19a .\CortexM0\ARM_GCC_541\Debug\Motor_Board_Rev3.a(StripLights_cisr.o)
 .debug_abbrev  0x000026a8      0x19a .\CortexM0\ARM_GCC_541\Debug\Motor_Board_Rev3.a(StripLights_fisr.o)
 .debug_abbrev  0x00002842       0x14 .\CortexM0\ARM_GCC_541\Debug\Motor_Board_Rev3.a(CyBootAsmGnu.o)
 .debug_abbrev  0x00002856      0x182 .\CortexM0\ARM_GCC_541\Debug\Motor_Board_Rev3.a(CyFlash.o)
 .debug_abbrev  0x000029d8       0xc0 .\CortexM0\ARM_GCC_541\Debug\Motor_Board_Rev3.a(cyutils.o)
 .debug_abbrev  0x00002a98      0x14f .\CortexM0\ARM_GCC_541\Debug\Motor_Board_Rev3.a(UART_SPI_UART.o)

.debug_line     0x00000000     0x4597
 *(.debug_line)
 .debug_line    0x00000000      0x313 .\CortexM0\ARM_GCC_541\Debug\main.o
 .debug_line    0x00000313        0x0 .\CortexM0\ARM_GCC_541\Debug\Initialize_CAN_addr.o
 .debug_line    0x00000313      0x1a1 .\CortexM0\ARM_GCC_541\Debug\MotorDrive.o
 .debug_line    0x000004b4        0x0 .\CortexM0\ARM_GCC_541\Debug\PositionPID.o
 .debug_line    0x000004b4      0x1ca .\CortexM0\ARM_GCC_541\Debug\LED_Array.o
 .debug_line    0x0000067e      0x2f3 .\CortexM0\ARM_GCC_541\Debug\CANCommon.o
 .debug_line    0x00000971       0x1d .\CortexM0\ARM_GCC_541\Debug\CANGPIO.o
 .debug_line    0x0000098e       0x1d .\CortexM0\ARM_GCC_541\Debug\CANLocalization.o
 .debug_line    0x000009ab      0x2d7 .\CortexM0\ARM_GCC_541\Debug\CANMotorUnit.o
 .debug_line    0x00000c82      0x2c9 .\CortexM0\ARM_GCC_541\Debug\CANPacket.o
 .debug_line    0x00000f4b      0x19d .\CortexM0\ARM_GCC_541\Debug\CANPower.o
 .debug_line    0x000010e8      0x30c .\CortexM0\ARM_GCC_541\Debug\PortPSOC_CY8C4248AZI_L485.o
 .debug_line    0x000013f4      0x1ba .\CortexM0\ARM_GCC_541\Debug\cyfitter_cfg.o
 .debug_line    0x000015ae      0x141 .\CortexM0\ARM_GCC_541\Debug\cymetadata.o
 .debug_line    0x000016ef      0x236 .\CortexM0\ARM_GCC_541\Debug\Cm0Start.o
 .debug_line    0x00001925      0x8cb .\CortexM0\ARM_GCC_541\Debug\Motor_Board_Rev3.a(CyLib.o)
 .debug_line    0x000021f0      0x5d1 .\CortexM0\ARM_GCC_541\Debug\Motor_Board_Rev3.a(CyLFClk.o)
 .debug_line    0x000027c1      0x382 .\CortexM0\ARM_GCC_541\Debug\Motor_Board_Rev3.a(PWM_Motor.o)
 .debug_line    0x00002b43       0xc5 .\CortexM0\ARM_GCC_541\Debug\Motor_Board_Rev3.a(Pin_Direction.o)
 .debug_line    0x00002c08      0x157 .\CortexM0\ARM_GCC_541\Debug\Motor_Board_Rev3.a(isr_Limit_1.o)
 .debug_line    0x00002d5f      0x123 .\CortexM0\ARM_GCC_541\Debug\Motor_Board_Rev3.a(QuadDec.o)
 .debug_line    0x00002e82      0x196 .\CortexM0\ARM_GCC_541\Debug\Motor_Board_Rev3.a(QuadDec_Cnt16.o)
 .debug_line    0x00003018      0x3e7 .\CortexM0\ARM_GCC_541\Debug\Motor_Board_Rev3.a(CAN.o)
 .debug_line    0x000033ff       0x53 .\CortexM0\ARM_GCC_541\Debug\Motor_Board_Rev3.a(CAN_INT.o)
 .debug_line    0x00003452       0xfc .\CortexM0\ARM_GCC_541\Debug\Motor_Board_Rev3.a(CAN_TX_RX_func.o)
 .debug_line    0x0000354e      0x108 .\CortexM0\ARM_GCC_541\Debug\Motor_Board_Rev3.a(UART.o)
 .debug_line    0x00003656      0x1cf .\CortexM0\ARM_GCC_541\Debug\Motor_Board_Rev3.a(UART_UART.o)
 .debug_line    0x00003825       0xb7 .\CortexM0\ARM_GCC_541\Debug\Motor_Board_Rev3.a(Can_addr.o)
 .debug_line    0x000038dc      0x17b .\CortexM0\ARM_GCC_541\Debug\Motor_Board_Rev3.a(Timer_1.o)
 .debug_line    0x00003a57      0x156 .\CortexM0\ARM_GCC_541\Debug\Motor_Board_Rev3.a(isr_period.o)
 .debug_line    0x00003bad      0x2d8 .\CortexM0\ARM_GCC_541\Debug\Motor_Board_Rev3.a(StripLights.o)
 .debug_line    0x00003e85       0xf5 .\CortexM0\ARM_GCC_541\Debug\Motor_Board_Rev3.a(StripLights_fonts.o)
 .debug_line    0x00003f7a      0x158 .\CortexM0\ARM_GCC_541\Debug\Motor_Board_Rev3.a(StripLights_cisr.o)
 .debug_line    0x000040d2      0x15c .\CortexM0\ARM_GCC_541\Debug\Motor_Board_Rev3.a(StripLights_fisr.o)
 .debug_line    0x0000422e       0x68 .\CortexM0\ARM_GCC_541\Debug\Motor_Board_Rev3.a(CyBootAsmGnu.o)
 .debug_line    0x00004296      0x173 .\CortexM0\ARM_GCC_541\Debug\Motor_Board_Rev3.a(CyFlash.o)
 .debug_line    0x00004409       0x74 .\CortexM0\ARM_GCC_541\Debug\Motor_Board_Rev3.a(cyutils.o)
 .debug_line    0x0000447d      0x11a .\CortexM0\ARM_GCC_541\Debug\Motor_Board_Rev3.a(UART_SPI_UART.o)

.debug_frame    0x00000000     0x3100
 *(.debug_frame)
 .debug_frame   0x00000000       0x8c .\CortexM0\ARM_GCC_541\Debug\main.o
 .debug_frame   0x0000008c       0x2c .\CortexM0\ARM_GCC_541\Debug\MotorDrive.o
 .debug_frame   0x000000b8       0x90 .\CortexM0\ARM_GCC_541\Debug\LED_Array.o
 .debug_frame   0x00000148      0x27c .\CortexM0\ARM_GCC_541\Debug\CANCommon.o
 .debug_frame   0x000003c4      0x254 .\CortexM0\ARM_GCC_541\Debug\CANMotorUnit.o
 .debug_frame   0x00000618      0x198 .\CortexM0\ARM_GCC_541\Debug\CANPacket.o
 .debug_frame   0x000007b0       0x8c .\CortexM0\ARM_GCC_541\Debug\CANPower.o
 .debug_frame   0x0000083c       0xfc .\CortexM0\ARM_GCC_541\Debug\PortPSOC_CY8C4248AZI_L485.o
 .debug_frame   0x00000938       0xb8 .\CortexM0\ARM_GCC_541\Debug\cyfitter_cfg.o
 .debug_frame   0x000009f0       0xbc .\CortexM0\ARM_GCC_541\Debug\Cm0Start.o
 .debug_frame   0x00000aac      0x6f4 .\CortexM0\ARM_GCC_541\Debug\Motor_Board_Rev3.a(CyLib.o)
 .debug_frame   0x000011a0      0x4a4 .\CortexM0\ARM_GCC_541\Debug\Motor_Board_Rev3.a(CyLFClk.o)
 .debug_frame   0x00001644      0x3a0 .\CortexM0\ARM_GCC_541\Debug\Motor_Board_Rev3.a(PWM_Motor.o)
 .debug_frame   0x000019e4       0x70 .\CortexM0\ARM_GCC_541\Debug\Motor_Board_Rev3.a(Pin_Direction.o)
 .debug_frame   0x00001a54      0x110 .\CortexM0\ARM_GCC_541\Debug\Motor_Board_Rev3.a(isr_Limit_1.o)
 .debug_frame   0x00001b64       0xdc .\CortexM0\ARM_GCC_541\Debug\Motor_Board_Rev3.a(QuadDec.o)
 .debug_frame   0x00001c40      0x134 .\CortexM0\ARM_GCC_541\Debug\Motor_Board_Rev3.a(QuadDec_Cnt16.o)
 .debug_frame   0x00001d74      0x238 .\CortexM0\ARM_GCC_541\Debug\Motor_Board_Rev3.a(CAN.o)
 .debug_frame   0x00001fac       0x20 .\CortexM0\ARM_GCC_541\Debug\Motor_Board_Rev3.a(CAN_INT.o)
 .debug_frame   0x00001fcc       0x60 .\CortexM0\ARM_GCC_541\Debug\Motor_Board_Rev3.a(CAN_TX_RX_func.o)
 .debug_frame   0x0000202c       0xd8 .\CortexM0\ARM_GCC_541\Debug\Motor_Board_Rev3.a(UART.o)
 .debug_frame   0x00002104      0x144 .\CortexM0\ARM_GCC_541\Debug\Motor_Board_Rev3.a(UART_UART.o)
 .debug_frame   0x00002248       0x78 .\CortexM0\ARM_GCC_541\Debug\Motor_Board_Rev3.a(Can_addr.o)
 .debug_frame   0x000022c0      0x160 .\CortexM0\ARM_GCC_541\Debug\Motor_Board_Rev3.a(Timer_1.o)
 .debug_frame   0x00002420      0x110 .\CortexM0\ARM_GCC_541\Debug\Motor_Board_Rev3.a(isr_period.o)
 .debug_frame   0x00002530      0x1d0 .\CortexM0\ARM_GCC_541\Debug\Motor_Board_Rev3.a(StripLights.o)
 .debug_frame   0x00002700       0x84 .\CortexM0\ARM_GCC_541\Debug\Motor_Board_Rev3.a(StripLights_fonts.o)
 .debug_frame   0x00002784      0x110 .\CortexM0\ARM_GCC_541\Debug\Motor_Board_Rev3.a(StripLights_cisr.o)
 .debug_frame   0x00002894      0x110 .\CortexM0\ARM_GCC_541\Debug\Motor_Board_Rev3.a(StripLights_fisr.o)
 .debug_frame   0x000029a4       0x90 .\CortexM0\ARM_GCC_541\Debug\Motor_Board_Rev3.a(CyFlash.o)
 .debug_frame   0x00002a34       0x30 .\CortexM0\ARM_GCC_541\Debug\Motor_Board_Rev3.a(cyutils.o)
 .debug_frame   0x00002a64       0xb0 .\CortexM0\ARM_GCC_541\Debug\Motor_Board_Rev3.a(UART_SPI_UART.o)
 .debug_frame   0x00002b14       0x20 c:/program files (x86)/cypress/psoc creator/4.3/psoc creator/import/gnu/arm/5.4.1/bin/../lib/gcc/arm-none-eabi/5.4.1/armv6-m\libgcc.a(_udivsi3.o)
 .debug_frame   0x00002b34       0x20 c:/program files (x86)/cypress/psoc creator/4.3/psoc creator/import/gnu/arm/5.4.1/bin/../lib/gcc/arm-none-eabi/5.4.1/armv6-m\libgcc.a(_divsi3.o)
 .debug_frame   0x00002b54       0x2c c:/program files (x86)/cypress/psoc creator/4.3/psoc creator/import/gnu/arm/5.4.1/bin/../lib/gcc/arm-none-eabi/5.4.1/armv6-m\libgcc.a(_fixunsdfsi.o)
 .debug_frame   0x00002b80       0x3c c:/program files (x86)/cypress/psoc creator/4.3/psoc creator/import/gnu/arm/5.4.1/bin/../lib/gcc/arm-none-eabi/5.4.1/armv6-m\libgcc.a(adddf3.o)
 .debug_frame   0x00002bbc       0x3c c:/program files (x86)/cypress/psoc creator/4.3/psoc creator/import/gnu/arm/5.4.1/bin/../lib/gcc/arm-none-eabi/5.4.1/armv6-m\libgcc.a(divdf3.o)
 .debug_frame   0x00002bf8       0x3c c:/program files (x86)/cypress/psoc creator/4.3/psoc creator/import/gnu/arm/5.4.1/bin/../lib/gcc/arm-none-eabi/5.4.1/armv6-m\libgcc.a(muldf3.o)
 .debug_frame   0x00002c34       0x38 c:/program files (x86)/cypress/psoc creator/4.3/psoc creator/import/gnu/arm/5.4.1/bin/../lib/gcc/arm-none-eabi/5.4.1/armv6-m\libgcc.a(subdf3.o)
 .debug_frame   0x00002c6c       0x2c c:/program files (x86)/cypress/psoc creator/4.3/psoc creator/import/gnu/arm/5.4.1/bin/../lib/gcc/arm-none-eabi/5.4.1/armv6-m\libgcc.a(fixdfsi.o)
 .debug_frame   0x00002c98       0x2c c:/program files (x86)/cypress/psoc creator/4.3/psoc creator/import/gnu/arm/5.4.1/bin/../lib/gcc/arm-none-eabi/5.4.1/armv6-m\libgcc.a(floatsidf.o)
 .debug_frame   0x00002cc4       0x2c c:/program files (x86)/cypress/psoc creator/4.3/psoc creator/import/gnu/arm/5.4.1/bin/../lib/gcc/arm-none-eabi/5.4.1/armv6-m\libgcc.a(floatunsidf.o)
 .debug_frame   0x00002cf0       0x38 c:/program files (x86)/cypress/psoc creator/4.3/psoc creator/import/gnu/arm/5.4.1/bin/../lib/gcc/arm-none-eabi/5.4.1/armv6-m\libgcc.a(eqdf2.o)
 .debug_frame   0x00002d28       0x38 c:/program files (x86)/cypress/psoc creator/4.3/psoc creator/import/gnu/arm/5.4.1/bin/../lib/gcc/arm-none-eabi/5.4.1/armv6-m\libgcc.a(gedf2.o)
 .debug_frame   0x00002d60       0x38 c:/program files (x86)/cypress/psoc creator/4.3/psoc creator/import/gnu/arm/5.4.1/bin/../lib/gcc/arm-none-eabi/5.4.1/armv6-m\libgcc.a(ledf2.o)
 .debug_frame   0x00002d98       0x20 c:/program files (x86)/cypress/psoc creator/4.3/psoc creator/import/gnu/arm/5.4.1/bin/../lib/gcc/arm-none-eabi/5.4.1/../../../../arm-none-eabi/lib/armv6-m\libg_nano.a(lib_a-errno.o)
 .debug_frame   0x00002db8       0x28 c:/program files (x86)/cypress/psoc creator/4.3/psoc creator/import/gnu/arm/5.4.1/bin/../lib/gcc/arm-none-eabi/5.4.1/../../../../arm-none-eabi/lib/armv6-m\libg_nano.a(lib_a-exit.o)
 .debug_frame   0x00002de0       0x2c c:/program files (x86)/cypress/psoc creator/4.3/psoc creator/import/gnu/arm/5.4.1/bin/../lib/gcc/arm-none-eabi/5.4.1/../../../../arm-none-eabi/lib/armv6-m\libg_nano.a(lib_a-init.o)
 .debug_frame   0x00002e0c       0x28 c:/program files (x86)/cypress/psoc creator/4.3/psoc creator/import/gnu/arm/5.4.1/bin/../lib/gcc/arm-none-eabi/5.4.1/../../../../arm-none-eabi/lib/armv6-m\libg_nano.a(lib_a-memcpy-stub.o)
 .debug_frame   0x00002e34       0x20 c:/program files (x86)/cypress/psoc creator/4.3/psoc creator/import/gnu/arm/5.4.1/bin/../lib/gcc/arm-none-eabi/5.4.1/../../../../arm-none-eabi/lib/armv6-m\libg_nano.a(lib_a-memset.o)
 .debug_frame   0x00002e54       0x50 c:/program files (x86)/cypress/psoc creator/4.3/psoc creator/import/gnu/arm/5.4.1/bin/../lib/gcc/arm-none-eabi/5.4.1/../../../../arm-none-eabi/lib/armv6-m\libg_nano.a(lib_a-sprintf.o)
 .debug_frame   0x00002ea4       0x74 c:/program files (x86)/cypress/psoc creator/4.3/psoc creator/import/gnu/arm/5.4.1/bin/../lib/gcc/arm-none-eabi/5.4.1/../../../../arm-none-eabi/lib/armv6-m\libg_nano.a(lib_a-nano-svfprintf.o)
 .debug_frame   0x00002f18       0x54 c:/program files (x86)/cypress/psoc creator/4.3/psoc creator/import/gnu/arm/5.4.1/bin/../lib/gcc/arm-none-eabi/5.4.1/../../../../arm-none-eabi/lib/armv6-m\libg_nano.a(lib_a-nano-vfprintf_i.o)
 .debug_frame   0x00002f6c       0x20 c:/program files (x86)/cypress/psoc creator/4.3/psoc creator/import/gnu/arm/5.4.1/bin/../lib/gcc/arm-none-eabi/5.4.1/../../../../arm-none-eabi/lib/armv6-m\libg_nano.a(lib_a-memchr-stub.o)
 .debug_frame   0x00002f8c       0x28 c:/program files (x86)/cypress/psoc creator/4.3/psoc creator/import/gnu/arm/5.4.1/bin/../lib/gcc/arm-none-eabi/5.4.1/../../../../arm-none-eabi/lib/armv6-m\libg_nano.a(lib_a-memmove.o)
 .debug_frame   0x00002fb4       0x2c c:/program files (x86)/cypress/psoc creator/4.3/psoc creator/import/gnu/arm/5.4.1/bin/../lib/gcc/arm-none-eabi/5.4.1/../../../../arm-none-eabi/lib/armv6-m\libg_nano.a(lib_a-nano-freer.o)
 .debug_frame   0x00002fe0       0x2c c:/program files (x86)/cypress/psoc creator/4.3/psoc creator/import/gnu/arm/5.4.1/bin/../lib/gcc/arm-none-eabi/5.4.1/../../../../arm-none-eabi/lib/armv6-m\libg_nano.a(lib_a-nano-mallocr.o)
 .debug_frame   0x0000300c       0x30 c:/program files (x86)/cypress/psoc creator/4.3/psoc creator/import/gnu/arm/5.4.1/bin/../lib/gcc/arm-none-eabi/5.4.1/../../../../arm-none-eabi/lib/armv6-m\libg_nano.a(lib_a-nano-reallocr.o)
 .debug_frame   0x0000303c       0x2c c:/program files (x86)/cypress/psoc creator/4.3/psoc creator/import/gnu/arm/5.4.1/bin/../lib/gcc/arm-none-eabi/5.4.1/../../../../arm-none-eabi/lib/armv6-m\libg_nano.a(lib_a-sbrkr.o)
 .debug_frame   0x00003068       0x30 c:/program files (x86)/cypress/psoc creator/4.3/psoc creator/import/gnu/arm/5.4.1/bin/../lib/gcc/arm-none-eabi/5.4.1/../../../../arm-none-eabi/lib/armv6-m\libg_nano.a(lib_a-mlock.o)
 .debug_frame   0x00003098       0x20 c:/program files (x86)/cypress/psoc creator/4.3/psoc creator/import/gnu/arm/5.4.1/bin/../lib/gcc/arm-none-eabi/5.4.1/../../../../arm-none-eabi/lib/armv6-m\libg_nano.a(lib_a-nano-msizer.o)
 .debug_frame   0x000030b8       0x48 c:/program files (x86)/cypress/psoc creator/4.3/psoc creator/import/gnu/arm/5.4.1/bin/../lib/gcc/arm-none-eabi/5.4.1/../../../../arm-none-eabi/lib/armv6-m\libg_nano.a(lib_a-reent.o)

.debug_str      0x00000000     0x3ce0
 *(.debug_str)
 .debug_str     0x00000000      0x36f .\CortexM0\ARM_GCC_541\Debug\main.o
                                0x3cf (size before relaxing)
 .debug_str     0x0000036f       0x16 .\CortexM0\ARM_GCC_541\Debug\Initialize_CAN_addr.o
                                0x122 (size before relaxing)
 .debug_str     0x00000385       0x56 .\CortexM0\ARM_GCC_541\Debug\MotorDrive.o
                                0x238 (size before relaxing)
 .debug_str     0x000003db       0x79 .\CortexM0\ARM_GCC_541\Debug\PositionPID.o
                                0x107 (size before relaxing)
 .debug_str     0x00000454       0xfe .\CortexM0\ARM_GCC_541\Debug\LED_Array.o
                                0x318 (size before relaxing)
 .debug_str     0x00000552      0x3ee .\CortexM0\ARM_GCC_541\Debug\CANCommon.o
                                0x5df (size before relaxing)
 .debug_str     0x00000940       0x14 .\CortexM0\ARM_GCC_541\Debug\CANGPIO.o
                                0x1ad (size before relaxing)
 .debug_str     0x00000954       0x1c .\CortexM0\ARM_GCC_541\Debug\CANLocalization.o
                                0x1b5 (size before relaxing)
 .debug_str     0x00000970      0x23b .\CortexM0\ARM_GCC_541\Debug\CANMotorUnit.o
                                0x4e9 (size before relaxing)
 .debug_str     0x00000bab      0x1a4 .\CortexM0\ARM_GCC_541\Debug\CANPacket.o
                                0x448 (size before relaxing)
 .debug_str     0x00000d4f       0xc2 .\CortexM0\ARM_GCC_541\Debug\CANPower.o
                                0x34d (size before relaxing)
 .debug_str     0x00000e11      0x1fc .\CortexM0\ARM_GCC_541\Debug\PortPSOC_CY8C4248AZI_L485.o
                                0x4ac (size before relaxing)
 .debug_str     0x0000100d      0x13e .\CortexM0\ARM_GCC_541\Debug\cyfitter_cfg.o
                                0x33f (size before relaxing)
 .debug_str     0x0000114b       0x59 .\CortexM0\ARM_GCC_541\Debug\cymetadata.o
                                0x204 (size before relaxing)
 .debug_str     0x000011a4      0x134 .\CortexM0\ARM_GCC_541\Debug\Cm0Start.o
                                0x33d (size before relaxing)
 .debug_str     0x000012d8      0x914 .\CortexM0\ARM_GCC_541\Debug\Motor_Board_Rev3.a(CyLib.o)
                                0xb7a (size before relaxing)
 .debug_str     0x00001bec      0x6d9 .\CortexM0\ARM_GCC_541\Debug\Motor_Board_Rev3.a(CyLFClk.o)
                                0x959 (size before relaxing)
 .debug_str     0x000022c5      0x46f .\CortexM0\ARM_GCC_541\Debug\Motor_Board_Rev3.a(PWM_Motor.o)
                                0x695 (size before relaxing)
 .debug_str     0x00002734       0xcf .\CortexM0\ARM_GCC_541\Debug\Motor_Board_Rev3.a(Pin_Direction.o)
                                0x2aa (size before relaxing)
 .debug_str     0x00002803      0x135 .\CortexM0\ARM_GCC_541\Debug\Motor_Board_Rev3.a(isr_Limit_1.o)
                                0x37a (size before relaxing)
 .debug_str     0x00002938      0x114 .\CortexM0\ARM_GCC_541\Debug\Motor_Board_Rev3.a(QuadDec.o)
                                0x359 (size before relaxing)
 .debug_str     0x00002a4c      0x1c5 .\CortexM0\ARM_GCC_541\Debug\Motor_Board_Rev3.a(QuadDec_Cnt16.o)
                                0x42c (size before relaxing)
 .debug_str     0x00002c11      0x2b4 .\CortexM0\ARM_GCC_541\Debug\Motor_Board_Rev3.a(CAN.o)
                                0x572 (size before relaxing)
 .debug_str     0x00002ec5       0x29 .\CortexM0\ARM_GCC_541\Debug\Motor_Board_Rev3.a(CAN_INT.o)
                                0x1e0 (size before relaxing)
 .debug_str     0x00002eee       0x63 .\CortexM0\ARM_GCC_541\Debug\Motor_Board_Rev3.a(CAN_TX_RX_func.o)
                                0x305 (size before relaxing)
 .debug_str     0x00002f51       0xf7 .\CortexM0\ARM_GCC_541\Debug\Motor_Board_Rev3.a(UART.o)
                                0x2d3 (size before relaxing)
 .debug_str     0x00003048      0x1d2 .\CortexM0\ARM_GCC_541\Debug\Motor_Board_Rev3.a(UART_UART.o)
                                0x404 (size before relaxing)
 .debug_str     0x0000321a       0x7a .\CortexM0\ARM_GCC_541\Debug\Motor_Board_Rev3.a(Can_addr.o)
                                0x28b (size before relaxing)
 .debug_str     0x00003294      0x175 .\CortexM0\ARM_GCC_541\Debug\Motor_Board_Rev3.a(Timer_1.o)
                                0x3b1 (size before relaxing)
 .debug_str     0x00003409      0x119 .\CortexM0\ARM_GCC_541\Debug\Motor_Board_Rev3.a(isr_period.o)
                                0x36c (size before relaxing)
 .debug_str     0x00003522      0x24d .\CortexM0\ARM_GCC_541\Debug\Motor_Board_Rev3.a(StripLights.o)
                                0x4a2 (size before relaxing)
 .debug_str     0x0000376f       0xee .\CortexM0\ARM_GCC_541\Debug\Motor_Board_Rev3.a(StripLights_fonts.o)
                                0x30d (size before relaxing)
 .debug_str     0x0000385d      0x167 .\CortexM0\ARM_GCC_541\Debug\Motor_Board_Rev3.a(StripLights_cisr.o)
                                0x3c0 (size before relaxing)
 .debug_str     0x000039c4      0x167 .\CortexM0\ARM_GCC_541\Debug\Motor_Board_Rev3.a(StripLights_fisr.o)
                                0x3c0 (size before relaxing)
 .debug_str     0x00003b2b       0xab .\CortexM0\ARM_GCC_541\Debug\Motor_Board_Rev3.a(CyFlash.o)
                                0x2ec (size before relaxing)
 .debug_str     0x00003bd6       0x2e .\CortexM0\ARM_GCC_541\Debug\Motor_Board_Rev3.a(cyutils.o)
                                0x1f9 (size before relaxing)
 .debug_str     0x00003c04       0xdc .\CortexM0\ARM_GCC_541\Debug\Motor_Board_Rev3.a(UART_SPI_UART.o)
                                0x30a (size before relaxing)

.debug_loc      0x00000000     0x6b19
 *(.debug_loc)
 .debug_loc     0x00000000       0xd2 .\CortexM0\ARM_GCC_541\Debug\main.o
 .debug_loc     0x000000d2       0xd2 .\CortexM0\ARM_GCC_541\Debug\MotorDrive.o
 .debug_loc     0x000001a4      0x33e .\CortexM0\ARM_GCC_541\Debug\LED_Array.o
 .debug_loc     0x000004e2      0x8ff .\CortexM0\ARM_GCC_541\Debug\CANCommon.o
 .debug_loc     0x00000de1      0x8d6 .\CortexM0\ARM_GCC_541\Debug\CANMotorUnit.o
 .debug_loc     0x000016b7      0x575 .\CortexM0\ARM_GCC_541\Debug\CANPacket.o
 .debug_loc     0x00001c2c      0x1bb .\CortexM0\ARM_GCC_541\Debug\CANPower.o
 .debug_loc     0x00001de7      0x112 .\CortexM0\ARM_GCC_541\Debug\PortPSOC_CY8C4248AZI_L485.o
 .debug_loc     0x00001ef9      0x136 .\CortexM0\ARM_GCC_541\Debug\cyfitter_cfg.o
 .debug_loc     0x0000202f      0x14f .\CortexM0\ARM_GCC_541\Debug\Cm0Start.o
 .debug_loc     0x0000217e     0x182f .\CortexM0\ARM_GCC_541\Debug\Motor_Board_Rev3.a(CyLib.o)
 .debug_loc     0x000039ad      0xdb7 .\CortexM0\ARM_GCC_541\Debug\Motor_Board_Rev3.a(CyLFClk.o)
 .debug_loc     0x00004764      0x547 .\CortexM0\ARM_GCC_541\Debug\Motor_Board_Rev3.a(PWM_Motor.o)
 .debug_loc     0x00004cab       0xa2 .\CortexM0\ARM_GCC_541\Debug\Motor_Board_Rev3.a(Pin_Direction.o)
 .debug_loc     0x00004d4d       0x82 .\CortexM0\ARM_GCC_541\Debug\Motor_Board_Rev3.a(isr_Limit_1.o)
 .debug_loc     0x00004dcf       0xa0 .\CortexM0\ARM_GCC_541\Debug\Motor_Board_Rev3.a(QuadDec.o)
 .debug_loc     0x00004e6f       0x3d .\CortexM0\ARM_GCC_541\Debug\Motor_Board_Rev3.a(QuadDec_Cnt16.o)
 .debug_loc     0x00004eac      0xa5e .\CortexM0\ARM_GCC_541\Debug\Motor_Board_Rev3.a(CAN.o)
 .debug_loc     0x0000590a      0x17f .\CortexM0\ARM_GCC_541\Debug\Motor_Board_Rev3.a(CAN_TX_RX_func.o)
 .debug_loc     0x00005a89       0x7e .\CortexM0\ARM_GCC_541\Debug\Motor_Board_Rev3.a(UART.o)
 .debug_loc     0x00005b07      0x223 .\CortexM0\ARM_GCC_541\Debug\Motor_Board_Rev3.a(UART_UART.o)
 .debug_loc     0x00005d2a       0x44 .\CortexM0\ARM_GCC_541\Debug\Motor_Board_Rev3.a(Can_addr.o)
 .debug_loc     0x00005d6e       0x6b .\CortexM0\ARM_GCC_541\Debug\Motor_Board_Rev3.a(Timer_1.o)
 .debug_loc     0x00005dd9       0x82 .\CortexM0\ARM_GCC_541\Debug\Motor_Board_Rev3.a(isr_period.o)
 .debug_loc     0x00005e5b      0x6e1 .\CortexM0\ARM_GCC_541\Debug\Motor_Board_Rev3.a(StripLights.o)
 .debug_loc     0x0000653c      0x252 .\CortexM0\ARM_GCC_541\Debug\Motor_Board_Rev3.a(StripLights_fonts.o)
 .debug_loc     0x0000678e       0x82 .\CortexM0\ARM_GCC_541\Debug\Motor_Board_Rev3.a(StripLights_cisr.o)
 .debug_loc     0x00006810       0x82 .\CortexM0\ARM_GCC_541\Debug\Motor_Board_Rev3.a(StripLights_fisr.o)
 .debug_loc     0x00006892      0x160 .\CortexM0\ARM_GCC_541\Debug\Motor_Board_Rev3.a(CyFlash.o)
 .debug_loc     0x000069f2       0x91 .\CortexM0\ARM_GCC_541\Debug\Motor_Board_Rev3.a(cyutils.o)
 .debug_loc     0x00006a83       0x96 .\CortexM0\ARM_GCC_541\Debug\Motor_Board_Rev3.a(UART_SPI_UART.o)

.debug_macinfo
 *(.debug_macinfo)

.debug_ranges   0x00000000      0xf50
 *(.debug_ranges)
 .debug_ranges  0x00000000       0x40 .\CortexM0\ARM_GCC_541\Debug\main.o
 .debug_ranges  0x00000040       0x10 .\CortexM0\ARM_GCC_541\Debug\MotorDrive.o
 .debug_ranges  0x00000050       0x40 .\CortexM0\ARM_GCC_541\Debug\LED_Array.o
 .debug_ranges  0x00000090       0xb0 .\CortexM0\ARM_GCC_541\Debug\CANCommon.o
 .debug_ranges  0x00000140       0xb0 .\CortexM0\ARM_GCC_541\Debug\CANMotorUnit.o
 .debug_ranges  0x000001f0       0xc0 .\CortexM0\ARM_GCC_541\Debug\CANPacket.o
 .debug_ranges  0x000002b0       0x30 .\CortexM0\ARM_GCC_541\Debug\CANPower.o
 .debug_ranges  0x000002e0       0x58 .\CortexM0\ARM_GCC_541\Debug\PortPSOC_CY8C4248AZI_L485.o
 .debug_ranges  0x00000338       0x38 .\CortexM0\ARM_GCC_541\Debug\cyfitter_cfg.o
 .debug_ranges  0x00000370       0x38 .\CortexM0\ARM_GCC_541\Debug\Cm0Start.o
 .debug_ranges  0x000003a8      0x250 .\CortexM0\ARM_GCC_541\Debug\Motor_Board_Rev3.a(CyLib.o)
 .debug_ranges  0x000005f8      0x178 .\CortexM0\ARM_GCC_541\Debug\Motor_Board_Rev3.a(CyLFClk.o)
 .debug_ranges  0x00000770      0x148 .\CortexM0\ARM_GCC_541\Debug\Motor_Board_Rev3.a(PWM_Motor.o)
 .debug_ranges  0x000008b8       0x38 .\CortexM0\ARM_GCC_541\Debug\Motor_Board_Rev3.a(Pin_Direction.o)
 .debug_ranges  0x000008f0       0x70 .\CortexM0\ARM_GCC_541\Debug\Motor_Board_Rev3.a(isr_Limit_1.o)
 .debug_ranges  0x00000960       0x50 .\CortexM0\ARM_GCC_541\Debug\Motor_Board_Rev3.a(QuadDec.o)
 .debug_ranges  0x000009b0       0x88 .\CortexM0\ARM_GCC_541\Debug\Motor_Board_Rev3.a(QuadDec_Cnt16.o)
 .debug_ranges  0x00000a38       0xd8 .\CortexM0\ARM_GCC_541\Debug\Motor_Board_Rev3.a(CAN.o)
 .debug_ranges  0x00000b10       0x10 .\CortexM0\ARM_GCC_541\Debug\Motor_Board_Rev3.a(CAN_INT.o)
 .debug_ranges  0x00000b20       0x20 .\CortexM0\ARM_GCC_541\Debug\Motor_Board_Rev3.a(CAN_TX_RX_func.o)
 .debug_ranges  0x00000b40       0x48 .\CortexM0\ARM_GCC_541\Debug\Motor_Board_Rev3.a(UART.o)
 .debug_ranges  0x00000b88       0x80 .\CortexM0\ARM_GCC_541\Debug\Motor_Board_Rev3.a(UART_UART.o)
 .debug_ranges  0x00000c08       0x30 .\CortexM0\ARM_GCC_541\Debug\Motor_Board_Rev3.a(Can_addr.o)
 .debug_ranges  0x00000c38       0x80 .\CortexM0\ARM_GCC_541\Debug\Motor_Board_Rev3.a(Timer_1.o)
 .debug_ranges  0x00000cb8       0x70 .\CortexM0\ARM_GCC_541\Debug\Motor_Board_Rev3.a(isr_period.o)
 .debug_ranges  0x00000d28       0x90 .\CortexM0\ARM_GCC_541\Debug\Motor_Board_Rev3.a(StripLights.o)
 .debug_ranges  0x00000db8       0x20 .\CortexM0\ARM_GCC_541\Debug\Motor_Board_Rev3.a(StripLights_fonts.o)
 .debug_ranges  0x00000dd8       0x70 .\CortexM0\ARM_GCC_541\Debug\Motor_Board_Rev3.a(StripLights_cisr.o)
 .debug_ranges  0x00000e48       0x70 .\CortexM0\ARM_GCC_541\Debug\Motor_Board_Rev3.a(StripLights_fisr.o)
 .debug_ranges  0x00000eb8       0x30 .\CortexM0\ARM_GCC_541\Debug\Motor_Board_Rev3.a(CyFlash.o)
 .debug_ranges  0x00000ee8       0x18 .\CortexM0\ARM_GCC_541\Debug\Motor_Board_Rev3.a(cyutils.o)
 .debug_ranges  0x00000f00       0x50 .\CortexM0\ARM_GCC_541\Debug\Motor_Board_Rev3.a(UART_SPI_UART.o)

.comment        0x00000000       0x6e
 .comment       0x00000000       0x6e .\CortexM0\ARM_GCC_541\Debug\main.o
                                 0x6f (size before relaxing)
 .comment       0x0000006e       0x6f .\CortexM0\ARM_GCC_541\Debug\Initialize_CAN_addr.o
 .comment       0x0000006e       0x6f .\CortexM0\ARM_GCC_541\Debug\MotorDrive.o
 .comment       0x0000006e       0x6f .\CortexM0\ARM_GCC_541\Debug\PositionPID.o
 .comment       0x0000006e       0x6f .\CortexM0\ARM_GCC_541\Debug\LED_Array.o
 .comment       0x0000006e       0x6f .\CortexM0\ARM_GCC_541\Debug\CANCommon.o
 .comment       0x0000006e       0x6f .\CortexM0\ARM_GCC_541\Debug\CANGPIO.o
 .comment       0x0000006e       0x6f .\CortexM0\ARM_GCC_541\Debug\CANLocalization.o
 .comment       0x0000006e       0x6f .\CortexM0\ARM_GCC_541\Debug\CANMotorUnit.o
 .comment       0x0000006e       0x6f .\CortexM0\ARM_GCC_541\Debug\CANPacket.o
 .comment       0x0000006e       0x6f .\CortexM0\ARM_GCC_541\Debug\CANPower.o
 .comment       0x0000006e       0x6f .\CortexM0\ARM_GCC_541\Debug\PortPSOC_CY8C4248AZI_L485.o
 .comment       0x0000006e       0x6f .\CortexM0\ARM_GCC_541\Debug\cyfitter_cfg.o
 .comment       0x0000006e       0x6f .\CortexM0\ARM_GCC_541\Debug\cymetadata.o
 .comment       0x0000006e       0x6f .\CortexM0\ARM_GCC_541\Debug\Cm0Start.o
 .comment       0x0000006e       0x6f .\CortexM0\ARM_GCC_541\Debug\Motor_Board_Rev3.a(CyLib.o)
 .comment       0x0000006e       0x6f .\CortexM0\ARM_GCC_541\Debug\Motor_Board_Rev3.a(CyLFClk.o)
 .comment       0x0000006e       0x6f .\CortexM0\ARM_GCC_541\Debug\Motor_Board_Rev3.a(PWM_Motor.o)
 .comment       0x0000006e       0x6f .\CortexM0\ARM_GCC_541\Debug\Motor_Board_Rev3.a(Pin_Direction.o)
 .comment       0x0000006e       0x6f .\CortexM0\ARM_GCC_541\Debug\Motor_Board_Rev3.a(isr_Limit_1.o)
 .comment       0x0000006e       0x6f .\CortexM0\ARM_GCC_541\Debug\Motor_Board_Rev3.a(QuadDec.o)
 .comment       0x0000006e       0x6f .\CortexM0\ARM_GCC_541\Debug\Motor_Board_Rev3.a(QuadDec_Cnt16.o)
 .comment       0x0000006e       0x6f .\CortexM0\ARM_GCC_541\Debug\Motor_Board_Rev3.a(CAN.o)
 .comment       0x0000006e       0x6f .\CortexM0\ARM_GCC_541\Debug\Motor_Board_Rev3.a(CAN_INT.o)
 .comment       0x0000006e       0x6f .\CortexM0\ARM_GCC_541\Debug\Motor_Board_Rev3.a(CAN_TX_RX_func.o)
 .comment       0x0000006e       0x6f .\CortexM0\ARM_GCC_541\Debug\Motor_Board_Rev3.a(UART.o)
 .comment       0x0000006e       0x6f .\CortexM0\ARM_GCC_541\Debug\Motor_Board_Rev3.a(UART_UART.o)
 .comment       0x0000006e       0x6f .\CortexM0\ARM_GCC_541\Debug\Motor_Board_Rev3.a(Can_addr.o)
 .comment       0x0000006e       0x6f .\CortexM0\ARM_GCC_541\Debug\Motor_Board_Rev3.a(Timer_1.o)
 .comment       0x0000006e       0x6f .\CortexM0\ARM_GCC_541\Debug\Motor_Board_Rev3.a(isr_period.o)
 .comment       0x0000006e       0x6f .\CortexM0\ARM_GCC_541\Debug\Motor_Board_Rev3.a(StripLights.o)
 .comment       0x0000006e       0x6f .\CortexM0\ARM_GCC_541\Debug\Motor_Board_Rev3.a(StripLights_fonts.o)
 .comment       0x0000006e       0x6f .\CortexM0\ARM_GCC_541\Debug\Motor_Board_Rev3.a(StripLights_cisr.o)
 .comment       0x0000006e       0x6f .\CortexM0\ARM_GCC_541\Debug\Motor_Board_Rev3.a(StripLights_fisr.o)
 .comment       0x0000006e       0x6f .\CortexM0\ARM_GCC_541\Debug\Motor_Board_Rev3.a(CyFlash.o)
 .comment       0x0000006e       0x6f .\CortexM0\ARM_GCC_541\Debug\Motor_Board_Rev3.a(cyutils.o)
 .comment       0x0000006e       0x6f .\CortexM0\ARM_GCC_541\Debug\Motor_Board_Rev3.a(UART_SPI_UART.o)

.debug_weaknames
 *(.debug_weaknames)

.debug_funcnames
 *(.debug_funcnames)

.debug_typenames
 *(.debug_typenames)

.debug_varnames
 *(.debug_varnames)

.note.gnu.arm.ident
 *(.note.gnu.arm.ident)

.ARM.attributes
                0x00000000       0x28
 *(.ARM.attributes)
 .ARM.attributes
                0x00000000       0x1e c:/program files (x86)/cypress/psoc creator/4.3/psoc creator/import/gnu/arm/5.4.1/bin/../lib/gcc/arm-none-eabi/5.4.1/armv6-m/crti.o
 .ARM.attributes
                0x0000001e       0x2c c:/program files (x86)/cypress/psoc creator/4.3/psoc creator/import/gnu/arm/5.4.1/bin/../lib/gcc/arm-none-eabi/5.4.1/armv6-m/crtbegin.o
 .ARM.attributes
                0x0000004a       0x1b c:/program files (x86)/cypress/psoc creator/4.3/psoc creator/import/gnu/arm/5.4.1/bin/../lib/gcc/arm-none-eabi/5.4.1/../../../../arm-none-eabi/lib/armv6-m/crt0.o
 .ARM.attributes
                0x00000065       0x31 .\CortexM0\ARM_GCC_541\Debug\main.o
 .ARM.attributes
                0x00000096       0x31 .\CortexM0\ARM_GCC_541\Debug\Initialize_CAN_addr.o
 .ARM.attributes
                0x000000c7       0x31 .\CortexM0\ARM_GCC_541\Debug\MotorDrive.o
 .ARM.attributes
                0x000000f8       0x31 .\CortexM0\ARM_GCC_541\Debug\PositionPID.o
 .ARM.attributes
                0x00000129       0x31 .\CortexM0\ARM_GCC_541\Debug\LED_Array.o
 .ARM.attributes
                0x0000015a       0x31 .\CortexM0\ARM_GCC_541\Debug\CANCommon.o
 .ARM.attributes
                0x0000018b       0x31 .\CortexM0\ARM_GCC_541\Debug\CANGPIO.o
 .ARM.attributes
                0x000001bc       0x31 .\CortexM0\ARM_GCC_541\Debug\CANLocalization.o
 .ARM.attributes
                0x000001ed       0x31 .\CortexM0\ARM_GCC_541\Debug\CANMotorUnit.o
 .ARM.attributes
                0x0000021e       0x31 .\CortexM0\ARM_GCC_541\Debug\CANPacket.o
 .ARM.attributes
                0x0000024f       0x31 .\CortexM0\ARM_GCC_541\Debug\CANPower.o
 .ARM.attributes
                0x00000280       0x31 .\CortexM0\ARM_GCC_541\Debug\PortPSOC_CY8C4248AZI_L485.o
 .ARM.attributes
                0x000002b1       0x31 .\CortexM0\ARM_GCC_541\Debug\cyfitter_cfg.o
 .ARM.attributes
                0x000002e2       0x31 .\CortexM0\ARM_GCC_541\Debug\cymetadata.o
 .ARM.attributes
                0x00000313       0x31 .\CortexM0\ARM_GCC_541\Debug\Cm0Start.o
 .ARM.attributes
                0x00000344       0x31 .\CortexM0\ARM_GCC_541\Debug\Motor_Board_Rev3.a(CyLib.o)
 .ARM.attributes
                0x00000375       0x31 .\CortexM0\ARM_GCC_541\Debug\Motor_Board_Rev3.a(CyLFClk.o)
 .ARM.attributes
                0x000003a6       0x31 .\CortexM0\ARM_GCC_541\Debug\Motor_Board_Rev3.a(PWM_Motor.o)
 .ARM.attributes
                0x000003d7       0x31 .\CortexM0\ARM_GCC_541\Debug\Motor_Board_Rev3.a(Pin_Direction.o)
 .ARM.attributes
                0x00000408       0x31 .\CortexM0\ARM_GCC_541\Debug\Motor_Board_Rev3.a(isr_Limit_1.o)
 .ARM.attributes
                0x00000439       0x31 .\CortexM0\ARM_GCC_541\Debug\Motor_Board_Rev3.a(QuadDec.o)
 .ARM.attributes
                0x0000046a       0x31 .\CortexM0\ARM_GCC_541\Debug\Motor_Board_Rev3.a(QuadDec_Cnt16.o)
 .ARM.attributes
                0x0000049b       0x31 .\CortexM0\ARM_GCC_541\Debug\Motor_Board_Rev3.a(CAN.o)
 .ARM.attributes
                0x000004cc       0x31 .\CortexM0\ARM_GCC_541\Debug\Motor_Board_Rev3.a(CAN_INT.o)
 .ARM.attributes
                0x000004fd       0x31 .\CortexM0\ARM_GCC_541\Debug\Motor_Board_Rev3.a(CAN_TX_RX_func.o)
 .ARM.attributes
                0x0000052e       0x31 .\CortexM0\ARM_GCC_541\Debug\Motor_Board_Rev3.a(UART.o)
 .ARM.attributes
                0x0000055f       0x31 .\CortexM0\ARM_GCC_541\Debug\Motor_Board_Rev3.a(UART_UART.o)
 .ARM.attributes
                0x00000590       0x31 .\CortexM0\ARM_GCC_541\Debug\Motor_Board_Rev3.a(Can_addr.o)
 .ARM.attributes
                0x000005c1       0x31 .\CortexM0\ARM_GCC_541\Debug\Motor_Board_Rev3.a(Timer_1.o)
 .ARM.attributes
                0x000005f2       0x31 .\CortexM0\ARM_GCC_541\Debug\Motor_Board_Rev3.a(isr_period.o)
 .ARM.attributes
                0x00000623       0x31 .\CortexM0\ARM_GCC_541\Debug\Motor_Board_Rev3.a(StripLights.o)
 .ARM.attributes
                0x00000654       0x31 .\CortexM0\ARM_GCC_541\Debug\Motor_Board_Rev3.a(StripLights_fonts.o)
 .ARM.attributes
                0x00000685       0x31 .\CortexM0\ARM_GCC_541\Debug\Motor_Board_Rev3.a(StripLights_cisr.o)
 .ARM.attributes
                0x000006b6       0x31 .\CortexM0\ARM_GCC_541\Debug\Motor_Board_Rev3.a(StripLights_fisr.o)
 .ARM.attributes
                0x000006e7       0x21 .\CortexM0\ARM_GCC_541\Debug\Motor_Board_Rev3.a(CyBootAsmGnu.o)
 .ARM.attributes
                0x00000708       0x31 .\CortexM0\ARM_GCC_541\Debug\Motor_Board_Rev3.a(CyFlash.o)
 .ARM.attributes
                0x00000739       0x31 .\CortexM0\ARM_GCC_541\Debug\Motor_Board_Rev3.a(cyutils.o)
 .ARM.attributes
                0x0000076a       0x31 .\CortexM0\ARM_GCC_541\Debug\Motor_Board_Rev3.a(UART_SPI_UART.o)
 .ARM.attributes
                0x0000079b       0x1e c:/program files (x86)/cypress/psoc creator/4.3/psoc creator/import/gnu/arm/5.4.1/bin/../lib/gcc/arm-none-eabi/5.4.1/armv6-m\libgcc.a(_udivsi3.o)
 .ARM.attributes
                0x000007b9       0x1e c:/program files (x86)/cypress/psoc creator/4.3/psoc creator/import/gnu/arm/5.4.1/bin/../lib/gcc/arm-none-eabi/5.4.1/armv6-m\libgcc.a(_divsi3.o)
 .ARM.attributes