ARM GAS  C:\Users\austc\AppData\Local\Temp\ccRCrju5.s 			page 1


   1              		.syntax unified
   2              		.cpu cortex-m0
   3              		.fpu softvfp
   4              		.eabi_attribute 20, 1
   5              		.eabi_attribute 21, 1
   6              		.eabi_attribute 23, 3
   7              		.eabi_attribute 24, 1
   8              		.eabi_attribute 25, 1
   9              		.eabi_attribute 26, 1
  10              		.eabi_attribute 30, 1
  11              		.eabi_attribute 34, 0
  12              		.eabi_attribute 18, 4
  13              		.thumb
  14              		.syntax unified
  15              		.file	"CAN_INT.c"
  16              		.text
  17              	.Ltext0:
  18              		.cfi_sections	.debug_frame
  19              		.section	.text.CAN_ISR,"ax",%progbits
  20              		.align	2
  21              		.global	CAN_ISR
  22              		.code	16
  23              		.thumb_func
  24              		.type	CAN_ISR, %function
  25              	CAN_ISR:
  26              	.LFB34:
  27              		.file 1 "Generated_Source\\PSoC4\\CAN_INT.c"
   1:Generated_Source\PSoC4/CAN_INT.c **** /*******************************************************************************
   2:Generated_Source\PSoC4/CAN_INT.c **** * File Name: CAN_INT.c
   3:Generated_Source\PSoC4/CAN_INT.c **** * Version 3.0
   4:Generated_Source\PSoC4/CAN_INT.c **** *
   5:Generated_Source\PSoC4/CAN_INT.c **** * Description:
   6:Generated_Source\PSoC4/CAN_INT.c **** *  This file contains Interrupt Service Routine (ISR) for CAN Component.
   7:Generated_Source\PSoC4/CAN_INT.c **** *  The Interrupt handlers functions are generated accordingly to the PSoC
   8:Generated_Source\PSoC4/CAN_INT.c **** *  Creator Customizer inputs.
   9:Generated_Source\PSoC4/CAN_INT.c **** *
  10:Generated_Source\PSoC4/CAN_INT.c **** * Note:
  11:Generated_Source\PSoC4/CAN_INT.c **** *  None
  12:Generated_Source\PSoC4/CAN_INT.c **** *
  13:Generated_Source\PSoC4/CAN_INT.c **** ********************************************************************************
  14:Generated_Source\PSoC4/CAN_INT.c **** * Copyright 2008-2015, Cypress Semiconductor Corporation.  All rights reserved.
  15:Generated_Source\PSoC4/CAN_INT.c **** * You may use this file only in accordance with the license, terms, conditions,
  16:Generated_Source\PSoC4/CAN_INT.c **** * disclaimers, and limitations in the end user license agreement accompanying
  17:Generated_Source\PSoC4/CAN_INT.c **** * the software package with which this file was provided.
  18:Generated_Source\PSoC4/CAN_INT.c **** *******************************************************************************/
  19:Generated_Source\PSoC4/CAN_INT.c **** 
  20:Generated_Source\PSoC4/CAN_INT.c **** #include "CAN.h"
  21:Generated_Source\PSoC4/CAN_INT.c **** #include "cyapicallbacks.h"
  22:Generated_Source\PSoC4/CAN_INT.c **** 
  23:Generated_Source\PSoC4/CAN_INT.c **** /* `#START CAN_INT_C_CODE_DEFINITION` */
  24:Generated_Source\PSoC4/CAN_INT.c **** 
  25:Generated_Source\PSoC4/CAN_INT.c **** /* `#END` */
  26:Generated_Source\PSoC4/CAN_INT.c **** 
  27:Generated_Source\PSoC4/CAN_INT.c **** 
  28:Generated_Source\PSoC4/CAN_INT.c **** /*******************************************************************************
  29:Generated_Source\PSoC4/CAN_INT.c **** * Function Name: CAN_ISR
  30:Generated_Source\PSoC4/CAN_INT.c **** ********************************************************************************
ARM GAS  C:\Users\austc\AppData\Local\Temp\ccRCrju5.s 			page 2


  31:Generated_Source\PSoC4/CAN_INT.c **** *
  32:Generated_Source\PSoC4/CAN_INT.c **** * Summary:
  33:Generated_Source\PSoC4/CAN_INT.c **** *  This ISR is executed when CAN Core generates and interrupt on one of events:
  34:Generated_Source\PSoC4/CAN_INT.c **** *  Arb_lost, Overload, Bit_err, Stuff_err, Ack_err, Form_err, Crc_err,
  35:Generated_Source\PSoC4/CAN_INT.c **** *  Buss_off, Rx_msg_lost, Tx_msg or Rx_msg. The interrupt sources depends
  36:Generated_Source\PSoC4/CAN_INT.c **** *  on the Customizer inputs.
  37:Generated_Source\PSoC4/CAN_INT.c **** *
  38:Generated_Source\PSoC4/CAN_INT.c **** * Parameters:
  39:Generated_Source\PSoC4/CAN_INT.c **** *  None.
  40:Generated_Source\PSoC4/CAN_INT.c **** *
  41:Generated_Source\PSoC4/CAN_INT.c **** * Return:
  42:Generated_Source\PSoC4/CAN_INT.c **** *  None.
  43:Generated_Source\PSoC4/CAN_INT.c **** *
  44:Generated_Source\PSoC4/CAN_INT.c **** *******************************************************************************/
  45:Generated_Source\PSoC4/CAN_INT.c **** CY_ISR(CAN_ISR)
  46:Generated_Source\PSoC4/CAN_INT.c **** {
  28              		.loc 1 46 0
  29              		.cfi_startproc
  30              		@ args = 0, pretend = 0, frame = 0
  31              		@ frame_needed = 0, uses_anonymous_args = 0
  32              		@ link register save eliminated.
  47:Generated_Source\PSoC4/CAN_INT.c ****     #ifdef CAN_ISR_INTERRUPT_CALLBACK
  48:Generated_Source\PSoC4/CAN_INT.c ****         CAN_ISR_InterruptCallback();
  49:Generated_Source\PSoC4/CAN_INT.c ****     #endif /* CAN_ISR_INTERRUPT_CALLBACK */
  50:Generated_Source\PSoC4/CAN_INT.c ****     
  51:Generated_Source\PSoC4/CAN_INT.c ****     /* Place your Interrupt code here. */
  52:Generated_Source\PSoC4/CAN_INT.c ****     /* `#START CAN_ISR` */
  53:Generated_Source\PSoC4/CAN_INT.c **** 
  54:Generated_Source\PSoC4/CAN_INT.c ****     /* `#END` */
  55:Generated_Source\PSoC4/CAN_INT.c ****     
  56:Generated_Source\PSoC4/CAN_INT.c **** }
  33              		.loc 1 56 0
  34              		@ sp needed
  35 0000 7047     		bx	lr
  36              		.cfi_endproc
  37              	.LFE34:
  38              		.size	CAN_ISR, .-CAN_ISR
  39 0002 C046     		.text
  40              	.Letext0:
  41              		.section	.debug_info,"",%progbits
  42              	.Ldebug_info0:
  43 0000 9C000000 		.4byte	0x9c
  44 0004 0400     		.2byte	0x4
  45 0006 00000000 		.4byte	.Ldebug_abbrev0
  46 000a 04       		.byte	0x4
  47 000b 01       		.uleb128 0x1
  48 000c E4000000 		.4byte	.LASF14
  49 0010 0C       		.byte	0xc
  50 0011 67000000 		.4byte	.LASF15
  51 0015 88000000 		.4byte	.LASF16
  52 0019 00000000 		.4byte	.Ldebug_ranges0+0
  53 001d 00000000 		.4byte	0
  54 0021 00000000 		.4byte	.Ldebug_line0
  55 0025 02       		.uleb128 0x2
  56 0026 01       		.byte	0x1
  57 0027 06       		.byte	0x6
  58 0028 85010000 		.4byte	.LASF0
ARM GAS  C:\Users\austc\AppData\Local\Temp\ccRCrju5.s 			page 3


  59 002c 02       		.uleb128 0x2
  60 002d 01       		.byte	0x1
  61 002e 08       		.byte	0x8
  62 002f 44000000 		.4byte	.LASF1
  63 0033 02       		.uleb128 0x2
  64 0034 02       		.byte	0x2
  65 0035 05       		.byte	0x5
  66 0036 A3010000 		.4byte	.LASF2
  67 003a 02       		.uleb128 0x2
  68 003b 02       		.byte	0x2
  69 003c 07       		.byte	0x7
  70 003d 72010000 		.4byte	.LASF3
  71 0041 02       		.uleb128 0x2
  72 0042 04       		.byte	0x4
  73 0043 05       		.byte	0x5
  74 0044 57000000 		.4byte	.LASF4
  75 0048 02       		.uleb128 0x2
  76 0049 04       		.byte	0x4
  77 004a 07       		.byte	0x7
  78 004b 1B000000 		.4byte	.LASF5
  79 004f 02       		.uleb128 0x2
  80 0050 08       		.byte	0x8
  81 0051 05       		.byte	0x5
  82 0052 00000000 		.4byte	.LASF6
  83 0056 02       		.uleb128 0x2
  84 0057 08       		.byte	0x8
  85 0058 07       		.byte	0x7
  86 0059 2D000000 		.4byte	.LASF7
  87 005d 03       		.uleb128 0x3
  88 005e 04       		.byte	0x4
  89 005f 05       		.byte	0x5
  90 0060 696E7400 		.ascii	"int\000"
  91 0064 02       		.uleb128 0x2
  92 0065 04       		.byte	0x4
  93 0066 07       		.byte	0x7
  94 0067 0E000000 		.4byte	.LASF8
  95 006b 02       		.uleb128 0x2
  96 006c 04       		.byte	0x4
  97 006d 04       		.byte	0x4
  98 006e 9D010000 		.4byte	.LASF9
  99 0072 02       		.uleb128 0x2
 100 0073 08       		.byte	0x8
 101 0074 04       		.byte	0x4
 102 0075 60000000 		.4byte	.LASF10
 103 0079 02       		.uleb128 0x2
 104 007a 01       		.byte	0x1
 105 007b 08       		.byte	0x8
 106 007c 52000000 		.4byte	.LASF11
 107 0080 02       		.uleb128 0x2
 108 0081 08       		.byte	0x8
 109 0082 04       		.byte	0x4
 110 0083 91010000 		.4byte	.LASF12
 111 0087 02       		.uleb128 0x2
 112 0088 04       		.byte	0x4
 113 0089 07       		.byte	0x7
 114 008a AD010000 		.4byte	.LASF13
 115 008e 04       		.uleb128 0x4
ARM GAS  C:\Users\austc\AppData\Local\Temp\ccRCrju5.s 			page 4


 116 008f B6010000 		.4byte	.LASF17
 117 0093 01       		.byte	0x1
 118 0094 2D       		.byte	0x2d
 119 0095 00000000 		.4byte	.LFB34
 120 0099 02000000 		.4byte	.LFE34-.LFB34
 121 009d 01       		.uleb128 0x1
 122 009e 9C       		.byte	0x9c
 123 009f 00       		.byte	0
 124              		.section	.debug_abbrev,"",%progbits
 125              	.Ldebug_abbrev0:
 126 0000 01       		.uleb128 0x1
 127 0001 11       		.uleb128 0x11
 128 0002 01       		.byte	0x1
 129 0003 25       		.uleb128 0x25
 130 0004 0E       		.uleb128 0xe
 131 0005 13       		.uleb128 0x13
 132 0006 0B       		.uleb128 0xb
 133 0007 03       		.uleb128 0x3
 134 0008 0E       		.uleb128 0xe
 135 0009 1B       		.uleb128 0x1b
 136 000a 0E       		.uleb128 0xe
 137 000b 55       		.uleb128 0x55
 138 000c 17       		.uleb128 0x17
 139 000d 11       		.uleb128 0x11
 140 000e 01       		.uleb128 0x1
 141 000f 10       		.uleb128 0x10
 142 0010 17       		.uleb128 0x17
 143 0011 00       		.byte	0
 144 0012 00       		.byte	0
 145 0013 02       		.uleb128 0x2
 146 0014 24       		.uleb128 0x24
 147 0015 00       		.byte	0
 148 0016 0B       		.uleb128 0xb
 149 0017 0B       		.uleb128 0xb
 150 0018 3E       		.uleb128 0x3e
 151 0019 0B       		.uleb128 0xb
 152 001a 03       		.uleb128 0x3
 153 001b 0E       		.uleb128 0xe
 154 001c 00       		.byte	0
 155 001d 00       		.byte	0
 156 001e 03       		.uleb128 0x3
 157 001f 24       		.uleb128 0x24
 158 0020 00       		.byte	0
 159 0021 0B       		.uleb128 0xb
 160 0022 0B       		.uleb128 0xb
 161 0023 3E       		.uleb128 0x3e
 162 0024 0B       		.uleb128 0xb
 163 0025 03       		.uleb128 0x3
 164 0026 08       		.uleb128 0x8
 165 0027 00       		.byte	0
 166 0028 00       		.byte	0
 167 0029 04       		.uleb128 0x4
 168 002a 2E       		.uleb128 0x2e
 169 002b 00       		.byte	0
 170 002c 3F       		.uleb128 0x3f
 171 002d 19       		.uleb128 0x19
 172 002e 03       		.uleb128 0x3
ARM GAS  C:\Users\austc\AppData\Local\Temp\ccRCrju5.s 			page 5


 173 002f 0E       		.uleb128 0xe
 174 0030 3A       		.uleb128 0x3a
 175 0031 0B       		.uleb128 0xb
 176 0032 3B       		.uleb128 0x3b
 177 0033 0B       		.uleb128 0xb
 178 0034 27       		.uleb128 0x27
 179 0035 19       		.uleb128 0x19
 180 0036 11       		.uleb128 0x11
 181 0037 01       		.uleb128 0x1
 182 0038 12       		.uleb128 0x12
 183 0039 06       		.uleb128 0x6
 184 003a 40       		.uleb128 0x40
 185 003b 18       		.uleb128 0x18
 186 003c 9742     		.uleb128 0x2117
 187 003e 19       		.uleb128 0x19
 188 003f 00       		.byte	0
 189 0040 00       		.byte	0
 190 0041 00       		.byte	0
 191              		.section	.debug_aranges,"",%progbits
 192 0000 1C000000 		.4byte	0x1c
 193 0004 0200     		.2byte	0x2
 194 0006 00000000 		.4byte	.Ldebug_info0
 195 000a 04       		.byte	0x4
 196 000b 00       		.byte	0
 197 000c 0000     		.2byte	0
 198 000e 0000     		.2byte	0
 199 0010 00000000 		.4byte	.LFB34
 200 0014 02000000 		.4byte	.LFE34-.LFB34
 201 0018 00000000 		.4byte	0
 202 001c 00000000 		.4byte	0
 203              		.section	.debug_ranges,"",%progbits
 204              	.Ldebug_ranges0:
 205 0000 00000000 		.4byte	.LFB34
 206 0004 02000000 		.4byte	.LFE34
 207 0008 00000000 		.4byte	0
 208 000c 00000000 		.4byte	0
 209              		.section	.debug_line,"",%progbits
 210              	.Ldebug_line0:
 211 0000 4F000000 		.section	.debug_str,"MS",%progbits,1
 211      02003700 
 211      00000201 
 211      FB0E0D00 
 211      01010101 
 212              	.LASF6:
 213 0000 6C6F6E67 		.ascii	"long long int\000"
 213      206C6F6E 
 213      6720696E 
 213      7400
 214              	.LASF8:
 215 000e 756E7369 		.ascii	"unsigned int\000"
 215      676E6564 
 215      20696E74 
 215      00
 216              	.LASF5:
 217 001b 6C6F6E67 		.ascii	"long unsigned int\000"
 217      20756E73 
 217      69676E65 
ARM GAS  C:\Users\austc\AppData\Local\Temp\ccRCrju5.s 			page 6


 217      6420696E 
 217      7400
 218              	.LASF7:
 219 002d 6C6F6E67 		.ascii	"long long unsigned int\000"
 219      206C6F6E 
 219      6720756E 
 219      7369676E 
 219      65642069 
 220              	.LASF1:
 221 0044 756E7369 		.ascii	"unsigned char\000"
 221      676E6564 
 221      20636861 
 221      7200
 222              	.LASF11:
 223 0052 63686172 		.ascii	"char\000"
 223      00
 224              	.LASF4:
 225 0057 6C6F6E67 		.ascii	"long int\000"
 225      20696E74 
 225      00
 226              	.LASF10:
 227 0060 646F7562 		.ascii	"double\000"
 227      6C6500
 228              	.LASF15:
 229 0067 47656E65 		.ascii	"Generated_Source\\PSoC4\\CAN_INT.c\000"
 229      72617465 
 229      645F536F 
 229      75726365 
 229      5C50536F 
 230              	.LASF16:
 231 0088 433A5C55 		.ascii	"C:\\Users\\austc\\OneDrive\\Documents\\GitHub\\Elec"
 231      73657273 
 231      5C617573 
 231      74635C4F 
 231      6E654472 
 232 00b5 74726F6E 		.ascii	"tronics2018-19\\Psoc Arm\\Motor Board Rev1.cydsn\000"
 232      69637332 
 232      3031382D 
 232      31395C50 
 232      736F6320 
 233              	.LASF14:
 234 00e4 474E5520 		.ascii	"GNU C11 5.4.1 20160609 (release) [ARM/embedded-5-br"
 234      43313120 
 234      352E342E 
 234      31203230 
 234      31363036 
 235 0117 616E6368 		.ascii	"anch revision 237715] -mcpu=cortex-m0 -mthumb -g -O"
 235      20726576 
 235      6973696F 
 235      6E203233 
 235      37373135 
 236 014a 67202D66 		.ascii	"g -ffunction-sections -ffat-lto-objects\000"
 236      66756E63 
 236      74696F6E 
 236      2D736563 
 236      74696F6E 
 237              	.LASF3:
ARM GAS  C:\Users\austc\AppData\Local\Temp\ccRCrju5.s 			page 7


 238 0172 73686F72 		.ascii	"short unsigned int\000"
 238      7420756E 
 238      7369676E 
 238      65642069 
 238      6E7400
 239              	.LASF0:
 240 0185 7369676E 		.ascii	"signed char\000"
 240      65642063 
 240      68617200 
 241              	.LASF12:
 242 0191 6C6F6E67 		.ascii	"long double\000"
 242      20646F75 
 242      626C6500 
 243              	.LASF9:
 244 019d 666C6F61 		.ascii	"float\000"
 244      7400
 245              	.LASF2:
 246 01a3 73686F72 		.ascii	"short int\000"
 246      7420696E 
 246      7400
 247              	.LASF13:
 248 01ad 73697A65 		.ascii	"sizetype\000"
 248      74797065 
 248      00
 249              	.LASF17:
 250 01b6 43414E5F 		.ascii	"CAN_ISR\000"
 250      49535200 
 251              		.ident	"GCC: (GNU Tools for ARM Embedded Processors) 5.4.1 20160609 (release) [ARM/embedded-5-bran
