Archive member included to satisfy reference by file (symbol)

.\CortexM0\ARM_GCC_541\Debug\Motor Board Rev1.a(CyLib.o)
                              .\CortexM0\ARM_GCC_541\Debug\cyfitter_cfg.o (CyIntEnable)
.\CortexM0\ARM_GCC_541\Debug\Motor Board Rev1.a(CyLFClk.o)
                              .\CortexM0\ARM_GCC_541\Debug\Motor Board Rev1.a(CyLib.o) (CySysClkWcoEnabled)
.\CortexM0\ARM_GCC_541\Debug\Motor Board Rev1.a(PWM_Motor.o)
                              .\CortexM0\ARM_GCC_541\Debug\main.o (PWM_Motor_Stop)
.\CortexM0\ARM_GCC_541\Debug\Motor Board Rev1.a(Pin_Direction.o)
                              .\CortexM0\ARM_GCC_541\Debug\main.o (Pin_Direction_Write)
.\CortexM0\ARM_GCC_541\Debug\Motor Board Rev1.a(isr_Limit_1.o)
                              .\CortexM0\ARM_GCC_541\Debug\main.o (isr_Limit_1_StartEx)
.\CortexM0\ARM_GCC_541\Debug\Motor Board Rev1.a(QuadDec.o)
                              .\CortexM0\ARM_GCC_541\Debug\main.o (QuadDec_GetCounter)
.\CortexM0\ARM_GCC_541\Debug\Motor Board Rev1.a(QuadDec_Cnt16.o)
                              .\CortexM0\ARM_GCC_541\Debug\Motor Board Rev1.a(QuadDec.o) (QuadDec_Cnt16_Stop)
.\CortexM0\ARM_GCC_541\Debug\Motor Board Rev1.a(Status_Reg_Switches.o)
                              .\CortexM0\ARM_GCC_541\Debug\main.o (Status_Reg_Switches_Read)
.\CortexM0\ARM_GCC_541\Debug\Motor Board Rev1.a(CAN.o)
                              .\CortexM0\ARM_GCC_541\Debug\main.o (CAN_GlobalIntEnable)
.\CortexM0\ARM_GCC_541\Debug\Motor Board Rev1.a(CAN_INT.o)
                              .\CortexM0\ARM_GCC_541\Debug\Motor Board Rev1.a(CAN.o) (CAN_ISR)
.\CortexM0\ARM_GCC_541\Debug\Motor Board Rev1.a(CAN_TX_RX_func.o)
                              .\CortexM0\ARM_GCC_541\Debug\main.o (CAN_SendMsg)
.\CortexM0\ARM_GCC_541\Debug\Motor Board Rev1.a(UART.o)
                              .\CortexM0\ARM_GCC_541\Debug\main.o (UART_Start)
.\CortexM0\ARM_GCC_541\Debug\Motor Board Rev1.a(UART_UART.o)
                              .\CortexM0\ARM_GCC_541\Debug\Motor Board Rev1.a(UART.o) (UART_UartInit)
.\CortexM0\ARM_GCC_541\Debug\Motor Board Rev1.a(Can_addr.o)
                              .\CortexM0\ARM_GCC_541\Debug\main.o (Can_addr_Read)
.\CortexM0\ARM_GCC_541\Debug\Motor Board Rev1.a(Timer_1.o)
                              .\CortexM0\ARM_GCC_541\Debug\main.o (Timer_1_ReadStatusRegister)
.\CortexM0\ARM_GCC_541\Debug\Motor Board Rev1.a(isr_period.o)
                              .\CortexM0\ARM_GCC_541\Debug\main.o (isr_period_StartEx)
.\CortexM0\ARM_GCC_541\Debug\Motor Board Rev1.a(CyBootAsmGnu.o)
                              .\CortexM0\ARM_GCC_541\Debug\Motor Board Rev1.a(CyLib.o) (CyDelayCycles)
.\CortexM0\ARM_GCC_541\Debug\Motor Board Rev1.a(CyFlash.o)
                              .\CortexM0\ARM_GCC_541\Debug\Motor Board Rev1.a(CyLib.o) (CySysFlashSetWaitCycles)
.\CortexM0\ARM_GCC_541\Debug\Motor Board Rev1.a(cyutils.o)
                              .\CortexM0\ARM_GCC_541\Debug\Motor Board Rev1.a(Timer_1.o) (CySetReg24)
.\CortexM0\ARM_GCC_541\Debug\Motor Board Rev1.a(UART_SPI_UART.o)
                              .\CortexM0\ARM_GCC_541\Debug\Motor Board Rev1.a(UART_UART.o) (UART_SpiUartReadRxData)
c:/program files (x86)/cypress/psoc creator/4.2/psoc creator/import/gnu/arm/5.4.1/bin/../lib/gcc/arm-none-eabi/5.4.1/armv6-m\libgcc.a(_udivsi3.o)
                              .\CortexM0\ARM_GCC_541\Debug\Motor Board Rev1.a(CyLib.o) (__aeabi_uidiv)
c:/program files (x86)/cypress/psoc creator/4.2/psoc creator/import/gnu/arm/5.4.1/bin/../lib/gcc/arm-none-eabi/5.4.1/armv6-m\libgcc.a(_divsi3.o)
                              .\CortexM0\ARM_GCC_541\Debug\main.o (__aeabi_idiv)
c:/program files (x86)/cypress/psoc creator/4.2/psoc creator/import/gnu/arm/5.4.1/bin/../lib/gcc/arm-none-eabi/5.4.1/armv6-m\libgcc.a(_dvmd_tls.o)
                              c:/program files (x86)/cypress/psoc creator/4.2/psoc creator/import/gnu/arm/5.4.1/bin/../lib/gcc/arm-none-eabi/5.4.1/armv6-m\libgcc.a(_udivsi3.o) (__aeabi_idiv0)
c:/program files (x86)/cypress/psoc creator/4.2/psoc creator/import/gnu/arm/5.4.1/bin/../lib/gcc/arm-none-eabi/5.4.1/armv6-m\libgcc.a(divdf3.o)
                              .\CortexM0\ARM_GCC_541\Debug\main.o (__aeabi_ddiv)
c:/program files (x86)/cypress/psoc creator/4.2/psoc creator/import/gnu/arm/5.4.1/bin/../lib/gcc/arm-none-eabi/5.4.1/armv6-m\libgcc.a(muldf3.o)
                              .\CortexM0\ARM_GCC_541\Debug\main.o (__aeabi_dmul)
c:/program files (x86)/cypress/psoc creator/4.2/psoc creator/import/gnu/arm/5.4.1/bin/../lib/gcc/arm-none-eabi/5.4.1/armv6-m\libgcc.a(fixdfsi.o)
                              .\CortexM0\ARM_GCC_541\Debug\main.o (__aeabi_d2iz)
c:/program files (x86)/cypress/psoc creator/4.2/psoc creator/import/gnu/arm/5.4.1/bin/../lib/gcc/arm-none-eabi/5.4.1/armv6-m\libgcc.a(floatsidf.o)
                              .\CortexM0\ARM_GCC_541\Debug\main.o (__aeabi_i2d)
[...]
Memory Configuration

Name             Origin             Length             Attributes
rom              0x00000000         0x00040000         xr
ram              0x20000000         0x00008000         xrw
*default*        0x00000000         0xffffffff

Linker script and memory map

LOAD c:/program files (x86)/cypress/psoc creator/4.2/psoc creator/import/gnu/arm/5.4.1/bin/../lib/gcc/arm-none-eabi/5.4.1/armv6-m/crti.o
LOAD c:/program files (x86)/cypress/psoc creator/4.2/psoc creator/import/gnu/arm/5.4.1/bin/../lib/gcc/arm-none-eabi/5.4.1/armv6-m/crtbegin.o
LOAD c:/program files (x86)/cypress/psoc creator/4.2/psoc creator/import/gnu/arm/5.4.1/bin/../lib/gcc/arm-none-eabi/5.4.1/../../../../arm-none-eabi/lib/armv6-m/crt0.o
START GROUP
LOAD .\CortexM0\ARM_GCC_541\Debug\main.o
LOAD .\CortexM0\ARM_GCC_541\Debug\cyfitter_cfg.o
LOAD .\CortexM0\ARM_GCC_541\Debug\cymetadata.o
LOAD .\CortexM0\ARM_GCC_541\Debug\Cm0Start.o
LOAD .\CortexM0\ARM_GCC_541\Debug\Motor Board Rev1.a
END GROUP
START GROUP
LOAD c:/program files (x86)/cypress/psoc creator/4.2/psoc creator/import/gnu/arm/5.4.1/bin/../lib/gcc/arm-none-eabi/5.4.1/armv6-m\libgcc.a
LOAD c:/program files (x86)/cypress/psoc creator/4.2/psoc creator/import/gnu/arm/5.4.1/bin/../lib/gcc/arm-none-eabi/5.4.1/../../../../arm-none-eabi/lib/armv6-m\libg_nano.a
LOAD c:/program files (x86)/cypress/psoc creator/4.2/psoc creator/import/gnu/arm/5.4.1/bin/../lib/gcc/arm-none-eabi/5.4.1/../../../../arm-none-eabi/lib/armv6-m\libc_nano.a
END GROUP
START GROUP
LOAD c:/program files (x86)/cypress/psoc creator/4.2/psoc creator/import/gnu/arm/5.4.1/bin/../lib/gcc/arm-none-eabi/5.4.1/armv6-m\libgcc.a
LOAD c:/program files (x86)/cypress/psoc creator/4.2/psoc creator/import/gnu/arm/5.4.1/bin/../lib/gcc/arm-none-eabi/5.4.1/../../../../arm-none-eabi/lib/armv6-m\libc_nano.a
END GROUP
LOAD c:/program files (x86)/cypress/psoc creator/4.2/psoc creator/import/gnu/arm/5.4.1/bin/../lib/gcc/arm-none-eabi/5.4.1/armv6-m/crtend.o
LOAD c:/program files (x86)/cypress/psoc creator/4.2/psoc creator/import/gnu/arm/5.4.1/bin/../lib/gcc/arm-none-eabi/5.4.1/armv6-m/crtn.o
START GROUP
LOAD c:/program files (x86)/cypress/psoc creator/4.2/psoc creator/import/gnu/arm/5.4.1/bin/../lib/gcc/arm-none-eabi/5.4.1/armv6-m\libgcc.a
LOAD c:/program files (x86)/cypress/psoc creator/4.2/psoc creator/import/gnu/arm/5.4.1/bin/../lib/gcc/arm-none-eabi/5.4.1/../../../../arm-none-eabi/lib/armv6-m\libc.a
LOAD c:/program files (x86)/cypress/psoc creator/4.2/psoc creator/import/gnu/arm/5.4.1/bin/../lib/gcc/arm-none-eabi/5.4.1/../../../../arm-none-eabi/lib/armv6-m\libnosys.a
END GROUP
                0x00000000                CY_APPL_ORIGIN = 0x0
                0x00000100                CY_FLASH_ROW_SIZE = 0x100
                0x00000001                CY_APPL_NUM = 0x1
                0x00000001                CY_APPL_MAX = 0x1
                0x00000040                CY_METADATA_SIZE = 0x40
                0x00000000                CY_APPL_LOADABLE = 0x0
                0x00000000                CY_CHECKSUM_EXCLUDE_SIZE = ALIGN (0x0, CY_FLASH_ROW_SIZE)
                0x00000000                CY_APP_FOR_STACK_AND_COPIER = 0x0
                [!provide]                PROVIDE (__cy_heap_start, _end)
                0x00000001                PROVIDE (__cy_region_num, ((__cy_regions_end - __cy_regions) / 0x10))
                0x20008000                PROVIDE (__cy_stack, (ORIGIN (ram) + LENGTH (ram)))
                [!provide]                PROVIDE (__cy_heap_end, (__cy_stack - 0x800))

.cybootloader   0x00000000        0x0
 *(.cybootloader)
                0x00000000                appl1_start = CY_APPL_ORIGIN?CY_APPL_ORIGIN:ALIGN (CY_FLASH_ROW_SIZE)
                0x0001ff00                appl2_start = (appl1_start + ALIGN ((((LENGTH (rom) - appl1_start) - (0x2 * CY_FLASH_ROW_SIZE)) / 0x2), CY_FLASH_ROW_SIZE))
                0x00000000                appl_start = (CY_APPL_NUM == 0x1)?appl1_start:appl2_start
                0x00000001                cy_project_type_bootloader = (appl_start == 0x0)?0x1:0x0
                0x00000000                cy_project_type_app_for_stack_and_copier = (CY_APP_FOR_STACK_AND_COPIER == 0x1)?0x1:0x0

.text           0x00000000     0x3932
 CREATE_OBJECT_SYMBOLS
                0x00000000                PROVIDE (__cy_interrupt_vector, RomVectors)
 *(.romvectors)
 .romvectors    0x00000000       0x10 .\CortexM0\ARM_GCC_541\Debug\Cm0Start.o
                0x00000000                RomVectors
                0x00000001                ASSERT ((. != __cy_interrupt_vector), No interrupt vector)
                0x00000001                ASSERT (CY_APPL_ORIGIN?(SIZEOF (.cybootloader) <= CY_APPL_ORIGIN):0x1, Wrong image location)
                0x00000010                PROVIDE (__cy_reset, Reset)
 *(.text.Reset)
 .text.Reset    0x00000010        0x8 .\CortexM0\ARM_GCC_541\Debug\Cm0Start.o
                0x00000010                Reset
                0x00000001                ASSERT ((. != __cy_reset), No reset code)
 *(.psocinit)
 .psocinit      0x00000018      0x2a8 .\CortexM0\ARM_GCC_541\Debug\cyfitter_cfg.o
                0x00000130                cyfitter_cfg
                0x000002c0                . = MAX (., 0x100)
 *(.text .text.* .gnu.linkonce.t.*)
 .text          0x000002c0       0x60 c:/program files (x86)/cypress/psoc creator/4.2/psoc creator/import/gnu/arm/5.4.1/bin/../lib/gcc/arm-none-eabi/5.4.1/armv6-m/crtbegin.o
 .text.ISR_CAN  0x00000320      0x248 .\CortexM0\ARM_GCC_541\Debug\main.o
                0x00000320                ISR_CAN
 .text.initialize
                0x00000568       0x6c .\CortexM0\ARM_GCC_541\Debug\main.o
                0x00000568                initialize
 .text.set_CAN_ID
                0x000005d4       0x1c .\CortexM0\ARM_GCC_541\Debug\main.o
                0x000005d4                set_CAN_ID
 .text.initialize_can_addr
                0x000005f0      0x1c8 .\CortexM0\ARM_GCC_541\Debug\main.o
                0x000005f0                initialize_can_addr
 .text.set_PWM  0x000007b8       0x94 .\CortexM0\ARM_GCC_541\Debug\main.o
                0x000007b8                set_PWM
 .text.Period_Reset_Handler
                0x0000084c       0x54 .\CortexM0\ARM_GCC_541\Debug\main.o
                0x0000084c                Period_Reset_Handler
 .text.Pin_Limit_Handler
                0x000008a0       0x3c .\CortexM0\ARM_GCC_541\Debug\main.o
                0x000008a0                Pin_Limit_Handler
 .text.CAN_Send_Encoder
                0x000008dc       0x8c .\CortexM0\ARM_GCC_541\Debug\main.o
                0x000008dc                CAN_Send_Encoder
 .text.CAN_Send_Model
                0x00000968       0x4c .\CortexM0\ARM_GCC_541\Debug\main.o
                0x00000968                CAN_Send_Model
 .text.degrees_to_tick
                0x000009b4       0x48 .\CortexM0\ARM_GCC_541\Debug\main.o
                0x000009b4                degrees_to_tick
 .text.position_PID
                0x000009fc       0xe4 .\CortexM0\ARM_GCC_541\Debug\main.o
                0x000009fc                position_PID
 .text.set_Position
                0x00000ae0       0x7c .\CortexM0\ARM_GCC_541\Debug\main.o
                0x00000ae0                set_Position
 .text.main     0x00000b5c      0x1bc .\CortexM0\ARM_GCC_541\Debug\main.o
                0x00000b5c                main
 .text.cfg_write_bytes32
                0x00000d18       0x34 .\CortexM0\ARM_GCC_541\Debug\cyfitter_cfg.o
 .text.AnalogSetDefault
                0x00000d4c       0x20 .\CortexM0\ARM_GCC_541\Debug\cyfitter_cfg.o
 .text.CYMEMZERO
                0x00000d6c        0xc .\CortexM0\ARM_GCC_541\Debug\cyfitter_cfg.o
 .text.IntDefaultHandler
                0x00000d78       0x10 .\CortexM0\ARM_GCC_541\Debug\Cm0Start.o
                0x00000d78                IntDefaultHandler
 .text._sbrk    0x00000d88       0x30 .\CortexM0\ARM_GCC_541\Debug\Cm0Start.o
                0x00000d88                _sbrk
 .text.Start_c  0x00000db8       0x48 .\CortexM0\ARM_GCC_541\Debug\Cm0Start.o
                0x00000db8                Start_c
 .text.initialize_psoc
                0x00000e00       0x4c .\CortexM0\ARM_GCC_541\Debug\Cm0Start.o
                0x00000e00                initialize_psoc
 .text.CySysClkImoDisableWcoLock
                0x00000e4c       0x14 .\CortexM0\ARM_GCC_541\Debug\Motor Board Rev1.a(CyLib.o)
                0x00000e4c                CySysClkImoDisableWcoLock
 .text.CySysClkImoGetWcoLock
                0x00000e60       0x14 .\CortexM0\ARM_GCC_541\Debug\Motor Board Rev1.a(CyLib.o)
                0x00000e60                CySysClkImoGetWcoLock
 .text.CySysClkImoEnableUsbLock
                0x00000e74       0xf4 .\CortexM0\ARM_GCC_541\Debug\Motor Board Rev1.a(CyLib.o)
                0x00000e74                CySysClkImoEnableUsbLock
 .text.CySysClkImoDisableUsbLock
                0x00000f68       0x90 .\CortexM0\ARM_GCC_541\Debug\Motor Board Rev1.a(CyLib.o)
                0x00000f68                CySysClkImoDisableUsbLock
 .text.CySysClkImoGetUsbLock
                0x00000ff8       0x14 .\CortexM0\ARM_GCC_541\Debug\Motor Board Rev1.a(CyLib.o)
                0x00000ff8                CySysClkImoGetUsbLock
 .text.CyIntEnable
                0x0000100c       0x14 .\CortexM0\ARM_GCC_541\Debug\Motor Board Rev1.a(CyLib.o)
                0x0000100c                CyIntEnable
 .text.CyIntDisable
                0x00001020       0x14 .\CortexM0\ARM_GCC_541\Debug\Motor Board Rev1.a(CyLib.o)
                0x00001020                CyIntDisable
 .text.CyHalt   0x00001034        0x4 .\CortexM0\ARM_GCC_541\Debug\Motor Board Rev1.a(CyLib.o)
                0x00001034                CyHalt
 .text.CyIntSetVector
                0x00001038       0x24 .\CortexM0\ARM_GCC_541\Debug\Motor Board Rev1.a(CyLib.o)
                0x00001038                CyIntSetVector
 .text.CyIntSetPriority
                0x0000105c       0x4c .\CortexM0\ARM_GCC_541\Debug\Motor Board Rev1.a(CyLib.o)
                0x0000105c                CyIntSetPriority
 .text.CyDelay  0x000010a8       0x30 .\CortexM0\ARM_GCC_541\Debug\Motor Board Rev1.a(CyLib.o)
                0x000010a8                CyDelay
 .text.CySysClkImoEnableWcoLock
                0x000010d8       0xfc .\CortexM0\ARM_GCC_541\Debug\Motor Board Rev1.a(CyLib.o)
                0x000010d8                CySysClkImoEnableWcoLock
 .text.CyDelayUs
                0x000011d4       0x14 .\CortexM0\ARM_GCC_541\Debug\Motor Board Rev1.a(CyLib.o)
                0x000011d4                CyDelayUs
 .text.CySysClkWriteImoFreq
                0x000011e8      0x1bc .\CortexM0\ARM_GCC_541\Debug\Motor Board Rev1.a(CyLib.o)
                0x000011e8                CySysClkWriteImoFreq
 .text.CySysWdtLocked
                0x000013a4       0x14 .\CortexM0\ARM_GCC_541\Debug\Motor Board Rev1.a(CyLFClk.o)
 .text.CySysClkWcoEnabled
                0x000013b8       0x14 .\CortexM0\ARM_GCC_541\Debug\Motor Board Rev1.a(CyLFClk.o)
                0x000013b8                CySysClkWcoEnabled
 .text.CySysWdtLock
                0x000013cc       0x1c .\CortexM0\ARM_GCC_541\Debug\Motor Board Rev1.a(CyLFClk.o)
                0x000013cc                CySysWdtLock
 .text.CySysWdtUnlock
                0x000013e8       0x30 .\CortexM0\ARM_GCC_541\Debug\Motor Board Rev1.a(CyLFClk.o)
                0x000013e8                CySysWdtUnlock
 .text.CySysWdtClearInterrupt
                0x00001418       0x4c .\CortexM0\ARM_GCC_541\Debug\Motor Board Rev1.a(CyLFClk.o)
                0x00001418                CySysWdtClearInterrupt
 .text.CySysWdtIsr
                0x00001464       0xa4 .\CortexM0\ARM_GCC_541\Debug\Motor Board Rev1.a(CyLFClk.o)
                0x00001464                CySysWdtIsr
 .text.PWM_Motor_WriteCounter
                0x00001508       0x10 .\CortexM0\ARM_GCC_541\Debug\Motor Board Rev1.a(PWM_Motor.o)
                0x00001508                PWM_Motor_WriteCounter
 .text.PWM_Motor_WritePeriod
                0x00001518       0x10 .\CortexM0\ARM_GCC_541\Debug\Motor Board Rev1.a(PWM_Motor.o)
                0x00001518                PWM_Motor_WritePeriod
 .text.PWM_Motor_WriteCompare
                0x00001528       0x10 .\CortexM0\ARM_GCC_541\Debug\Motor Board Rev1.a(PWM_Motor.o)
                0x00001528                PWM_Motor_WriteCompare
 .text.PWM_Motor_TriggerCommand
                0x00001538       0x1c .\CortexM0\ARM_GCC_541\Debug\Motor Board Rev1.a(PWM_Motor.o)
                0x00001538                PWM_Motor_TriggerCommand
 .text.PWM_Motor_Enable
                0x00001554       0x24 .\CortexM0\ARM_GCC_541\Debug\Motor Board Rev1.a(PWM_Motor.o)
                0x00001554                PWM_Motor_Enable
 .text.PWM_Motor_SetInterruptMode
                0x00001578        0xc .\CortexM0\ARM_GCC_541\Debug\Motor Board Rev1.a(PWM_Motor.o)
                0x00001578                PWM_Motor_SetInterruptMode
 .text.PWM_Motor_Init
                0x00001584       0x44 .\CortexM0\ARM_GCC_541\Debug\Motor Board Rev1.a(PWM_Motor.o)
                0x00001584                PWM_Motor_Init
 .text.PWM_Motor_Start
                0x000015c8       0x20 .\CortexM0\ARM_GCC_541\Debug\Motor Board Rev1.a(PWM_Motor.o)
                0x000015c8                PWM_Motor_Start
 .text.Pin_Direction_Write
                0x000015e8       0x18 .\CortexM0\ARM_GCC_541\Debug\Motor Board Rev1.a(Pin_Direction.o)
                0x000015e8                Pin_Direction_Write
 .text.isr_Limit_1_SetVector
                0x00001600        0xc .\CortexM0\ARM_GCC_541\Debug\Motor Board Rev1.a(isr_Limit_1.o)
                0x00001600                isr_Limit_1_SetVector
 .text.isr_Limit_1_SetPriority
                0x0000160c       0x20 .\CortexM0\ARM_GCC_541\Debug\Motor Board Rev1.a(isr_Limit_1.o)
                0x0000160c                isr_Limit_1_SetPriority
 .text.isr_Limit_1_Enable
                0x0000162c        0xc .\CortexM0\ARM_GCC_541\Debug\Motor Board Rev1.a(isr_Limit_1.o)
                0x0000162c                isr_Limit_1_Enable
 .text.isr_Limit_1_Disable
                0x00001638        0xc .\CortexM0\ARM_GCC_541\Debug\Motor Board Rev1.a(isr_Limit_1.o)
                0x00001638                isr_Limit_1_Disable
 .text.isr_Limit_1_StartEx
                0x00001644       0x1c .\CortexM0\ARM_GCC_541\Debug\Motor Board Rev1.a(isr_Limit_1.o)
                0x00001644                isr_Limit_1_StartEx
 .text.QuadDec_GetCounter
                0x00001660       0x14 .\CortexM0\ARM_GCC_541\Debug\Motor Board Rev1.a(QuadDec.o)
                0x00001660                QuadDec_GetCounter
 .text.QuadDec_SetCounter
                0x00001674       0x24 .\CortexM0\ARM_GCC_541\Debug\Motor Board Rev1.a(QuadDec.o)
                0x00001674                QuadDec_SetCounter
 .text.QuadDec_GetEvents
                0x00001698       0x10 .\CortexM0\ARM_GCC_541\Debug\Motor Board Rev1.a(QuadDec.o)
                0x00001698                QuadDec_GetEvents
 .text.QuadDec_SetInterruptMask
                0x000016a8        0xc .\CortexM0\ARM_GCC_541\Debug\Motor Board Rev1.a(QuadDec.o)
                0x000016a8                QuadDec_SetInterruptMask
 .text.QuadDec_Enable
                0x000016b4       0x28 .\CortexM0\ARM_GCC_541\Debug\Motor Board Rev1.a(QuadDec.o)
                0x000016b4                QuadDec_Enable
 .text.QuadDec_Start
                0x000016dc       0x28 .\CortexM0\ARM_GCC_541\Debug\Motor Board Rev1.a(QuadDec.o)
                0x000016dc                QuadDec_Start
 .text.QuadDec_Cnt16_Enable
                0x00001704       0x14 .\CortexM0\ARM_GCC_541\Debug\Motor Board Rev1.a(QuadDec_Cnt16.o)
                0x00001704                QuadDec_Cnt16_Enable
 .text.QuadDec_Cnt16_SetInterruptMode
                0x00001718        0xc .\CortexM0\ARM_GCC_541\Debug\Motor Board Rev1.a(QuadDec_Cnt16.o)
                0x00001718                QuadDec_Cnt16_SetInterruptMode
 .text.QuadDec_Cnt16_ReadStatusRegister
                0x00001724        0xc .\CortexM0\ARM_GCC_541\Debug\Motor Board Rev1.a(QuadDec_Cnt16.o)
                0x00001724                QuadDec_Cnt16_ReadStatusRegister
 .text.QuadDec_Cnt16_WriteCounter
                0x00001730        0xc .\CortexM0\ARM_GCC_541\Debug\Motor Board Rev1.a(QuadDec_Cnt16.o)
                0x00001730                QuadDec_Cnt16_WriteCounter
 .text.QuadDec_Cnt16_ReadCounter
                0x0000173c       0x14 .\CortexM0\ARM_GCC_541\Debug\Motor Board Rev1.a(QuadDec_Cnt16.o)
                0x0000173c                QuadDec_Cnt16_ReadCounter
 .text.QuadDec_Cnt16_ReadCapture
                0x00001750        0xc .\CortexM0\ARM_GCC_541\Debug\Motor Board Rev1.a(QuadDec_Cnt16.o)
                0x00001750                QuadDec_Cnt16_ReadCapture
 .text.QuadDec_Cnt16_WritePeriod
                0x0000175c        0xc .\CortexM0\ARM_GCC_541\Debug\Motor Board Rev1.a(QuadDec_Cnt16.o)
                0x0000175c                QuadDec_Cnt16_WritePeriod
 .text.QuadDec_Cnt16_WriteCompare
                0x00001768        0xc .\CortexM0\ARM_GCC_541\Debug\Motor Board Rev1.a(QuadDec_Cnt16.o)
                0x00001768                QuadDec_Cnt16_WriteCompare
 .text.QuadDec_Cnt16_ClearFIFO
                0x00001774       0x14 .\CortexM0\ARM_GCC_541\Debug\Motor Board Rev1.a(QuadDec_Cnt16.o)
                0x00001774                QuadDec_Cnt16_ClearFIFO
 .text.QuadDec_Cnt16_Init
                0x00001788       0x58 .\CortexM0\ARM_GCC_541\Debug\Motor Board Rev1.a(QuadDec_Cnt16.o)
                0x00001788                QuadDec_Cnt16_Init
 .text.QuadDec_Cnt16_Start
                0x000017e0       0x20 .\CortexM0\ARM_GCC_541\Debug\Motor Board Rev1.a(QuadDec_Cnt16.o)
                0x000017e0                QuadDec_Cnt16_Start
 .text.Status_Reg_Switches_Read
                0x00001800        0xc .\CortexM0\ARM_GCC_541\Debug\Motor Board Rev1.a(Status_Reg_Switches.o)
                0x00001800                Status_Reg_Switches_Read
 .text.Status_Reg_Switches_InterruptEnable
                0x0000180c       0x1c .\CortexM0\ARM_GCC_541\Debug\Motor Board Rev1.a(Status_Reg_Switches.o)
                0x0000180c                Status_Reg_Switches_InterruptEnable
 .text.CAN_GlobalIntEnable
                0x00001828       0x1c .\CortexM0\ARM_GCC_541\Debug\Motor Board Rev1.a(CAN.o)
                0x00001828                CAN_GlobalIntEnable
 .text.CAN_Enable
                0x00001844       0x48 .\CortexM0\ARM_GCC_541\Debug\Motor Board Rev1.a(CAN.o)
                0x00001844                CAN_Enable
 .text.CAN_SetPreScaler
                0x0000188c       0x38 .\CortexM0\ARM_GCC_541\Debug\Motor Board Rev1.a(CAN.o)
                0x0000188c                CAN_SetPreScaler
 .text.CAN_SetArbiter
                0x000018c4       0x40 .\CortexM0\ARM_GCC_541\Debug\Motor Board Rev1.a(CAN.o)
                0x000018c4                CAN_SetArbiter
 .text.CAN_SetTsegSample
                0x00001904       0xa0 .\CortexM0\ARM_GCC_541\Debug\Motor Board Rev1.a(CAN.o)
                0x00001904                CAN_SetTsegSample
 .text.CAN_SetRestartType
                0x000019a4       0x38 .\CortexM0\ARM_GCC_541\Debug\Motor Board Rev1.a(CAN.o)
                0x000019a4                CAN_SetRestartType
 .text.CAN_SetEdgeMode
                0x000019dc       0x38 .\CortexM0\ARM_GCC_541\Debug\Motor Board Rev1.a(CAN.o)
                0x000019dc                CAN_SetEdgeMode
 .text.CAN_SetIrqMask
                0x00001a14       0x1c .\CortexM0\ARM_GCC_541\Debug\Motor Board Rev1.a(CAN.o)
                0x00001a14                CAN_SetIrqMask
 .text.CAN_RxBufConfig
                0x00001a30       0x98 .\CortexM0\ARM_GCC_541\Debug\Motor Board Rev1.a(CAN.o)
                0x00001a30                CAN_RxBufConfig
 .text.CAN_TxBufConfig
                0x00001ac8       0x58 .\CortexM0\ARM_GCC_541\Debug\Motor Board Rev1.a(CAN.o)
                0x00001ac8                CAN_TxBufConfig
 .text.CAN_RxTxBuffersConfig
                0x00001b20       0x54 .\CortexM0\ARM_GCC_541\Debug\Motor Board Rev1.a(CAN.o)
                0x00001b20                CAN_RxTxBuffersConfig
 .text.CAN_SetSwapDataEndianness
                0x00001b74       0x40 .\CortexM0\ARM_GCC_541\Debug\Motor Board Rev1.a(CAN.o)
                0x00001b74                CAN_SetSwapDataEndianness
 .text.CAN_Init
                0x00001bb4       0xe8 .\CortexM0\ARM_GCC_541\Debug\Motor Board Rev1.a(CAN.o)
                0x00001bb4                CAN_Init
 .text.CAN_Start
                0x00001c9c       0x28 .\CortexM0\ARM_GCC_541\Debug\Motor Board Rev1.a(CAN.o)
                0x00001c9c                CAN_Start
 .text.CAN_ISR  0x00001cc4        0x4 .\CortexM0\ARM_GCC_541\Debug\Motor Board Rev1.a(CAN_INT.o)
                0x00001cc4                CAN_ISR
 .text.CAN_SendMsg
                0x00001cc8      0x154 .\CortexM0\ARM_GCC_541\Debug\Motor Board Rev1.a(CAN_TX_RX_func.o)
                0x00001cc8                CAN_SendMsg
 .text.UART_ScbModePostEnable
                0x00001e1c        0x8 .\CortexM0\ARM_GCC_541\Debug\Motor Board Rev1.a(UART.o)
 .text.UART_Init
                0x00001e24        0x8 .\CortexM0\ARM_GCC_541\Debug\Motor Board Rev1.a(UART.o)
                0x00001e24                UART_Init
 .text.UART_Enable
                0x00001e2c       0x18 .\CortexM0\ARM_GCC_541\Debug\Motor Board Rev1.a(UART.o)
                0x00001e2c                UART_Enable
 .text.UART_Start
                0x00001e44       0x20 .\CortexM0\ARM_GCC_541\Debug\Motor Board Rev1.a(UART.o)
                0x00001e44                UART_Start
 .text.UART_UartInit
                0x00001e64       0xa8 .\CortexM0\ARM_GCC_541\Debug\Motor Board Rev1.a(UART_UART.o)
                0x00001e64                UART_UartInit
 .text.UART_UartPostEnable
                0x00001f0c       0x24 .\CortexM0\ARM_GCC_541\Debug\Motor Board Rev1.a(UART_UART.o)
                0x00001f0c                UART_UartPostEnable
 .text.UART_UartPutString
                0x00001f30       0x18 .\CortexM0\ARM_GCC_541\Debug\Motor Board Rev1.a(UART_UART.o)
                0x00001f30                UART_UartPutString
 .text.Can_addr_Read
                0x00001f48        0xc .\CortexM0\ARM_GCC_541\Debug\Motor Board Rev1.a(Can_addr.o)
                0x00001f48                Can_addr_Read
 .text.Timer_1_Enable
                0x00001f54       0x14 .\CortexM0\ARM_GCC_541\Debug\Motor Board Rev1.a(Timer_1.o)
                0x00001f54                Timer_1_Enable
 .text.Timer_1_SetInterruptMode
                0x00001f68        0xc .\CortexM0\ARM_GCC_541\Debug\Motor Board Rev1.a(Timer_1.o)
                0x00001f68                Timer_1_SetInterruptMode
 .text.Timer_1_ReadStatusRegister
                0x00001f74        0xc .\CortexM0\ARM_GCC_541\Debug\Motor Board Rev1.a(Timer_1.o)
                0x00001f74                Timer_1_ReadStatusRegister
 .text.Timer_1_WritePeriod
                0x00001f80       0x10 .\CortexM0\ARM_GCC_541\Debug\Motor Board Rev1.a(Timer_1.o)
                0x00001f80                Timer_1_WritePeriod
 .text.Timer_1_ReadCapture
                0x00001f90       0x10 .\CortexM0\ARM_GCC_541\Debug\Motor Board Rev1.a(Timer_1.o)
                0x00001f90                Timer_1_ReadCapture
 .text.Timer_1_WriteCounter
                0x00001fa0       0x10 .\CortexM0\ARM_GCC_541\Debug\Motor Board Rev1.a(Timer_1.o)
                0x00001fa0                Timer_1_WriteCounter
 .text.Timer_1_ClearFIFO
                0x00001fb0       0x14 .\CortexM0\ARM_GCC_541\Debug\Motor Board Rev1.a(Timer_1.o)
                0x00001fb0                Timer_1_ClearFIFO
 .text.Timer_1_Init
                0x00001fc4       0x38 .\CortexM0\ARM_GCC_541\Debug\Motor Board Rev1.a(Timer_1.o)
                0x00001fc4                Timer_1_Init
 .text.Timer_1_Start
                0x00001ffc       0x20 .\CortexM0\ARM_GCC_541\Debug\Motor Board Rev1.a(Timer_1.o)
                0x00001ffc                Timer_1_Start
 .text.isr_period_SetVector
                0x0000201c        0xc .\CortexM0\ARM_GCC_541\Debug\Motor Board Rev1.a(isr_period.o)
                0x0000201c                isr_period_SetVector
 .text.isr_period_SetPriority
                0x00002028       0x24 .\CortexM0\ARM_GCC_541\Debug\Motor Board Rev1.a(isr_period.o)
                0x00002028                isr_period_SetPriority
 .text.isr_period_Enable
                0x0000204c        0xc .\CortexM0\ARM_GCC_541\Debug\Motor Board Rev1.a(isr_period.o)
                0x0000204c                isr_period_Enable
 .text.isr_period_Disable
                0x00002058        0xc .\CortexM0\ARM_GCC_541\Debug\Motor Board Rev1.a(isr_period.o)
                0x00002058                isr_period_Disable
 .text.isr_period_StartEx
                0x00002064       0x1c .\CortexM0\ARM_GCC_541\Debug\Motor Board Rev1.a(isr_period.o)
                0x00002064                isr_period_StartEx
 .text          0x00002080       0x20 .\CortexM0\ARM_GCC_541\Debug\Motor Board Rev1.a(CyBootAsmGnu.o)
                0x00002080                CyDelayCycles
                0x00002092                CyEnterCriticalSection
                0x0000209a                CyExitCriticalSection
 .text.CySysFlashSetWaitCycles
                0x000020a0       0x54 .\CortexM0\ARM_GCC_541\Debug\Motor Board Rev1.a(CyFlash.o)
                0x000020a0                CySysFlashSetWaitCycles
 .text.CySetReg24
                0x000020f4       0x14 .\CortexM0\ARM_GCC_541\Debug\Motor Board Rev1.a(cyutils.o)
                0x000020f4                CySetReg24
 .text.CyGetReg24
                0x00002108       0x14 .\CortexM0\ARM_GCC_541\Debug\Motor Board Rev1.a(cyutils.o)
                0x00002108                CyGetReg24
 .text.UART_SpiUartWriteTxData
                0x0000211c       0x1c .\CortexM0\ARM_GCC_541\Debug\Motor Board Rev1.a(UART_SPI_UART.o)
                0x0000211c                UART_SpiUartWriteTxData
 .text          0x00002138      0x114 c:/program files (x86)/cypress/psoc creator/4.2/psoc creator/import/gnu/arm/5.4.1/bin/../lib/gcc/arm-none-eabi/5.4.1/armv6-m\libgcc.a(_udivsi3.o)
                0x00002138                __aeabi_uidiv
                0x00002138                __udivsi3
                0x00002244                __aeabi_uidivmod
 .text          0x0000224c      0x1d4 c:/program files (x86)/cypress/psoc creator/4.2/psoc creator/import/gnu/arm/5.4.1/bin/../lib/gcc/arm-none-eabi/5.4.1/armv6-m\libgcc.a(_divsi3.o)
                0x0000224c                __divsi3
                0x0000224c                __aeabi_idiv
                0x00002418                __aeabi_idivmod
 .text          0x00002420        0x4 c:/program files (x86)/cypress/psoc creator/4.2/psoc creator/import/gnu/arm/5.4.1/bin/../lib/gcc/arm-none-eabi/5.4.1/armv6-m\libgcc.a(_dvmd_tls.o)
                0x00002420                __aeabi_idiv0
                0x00002420                __aeabi_ldiv0
 .text          0x00002424      0x62c c:/program files (x86)/cypress/psoc creator/4.2/psoc creator/import/gnu/arm/5.4.1/bin/../lib/gcc/arm-none-eabi/5.4.1/armv6-m\libgcc.a(divdf3.o)
                0x00002424                __aeabi_ddiv
 .text          0x00002a50      0x4f4 c:/program files (x86)/cypress/psoc creator/4.2/psoc creator/import/gnu/arm/5.4.1/bin/../lib/gcc/arm-none-eabi/5.4.1/armv6-m\libgcc.a(muldf3.o)
                0x00002a50                __aeabi_dmul
 .text          0x00002f44       0x6c c:/program files (x86)/cypress/psoc creator/4.2/psoc creator/import/gnu/arm/5.4.1/bin/../lib/gcc/arm-none-eabi/5.4.1/armv6-m\libgcc.a(fixdfsi.o)
                0x00002f44                __aeabi_d2iz
 .text          0x00002fb0       0x84 c:/program files (x86)/cypress/psoc creator/4.2/psoc creator/import/gnu/arm/5.4.1/bin/../lib/gcc/arm-none-eabi/5.4.1/armv6-m\libgcc.a(floatsidf.o)
                0x00002fb0                __aeabi_i2d
 .text          0x00003034       0x3c c:/program files (x86)/cypress/psoc creator/4.2/psoc creator/import/gnu/arm/5.4.1/bin/../lib/gcc/arm-none-eabi/5.4.1/armv6-m\libgcc.a(_clzsi2.o)
                0x00003034                __clzsi2
 .text.__errno  0x00003070        0xc c:/program files (x86)/cypress/psoc creator/4.2/psoc creator/import/gnu/arm/5.4.1/bin/../lib/gcc/arm-none-eabi/5.4.1/../../../../arm-none-eabi/lib/armv6-m\libg_nano.a(lib_a-errno.o)
                0x00003070                __errno
 .text.__libc_init_array
                0x0000307c       0x4c c:/program files (x86)/cypress/psoc creator/4.2/psoc creator/import/gnu/arm/5.4.1/bin/../lib/gcc/arm-none-eabi/5.4.1/../../../../arm-none-eabi/lib/armv6-m\libg_nano.a(lib_a-init.o)
                0x0000307c                __libc_init_array
 .text.memcpy   0x000030c8       0x12 c:/program files (x86)/cypress/psoc creator/4.2/psoc creator/import/gnu/arm/5.4.1/bin/../lib/gcc/arm-none-eabi/5.4.1/../../../../arm-none-eabi/lib/armv6-m\libg_nano.a(lib_a-memcpy-stub.o)
                0x000030c8                memcpy
 .text.memset   0x000030da       0x10 c:/program files (x86)/cypress/psoc creator/4.2/psoc creator/import/gnu/arm/5.4.1/bin/../lib/gcc/arm-none-eabi/5.4.1/../../../../arm-none-eabi/lib/armv6-m\libg_nano.a(lib_a-memset.o)
                0x000030da                memset
 *fill*         0x000030ea        0x2 
 .text.sprintf  0x000030ec       0x44 c:/program files (x86)/cypress/psoc creator/4.2/psoc creator/import/gnu/arm/5.4.1/bin/../lib/gcc/arm-none-eabi/5.4.1/../../../../arm-none-eabi/lib/armv6-m\libg_nano.a(lib_a-sprintf.o)
                0x000030ec                siprintf
                0x000030ec                sprintf
 .text.__ssputs_r
                0x00003130       0xc4 c:/program files (x86)/cypress/psoc creator/4.2/psoc creator/import/gnu/arm/5.4.1/bin/../lib/gcc/arm-none-eabi/5.4.1/../../../../arm-none-eabi/lib/armv6-m\libg_nano.a(lib_a-nano-svfprintf.o)
                0x00003130                __ssputs_r
 .text._svfprintf_r
                0x000031f4      0x1fc c:/program files (x86)/cypress/psoc creator/4.2/psoc creator/import/gnu/arm/5.4.1/bin/../lib/gcc/arm-none-eabi/5.4.1/../../../../arm-none-eabi/lib/armv6-m\libg_nano.a(lib_a-nano-svfprintf.o)
                0x000031f4                _svfiprintf_r
                0x000031f4                _svfprintf_r
 .text._printf_common
                0x000033f0       0xdc c:/program files (x86)/cypress/psoc creator/4.2/psoc creator/import/gnu/arm/5.4.1/bin/../lib/gcc/arm-none-eabi/5.4.1/../../../../arm-none-eabi/lib/armv6-m\libg_nano.a(lib_a-nano-vfprintf_i.o)
                0x000033f0                _printf_common
 .text._printf_i
                0x000034cc      0x244 c:/program files (x86)/cypress/psoc creator/4.2/psoc creator/import/gnu/arm/5.4.1/bin/../lib/gcc/arm-none-eabi/5.4.1/../../../../arm-none-eabi/lib/armv6-m\libg_nano.a(lib_a-nano-vfprintf_i.o)
                0x000034cc                _printf_i
 .text.memchr   0x00003710       0x16 c:/program files (x86)/cypress/psoc creator/4.2/psoc creator/import/gnu/arm/5.4.1/bin/../lib/gcc/arm-none-eabi/5.4.1/../../../../arm-none-eabi/lib/armv6-m\libg_nano.a(lib_a-memchr-stub.o)
                0x00003710                memchr
 .text.memmove  0x00003726       0x2a c:/program files (x86)/cypress/psoc creator/4.2/psoc creator/import/gnu/arm/5.4.1/bin/../lib/gcc/arm-none-eabi/5.4.1/../../../../arm-none-eabi/lib/armv6-m\libg_nano.a(lib_a-memmove.o)
                0x00003726                memmove
 .text._free_r  0x00003750       0x98 c:/program files (x86)/cypress/psoc creator/4.2/psoc creator/import/gnu/arm/5.4.1/bin/../lib/gcc/arm-none-eabi/5.4.1/../../../../arm-none-eabi/lib/armv6-m\libg_nano.a(lib_a-nano-freer.o)
                0x00003750                _free_r
 .text._malloc_r
                0x000037e8       0xc0 c:/program files (x86)/cypress/psoc creator/4.2/psoc creator/import/gnu/arm/5.4.1/bin/../lib/gcc/arm-none-eabi/5.4.1/../../../../arm-none-eabi/lib/armv6-m\libg_nano.a(lib_a-nano-mallocr.o)
                0x000037e8                _malloc_r
 .text._realloc_r
                0x000038a8       0x4c c:/program files (x86)/cypress/psoc creator/4.2/psoc creator/import/gnu/arm/5.4.1/bin/../lib/gcc/arm-none-eabi/5.4.1/../../../../arm-none-eabi/lib/armv6-m\libg_nano.a(lib_a-nano-reallocr.o)
                0x000038a8                _realloc_r
 .text._sbrk_r  0x000038f4       0x24 c:/program files (x86)/cypress/psoc creator/4.2/psoc creator/import/gnu/arm/5.4.1/bin/../lib/gcc/arm-none-eabi/5.4.1/../../../../arm-none-eabi/lib/armv6-m\libg_nano.a(lib_a-sbrkr.o)
                0x000038f4                _sbrk_r
 .text.__malloc_lock
                0x00003918        0x2 c:/program files (x86)/cypress/psoc creator/4.2/psoc creator/import/gnu/arm/5.4.1/bin/../lib/gcc/arm-none-eabi/5.4.1/../../../../arm-none-eabi/lib/armv6-m\libg_nano.a(lib_a-mlock.o)
                0x00003918                __malloc_lock
 .text.__malloc_unlock
                0x0000391a        0x2 c:/program files (x86)/cypress/psoc creator/4.2/psoc creator/import/gnu/arm/5.4.1/bin/../lib/gcc/arm-none-eabi/5.4.1/../../../../arm-none-eabi/lib/armv6-m\libg_nano.a(lib_a-mlock.o)
                0x0000391a                __malloc_unlock
 .text._malloc_usable_size_r
                0x0000391c       0x16 c:/program files (x86)/cypress/psoc creator/4.2/psoc creator/import/gnu/arm/5.4.1/bin/../lib/gcc/arm-none-eabi/5.4.1/../../../../arm-none-eabi/lib/armv6-m\libg_nano.a(lib_a-nano-msizer.o)
                0x0000391c                _malloc_usable_size_r
 *(.plt)
 *(.gnu.warning)
 *(.glue_7t)
 .glue_7t       0x00003932        0x0 linker stubs
 *(.glue_7)
 .glue_7        0x00003932        0x0 linker stubs
 *(.vfp11_veneer)
 .vfp11_veneer  0x00003932        0x0 linker stubs
 *(.bootloader)
 *(.ARM.extab* .gnu.linkonce.armextab.*)
 *(.gcc_except_table)

.v4_bx          0x00003934        0x0
 .v4_bx         0x00003934        0x0 linker stubs

.iplt           0x00003934        0x0
 .iplt          0x00003934        0x0 c:/program files (x86)/cypress/psoc creator/4.2/psoc creator/import/gnu/arm/5.4.1/bin/../lib/gcc/arm-none-eabi/5.4.1/armv6-m/crtbegin.o

.eh_frame_hdr
 *(.eh_frame_hdr)

.eh_frame       0x00003934        0x4
 *(.eh_frame)
 .eh_frame      0x00003934        0x0 c:/program files (x86)/cypress/psoc creator/4.2/psoc creator/import/gnu/arm/5.4.1/bin/../lib/gcc/arm-none-eabi/5.4.1/armv6-m/crtbegin.o
 .eh_frame      0x00003934        0x4 c:/program files (x86)/cypress/psoc creator/4.2/psoc creator/import/gnu/arm/5.4.1/bin/../lib/gcc/arm-none-eabi/5.4.1/armv6-m/crtend.o
                [!provide]                PROVIDE (__exidx_start, .)

.ARM.exidx
 *(.ARM.exidx* .gnu.linkonce.armexidx.*)
                0x00003938                __exidx_end = .

.rodata         0x00003938      0x9e0
 *(.rodata .rodata.* .gnu.linkonce.r.*)
 .rodata        0x00003938       0x1c .\CortexM0\ARM_GCC_541\Debug\main.o
 .rodata.str1.4
                0x00003954      0x2c4 .\CortexM0\ARM_GCC_541\Debug\main.o
 .rodata        0x00003c18      0x468 .\CortexM0\ARM_GCC_541\Debug\cyfitter_cfg.o
 .rodata        0x00004080       0x47 .\CortexM0\ARM_GCC_541\Debug\Motor Board Rev1.a(CyLib.o)
                0x00004080                cyImoFreqMhz2Reg
                0x000040b0                cyImoFreqMhz2DpllOffset
 *fill*         0x000040c7        0x1 
 .rodata        0x000040c8      0x160 .\CortexM0\ARM_GCC_541\Debug\Motor Board Rev1.a(CAN.o)
 .rodata        0x00004228       0x40 c:/program files (x86)/cypress/psoc creator/4.2/psoc creator/import/gnu/arm/5.4.1/bin/../lib/gcc/arm-none-eabi/5.4.1/armv6-m\libgcc.a(divdf3.o)
 .rodata        0x00004268       0x40 c:/program files (x86)/cypress/psoc creator/4.2/psoc creator/import/gnu/arm/5.4.1/bin/../lib/gcc/arm-none-eabi/5.4.1/armv6-m\libgcc.a(muldf3.o)
 .rodata.str1.1
                0x000042a8        0x2 c:/program files (x86)/cypress/psoc creator/4.2/psoc creator/import/gnu/arm/5.4.1/bin/../lib/gcc/arm-none-eabi/5.4.1/../../../../arm-none-eabi/lib/armv6-m\libg_nano.a(lib_a-impure.o)
 .rodata.str1.1
                0x000042aa       0x11 c:/program files (x86)/cypress/psoc creator/4.2/psoc creator/import/gnu/arm/5.4.1/bin/../lib/gcc/arm-none-eabi/5.4.1/../../../../arm-none-eabi/lib/armv6-m\libg_nano.a(lib_a-nano-svfprintf.o)
 .rodata.str1.1
                0x000042bb       0x22 c:/program files (x86)/cypress/psoc creator/4.2/psoc creator/import/gnu/arm/5.4.1/bin/../lib/gcc/arm-none-eabi/5.4.1/../../../../arm-none-eabi/lib/armv6-m\libg_nano.a(lib_a-nano-vfprintf_i.o)
                0x000042e0                . = ALIGN (0x4)
 *fill*         0x000042dd        0x3 
 *(.init)
 .init          0x000042e0        0x4 c:/program files (x86)/cypress/psoc creator/4.2/psoc creator/import/gnu/arm/5.4.1/bin/../lib/gcc/arm-none-eabi/5.4.1/armv6-m/crti.o
                0x000042e0                _init
 .init          0x000042e4        0x8 c:/program files (x86)/cypress/psoc creator/4.2/psoc creator/import/gnu/arm/5.4.1/bin/../lib/gcc/arm-none-eabi/5.4.1/armv6-m/crtn.o
                0x000042ec                . = ALIGN (0x4)
                0x000042ec                __preinit_array_start = .
 *(.preinit_array)
                0x000042ec                __preinit_array_end = .
                0x000042ec                . = ALIGN (0x4)
                0x000042ec                __init_array_start = .
 *(SORT(.init_array.*))
 *(.init_array)
 .init_array    0x000042ec        0x4 c:/program files (x86)/cypress/psoc creator/4.2/psoc creator/import/gnu/arm/5.4.1/bin/../lib/gcc/arm-none-eabi/5.4.1/armv6-m/crtbegin.o
 .init_array    0x000042f0        0x4 .\CortexM0\ARM_GCC_541\Debug\Cm0Start.o
                0x000042f4                __init_array_end = .
                0x000042f4                . = ALIGN (0x4)
 *(.fini)
 .fini          0x000042f4        0x4 c:/program files (x86)/cypress/psoc creator/4.2/psoc creator/import/gnu/arm/5.4.1/bin/../lib/gcc/arm-none-eabi/5.4.1/armv6-m/crti.o
                0x000042f4                _fini
 .fini          0x000042f8        0x8 c:/program files (x86)/cypress/psoc creator/4.2/psoc creator/import/gnu/arm/5.4.1/bin/../lib/gcc/arm-none-eabi/5.4.1/armv6-m/crtn.o
                0x00004300                . = ALIGN (0x4)
                0x00004300                __fini_array_start = .
 *(.fini_array)
 .fini_array    0x00004300        0x4 c:/program files (x86)/cypress/psoc creator/4.2/psoc creator/import/gnu/arm/5.4.1/bin/../lib/gcc/arm-none-eabi/5.4.1/armv6-m/crtbegin.o
 *(SORT(.fini_array.*))
                0x00004304                __fini_array_end = .
                0x00004304                . = ALIGN (0x4)
 *crtbegin.o(.ctors)
 *(EXCLUDE_FILE(*crtend.o) .ctors)
 *(SORT(.ctors.*))
 *crtend.o(.ctors)
                0x00004304                . = ALIGN (0x4)
 *crtbegin.o(.dtors)
 *(EXCLUDE_FILE(*crtend.o) .dtors)
 *(SORT(.dtors.*))
 *crtend.o(.dtors)
                0x00004304                . = ALIGN (0x4)
                0x00004304                __cy_regions = .
                0x00004304        0x4 LONG 0x4318 __cy_region_init_ram
                0x00004308        0x4 LONG 0x200000c0 __cy_region_start_data
                0x0000430c        0x4 LONG 0x98 __cy_region_init_size_ram
                0x00004310        0x4 LONG 0x160 __cy_region_zero_size_ram
                0x00004314                __cy_regions_end = .
                0x00004318                . = ALIGN (0x8)
 *fill*         0x00004314        0x4 
                0x00004318                _etext = .

.cy_checksum_exclude
                0x00004318        0x0
 *(.cy_checksum_exclude)

.ramvectors     0x20000000       0xc0
                0x20000000                __cy_region_start_ram = .
 *(.ramvectors)
 .ramvectors    0x20000000       0xc0 .\CortexM0\ARM_GCC_541\Debug\Cm0Start.o
                0x20000000                CyRamVectors

.noinit
 *(.noinit)

.data           0x200000c0       0x98 load address 0x00004318
                0x200000c0                __cy_region_start_data = .
 *(.jcr)
 .jcr           0x200000c0        0x0 c:/program files (x86)/cypress/psoc creator/4.2/psoc creator/import/gnu/arm/5.4.1/bin/../lib/gcc/arm-none-eabi/5.4.1/armv6-m/crtbegin.o
 .jcr           0x200000c0        0x4 c:/program files (x86)/cypress/psoc creator/4.2/psoc creator/import/gnu/arm/5.4.1/bin/../lib/gcc/arm-none-eabi/5.4.1/armv6-m/crtend.o
 *(.got.plt)
 *(.got)
 *(.shdata)
 *(.data .data.* .gnu.linkonce.d.*)
 .data          0x200000c4        0xf .\CortexM0\ARM_GCC_541\Debug\main.o
                0x200000c4                uart_debug
                0x200000c8                CAN_RX_MAILBOX_0_SHIFT
                0x200000cc                CAN_RX_MAILBOX_0
                0x200000ce                mode
                0x200000cf                flipEncoder
                0x200000d0                CAN_RX_MAILBOX_1_SHIFT
                0x200000d2                send_data
 *fill*         0x200000d3        0x1 
 .data          0x200000d4        0x4 .\CortexM0\ARM_GCC_541\Debug\Cm0Start.o
 .data          0x200000d8       0x14 .\CortexM0\ARM_GCC_541\Debug\Motor Board Rev1.a(CyLib.o)
                0x200000d8                CySysClkPumpConfig
                0x200000dc                cydelay32kMs
                0x200000e0                cydelayFreqKhz
                0x200000e4                cydelayFreqMhz
                0x200000e8                cydelayFreqHz
 .data          0x200000ec        0x8 .\CortexM0\ARM_GCC_541\Debug\Motor Board Rev1.a(CyLFClk.o)
 .data.impure_data
                0x200000f4       0x60 c:/program files (x86)/cypress/psoc creator/4.2/psoc creator/import/gnu/arm/5.4.1/bin/../lib/gcc/arm-none-eabi/5.4.1/../../../../arm-none-eabi/lib/armv6-m\libg_nano.a(lib_a-impure.o)
 .data._impure_ptr
                0x20000154        0x4 c:/program files (x86)/cypress/psoc creator/4.2/psoc creator/import/gnu/arm/5.4.1/bin/../lib/gcc/arm-none-eabi/5.4.1/../../../../arm-none-eabi/lib/armv6-m\libg_nano.a(lib_a-impure.o)
                0x20000154                _impure_ptr
                0x20000158                . = ALIGN (0x8)
 *(.ram)
                0x20000158                _edata = .

.igot.plt       0x20000158        0x0 load address 0x000043b0
 .igot.plt      0x20000158        0x0 c:/program files (x86)/cypress/psoc creator/4.2/psoc creator/import/gnu/arm/5.4.1/bin/../lib/gcc/arm-none-eabi/5.4.1/armv6-m/crtbegin.o

.bss            0x20000158      0x160 load address 0x000043b0
                0x20000158                PROVIDE (__bss_start__, .)
 *(.shbss)
 *(.bss .bss.* .gnu.linkonce.b.*)
 .bss           0x20000158       0x1c c:/program files (x86)/cypress/psoc creator/4.2/psoc creator/import/gnu/arm/5.4.1/bin/../lib/gcc/arm-none-eabi/5.4.1/armv6-m/crtbegin.o
 .bss           0x20000174       0x24 .\CortexM0\ARM_GCC_541\Debug\main.o
                0x20000174                final_angle
                0x20000178                i
                0x2000017c                complete
                0x2000017d                model_req
                0x2000017e                CAN_RX_MAILBOX_1
                0x20000180                emergency
                0x20000184                message_id
                0x20000188                disable_limit
                0x20000189                invalidate
                0x2000018a                time_LED
                0x2000018c                lastp
                0x20000190                maxV
                0x20000191                drive
                0x20000194                mailbox
 .bss           0x20000198       0x20 .\CortexM0\ARM_GCC_541\Debug\Motor Board Rev1.a(CyLib.o)
                0x20000198                CySysClkImoTrim4
                0x2000019c                CySysClkImoTrim5
                0x200001b4                CySysTickInitVar
 .bss           0x200001b8       0x28 .\CortexM0\ARM_GCC_541\Debug\Motor Board Rev1.a(CyLFClk.o)
 .bss           0x200001e0        0x1 .\CortexM0\ARM_GCC_541\Debug\Motor Board Rev1.a(PWM_Motor.o)
                0x200001e0                PWM_Motor_initVar
 .bss           0x200001e1        0x1 .\CortexM0\ARM_GCC_541\Debug\Motor Board Rev1.a(QuadDec.o)
                0x200001e1                QuadDec_initVar
 .bss           0x200001e2        0x1 .\CortexM0\ARM_GCC_541\Debug\Motor Board Rev1.a(QuadDec_Cnt16.o)
                0x200001e2                QuadDec_Cnt16_initVar
 .bss           0x200001e3        0x1 .\CortexM0\ARM_GCC_541\Debug\Motor Board Rev1.a(CAN.o)
                0x200001e3                CAN_initVar
 .bss           0x200001e4        0x4 .\CortexM0\ARM_GCC_541\Debug\Motor Board Rev1.a(UART.o)
                0x200001e4                UART_initVar
                0x200001e6                UART_IntrTxMask
 .bss           0x200001e8        0x1 .\CortexM0\ARM_GCC_541\Debug\Motor Board Rev1.a(Timer_1.o)
                0x200001e8                Timer_1_initVar
 *fill*         0x200001e9        0x3 
 .bss.__malloc_sbrk_start
                0x200001ec        0x4 c:/program files (x86)/cypress/psoc creator/4.2/psoc creator/import/gnu/arm/5.4.1/bin/../lib/gcc/arm-none-eabi/5.4.1/../../../../arm-none-eabi/lib/armv6-m\libg_nano.a(lib_a-nano-mallocr.o)
                0x200001ec                __malloc_sbrk_start
 .bss.__malloc_free_list
                0x200001f0        0x4 c:/program files (x86)/cypress/psoc creator/4.2/psoc creator/import/gnu/arm/5.4.1/bin/../lib/gcc/arm-none-eabi/5.4.1/../../../../arm-none-eabi/lib/armv6-m\libg_nano.a(lib_a-nano-mallocr.o)
                0x200001f0                __malloc_free_list
 *(COMMON)
 *fill*         0x200001f4        0x4 
 COMMON         0x200001f8       0xba .\CortexM0\ARM_GCC_541\Debug\main.o
                0x200001f8                kd
                0x200001fc                invalid_arg
                0x20000200                txData
                0x20000264                Can_rx_angle
                0x2000026c                message
                0x2000027c                GEAR_RATIO
                0x20000280                CAN_TIMEOUT
                0x20000284                pwm_compare
                0x20000288                ki
                0x2000028c                data
                0x20000298                ratio
                0x200002a0                stall
                0x200002a4                command_failed
                0x200002a8                kp
                0x200002ac                Can_rx_pwm
 *fill*         0x200002b2        0x2 
 COMMON         0x200002b4        0x4 c:/program files (x86)/cypress/psoc creator/4.2/psoc creator/import/gnu/arm/5.4.1/bin/../lib/gcc/arm-none-eabi/5.4.1/../../../../arm-none-eabi/lib/armv6-m\libg_nano.a(lib_a-reent.o)
                0x200002b4                errno
                0x200002b8                . = ALIGN (0x8)
 *(.ram.b)
                0x200002b8                _end = .
                0x200002b8                __end = .
                0x200002b8                PROVIDE (end, .)
                0x200002b8                PROVIDE (__bss_end__, .)
                0x00004318                __cy_region_init_ram = LOADADDR (.data)
                0x00000098                __cy_region_init_size_ram = (_edata - ADDR (.data))
                0x00000160                __cy_region_zero_size_ram = (_end - _edata)

.heap           0x200002b8       0x80 load address 0x000043b0
                0x200002b8                . = _end
                0x20000338                . = (. + 0x80)
 *fill*         0x200002b8       0x80 
                0x20000338                __cy_heap_limit = .

.stack          0x20007800      0x800
                0x20007800                __cy_stack_limit = .
                0x20008000                . = (. + 0x800)
 *fill*         0x20007800      0x800 
                0x00000001                ASSERT ((__cy_stack_limit >= __cy_heap_limit), region RAM overflowed with stack)
                0x00000000                cy_checksum_exclude_size = (CY_APPL_LOADABLE == 0x1)?SIZEOF (.cy_checksum_exclude):0x0
                0x00000001                ASSERT ((cy_checksum_exclude_size <= CY_CHECKSUM_EXCLUDE_SIZE), CY_BOOT: Section .cy_checksum_exclude size exceedes specified limit.)
                0x0003ffc0                cyloadermeta_start = (cy_project_type_bootloader || cy_project_type_app_for_stack_and_copier)?(LENGTH (rom) - CY_METADATA_SIZE):0xf0000000

.cyloadermeta
 *(.cyloadermeta)
                0x0003ffc0                cyloadablemeta_start = cy_project_type_app_for_stack_and_copier?((LENGTH (rom) - CY_FLASH_ROW_SIZE) - CY_METADATA_SIZE):((LENGTH (rom) - (CY_FLASH_ROW_SIZE * (CY_APPL_NUM - 0x1))) - CY_METADATA_SIZE)

.cyloadablemeta
 *(.cyloadablemeta)

.cyflashprotect
                0x90400000       0x80
 *(.cyflashprotect)
 .cyflashprotect
                0x90400000       0x80 .\CortexM0\ARM_GCC_541\Debug\cymetadata.o
                0x90400000                cy_meta_flashprotect

.cymeta         0x90500000        0xc
 *(.cymeta)
 .cymeta        0x90500000        0xc .\CortexM0\ARM_GCC_541\Debug\cymetadata.o
                0x90500000                cy_metadata

.cychipprotect  0x90600000        0x1
 *(.cychipprotect)
 .cychipprotect
                0x90600000        0x1 .\CortexM0\ARM_GCC_541\Debug\cymetadata.o
                0x90600000                cy_meta_chipprotect

.rel.dyn        0x000043b0        0x0 load address 0x90600004
 .rel.iplt      0x000043b0        0x0 c:/program files (x86)/cypress/psoc creator/4.2/psoc creator/import/gnu/arm/5.4.1/bin/../lib/gcc/arm-none-eabi/5.4.1/armv6-m/crtbegin.o

.stab
 *(.stab)

.stabstr
 *(.stabstr)

.debug
 *(.debug)

.line
 *(.line)

.debug_srcinfo
 *(.debug_srcinfo)

.debug_sfnames
 *(.debug_sfnames)

.debug_aranges  0x00000000      0xd58
 *(.debug_aranges)
 .debug_aranges
                0x00000000       0xa0 .\CortexM0\ARM_GCC_541\Debug\main.o
 .debug_aranges
                0x000000a0       0x40 .\CortexM0\ARM_GCC_541\Debug\cyfitter_cfg.o
 .debug_aranges
                0x000000e0       0x18 .\CortexM0\ARM_GCC_541\Debug\cymetadata.o
 .debug_aranges
                0x000000f8       0x48 .\CortexM0\ARM_GCC_541\Debug\Cm0Start.o
 .debug_aranges
                0x00000140      0x260 .\CortexM0\ARM_GCC_541\Debug\Motor Board Rev1.a(CyLib.o)
 .debug_aranges
                0x000003a0      0x188 .\CortexM0\ARM_GCC_541\Debug\Motor Board Rev1.a(CyLFClk.o)
 .debug_aranges
                0x00000528      0x158 .\CortexM0\ARM_GCC_541\Debug\Motor Board Rev1.a(PWM_Motor.o)
 .debug_aranges
                0x00000680       0x48 .\CortexM0\ARM_GCC_541\Debug\Motor Board Rev1.a(Pin_Direction.o)
 .debug_aranges
                0x000006c8       0x80 .\CortexM0\ARM_GCC_541\Debug\Motor Board Rev1.a(isr_Limit_1.o)
 .debug_aranges
                0x00000748       0x60 .\CortexM0\ARM_GCC_541\Debug\Motor Board Rev1.a(QuadDec.o)
 .debug_aranges
                0x000007a8       0x98 .\CortexM0\ARM_GCC_541\Debug\Motor Board Rev1.a(QuadDec_Cnt16.o)
 .debug_aranges
                0x00000840       0x40 .\CortexM0\ARM_GCC_541\Debug\Motor Board Rev1.a(Status_Reg_Switches.o)
 .debug_aranges
                0x00000880       0xe8 .\CortexM0\ARM_GCC_541\Debug\Motor Board Rev1.a(CAN.o)
 .debug_aranges
                0x00000968       0x20 .\CortexM0\ARM_GCC_541\Debug\Motor Board Rev1.a(CAN_INT.o)
 .debug_aranges
                0x00000988       0xb0 .\CortexM0\ARM_GCC_541\Debug\Motor Board Rev1.a(CAN_TX_RX_func.o)
 .debug_aranges
                0x00000a38       0x58 .\CortexM0\ARM_GCC_541\Debug\Motor Board Rev1.a(UART.o)
 .debug_aranges
                0x00000a90       0x90 .\CortexM0\ARM_GCC_541\Debug\Motor Board Rev1.a(UART_UART.o)
 .debug_aranges
                0x00000b20       0x40 .\CortexM0\ARM_GCC_541\Debug\Motor Board Rev1.a(Can_addr.o)
 .debug_aranges
                0x00000b60       0x90 .\CortexM0\ARM_GCC_541\Debug\Motor Board Rev1.a(Timer_1.o)
 .debug_aranges
                0x00000bf0       0x80 .\CortexM0\ARM_GCC_541\Debug\Motor Board Rev1.a(isr_period.o)
 .debug_aranges
                0x00000c70       0x20 .\CortexM0\ARM_GCC_541\Debug\Motor Board Rev1.a(CyBootAsmGnu.o)
 .debug_aranges
                0x00000c90       0x40 .\CortexM0\ARM_GCC_541\Debug\Motor Board Rev1.a(CyFlash.o)
 .debug_aranges
                0x00000cd0       0x28 .\CortexM0\ARM_GCC_541\Debug\Motor Board Rev1.a(cyutils.o)
 .debug_aranges
                0x00000cf8       0x60 .\CortexM0\ARM_GCC_541\Debug\Motor Board Rev1.a(UART_SPI_UART.o)

.debug_pubnames
 *(.debug_pubnames)

.debug_info     0x00000000     0x7a5f
 *(.debug_info .gnu.linkonce.wi.*)
 .debug_info    0x00000000     0x106c .\CortexM0\ARM_GCC_541\Debug\main.o
 .debug_info    0x0000106c      0x3bd .\CortexM0\ARM_GCC_541\Debug\cyfitter_cfg.o
 .debug_info    0x00001429       0xf8 .\CortexM0\ARM_GCC_541\Debug\cymetadata.o
 .debug_info    0x00001521      0x3a2 .\CortexM0\ARM_GCC_541\Debug\Cm0Start.o
 .debug_info    0x000018c3     0x178f .\CortexM0\ARM_GCC_541\Debug\Motor Board Rev1.a(CyLib.o)
 .debug_info    0x00003052     0x1058 .\CortexM0\ARM_GCC_541\Debug\Motor Board Rev1.a(CyLFClk.o)
 .debug_info    0x000040aa      0x908 .\CortexM0\ARM_GCC_541\Debug\Motor Board Rev1.a(PWM_Motor.o)
 .debug_info    0x000049b2      0x19d .\CortexM0\ARM_GCC_541\Debug\Motor Board Rev1.a(Pin_Direction.o)
 .debug_info    0x00004b4f      0x305 .\CortexM0\ARM_GCC_541\Debug\Motor Board Rev1.a(isr_Limit_1.o)
 .debug_info    0x00004e54      0x2d4 .\CortexM0\ARM_GCC_541\Debug\Motor Board Rev1.a(QuadDec.o)
 .debug_info    0x00005128      0x345 .\CortexM0\ARM_GCC_541\Debug\Motor Board Rev1.a(QuadDec_Cnt16.o)
 .debug_info    0x0000546d      0x17f .\CortexM0\ARM_GCC_541\Debug\Motor Board Rev1.a(Status_Reg_Switches.o)
 .debug_info    0x000055ec      0x9c6 .\CortexM0\ARM_GCC_541\Debug\Motor Board Rev1.a(CAN.o)
 .debug_info    0x00005fb2       0xa0 .\CortexM0\ARM_GCC_541\Debug\Motor Board Rev1.a(CAN_INT.o)
 .debug_info    0x00006052      0x49e .\CortexM0\ARM_GCC_541\Debug\Motor Board Rev1.a(CAN_TX_RX_func.o)
 .debug_info    0x000064f0      0x23a .\CortexM0\ARM_GCC_541\Debug\Motor Board Rev1.a(UART.o)
 .debug_info    0x0000672a      0x3b5 .\CortexM0\ARM_GCC_541\Debug\Motor Board Rev1.a(UART_UART.o)
 .debug_info    0x00006adf      0x17f .\CortexM0\ARM_GCC_541\Debug\Motor Board Rev1.a(Can_addr.o)
 .debug_info    0x00006c5e      0x386 .\CortexM0\ARM_GCC_541\Debug\Motor Board Rev1.a(Timer_1.o)
 .debug_info    0x00006fe4      0x305 .\CortexM0\ARM_GCC_541\Debug\Motor Board Rev1.a(isr_period.o)
 .debug_info    0x000072e9       0xb9 .\CortexM0\ARM_GCC_541\Debug\Motor Board Rev1.a(CyBootAsmGnu.o)
 .debug_info    0x000073a2      0x352 .\CortexM0\ARM_GCC_541\Debug\Motor Board Rev1.a(CyFlash.o)
 .debug_info    0x000076f4      0x14b .\CortexM0\ARM_GCC_541\Debug\Motor Board Rev1.a(cyutils.o)
 .debug_info    0x0000783f      0x220 .\CortexM0\ARM_GCC_541\Debug\Motor Board Rev1.a(UART_SPI_UART.o)

.debug_abbrev   0x00000000     0x1e39
 *(.debug_abbrev)
 .debug_abbrev  0x00000000      0x25c .\CortexM0\ARM_GCC_541\Debug\main.o
 .debug_abbrev  0x0000025c      0x1b8 .\CortexM0\ARM_GCC_541\Debug\cyfitter_cfg.o
 .debug_abbrev  0x00000414       0x5d .\CortexM0\ARM_GCC_541\Debug\cymetadata.o
 .debug_abbrev  0x00000471      0x1d7 .\CortexM0\ARM_GCC_541\Debug\Cm0Start.o
 .debug_abbrev  0x00000648      0x288 .\CortexM0\ARM_GCC_541\Debug\Motor Board Rev1.a(CyLib.o)
 .debug_abbrev  0x000008d0      0x248 .\CortexM0\ARM_GCC_541\Debug\Motor Board Rev1.a(CyLFClk.o)
 .debug_abbrev  0x00000b18      0x119 .\CortexM0\ARM_GCC_541\Debug\Motor Board Rev1.a(PWM_Motor.o)
 .debug_abbrev  0x00000c31       0xc8 .\CortexM0\ARM_GCC_541\Debug\Motor Board Rev1.a(Pin_Direction.o)
 .debug_abbrev  0x00000cf9      0x19a .\CortexM0\ARM_GCC_541\Debug\Motor Board Rev1.a(isr_Limit_1.o)
 .debug_abbrev  0x00000e93      0x151 .\CortexM0\ARM_GCC_541\Debug\Motor Board Rev1.a(QuadDec.o)
 .debug_abbrev  0x00000fe4      0x117 .\CortexM0\ARM_GCC_541\Debug\Motor Board Rev1.a(QuadDec_Cnt16.o)
 .debug_abbrev  0x000010fb       0xac .\CortexM0\ARM_GCC_541\Debug\Motor Board Rev1.a(Status_Reg_Switches.o)
 .debug_abbrev  0x000011a7      0x186 .\CortexM0\ARM_GCC_541\Debug\Motor Board Rev1.a(CAN.o)
 .debug_abbrev  0x0000132d       0x42 .\CortexM0\ARM_GCC_541\Debug\Motor Board Rev1.a(CAN_INT.o)
 .debug_abbrev  0x0000136f      0x171 .\CortexM0\ARM_GCC_541\Debug\Motor Board Rev1.a(CAN_TX_RX_func.o)
 .debug_abbrev  0x000014e0       0xd5 .\CortexM0\ARM_GCC_541\Debug\Motor Board Rev1.a(UART.o)
 .debug_abbrev  0x000015b5      0x132 .\CortexM0\ARM_GCC_541\Debug\Motor Board Rev1.a(UART_UART.o)
 .debug_abbrev  0x000016e7       0xac .\CortexM0\ARM_GCC_541\Debug\Motor Board Rev1.a(Can_addr.o)
 .debug_abbrev  0x00001793      0x167 .\CortexM0\ARM_GCC_541\Debug\Motor Board Rev1.a(Timer_1.o)
 .debug_abbrev  0x000018fa      0x19a .\CortexM0\ARM_GCC_541\Debug\Motor Board Rev1.a(isr_period.o)
 .debug_abbrev  0x00001a94       0x14 .\CortexM0\ARM_GCC_541\Debug\Motor Board Rev1.a(CyBootAsmGnu.o)
 .debug_abbrev  0x00001aa8      0x182 .\CortexM0\ARM_GCC_541\Debug\Motor Board Rev1.a(CyFlash.o)
 .debug_abbrev  0x00001c2a       0xc0 .\CortexM0\ARM_GCC_541\Debug\Motor Board Rev1.a(cyutils.o)
 .debug_abbrev  0x00001cea      0x14f .\CortexM0\ARM_GCC_541\Debug\Motor Board Rev1.a(UART_SPI_UART.o)

.debug_line     0x00000000     0x3223
 *(.debug_line)
 .debug_line    0x00000000      0x525 .\CortexM0\ARM_GCC_541\Debug\main.o
 .debug_line    0x00000525      0x198 .\CortexM0\ARM_GCC_541\Debug\cyfitter_cfg.o
 .debug_line    0x000006bd      0x141 .\CortexM0\ARM_GCC_541\Debug\cymetadata.o
 .debug_line    0x000007fe      0x236 .\CortexM0\ARM_GCC_541\Debug\Cm0Start.o
 .debug_line    0x00000a34      0x8cb .\CortexM0\ARM_GCC_541\Debug\Motor Board Rev1.a(CyLib.o)
 .debug_line    0x000012ff      0x5d1 .\CortexM0\ARM_GCC_541\Debug\Motor Board Rev1.a(CyLFClk.o)
 .debug_line    0x000018d0      0x382 .\CortexM0\ARM_GCC_541\Debug\Motor Board Rev1.a(PWM_Motor.o)
 .debug_line    0x00001c52       0xc5 .\CortexM0\ARM_GCC_541\Debug\Motor Board Rev1.a(Pin_Direction.o)
 .debug_line    0x00001d17      0x153 .\CortexM0\ARM_GCC_541\Debug\Motor Board Rev1.a(isr_Limit_1.o)
 .debug_line    0x00001e6a      0x123 .\CortexM0\ARM_GCC_541\Debug\Motor Board Rev1.a(QuadDec.o)
 .debug_line    0x00001f8d      0x196 .\CortexM0\ARM_GCC_541\Debug\Motor Board Rev1.a(QuadDec_Cnt16.o)
 .debug_line    0x00002123       0xc2 .\CortexM0\ARM_GCC_541\Debug\Motor Board Rev1.a(Status_Reg_Switches.o)
 .debug_line    0x000021e5      0x3e7 .\CortexM0\ARM_GCC_541\Debug\Motor Board Rev1.a(CAN.o)
 .debug_line    0x000025cc       0x53 .\CortexM0\ARM_GCC_541\Debug\Motor Board Rev1.a(CAN_INT.o)
 .debug_line    0x0000261f      0x23c .\CortexM0\ARM_GCC_541\Debug\Motor Board Rev1.a(CAN_TX_RX_func.o)
 .debug_line    0x0000285b      0x108 .\CortexM0\ARM_GCC_541\Debug\Motor Board Rev1.a(UART.o)
 .debug_line    0x00002963      0x1cf .\CortexM0\ARM_GCC_541\Debug\Motor Board Rev1.a(UART_UART.o)
 .debug_line    0x00002b32       0xb7 .\CortexM0\ARM_GCC_541\Debug\Motor Board Rev1.a(Can_addr.o)
 .debug_line    0x00002be9      0x17b .\CortexM0\ARM_GCC_541\Debug\Motor Board Rev1.a(Timer_1.o)
 .debug_line    0x00002d64      0x156 .\CortexM0\ARM_GCC_541\Debug\Motor Board Rev1.a(isr_period.o)
 .debug_line    0x00002eba       0x68 .\CortexM0\ARM_GCC_541\Debug\Motor Board Rev1.a(CyBootAsmGnu.o)
 .debug_line    0x00002f22      0x173 .\CortexM0\ARM_GCC_541\Debug\Motor Board Rev1.a(CyFlash.o)
 .debug_line    0x00003095       0x74 .\CortexM0\ARM_GCC_541\Debug\Motor Board Rev1.a(cyutils.o)
 .debug_line    0x00003109      0x11a .\CortexM0\ARM_GCC_541\Debug\Motor Board Rev1.a(UART_SPI_UART.o)

.debug_frame    0x00000000     0x254c
 *(.debug_frame)
 .debug_frame   0x00000000      0x210 .\CortexM0\ARM_GCC_541\Debug\main.o
 .debug_frame   0x00000210       0x9c .\CortexM0\ARM_GCC_541\Debug\cyfitter_cfg.o
 .debug_frame   0x000002ac       0xbc .\CortexM0\ARM_GCC_541\Debug\Cm0Start.o
 .debug_frame   0x00000368      0x6f4 .\CortexM0\ARM_GCC_541\Debug\Motor Board Rev1.a(CyLib.o)
 .debug_frame   0x00000a5c      0x4a4 .\CortexM0\ARM_GCC_541\Debug\Motor Board Rev1.a(CyLFClk.o)
 .debug_frame   0x00000f00      0x3a0 .\CortexM0\ARM_GCC_541\Debug\Motor Board Rev1.a(PWM_Motor.o)
 .debug_frame   0x000012a0       0x70 .\CortexM0\ARM_GCC_541\Debug\Motor Board Rev1.a(Pin_Direction.o)
 .debug_frame   0x00001310      0x110 .\CortexM0\ARM_GCC_541\Debug\Motor Board Rev1.a(isr_Limit_1.o)
 .debug_frame   0x00001420       0xdc .\CortexM0\ARM_GCC_541\Debug\Motor Board Rev1.a(QuadDec.o)
 .debug_frame   0x000014fc      0x134 .\CortexM0\ARM_GCC_541\Debug\Motor Board Rev1.a(QuadDec_Cnt16.o)
 .debug_frame   0x00001630       0x78 .\CortexM0\ARM_GCC_541\Debug\Motor Board Rev1.a(Status_Reg_Switches.o)
 .debug_frame   0x000016a8      0x238 .\CortexM0\ARM_GCC_541\Debug\Motor Board Rev1.a(CAN.o)
 .debug_frame   0x000018e0       0x20 .\CortexM0\ARM_GCC_541\Debug\Motor Board Rev1.a(CAN_INT.o)
 .debug_frame   0x00001900      0x160 .\CortexM0\ARM_GCC_541\Debug\Motor Board Rev1.a(CAN_TX_RX_func.o)
 .debug_frame   0x00001a60       0xd8 .\CortexM0\ARM_GCC_541\Debug\Motor Board Rev1.a(UART.o)
 .debug_frame   0x00001b38      0x144 .\CortexM0\ARM_GCC_541\Debug\Motor Board Rev1.a(UART_UART.o)
 .debug_frame   0x00001c7c       0x78 .\CortexM0\ARM_GCC_541\Debug\Motor Board Rev1.a(Can_addr.o)
 .debug_frame   0x00001cf4      0x160 .\CortexM0\ARM_GCC_541\Debug\Motor Board Rev1.a(Timer_1.o)
 .debug_frame   0x00001e54      0x110 .\CortexM0\ARM_GCC_541\Debug\Motor Board Rev1.a(isr_period.o)
 .debug_frame   0x00001f64       0x90 .\CortexM0\ARM_GCC_541\Debug\Motor Board Rev1.a(CyFlash.o)
 .debug_frame   0x00001ff4       0x30 .\CortexM0\ARM_GCC_541\Debug\Motor Board Rev1.a(cyutils.o)
 .debug_frame   0x00002024       0xb0 .\CortexM0\ARM_GCC_541\Debug\Motor Board Rev1.a(UART_SPI_UART.o)
 .debug_frame   0x000020d4       0x20 c:/program files (x86)/cypress/psoc creator/4.2/psoc creator/import/gnu/arm/5.4.1/bin/../lib/gcc/arm-none-eabi/5.4.1/armv6-m\libgcc.a(_udivsi3.o)
 .debug_frame   0x000020f4       0x20 c:/program files (x86)/cypress/psoc creator/4.2/psoc creator/import/gnu/arm/5.4.1/bin/../lib/gcc/arm-none-eabi/5.4.1/armv6-m\libgcc.a(_divsi3.o)
 .debug_frame   0x00002114       0x3c c:/program files (x86)/cypress/psoc creator/4.2/psoc creator/import/gnu/arm/5.4.1/bin/../lib/gcc/arm-none-eabi/5.4.1/armv6-m\libgcc.a(divdf3.o)
 .debug_frame   0x00002150       0x3c c:/program files (x86)/cypress/psoc creator/4.2/psoc creator/import/gnu/arm/5.4.1/bin/../lib/gcc/arm-none-eabi/5.4.1/armv6-m\libgcc.a(muldf3.o)
 .debug_frame   0x0000218c       0x2c c:/program files (x86)/cypress/psoc creator/4.2/psoc creator/import/gnu/arm/5.4.1/bin/../lib/gcc/arm-none-eabi/5.4.1/armv6-m\libgcc.a(fixdfsi.o)
 .debug_frame   0x000021b8       0x2c c:/program files (x86)/cypress/psoc creator/4.2/psoc creator/import/gnu/arm/5.4.1/bin/../lib/gcc/arm-none-eabi/5.4.1/armv6-m\libgcc.a(floatsidf.o)
 .debug_frame   0x000021e4       0x20 c:/program files (x86)/cypress/psoc creator/4.2/psoc creator/import/gnu/arm/5.4.1/bin/../lib/gcc/arm-none-eabi/5.4.1/../../../../arm-none-eabi/lib/armv6-m\libg_nano.a(lib_a-errno.o)
 .debug_frame   0x00002204       0x28 c:/program files (x86)/cypress/psoc creator/4.2/psoc creator/import/gnu/arm/5.4.1/bin/../lib/gcc/arm-none-eabi/5.4.1/../../../../arm-none-eabi/lib/armv6-m\libg_nano.a(lib_a-exit.o)
 .debug_frame   0x0000222c       0x2c c:/program files (x86)/cypress/psoc creator/4.2/psoc creator/import/gnu/arm/5.4.1/bin/../lib/gcc/arm-none-eabi/5.4.1/../../../../arm-none-eabi/lib/armv6-m\libg_nano.a(lib_a-init.o)
 .debug_frame   0x00002258       0x28 c:/program files (x86)/cypress/psoc creator/4.2/psoc creator/import/gnu/arm/5.4.1/bin/../lib/gcc/arm-none-eabi/5.4.1/../../../../arm-none-eabi/lib/armv6-m\libg_nano.a(lib_a-memcpy-stub.o)
 .debug_frame   0x00002280       0x20 c:/program files (x86)/cypress/psoc creator/4.2/psoc creator/import/gnu/arm/5.4.1/bin/../lib/gcc/arm-none-eabi/5.4.1/../../../../arm-none-eabi/lib/armv6-m\libg_nano.a(lib_a-memset.o)
 .debug_frame   0x000022a0       0x50 c:/program files (x86)/cypress/psoc creator/4.2/psoc creator/import/gnu/arm/5.4.1/bin/../lib/gcc/arm-none-eabi/5.4.1/../../../../arm-none-eabi/lib/armv6-m\libg_nano.a(lib_a-sprintf.o)
 .debug_frame   0x000022f0       0x74 c:/program files (x86)/cypress/psoc creator/4.2/psoc creator/import/gnu/arm/5.4.1/bin/../lib/gcc/arm-none-eabi/5.4.1/../../../../arm-none-eabi/lib/armv6-m\libg_nano.a(lib_a-nano-svfprintf.o)
 .debug_frame   0x00002364       0x54 c:/program files (x86)/cypress/psoc creator/4.2/psoc creator/import/gnu/arm/5.4.1/bin/../lib/gcc/arm-none-eabi/5.4.1/../../../../arm-none-eabi/lib/armv6-m\libg_nano.a(lib_a-nano-vfprintf_i.o)
 .debug_frame   0x000023b8       0x20 c:/program files (x86)/cypress/psoc creator/4.2/psoc creator/import/gnu/arm/5.4.1/bin/../lib/gcc/arm-none-eabi/5.4.1/../../../../arm-none-eabi/lib/armv6-m\libg_nano.a(lib_a-memchr-stub.o)
 .debug_frame   0x000023d8       0x28 c:/program files (x86)/cypress/psoc creator/4.2/psoc creator/import/gnu/arm/5.4.1/bin/../lib/gcc/arm-none-eabi/5.4.1/../../../../arm-none-eabi/lib/armv6-m\libg_nano.a(lib_a-memmove.o)
 .debug_frame   0x00002400       0x2c c:/program files (x86)/cypress/psoc creator/4.2/psoc creator/import/gnu/arm/5.4.1/bin/../lib/gcc/arm-none-eabi/5.4.1/../../../../arm-none-eabi/lib/armv6-m\libg_nano.a(lib_a-nano-freer.o)
 .debug_frame   0x0000242c       0x2c c:/program files (x86)/cypress/psoc creator/4.2/psoc creator/import/gnu/arm/5.4.1/bin/../lib/gcc/arm-none-eabi/5.4.1/../../../../arm-none-eabi/lib/armv6-m\libg_nano.a(lib_a-nano-mallocr.o)
 .debug_frame   0x00002458       0x30 c:/program files (x86)/cypress/psoc creator/4.2/psoc creator/import/gnu/arm/5.4.1/bin/../lib/gcc/arm-none-eabi/5.4.1/../../../../arm-none-eabi/lib/armv6-m\libg_nano.a(lib_a-nano-reallocr.o)
 .debug_frame   0x00002488       0x2c c:/program files (x86)/cypress/psoc creator/4.2/psoc creator/import/gnu/arm/5.4.1/bin/../lib/gcc/arm-none-eabi/5.4.1/../../../../arm-none-eabi/lib/armv6-m\libg_nano.a(lib_a-sbrkr.o)
 .debug_frame   0x000024b4       0x30 c:/program files (x86)/cypress/psoc creator/4.2/psoc creator/import/gnu/arm/5.4.1/bin/../lib/gcc/arm-none-eabi/5.4.1/../../../../arm-none-eabi/lib/armv6-m\libg_nano.a(lib_a-mlock.o)
 .debug_frame   0x000024e4       0x20 c:/program files (x86)/cypress/psoc creator/4.2/psoc creator/import/gnu/arm/5.4.1/bin/../lib/gcc/arm-none-eabi/5.4.1/../../../../arm-none-eabi/lib/armv6-m\libg_nano.a(lib_a-nano-msizer.o)
 .debug_frame   0x00002504       0x48 c:/program files (x86)/cypress/psoc creator/4.2/psoc creator/import/gnu/arm/5.4.1/bin/../lib/gcc/arm-none-eabi/5.4.1/../../../../arm-none-eabi/lib/armv6-m\libg_nano.a(lib_a-reent.o)

.debug_str      0x00000000     0x2f4f
 *(.debug_str)
 .debug_str     0x00000000      0x631 .\CortexM0\ARM_GCC_541\Debug\main.o
                                0x6b2 (size before relaxing)
 .debug_str     0x00000631      0x10a .\CortexM0\ARM_GCC_541\Debug\cyfitter_cfg.o
                                0x2ff (size before relaxing)
 .debug_str     0x0000073b       0xbf .\CortexM0\ARM_GCC_541\Debug\cymetadata.o
                                0x1e2 (size before relaxing)
 .debug_str     0x000007fa      0x134 .\CortexM0\ARM_GCC_541\Debug\Cm0Start.o
                                0x32a (size before relaxing)
 .debug_str     0x0000092e      0x90e .\CortexM0\ARM_GCC_541\Debug\Motor Board Rev1.a(CyLib.o)
                                0xb67 (size before relaxing)
 .debug_str     0x0000123c      0x6e2 .\CortexM0\ARM_GCC_541\Debug\Motor Board Rev1.a(CyLFClk.o)
                                0x946 (size before relaxing)
 .debug_str     0x0000191e      0x450 .\CortexM0\ARM_GCC_541\Debug\Motor Board Rev1.a(PWM_Motor.o)
                                0x682 (size before relaxing)
 .debug_str     0x00001d6e       0xcf .\CortexM0\ARM_GCC_541\Debug\Motor Board Rev1.a(Pin_Direction.o)
                                0x297 (size before relaxing)
 .debug_str     0x00001e3d      0x135 .\CortexM0\ARM_GCC_541\Debug\Motor Board Rev1.a(isr_Limit_1.o)
                                0x367 (size before relaxing)
 .debug_str     0x00001f72      0x101 .\CortexM0\ARM_GCC_541\Debug\Motor Board Rev1.a(QuadDec.o)
                                0x346 (size before relaxing)
 .debug_str     0x00002073      0x1cb .\CortexM0\ARM_GCC_541\Debug\Motor Board Rev1.a(QuadDec_Cnt16.o)
                                0x419 (size before relaxing)
 .debug_str     0x0000223e       0x8d .\CortexM0\ARM_GCC_541\Debug\Motor Board Rev1.a(Status_Reg_Switches.o)
                                0x2ba (size before relaxing)
 .debug_str     0x000022cb      0x2d9 .\CortexM0\ARM_GCC_541\Debug\Motor Board Rev1.a(CAN.o)
                                0x55f (size before relaxing)
 .debug_str     0x000025a4       0x29 .\CortexM0\ARM_GCC_541\Debug\Motor Board Rev1.a(CAN_INT.o)
                                0x1cd (size before relaxing)
 .debug_str     0x000025cd      0x201 .\CortexM0\ARM_GCC_541\Debug\Motor Board Rev1.a(CAN_TX_RX_func.o)
                                0x48e (size before relaxing)
 .debug_str     0x000027ce       0xf7 .\CortexM0\ARM_GCC_541\Debug\Motor Board Rev1.a(UART.o)
                                0x2c0 (size before relaxing)
 .debug_str     0x000028c5      0x1d2 .\CortexM0\ARM_GCC_541\Debug\Motor Board Rev1.a(UART_UART.o)
                                0x3f1 (size before relaxing)
 .debug_str     0x00002a97       0x7a .\CortexM0\ARM_GCC_541\Debug\Motor Board Rev1.a(Can_addr.o)
                                0x278 (size before relaxing)
 .debug_str     0x00002b11      0x175 .\CortexM0\ARM_GCC_541\Debug\Motor Board Rev1.a(Timer_1.o)
                                0x39e (size before relaxing)
 .debug_str     0x00002c86      0x119 .\CortexM0\ARM_GCC_541\Debug\Motor Board Rev1.a(isr_period.o)
                                0x359 (size before relaxing)
 .debug_str     0x00002d9f       0xab .\CortexM0\ARM_GCC_541\Debug\Motor Board Rev1.a(CyFlash.o)
                                0x2d9 (size before relaxing)
 .debug_str     0x00002e4a       0x29 .\CortexM0\ARM_GCC_541\Debug\Motor Board Rev1.a(cyutils.o)
                                0x1e6 (size before relaxing)
 .debug_str     0x00002e73       0xdc .\CortexM0\ARM_GCC_541\Debug\Motor Board Rev1.a(UART_SPI_UART.o)
                                0x2f7 (size before relaxing)

.debug_loc      0x00000000     0x45eb
 *(.debug_loc)
 .debug_loc     0x00000000      0x3dc .\CortexM0\ARM_GCC_541\Debug\main.o
 .debug_loc     0x000003dc      0x118 .\CortexM0\ARM_GCC_541\Debug\cyfitter_cfg.o
 .debug_loc     0x000004f4      0x14f .\CortexM0\ARM_GCC_541\Debug\Cm0Start.o
 .debug_loc     0x00000643     0x182f .\CortexM0\ARM_GCC_541\Debug\Motor Board Rev1.a(CyLib.o)
 .debug_loc     0x00001e72      0xdb7 .\CortexM0\ARM_GCC_541\Debug\Motor Board Rev1.a(CyLFClk.o)
 .debug_loc     0x00002c29      0x547 .\CortexM0\ARM_GCC_541\Debug\Motor Board Rev1.a(PWM_Motor.o)
 .debug_loc     0x00003170       0xa2 .\CortexM0\ARM_GCC_541\Debug\Motor Board Rev1.a(Pin_Direction.o)
 .debug_loc     0x00003212       0x82 .\CortexM0\ARM_GCC_541\Debug\Motor Board Rev1.a(isr_Limit_1.o)
 .debug_loc     0x00003294       0xa0 .\CortexM0\ARM_GCC_541\Debug\Motor Board Rev1.a(QuadDec.o)
 .debug_loc     0x00003334       0x3d .\CortexM0\ARM_GCC_541\Debug\Motor Board Rev1.a(QuadDec_Cnt16.o)
 .debug_loc     0x00003371       0x44 .\CortexM0\ARM_GCC_541\Debug\Motor Board Rev1.a(Status_Reg_Switches.o)
 .debug_loc     0x000033b5      0xa5e .\CortexM0\ARM_GCC_541\Debug\Motor Board Rev1.a(CAN.o)
 .debug_loc     0x00003e13      0x17f .\CortexM0\ARM_GCC_541\Debug\Motor Board Rev1.a(CAN_TX_RX_func.o)
 .debug_loc     0x00003f92       0x7e .\CortexM0\ARM_GCC_541\Debug\Motor Board Rev1.a(UART.o)
 .debug_loc     0x00004010      0x223 .\CortexM0\ARM_GCC_541\Debug\Motor Board Rev1.a(UART_UART.o)
 .debug_loc     0x00004233       0x44 .\CortexM0\ARM_GCC_541\Debug\Motor Board Rev1.a(Can_addr.o)
 .debug_loc     0x00004277       0x6b .\CortexM0\ARM_GCC_541\Debug\Motor Board Rev1.a(Timer_1.o)
 .debug_loc     0x000042e2       0x82 .\CortexM0\ARM_GCC_541\Debug\Motor Board Rev1.a(isr_period.o)
 .debug_loc     0x00004364      0x160 .\CortexM0\ARM_GCC_541\Debug\Motor Board Rev1.a(CyFlash.o)
 .debug_loc     0x000044c4       0x91 .\CortexM0\ARM_GCC_541\Debug\Motor Board Rev1.a(cyutils.o)
 .debug_loc     0x00004555       0x96 .\CortexM0\ARM_GCC_541\Debug\Motor Board Rev1.a(UART_SPI_UART.o)

.debug_macinfo
 *(.debug_macinfo)

.debug_ranges   0x00000000      0xbc0
 *(.debug_ranges)
 .debug_ranges  0x00000000       0x90 .\CortexM0\ARM_GCC_541\Debug\main.o
 .debug_ranges  0x00000090       0x30 .\CortexM0\ARM_GCC_541\Debug\cyfitter_cfg.o
 .debug_ranges  0x000000c0       0x38 .\CortexM0\ARM_GCC_541\Debug\Cm0Start.o
 .debug_ranges  0x000000f8      0x250 .\CortexM0\ARM_GCC_541\Debug\Motor Board Rev1.a(CyLib.o)
 .debug_ranges  0x00000348      0x178 .\CortexM0\ARM_GCC_541\Debug\Motor Board Rev1.a(CyLFClk.o)
 .debug_ranges  0x000004c0      0x148 .\CortexM0\ARM_GCC_541\Debug\Motor Board Rev1.a(PWM_Motor.o)
 .debug_ranges  0x00000608       0x38 .\CortexM0\ARM_GCC_541\Debug\Motor Board Rev1.a(Pin_Direction.o)
 .debug_ranges  0x00000640       0x70 .\CortexM0\ARM_GCC_541\Debug\Motor Board Rev1.a(isr_Limit_1.o)
 .debug_ranges  0x000006b0       0x50 .\CortexM0\ARM_GCC_541\Debug\Motor Board Rev1.a(QuadDec.o)
 .debug_ranges  0x00000700       0x88 .\CortexM0\ARM_GCC_541\Debug\Motor Board Rev1.a(QuadDec_Cnt16.o)
 .debug_ranges  0x00000788       0x30 .\CortexM0\ARM_GCC_541\Debug\Motor Board Rev1.a(Status_Reg_Switches.o)
 .debug_ranges  0x000007b8       0xd8 .\CortexM0\ARM_GCC_541\Debug\Motor Board Rev1.a(CAN.o)
 .debug_ranges  0x00000890       0x10 .\CortexM0\ARM_GCC_541\Debug\Motor Board Rev1.a(CAN_INT.o)
 .debug_ranges  0x000008a0       0xa0 .\CortexM0\ARM_GCC_541\Debug\Motor Board Rev1.a(CAN_TX_RX_func.o)
 .debug_ranges  0x00000940       0x48 .\CortexM0\ARM_GCC_541\Debug\Motor Board Rev1.a(UART.o)
 .debug_ranges  0x00000988       0x80 .\CortexM0\ARM_GCC_541\Debug\Motor Board Rev1.a(UART_UART.o)
 .debug_ranges  0x00000a08       0x30 .\CortexM0\ARM_GCC_541\Debug\Motor Board Rev1.a(Can_addr.o)
 .debug_ranges  0x00000a38       0x80 .\CortexM0\ARM_GCC_541\Debug\Motor Board Rev1.a(Timer_1.o)
 .debug_ranges  0x00000ab8       0x70 .\CortexM0\ARM_GCC_541\Debug\Motor Board Rev1.a(isr_period.o)
 .debug_ranges  0x00000b28       0x30 .\CortexM0\ARM_GCC_541\Debug\Motor Board Rev1.a(CyFlash.o)
 .debug_ranges  0x00000b58       0x18 .\CortexM0\ARM_GCC_541\Debug\Motor Board Rev1.a(cyutils.o)
 .debug_ranges  0x00000b70       0x50 .\CortexM0\ARM_GCC_541\Debug\Motor Board Rev1.a(UART_SPI_UART.o)

.comment        0x00000000       0x6e
 .comment       0x00000000       0x6e .\CortexM0\ARM_GCC_541\Debug\main.o
                                 0x6f (size before relaxing)
 .comment       0x0000006e       0x6f .\CortexM0\ARM_GCC_541\Debug\cyfitter_cfg.o
 .comment       0x0000006e       0x6f .\CortexM0\ARM_GCC_541\Debug\cymetadata.o
 .comment       0x0000006e       0x6f .\CortexM0\ARM_GCC_541\Debug\Cm0Start.o
 .comment       0x0000006e       0x6f .\CortexM0\ARM_GCC_541\Debug\Motor Board Rev1.a(CyLib.o)
 .comment       0x0000006e       0x6f .\CortexM0\ARM_GCC_541\Debug\Motor Board Rev1.a(CyLFClk.o)
 .comment       0x0000006e       0x6f .\CortexM0\ARM_GCC_541\Debug\Motor Board Rev1.a(PWM_Motor.o)
 .comment       0x0000006e       0x6f .\CortexM0\ARM_GCC_541\Debug\Motor Board Rev1.a(Pin_Direction.o)
 .comment       0x0000006e       0x6f .\CortexM0\ARM_GCC_541\Debug\Motor Board Rev1.a(isr_Limit_1.o)
 .comment       0x0000006e       0x6f .\CortexM0\ARM_GCC_541\Debug\Motor Board Rev1.a(QuadDec.o)
 .comment       0x0000006e       0x6f .\CortexM0\ARM_GCC_541\Debug\Motor Board Rev1.a(QuadDec_Cnt16.o)
 .comment       0x0000006e       0x6f .\CortexM0\ARM_GCC_541\Debug\Motor Board Rev1.a(Status_Reg_Switches.o)
 .comment       0x0000006e       0x6f .\CortexM0\ARM_GCC_541\Debug\Motor Board Rev1.a(CAN.o)
 .comment       0x0000006e       0x6f .\CortexM0\ARM_GCC_541\Debug\Motor Board Rev1.a(CAN_INT.o)
 .comment       0x0000006e       0x6f .\CortexM0\ARM_GCC_541\Debug\Motor Board Rev1.a(CAN_TX_RX_func.o)
 .comment       0x0000006e       0x6f .\CortexM0\ARM_GCC_541\Debug\Motor Board Rev1.a(UART.o)
 .comment       0x0000006e       0x6f .\CortexM0\ARM_GCC_541\Debug\Motor Board Rev1.a(UART_UART.o)
 .comment       0x0000006e       0x6f .\CortexM0\ARM_GCC_541\Debug\Motor Board Rev1.a(Can_addr.o)
 .comment       0x0000006e       0x6f .\CortexM0\ARM_GCC_541\Debug\Motor Board Rev1.a(Timer_1.o)
 .comment       0x0000006e       0x6f .\CortexM0\ARM_GCC_541\Debug\Motor Board Rev1.a(isr_period.o)
 .comment       0x0000006e       0x6f .\CortexM0\ARM_GCC_541\Debug\Motor Board Rev1.a(CyFlash.o)
 .comment       0x0000006e       0x6f .\CortexM0\ARM_GCC_541\Debug\Motor Board Rev1.a(cyutils.o)
 .comment       0x0000006e       0x6f .\CortexM0\ARM_GCC_541\Debug\Motor Board Rev1.a(UART_SPI_UART.o)

.debug_weaknames
 *(.debug_weaknames)

.debug_funcnames
 *(.debug_funcnames)

.debug_typenames
 *(.debug_typenames)

.debug_varnames
 *(.debug_varnames)

.note.gnu.arm.ident
 *(.note.gnu.arm.ident)

.ARM.attributes
                0x00000000       0x28
 *(.ARM.attributes)
 .ARM.attributes
                0x00000000       0x1e c:/program files (x86)/cypress/psoc creator/4.2/psoc creator/import/gnu/arm/5.4.1/bin/../lib/gcc/arm-none-eabi/5.4.1/armv6-m/crti.o
 .ARM.attributes
                0x0000001e       0x2c c:/program files (x86)/cypress/psoc creator/4.2/psoc creator/import/gnu/arm/5.4.1/bin/../lib/gcc/arm-none-eabi/5.4.1/armv6-m/crtbegin.o
 .ARM.attributes
                0x0000004a       0x1b c:/program files (x86)/cypress/psoc creator/4.2/psoc creator/import/gnu/arm/5.4.1/bin/../lib/gcc/arm-none-eabi/5.4.1/../../../../arm-none-eabi/lib/armv6-m/crt0.o
 .ARM.attributes
                0x00000065       0x31 .\CortexM0\ARM_GCC_541\Debug\main.o
 .ARM.attributes
                0x00000096       0x31 .\CortexM0\ARM_GCC_541\Debug\cyfitter_cfg.o
 .ARM.attributes
                0x000000c7       0x31 .\CortexM0\ARM_GCC_541\Debug\cymetadata.o
 .ARM.attributes
                0x000000f8       0x31 .\CortexM0\ARM_GCC_541\Debug\Cm0Start.o
 .ARM.attributes
                0x00000129       0x31 .\CortexM0\ARM_GCC_541\Debug\Motor Board Rev1.a(CyLib.o)
 .ARM.attributes
                0x0000015a       0x31 .\CortexM0\ARM_GCC_541\Debug\Motor Board Rev1.a(CyLFClk.o)
 .ARM.attributes
                0x0000018b       0x31 .\CortexM0\ARM_GCC_541\Debug\Motor Board Rev1.a(PWM_Motor.o)
 .ARM.attributes
                0x000001bc       0x31 .\CortexM0\ARM_GCC_541\Debug\Motor Board Rev1.a(Pin_Direction.o)
 .ARM.attributes
                0x000001ed       0x31 .\CortexM0\ARM_GCC_541\Debug\Motor Board Rev1.a(isr_Limit_1.o)
 .ARM.attributes
                0x0000021e       0x31 .\CortexM0\ARM_GCC_541\Debug\Motor Board Rev1.a(QuadDec.o)
 .ARM.attributes
                0x0000024f       0x31 .\CortexM0\ARM_GCC_541\Debug\Motor Board Rev1.a(QuadDec_Cnt16.o)
 .ARM.attributes
                0x00000280       0x31 .\CortexM0\ARM_GCC_541\Debug\Motor Board Rev1.a(Status_Reg_Switches.o)
 .ARM.attributes
                0x000002b1       0x31 .\CortexM0\ARM_GCC_541\Debug\Motor Board Rev1.a(CAN.o)
 .ARM.attributes
                0x000002e2       0x31 .\CortexM0\ARM_GCC_541\Debug\Motor Board Rev1.a(CAN_INT.o)
 .ARM.attributes
                0x00000313       0x31 .\CortexM0\ARM_GCC_541\Debug\Motor Board Rev1.a(CAN_TX_RX_func.o)
 .ARM.attributes
                0x00000344       0x31 .\CortexM0\ARM_GCC_541\Debug\Motor Board Rev1.a(UART.o)
 .ARM.attributes
                0x00000375       0x31 .\CortexM0\ARM_GCC_541\Debug\Motor Board Rev1.a(UART_UART.o)
 .ARM.attributes
                0x000003a6       0x31 .\CortexM0\ARM_GCC_541\Debug\Motor Board Rev1.a(Can_addr.o)
 .ARM.attributes
                0x000003d7       0x31 .\CortexM0\ARM_GCC_541\Debug\Motor Board Rev1.a(Timer_1.o)
 .ARM.attributes
                0x00000408       0x31 .\CortexM0\ARM_GCC_541\Debug\Motor Board Rev1.a(isr_period.o)
 .ARM.attributes
                0x00000439       0x21 .\CortexM0\ARM_GCC_541\Debug\Motor Board Rev1.a(CyBootAsmGnu.o)
 .ARM.attributes
                0x0000045a       0x31 .\CortexM0\ARM_GCC_541\Debug\Motor Board Rev1.a(CyFlash.o)
 .ARM.attributes
                0x0000048b       0x31 .\CortexM0\ARM_GCC_541\Debug\Motor Board Rev1.a(cyutils.o)
 .ARM.attributes
                0x000004bc       0x31 .\CortexM0\ARM_GCC_541\Debug\Motor Board Rev1.a(UART_SPI_UART.o)
 .ARM.attributes
                0x000004ed       0x1e c:/program files (x86)/cypress/psoc creator/4.2/psoc creator/import/gnu/arm/5.4.1/bin/../lib/gcc/arm-none-eabi/5.4.1/armv6-m\libgcc.a(_udivsi3.o)
 .ARM.attributes
                0x0000050b       0x1e c:/program files (x86)/cypress/psoc creator/4.2/psoc creator/import/gnu/arm/5.4.1/bin/../lib/gcc/arm-none-eabi/5.4.1/armv6-m\libgcc.a(_divsi3.o)
 .ARM.attributes
                0x00000529       0x1e c:/program files (x86)/cypress/psoc creator/4.2/psoc creator/import/gnu/arm/5.4.1/bin/../lib/gcc/arm-none-eabi/5.4.1/armv6-m\libgcc.a(_dvmd_tls.o)
 .ARM.attributes
                0x00000547       0x2c c:/program files (x86)/cypress/psoc creator/4.2/psoc creator/import/gnu/arm/5.4.1/bin/../lib/gcc/arm-none-eabi/5.4.1/armv6-m\libgcc.a(divdf3.o)
 .ARM.attributes
                0x00000573       0x2c c:/program files (x86)/cypress/psoc creator/4.2/psoc creator/import/gnu/arm/5.4.1/bin/../lib/gcc/arm-none-eabi/5.4.1/armv6-m\libgcc.a(muldf3.o)
 .ARM.attributes
                0x0000059f       0x2c c:/program files (x86)/cypress/psoc creator/4.2/psoc creator/import/gnu/arm/5.4.1/bin/../lib/gcc/arm-none-eabi/5.4.1/armv6-m\libgcc.a(fixdfsi.o)
 .ARM.attributes
                0x000005cb       0x2c c:/program files (x86)/cypress/psoc creator/4.2/psoc creator/import/gnu/arm/5.4.1/bin/../lib/gcc/arm-none-eabi/5.4.1/armv6-m\libgcc.a(floatsidf.o)
 .ARM.attributes
                0x000005f7       0x1e c:/program files (x86)/cypress/psoc creator/4.2/psoc creator/import/gnu/arm/5.4.1/bin/../lib/gcc/arm-none-eabi/5.4.1/armv6-m\libgcc.a(_clzsi2.o)
 .ARM.attributes
                0x00000615       0x2c c:/program files (x86)/cypress/psoc creator/4.2/psoc creator/import/gnu/arm/5.4.1/bin/../lib/gcc/arm-none-eabi/5.4.1/../../../../arm-none-eabi/lib/armv6-m\libg_nano.a(lib_a-errno.o)
 .ARM.attributes
                0x00000641       0x2c c:/program files (x86)/cypress/psoc creator/4.2/psoc creator/import/gnu/arm/5.4.1/bin/../lib/gcc/arm-none-eabi/5.4.1/../../../../arm-none-eabi/lib/armv6-m\libg_nano.a(lib_a-exit.o)
 .ARM.attributes
                0x0000066d       0x2c c:/program files (x86)/cypress/psoc creator/4.2/psoc creator/import/gnu/arm/5.4.1/bin/../lib/gcc/arm-none-eabi/5.4.1/../../../../arm-none-eabi/lib/armv6-m\libg_nano.a(lib_a-impure.o)
 .ARM.attributes
                0x00000699       0x2c c:/program files (x86)/cypress/psoc creator/4.2/psoc creator/import/gnu/arm/5.4.1/bin/../lib/gcc/arm-none-eabi/5.4.1/../../../../arm-none-eabi/lib/armv6-m\libg_nano.a(lib_a-init.o)
 .ARM.attributes
                0x000006c5       0x2c c:/program files (x86)/cypress/psoc creator/4.2/psoc creator/import/gnu/arm/5.4.1/bin/../lib/gcc/arm-none-eabi/5.4.1/../../../../arm-none-eabi/lib/armv6-m\libg_nano.a(lib_a-memcpy-stub.o)
 .ARM.attributes
                0x000006f1       0x2c c:/program files (x86)/cypress/psoc creator/4.2/psoc creator/import/gnu/arm/5.4.1/bin/../lib/gcc/arm-none-eabi/5.4.1/../../../../arm-none-eabi/lib/armv6-m\libg_nano.a(lib_a-memset.o)
 .ARM.attributes
                0x0000071d       0x2c c:/program files (x86)/cypress/psoc creator/4.2/psoc creator/import/gnu/arm/5.4.1/bin/../lib/gcc/arm-none-eabi/5.4.1/../../../../arm-none-eabi/lib/armv6-m\libg_nano.a(lib_a-sprintf.o)
 .ARM.attributes
                0x00000749       0x2c c:/program files (x86)/cypress/psoc creator/4.2/psoc creator/import/gnu/arm/5.4.1/bin/../lib/gcc/arm-none-eabi/5.4.1/../../../../arm-none-eabi/lib/armv6-m\libg_nano.a(lib_a-nano-svfprintf.o)
 .ARM.attributes
                0x00000775       0x2c c:/program files (x86)/cypress/psoc creator/4.2/psoc creator/import/gnu/arm/5.4.1/bin/../lib/gcc/arm-none-eabi/5.4.1/../../../../arm-none-eabi/lib/armv6-m\libg_nano.a(lib_a-nano-vfprintf_i.o)
 .ARM.attributes
                0x000007a1       0x2c c:/program files (x86)/cypress/psoc creator/4.2/psoc creator/import/gnu/arm/5.4.1/bin/../lib/gcc/arm-none-eabi/5.4.1/../../../../arm-none-eabi/lib/armv6-m\libg_nano.a(lib_a-memchr-stub.o)
 .ARM.attributes
                0x000007cd       0x2c c:/program files (x86)/cypress/psoc creator/4.2/psoc creator/import/gnu/arm/5.4.1/bin/../lib/gcc/arm-none-eabi/5.4.1/../../../../arm-none-eabi/lib/armv6-m\libg_nano.a(lib_a-memmove.o)
 .ARM.attributes
                0x000007f9       0x2c c:/program files (x86)/cypress/psoc creator/4.2/psoc creator/import/gnu/arm/5.4.1/bin/../lib/gcc/arm-none-eabi/5.4.1/../../../../arm-none-eabi/lib/armv6-m\libg_nano.a(lib_a-nano-freer.o)
 .ARM.attributes
                0x00000825       0x2c c:/program files (x86)/cypress/psoc creator/4.2/psoc creator/import/gnu/arm/5.4.1/bin/../lib/gcc/arm-none-eabi/5.4.1/../../../../arm-none-eabi/lib/armv6-m\libg_nano.a(lib_a-nano-mallocr.o)
 .ARM.attributes
                0x00000851       0x2c c:/program files (x86)/cypress/psoc creator/4.2/psoc creator/import/gnu/arm/5.4.1/bin/../lib/gcc/arm-none-eabi/5.4.1/../../../../arm-none-eabi/lib/armv6-m\libg_nano.a(lib_a-nano-reallocr.o)
 .ARM.attributes
                0x0000087d       0x2c c:/program files (x86)/cypress/psoc creator/4.2/psoc creator/import/gnu/arm/5.4.1/bin/../lib/gcc/arm-none-eabi/5.4.1/../../../../arm-none-eabi/lib/armv6-m\libg_nano.a(lib_a-sbrkr.o)
 .ARM.attributes
                0x000008a9       0x2c c:/program files (x86)/cypress/psoc creator/4.2/psoc creator/import/gnu/arm/5.4.1/bin/../lib/gcc/arm-none-eabi/5.4.1/../../../../arm-none-eabi/lib/armv6-m\libg_nano.a(lib_a-mlock.o)
 .ARM.attributes
                0x000008d5       0x2c c:/program files (x86)/cypress/psoc creator/4.2/psoc creator/import/gnu/arm/5.4.1/bin/../lib/gcc/arm-none-eabi/5.4.1/../../../../arm-none-eabi/lib/armv6-m\libg_nano.a(lib_a-nano-msizer.o)
 .ARM.attributes
                0x00000901       0x2c c:/program files (x86)/cypress/psoc creator/4.2/psoc creator/import/gnu/arm/5.4.1/bin/../lib/gcc/arm-none-eabi/5.4.1/../../../../arm-none-eabi/lib/armv6-m\libg_nano.a(lib_a-reent.o)
 .ARM.attributes
                0x0000092d       0x2c c:/program files (x86)/cypress/psoc creator/4.2/psoc creator/import/gnu/arm/5.4.1/bin/../lib/gcc/arm-none-eabi/5.4.1/armv6-m/crtend.o
 .ARM.attributes
                0x00000959       0x1e c:/program files (x86)/cypress/psoc creator/4.2/psoc creator/import/gnu/arm/5.4.1/bin/../lib/gcc/arm-none-eabi/5.4.1/armv6-m/crtn.o

/DISCARD/
 *(.note.GNU-stack)
OUTPUT(C:\Users\austc\OneDrive\Documents\Altium\Motor-Unit-Firmware-A-2019-2020\Motor Unit\Motor Board Rev1.cydsn\CortexM0\ARM_GCC_541\Debug\Motor Board Rev1.elf elf32-littlearm)
