ARM GAS  C:\Users\austc\AppData\Local\Temp\ccudoeE9.s 			page 1


   1              		.syntax unified
   2              		.cpu cortex-m0
   3              		.fpu softvfp
   4              		.eabi_attribute 20, 1
   5              		.eabi_attribute 21, 1
   6              		.eabi_attribute 23, 3
   7              		.eabi_attribute 24, 1
   8              		.eabi_attribute 25, 1
   9              		.eabi_attribute 26, 1
  10              		.eabi_attribute 30, 1
  11              		.eabi_attribute 34, 0
  12              		.eabi_attribute 18, 4
  13              		.thumb
  14              		.syntax unified
  15              		.file	"cyfitter_cfg.c"
  16              		.text
  17              	.Ltext0:
  18              		.cfi_sections	.debug_frame
  19              		.section	.text.AnalogSetDefault,"ax",%progbits
  20              		.align	2
  21              		.code	16
  22              		.thumb_func
  23              		.type	AnalogSetDefault, %function
  24              	AnalogSetDefault:
  25              	.LFB5:
  26              		.file 1 "Generated_Source\\PSoC4\\cyfitter_cfg.c"
   1:Generated_Source\PSoC4/cyfitter_cfg.c **** 
   2:Generated_Source\PSoC4/cyfitter_cfg.c **** /*******************************************************************************
   3:Generated_Source\PSoC4/cyfitter_cfg.c **** * File Name: cyfitter_cfg.c
   4:Generated_Source\PSoC4/cyfitter_cfg.c **** * 
   5:Generated_Source\PSoC4/cyfitter_cfg.c **** * PSoC Creator  4.2
   6:Generated_Source\PSoC4/cyfitter_cfg.c **** *
   7:Generated_Source\PSoC4/cyfitter_cfg.c **** * Description:
   8:Generated_Source\PSoC4/cyfitter_cfg.c **** * This file contains device initialization code.
   9:Generated_Source\PSoC4/cyfitter_cfg.c **** * Except for the user defined sections in CyClockStartupError(), this file should not be modified.
  10:Generated_Source\PSoC4/cyfitter_cfg.c **** * This file is automatically generated by PSoC Creator.
  11:Generated_Source\PSoC4/cyfitter_cfg.c **** *
  12:Generated_Source\PSoC4/cyfitter_cfg.c **** ********************************************************************************
  13:Generated_Source\PSoC4/cyfitter_cfg.c **** * Copyright (c) 2007-2018 Cypress Semiconductor.  All rights reserved.
  14:Generated_Source\PSoC4/cyfitter_cfg.c **** * You may use this file only in accordance with the license, terms, conditions, 
  15:Generated_Source\PSoC4/cyfitter_cfg.c **** * disclaimers, and limitations in the end user license agreement accompanying 
  16:Generated_Source\PSoC4/cyfitter_cfg.c **** * the software package with which this file was provided.
  17:Generated_Source\PSoC4/cyfitter_cfg.c **** ********************************************************************************/
  18:Generated_Source\PSoC4/cyfitter_cfg.c **** 
  19:Generated_Source\PSoC4/cyfitter_cfg.c **** #include <string.h>
  20:Generated_Source\PSoC4/cyfitter_cfg.c **** #include "cytypes.h"
  21:Generated_Source\PSoC4/cyfitter_cfg.c **** #include "cydevice_trm.h"
  22:Generated_Source\PSoC4/cyfitter_cfg.c **** #include "cyfitter.h"
  23:Generated_Source\PSoC4/cyfitter_cfg.c **** #include "CyLib.h"
  24:Generated_Source\PSoC4/cyfitter_cfg.c **** #include "CyLFClk.h"
  25:Generated_Source\PSoC4/cyfitter_cfg.c **** #include "cyfitter_cfg.h"
  26:Generated_Source\PSoC4/cyfitter_cfg.c **** #include "cyapicallbacks.h"
  27:Generated_Source\PSoC4/cyfitter_cfg.c **** 
  28:Generated_Source\PSoC4/cyfitter_cfg.c **** 
  29:Generated_Source\PSoC4/cyfitter_cfg.c **** #if defined(__GNUC__) || defined(__ARMCC_VERSION)
  30:Generated_Source\PSoC4/cyfitter_cfg.c ****     #define CYPACKED 
  31:Generated_Source\PSoC4/cyfitter_cfg.c ****     #define CYPACKED_ATTR __attribute__ ((packed))
ARM GAS  C:\Users\austc\AppData\Local\Temp\ccudoeE9.s 			page 2


  32:Generated_Source\PSoC4/cyfitter_cfg.c ****     #define CYALIGNED __attribute__ ((aligned))
  33:Generated_Source\PSoC4/cyfitter_cfg.c ****     #define CY_CFG_UNUSED __attribute__ ((unused))
  34:Generated_Source\PSoC4/cyfitter_cfg.c ****     #ifndef CY_CFG_SECTION
  35:Generated_Source\PSoC4/cyfitter_cfg.c ****         #define CY_CFG_SECTION __attribute__ ((section(".psocinit")))
  36:Generated_Source\PSoC4/cyfitter_cfg.c ****     #endif
  37:Generated_Source\PSoC4/cyfitter_cfg.c ****     
  38:Generated_Source\PSoC4/cyfitter_cfg.c ****     #if defined(__ARMCC_VERSION)
  39:Generated_Source\PSoC4/cyfitter_cfg.c ****         #define CY_CFG_MEMORY_BARRIER() __memory_changed()
  40:Generated_Source\PSoC4/cyfitter_cfg.c ****     #else
  41:Generated_Source\PSoC4/cyfitter_cfg.c ****         #define CY_CFG_MEMORY_BARRIER() __sync_synchronize()
  42:Generated_Source\PSoC4/cyfitter_cfg.c ****     #endif
  43:Generated_Source\PSoC4/cyfitter_cfg.c ****     
  44:Generated_Source\PSoC4/cyfitter_cfg.c **** #elif defined(__ICCARM__)
  45:Generated_Source\PSoC4/cyfitter_cfg.c ****     #include <intrinsics.h>
  46:Generated_Source\PSoC4/cyfitter_cfg.c **** 
  47:Generated_Source\PSoC4/cyfitter_cfg.c ****     #define CYPACKED __packed
  48:Generated_Source\PSoC4/cyfitter_cfg.c ****     #define CYPACKED_ATTR 
  49:Generated_Source\PSoC4/cyfitter_cfg.c ****     #define CYALIGNED _Pragma("data_alignment=4")
  50:Generated_Source\PSoC4/cyfitter_cfg.c ****     #define CY_CFG_UNUSED _Pragma("diag_suppress=Pe177")
  51:Generated_Source\PSoC4/cyfitter_cfg.c ****     #define CY_CFG_SECTION _Pragma("location=\".psocinit\"")
  52:Generated_Source\PSoC4/cyfitter_cfg.c ****     
  53:Generated_Source\PSoC4/cyfitter_cfg.c ****     #define CY_CFG_MEMORY_BARRIER() __DMB()
  54:Generated_Source\PSoC4/cyfitter_cfg.c ****     
  55:Generated_Source\PSoC4/cyfitter_cfg.c **** #else
  56:Generated_Source\PSoC4/cyfitter_cfg.c ****     #error Unsupported toolchain
  57:Generated_Source\PSoC4/cyfitter_cfg.c **** #endif
  58:Generated_Source\PSoC4/cyfitter_cfg.c **** 
  59:Generated_Source\PSoC4/cyfitter_cfg.c **** #ifndef CYCODE
  60:Generated_Source\PSoC4/cyfitter_cfg.c ****     #define CYCODE
  61:Generated_Source\PSoC4/cyfitter_cfg.c **** #endif
  62:Generated_Source\PSoC4/cyfitter_cfg.c **** #ifndef CYDATA
  63:Generated_Source\PSoC4/cyfitter_cfg.c ****     #define CYDATA
  64:Generated_Source\PSoC4/cyfitter_cfg.c **** #endif
  65:Generated_Source\PSoC4/cyfitter_cfg.c **** #ifndef CYFAR
  66:Generated_Source\PSoC4/cyfitter_cfg.c ****     #define CYFAR
  67:Generated_Source\PSoC4/cyfitter_cfg.c **** #endif
  68:Generated_Source\PSoC4/cyfitter_cfg.c **** #ifndef CYXDATA
  69:Generated_Source\PSoC4/cyfitter_cfg.c ****     #define CYXDATA
  70:Generated_Source\PSoC4/cyfitter_cfg.c **** #endif
  71:Generated_Source\PSoC4/cyfitter_cfg.c **** 
  72:Generated_Source\PSoC4/cyfitter_cfg.c **** 
  73:Generated_Source\PSoC4/cyfitter_cfg.c **** CY_CFG_UNUSED
  74:Generated_Source\PSoC4/cyfitter_cfg.c **** static void CYMEMZERO(void *s, size_t n);
  75:Generated_Source\PSoC4/cyfitter_cfg.c **** CY_CFG_UNUSED
  76:Generated_Source\PSoC4/cyfitter_cfg.c **** static void CYMEMZERO(void *s, size_t n)
  77:Generated_Source\PSoC4/cyfitter_cfg.c **** {
  78:Generated_Source\PSoC4/cyfitter_cfg.c **** 	(void)memset(s, 0, n);
  79:Generated_Source\PSoC4/cyfitter_cfg.c **** }
  80:Generated_Source\PSoC4/cyfitter_cfg.c **** CY_CFG_UNUSED
  81:Generated_Source\PSoC4/cyfitter_cfg.c **** static void CYCONFIGCPY(void *dest, const void *src, size_t n);
  82:Generated_Source\PSoC4/cyfitter_cfg.c **** CY_CFG_UNUSED
  83:Generated_Source\PSoC4/cyfitter_cfg.c **** static void CYCONFIGCPY(void *dest, const void *src, size_t n)
  84:Generated_Source\PSoC4/cyfitter_cfg.c **** {
  85:Generated_Source\PSoC4/cyfitter_cfg.c **** 	(void)memcpy(dest, src, n);
  86:Generated_Source\PSoC4/cyfitter_cfg.c **** }
  87:Generated_Source\PSoC4/cyfitter_cfg.c **** CY_CFG_UNUSED
  88:Generated_Source\PSoC4/cyfitter_cfg.c **** static void CYCONFIGCPYCODE(void *dest, const void *src, size_t n);
ARM GAS  C:\Users\austc\AppData\Local\Temp\ccudoeE9.s 			page 3


  89:Generated_Source\PSoC4/cyfitter_cfg.c **** CY_CFG_UNUSED
  90:Generated_Source\PSoC4/cyfitter_cfg.c **** static void CYCONFIGCPYCODE(void *dest, const void *src, size_t n)
  91:Generated_Source\PSoC4/cyfitter_cfg.c **** {
  92:Generated_Source\PSoC4/cyfitter_cfg.c **** 	(void)memcpy(dest, src, n);
  93:Generated_Source\PSoC4/cyfitter_cfg.c **** }
  94:Generated_Source\PSoC4/cyfitter_cfg.c **** 
  95:Generated_Source\PSoC4/cyfitter_cfg.c **** 
  96:Generated_Source\PSoC4/cyfitter_cfg.c **** 
  97:Generated_Source\PSoC4/cyfitter_cfg.c **** 
  98:Generated_Source\PSoC4/cyfitter_cfg.c **** /* Clock startup error codes                                                   */
  99:Generated_Source\PSoC4/cyfitter_cfg.c **** #define CYCLOCKSTART_NO_ERROR    0u
 100:Generated_Source\PSoC4/cyfitter_cfg.c **** #define CYCLOCKSTART_XTAL_ERROR  1u
 101:Generated_Source\PSoC4/cyfitter_cfg.c **** #define CYCLOCKSTART_32KHZ_ERROR 2u
 102:Generated_Source\PSoC4/cyfitter_cfg.c **** #define CYCLOCKSTART_PLL_ERROR   3u
 103:Generated_Source\PSoC4/cyfitter_cfg.c **** #define CYCLOCKSTART_FLL_ERROR   4u
 104:Generated_Source\PSoC4/cyfitter_cfg.c **** #define CYCLOCKSTART_WCO_ERROR   5u
 105:Generated_Source\PSoC4/cyfitter_cfg.c **** 
 106:Generated_Source\PSoC4/cyfitter_cfg.c **** 
 107:Generated_Source\PSoC4/cyfitter_cfg.c **** #ifdef CY_NEED_CYCLOCKSTARTUPERROR
 108:Generated_Source\PSoC4/cyfitter_cfg.c **** /*******************************************************************************
 109:Generated_Source\PSoC4/cyfitter_cfg.c **** * Function Name: CyClockStartupError
 110:Generated_Source\PSoC4/cyfitter_cfg.c **** ********************************************************************************
 111:Generated_Source\PSoC4/cyfitter_cfg.c **** * Summary:
 112:Generated_Source\PSoC4/cyfitter_cfg.c **** *  If an error is encountered during clock configuration (crystal startup error,
 113:Generated_Source\PSoC4/cyfitter_cfg.c **** *  PLL lock error, etc.), the system will end up here.  Unless reimplemented by
 114:Generated_Source\PSoC4/cyfitter_cfg.c **** *  the customer, this function will stop in an infinite loop.
 115:Generated_Source\PSoC4/cyfitter_cfg.c **** *
 116:Generated_Source\PSoC4/cyfitter_cfg.c **** * Parameters:
 117:Generated_Source\PSoC4/cyfitter_cfg.c **** *   void
 118:Generated_Source\PSoC4/cyfitter_cfg.c **** *
 119:Generated_Source\PSoC4/cyfitter_cfg.c **** * Return:
 120:Generated_Source\PSoC4/cyfitter_cfg.c **** *   void
 121:Generated_Source\PSoC4/cyfitter_cfg.c **** *
 122:Generated_Source\PSoC4/cyfitter_cfg.c **** *******************************************************************************/
 123:Generated_Source\PSoC4/cyfitter_cfg.c **** CY_CFG_UNUSED
 124:Generated_Source\PSoC4/cyfitter_cfg.c **** static void CyClockStartupError(uint8 errorCode);
 125:Generated_Source\PSoC4/cyfitter_cfg.c **** CY_CFG_UNUSED
 126:Generated_Source\PSoC4/cyfitter_cfg.c **** static void CyClockStartupError(uint8 errorCode)
 127:Generated_Source\PSoC4/cyfitter_cfg.c **** {
 128:Generated_Source\PSoC4/cyfitter_cfg.c ****     /* To remove the compiler warning if errorCode not used.                */
 129:Generated_Source\PSoC4/cyfitter_cfg.c ****     errorCode = errorCode;
 130:Generated_Source\PSoC4/cyfitter_cfg.c **** 
 131:Generated_Source\PSoC4/cyfitter_cfg.c ****     /* If we have a clock startup error (bad MHz crystal, PLL lock, etc.),  */
 132:Generated_Source\PSoC4/cyfitter_cfg.c ****     /* we will end up here to allow the customer to implement something to  */
 133:Generated_Source\PSoC4/cyfitter_cfg.c ****     /* deal with the clock condition.                                       */
 134:Generated_Source\PSoC4/cyfitter_cfg.c **** 
 135:Generated_Source\PSoC4/cyfitter_cfg.c **** #ifdef CY_CFG_CLOCK_STARTUP_ERROR_CALLBACK
 136:Generated_Source\PSoC4/cyfitter_cfg.c ****     CY_CFG_Clock_Startup_ErrorCallback();
 137:Generated_Source\PSoC4/cyfitter_cfg.c **** #else
 138:Generated_Source\PSoC4/cyfitter_cfg.c ****     /*  If not using CY_CFG_CLOCK_STARTUP_ERROR_CALLBACK, place your clock startup code here. */
 139:Generated_Source\PSoC4/cyfitter_cfg.c ****     /* `#START CyClockStartupError` */
 140:Generated_Source\PSoC4/cyfitter_cfg.c **** 
 141:Generated_Source\PSoC4/cyfitter_cfg.c **** 
 142:Generated_Source\PSoC4/cyfitter_cfg.c **** 
 143:Generated_Source\PSoC4/cyfitter_cfg.c ****     /* `#END` */
 144:Generated_Source\PSoC4/cyfitter_cfg.c **** 
 145:Generated_Source\PSoC4/cyfitter_cfg.c ****     while(1) {}
ARM GAS  C:\Users\austc\AppData\Local\Temp\ccudoeE9.s 			page 4


 146:Generated_Source\PSoC4/cyfitter_cfg.c **** #endif /* CY_CFG_CLOCK_STARTUP_ERROR_CALLBACK */
 147:Generated_Source\PSoC4/cyfitter_cfg.c **** }
 148:Generated_Source\PSoC4/cyfitter_cfg.c **** #endif
 149:Generated_Source\PSoC4/cyfitter_cfg.c **** 
 150:Generated_Source\PSoC4/cyfitter_cfg.c **** 
 151:Generated_Source\PSoC4/cyfitter_cfg.c **** 
 152:Generated_Source\PSoC4/cyfitter_cfg.c **** /*******************************************************************************
 153:Generated_Source\PSoC4/cyfitter_cfg.c **** * Function Name: ClockSetup
 154:Generated_Source\PSoC4/cyfitter_cfg.c **** ********************************************************************************
 155:Generated_Source\PSoC4/cyfitter_cfg.c **** *
 156:Generated_Source\PSoC4/cyfitter_cfg.c **** * Summary:
 157:Generated_Source\PSoC4/cyfitter_cfg.c **** *   Performs the initialization of all of the clocks in the device based on the
 158:Generated_Source\PSoC4/cyfitter_cfg.c **** *   settings in the Clock tab of the DWR.  This includes enabling the requested
 159:Generated_Source\PSoC4/cyfitter_cfg.c **** *   clocks and setting the necessary dividers to produce the desired frequency. 
 160:Generated_Source\PSoC4/cyfitter_cfg.c **** *
 161:Generated_Source\PSoC4/cyfitter_cfg.c **** * Parameters:
 162:Generated_Source\PSoC4/cyfitter_cfg.c **** *   void
 163:Generated_Source\PSoC4/cyfitter_cfg.c **** *
 164:Generated_Source\PSoC4/cyfitter_cfg.c **** * Return:
 165:Generated_Source\PSoC4/cyfitter_cfg.c **** *   void
 166:Generated_Source\PSoC4/cyfitter_cfg.c **** *
 167:Generated_Source\PSoC4/cyfitter_cfg.c **** *******************************************************************************/
 168:Generated_Source\PSoC4/cyfitter_cfg.c **** static void ClockSetup(void);
 169:Generated_Source\PSoC4/cyfitter_cfg.c **** CY_CFG_SECTION
 170:Generated_Source\PSoC4/cyfitter_cfg.c **** static void ClockSetup(void)
 171:Generated_Source\PSoC4/cyfitter_cfg.c **** {
 172:Generated_Source\PSoC4/cyfitter_cfg.c **** 
 173:Generated_Source\PSoC4/cyfitter_cfg.c **** 	/* Set Flash Cycles based on max possible frequency in case a glitch occurs during ClockSetup(). *
 174:Generated_Source\PSoC4/cyfitter_cfg.c **** 	CY_SET_REG32((void CYXDATA *)(CYREG_CPUSS_FLASH_CTL), (0x0012u));
 175:Generated_Source\PSoC4/cyfitter_cfg.c **** 	/* Setup and trim IMO based on desired frequency. */
 176:Generated_Source\PSoC4/cyfitter_cfg.c **** 	CySysClkWriteImoFreq(48u);
 177:Generated_Source\PSoC4/cyfitter_cfg.c **** 	/* CYDEV_CLK_ILO_CONFIG Starting address: CYDEV_CLK_ILO_CONFIG */
 178:Generated_Source\PSoC4/cyfitter_cfg.c **** 	CY_SET_REG32((void *)(CYREG_CLK_ILO_CONFIG), 0x80000006u);
 179:Generated_Source\PSoC4/cyfitter_cfg.c **** 
 180:Generated_Source\PSoC4/cyfitter_cfg.c **** 
 181:Generated_Source\PSoC4/cyfitter_cfg.c **** 	/* Setup phase aligned clocks */
 182:Generated_Source\PSoC4/cyfitter_cfg.c **** 
 183:Generated_Source\PSoC4/cyfitter_cfg.c **** 	/* CYDEV_CLK_IMO_CONFIG Starting address: CYDEV_CLK_IMO_CONFIG */
 184:Generated_Source\PSoC4/cyfitter_cfg.c **** 	CY_SET_REG32((void *)(CYREG_CLK_IMO_CONFIG), 0x80000000u);
 185:Generated_Source\PSoC4/cyfitter_cfg.c **** 
 186:Generated_Source\PSoC4/cyfitter_cfg.c **** 	/* CYDEV_CLK_SELECT Starting address: CYDEV_CLK_SELECT */
 187:Generated_Source\PSoC4/cyfitter_cfg.c **** 	CY_SET_REG32((void *)(CYREG_CLK_SELECT), 0x00040000u);
 188:Generated_Source\PSoC4/cyfitter_cfg.c **** 
 189:Generated_Source\PSoC4/cyfitter_cfg.c **** 	(void)CyIntSetVector(8u, &CySysWdtIsr);
 190:Generated_Source\PSoC4/cyfitter_cfg.c **** 	CyIntEnable(8u);
 191:Generated_Source\PSoC4/cyfitter_cfg.c **** 	CY_SET_REG32((void *)(CYREG_WDT_CONFIG), 0x00000000u);
 192:Generated_Source\PSoC4/cyfitter_cfg.c **** }
 193:Generated_Source\PSoC4/cyfitter_cfg.c **** 
 194:Generated_Source\PSoC4/cyfitter_cfg.c **** 
 195:Generated_Source\PSoC4/cyfitter_cfg.c **** /* Analog API Functions */
 196:Generated_Source\PSoC4/cyfitter_cfg.c **** 
 197:Generated_Source\PSoC4/cyfitter_cfg.c **** 
 198:Generated_Source\PSoC4/cyfitter_cfg.c **** /*******************************************************************************
 199:Generated_Source\PSoC4/cyfitter_cfg.c **** * Function Name: AnalogSetDefault
 200:Generated_Source\PSoC4/cyfitter_cfg.c **** ********************************************************************************
 201:Generated_Source\PSoC4/cyfitter_cfg.c **** *
 202:Generated_Source\PSoC4/cyfitter_cfg.c **** * Summary:
ARM GAS  C:\Users\austc\AppData\Local\Temp\ccudoeE9.s 			page 5


 203:Generated_Source\PSoC4/cyfitter_cfg.c **** *  Sets up the analog portions of the chip to default values based on chip
 204:Generated_Source\PSoC4/cyfitter_cfg.c **** *  configuration options from the project.
 205:Generated_Source\PSoC4/cyfitter_cfg.c **** *
 206:Generated_Source\PSoC4/cyfitter_cfg.c **** * Parameters:
 207:Generated_Source\PSoC4/cyfitter_cfg.c **** *  void
 208:Generated_Source\PSoC4/cyfitter_cfg.c **** *
 209:Generated_Source\PSoC4/cyfitter_cfg.c **** * Return:
 210:Generated_Source\PSoC4/cyfitter_cfg.c **** *  void
 211:Generated_Source\PSoC4/cyfitter_cfg.c **** *
 212:Generated_Source\PSoC4/cyfitter_cfg.c **** *******************************************************************************/
 213:Generated_Source\PSoC4/cyfitter_cfg.c **** static void AnalogSetDefault(void);
 214:Generated_Source\PSoC4/cyfitter_cfg.c **** static void AnalogSetDefault(void)
 215:Generated_Source\PSoC4/cyfitter_cfg.c **** {
  27              		.loc 1 215 0
  28              		.cfi_startproc
  29              		@ args = 0, pretend = 0, frame = 0
  30              		@ frame_needed = 0, uses_anonymous_args = 0
  31              		@ link register save eliminated.
 216:Generated_Source\PSoC4/cyfitter_cfg.c **** 	CY_SET_XTND_REG32((void CYFAR *)CYREG_CTBM0_DFT_CTRL, 0x00000003u);
  32              		.loc 1 216 0
  33 0000 0323     		movs	r3, #3
  34 0002 044A     		ldr	r2, .L2
  35 0004 1360     		str	r3, [r2]
 217:Generated_Source\PSoC4/cyfitter_cfg.c **** 	CY_SET_XTND_REG32((void CYFAR *)CYREG_CTBM1_DFT_CTRL, 0x00000003u);
  36              		.loc 1 217 0
  37 0006 044A     		ldr	r2, .L2+4
  38 0008 1360     		str	r3, [r2]
 218:Generated_Source\PSoC4/cyfitter_cfg.c **** 	CY_SET_XTND_REG32((void CYFAR *)CYREG_PASS_DSAB_DSAB_CTRL, 0x00000000u);
  39              		.loc 1 218 0
  40 000a 0022     		movs	r2, #0
  41 000c 034B     		ldr	r3, .L2+8
  42 000e 1A60     		str	r2, [r3]
 219:Generated_Source\PSoC4/cyfitter_cfg.c **** }
  43              		.loc 1 219 0
  44              		@ sp needed
  45 0010 7047     		bx	lr
  46              	.L3:
  47 0012 C046     		.align	2
  48              	.L2:
  49 0014 30003040 		.word	1076887600
  50 0018 30003140 		.word	1076953136
  51 001c 000E3F40 		.word	1077874176
  52              		.cfi_endproc
  53              	.LFE5:
  54              		.size	AnalogSetDefault, .-AnalogSetDefault
  55              		.section	.text.CYMEMZERO,"ax",%progbits
  56              		.align	2
  57              		.code	16
  58              		.thumb_func
  59              		.type	CYMEMZERO, %function
  60              	CYMEMZERO:
  61              	.LFB1:
  77:Generated_Source\PSoC4/cyfitter_cfg.c **** 	(void)memset(s, 0, n);
  62              		.loc 1 77 0
  63              		.cfi_startproc
  64              		@ args = 0, pretend = 0, frame = 0
  65              		@ frame_needed = 0, uses_anonymous_args = 0
ARM GAS  C:\Users\austc\AppData\Local\Temp\ccudoeE9.s 			page 6


  66              	.LVL0:
  67 0000 10B5     		push	{r4, lr}
  68              		.cfi_def_cfa_offset 8
  69              		.cfi_offset 4, -8
  70              		.cfi_offset 14, -4
  71 0002 0A00     		movs	r2, r1
  78:Generated_Source\PSoC4/cyfitter_cfg.c **** }
  72              		.loc 1 78 0
  73 0004 0021     		movs	r1, #0
  74              	.LVL1:
  75 0006 FFF7FEFF 		bl	memset
  76              	.LVL2:
  79:Generated_Source\PSoC4/cyfitter_cfg.c **** CY_CFG_UNUSED
  77              		.loc 1 79 0
  78              		@ sp needed
  79 000a 10BD     		pop	{r4, pc}
  80              		.cfi_endproc
  81              	.LFE1:
  82              		.size	CYMEMZERO, .-CYMEMZERO
  83              		.section	.psocinit,"ax",%progbits
  84              		.align	2
  85              		.code	16
  86              		.thumb_func
  87              		.type	ClockSetup, %function
  88              	ClockSetup:
  89              	.LFB4:
 171:Generated_Source\PSoC4/cyfitter_cfg.c **** 
  90              		.loc 1 171 0
  91              		.cfi_startproc
  92              		@ args = 0, pretend = 0, frame = 0
  93              		@ frame_needed = 0, uses_anonymous_args = 0
  94 0000 10B5     		push	{r4, lr}
  95              		.cfi_def_cfa_offset 8
  96              		.cfi_offset 4, -8
  97              		.cfi_offset 14, -4
 174:Generated_Source\PSoC4/cyfitter_cfg.c **** 	/* Setup and trim IMO based on desired frequency. */
  98              		.loc 1 174 0
  99 0002 1222     		movs	r2, #18
 100 0004 0C4B     		ldr	r3, .L6
 101 0006 1A60     		str	r2, [r3]
 176:Generated_Source\PSoC4/cyfitter_cfg.c **** 	/* CYDEV_CLK_ILO_CONFIG Starting address: CYDEV_CLK_ILO_CONFIG */
 102              		.loc 1 176 0
 103 0008 3020     		movs	r0, #48
 104 000a FFF7FEFF 		bl	CySysClkWriteImoFreq
 105              	.LVL3:
 178:Generated_Source\PSoC4/cyfitter_cfg.c **** 
 106              		.loc 1 178 0
 107 000e 0B4A     		ldr	r2, .L6+4
 108 0010 0B4B     		ldr	r3, .L6+8
 109 0012 1A60     		str	r2, [r3]
 184:Generated_Source\PSoC4/cyfitter_cfg.c **** 
 110              		.loc 1 184 0
 111 0014 063A     		subs	r2, r2, #6
 112 0016 0B4B     		ldr	r3, .L6+12
 113 0018 1A60     		str	r2, [r3]
 187:Generated_Source\PSoC4/cyfitter_cfg.c **** 
 114              		.loc 1 187 0
ARM GAS  C:\Users\austc\AppData\Local\Temp\ccudoeE9.s 			page 7


 115 001a 8022     		movs	r2, #128
 116 001c D202     		lsls	r2, r2, #11
 117 001e 0A4B     		ldr	r3, .L6+16
 118 0020 1A60     		str	r2, [r3]
 189:Generated_Source\PSoC4/cyfitter_cfg.c **** 	CyIntEnable(8u);
 119              		.loc 1 189 0
 120 0022 0A49     		ldr	r1, .L6+20
 121 0024 0820     		movs	r0, #8
 122 0026 FFF7FEFF 		bl	CyIntSetVector
 123              	.LVL4:
 190:Generated_Source\PSoC4/cyfitter_cfg.c **** 	CY_SET_REG32((void *)(CYREG_WDT_CONFIG), 0x00000000u);
 124              		.loc 1 190 0
 125 002a 0820     		movs	r0, #8
 126 002c FFF7FEFF 		bl	CyIntEnable
 127              	.LVL5:
 191:Generated_Source\PSoC4/cyfitter_cfg.c **** }
 128              		.loc 1 191 0
 129 0030 0022     		movs	r2, #0
 130 0032 074B     		ldr	r3, .L6+24
 131 0034 1A60     		str	r2, [r3]
 192:Generated_Source\PSoC4/cyfitter_cfg.c **** 
 132              		.loc 1 192 0
 133              		@ sp needed
 134 0036 10BD     		pop	{r4, pc}
 135              	.L7:
 136              		.align	2
 137              	.L6:
 138 0038 30001040 		.word	1074790448
 139 003c 06000080 		.word	-2147483642
 140 0040 04010B40 		.word	1074462980
 141 0044 08010B40 		.word	1074462984
 142 0048 00010B40 		.word	1074462976
 143 004c 00000000 		.word	CySysWdtIsr
 144 0050 0C020B40 		.word	1074463244
 145              		.cfi_endproc
 146              	.LFE4:
 147              		.size	ClockSetup, .-ClockSetup
 148              		.align	2
 149              		.global	cyfitter_cfg
 150              		.code	16
 151              		.thumb_func
 152              		.type	cyfitter_cfg, %function
 153              	cyfitter_cfg:
 154              	.LFB6:
 220:Generated_Source\PSoC4/cyfitter_cfg.c **** 
 221:Generated_Source\PSoC4/cyfitter_cfg.c **** 
 222:Generated_Source\PSoC4/cyfitter_cfg.c **** 
 223:Generated_Source\PSoC4/cyfitter_cfg.c **** 
 224:Generated_Source\PSoC4/cyfitter_cfg.c **** /*******************************************************************************
 225:Generated_Source\PSoC4/cyfitter_cfg.c **** * Function Name: cyfitter_cfg
 226:Generated_Source\PSoC4/cyfitter_cfg.c **** ********************************************************************************
 227:Generated_Source\PSoC4/cyfitter_cfg.c **** * Summary:
 228:Generated_Source\PSoC4/cyfitter_cfg.c **** *  This function is called by the start-up code for the selected device. It
 229:Generated_Source\PSoC4/cyfitter_cfg.c **** *  performs all of the necessary device configuration based on the design
 230:Generated_Source\PSoC4/cyfitter_cfg.c **** *  settings.  This includes settings from the Design Wide Resources (DWR) such
 231:Generated_Source\PSoC4/cyfitter_cfg.c **** *  as Clocks and Pins as well as any component configuration that is necessary.
 232:Generated_Source\PSoC4/cyfitter_cfg.c **** *
ARM GAS  C:\Users\austc\AppData\Local\Temp\ccudoeE9.s 			page 8


 233:Generated_Source\PSoC4/cyfitter_cfg.c **** * Parameters:
 234:Generated_Source\PSoC4/cyfitter_cfg.c **** *   void
 235:Generated_Source\PSoC4/cyfitter_cfg.c **** *
 236:Generated_Source\PSoC4/cyfitter_cfg.c **** * Return:
 237:Generated_Source\PSoC4/cyfitter_cfg.c **** *   void
 238:Generated_Source\PSoC4/cyfitter_cfg.c **** *
 239:Generated_Source\PSoC4/cyfitter_cfg.c **** *******************************************************************************/
 240:Generated_Source\PSoC4/cyfitter_cfg.c **** CY_CFG_SECTION
 241:Generated_Source\PSoC4/cyfitter_cfg.c **** void cyfitter_cfg(void)
 242:Generated_Source\PSoC4/cyfitter_cfg.c **** {
 155              		.loc 1 242 0
 156              		.cfi_startproc
 157              		@ args = 0, pretend = 0, frame = 0
 158              		@ frame_needed = 0, uses_anonymous_args = 0
 159 0054 10B5     		push	{r4, lr}
 160              		.cfi_def_cfa_offset 8
 161              		.cfi_offset 4, -8
 162              		.cfi_offset 14, -4
 243:Generated_Source\PSoC4/cyfitter_cfg.c **** 	/* Disable interrupts by default. Let user enable if/when they want. */
 244:Generated_Source\PSoC4/cyfitter_cfg.c **** 	CyGlobalIntDisable;
 163              		.loc 1 244 0
 164              		.syntax divided
 165              	@ 244 "Generated_Source\PSoC4\cyfitter_cfg.c" 1
 166 0056 72B6     		CPSID   i
 167              	@ 0 "" 2
 168              	.LVL6:
 169              		.thumb
 170              		.syntax unified
 171              	.LBB2:
 245:Generated_Source\PSoC4/cyfitter_cfg.c **** 
 246:Generated_Source\PSoC4/cyfitter_cfg.c **** 	{
 247:Generated_Source\PSoC4/cyfitter_cfg.c **** 
 248:Generated_Source\PSoC4/cyfitter_cfg.c **** 		CYPACKED typedef struct {
 249:Generated_Source\PSoC4/cyfitter_cfg.c **** 			void CYFAR *address;
 250:Generated_Source\PSoC4/cyfitter_cfg.c **** 			uint16 size;
 251:Generated_Source\PSoC4/cyfitter_cfg.c **** 		} CYPACKED_ATTR cfg_memset_t;
 252:Generated_Source\PSoC4/cyfitter_cfg.c **** 
 253:Generated_Source\PSoC4/cyfitter_cfg.c **** 		static const cfg_memset_t CYCODE cfg_memset_list[] = {
 254:Generated_Source\PSoC4/cyfitter_cfg.c **** 			/* address, size */
 255:Generated_Source\PSoC4/cyfitter_cfg.c **** 			{(void CYFAR *)(CYDEV_UDB_P0_U0_BASE), 2048u},
 256:Generated_Source\PSoC4/cyfitter_cfg.c **** 			{(void CYFAR *)(CYDEV_UDB_DSI0_BASE), 2048u},
 257:Generated_Source\PSoC4/cyfitter_cfg.c **** 		};
 258:Generated_Source\PSoC4/cyfitter_cfg.c **** 
 259:Generated_Source\PSoC4/cyfitter_cfg.c **** 		uint8 CYDATA i;
 260:Generated_Source\PSoC4/cyfitter_cfg.c **** 
 261:Generated_Source\PSoC4/cyfitter_cfg.c **** 		/* Zero out critical memory blocks before beginning configuration */
 262:Generated_Source\PSoC4/cyfitter_cfg.c **** 		for (i = 0u; i < (sizeof(cfg_memset_list)/sizeof(cfg_memset_list[0])); i++)
 172              		.loc 1 262 0
 173 0058 0024     		movs	r4, #0
 174 005a 0FE0     		b	.L9
 175              	.LVL7:
 176              	.L10:
 177              	.LBB3:
 263:Generated_Source\PSoC4/cyfitter_cfg.c **** 		{
 264:Generated_Source\PSoC4/cyfitter_cfg.c **** 			const cfg_memset_t CYCODE * CYDATA ms = &cfg_memset_list[i];
 265:Generated_Source\PSoC4/cyfitter_cfg.c **** 			CYMEMZERO(ms->address, (size_t)(uint32)(ms->size));
 178              		.loc 1 265 0 discriminator 3
ARM GAS  C:\Users\austc\AppData\Local\Temp\ccudoeE9.s 			page 9


 179 005c 1748     		ldr	r0, .L11
 180 005e 6200     		lsls	r2, r4, #1
 181 0060 1319     		adds	r3, r2, r4
 182 0062 5900     		lsls	r1, r3, #1
 183 0064 0B00     		movs	r3, r1
 184 0066 4118     		adds	r1, r0, r1
 185 0068 8988     		ldrh	r1, [r1, #4]
 186 006a 1A5A     		ldrh	r2, [r3, r0]
 187 006c C318     		adds	r3, r0, r3
 188 006e 5888     		ldrh	r0, [r3, #2]
 189 0070 0004     		lsls	r0, r0, #16
 190 0072 1043     		orrs	r0, r2
 191 0074 FFF7FEFF 		bl	CYMEMZERO
 192              	.LVL8:
 193              	.LBE3:
 262:Generated_Source\PSoC4/cyfitter_cfg.c **** 		{
 194              		.loc 1 262 0 discriminator 3
 195 0078 0134     		adds	r4, r4, #1
 196              	.LVL9:
 197 007a E4B2     		uxtb	r4, r4
 198              	.LVL10:
 199              	.L9:
 262:Generated_Source\PSoC4/cyfitter_cfg.c **** 		{
 200              		.loc 1 262 0 is_stmt 0 discriminator 1
 201 007c 012C     		cmp	r4, #1
 202 007e EDD9     		bls	.L10
 266:Generated_Source\PSoC4/cyfitter_cfg.c **** 		}
 267:Generated_Source\PSoC4/cyfitter_cfg.c **** 
 268:Generated_Source\PSoC4/cyfitter_cfg.c **** 		/* HSIOM Starting address: CYDEV_HSIOM_BASE */
 269:Generated_Source\PSoC4/cyfitter_cfg.c **** 		CY_SET_REG32((void *)(CYREG_HSIOM_PORT_SEL3), 0x0000EE00u);
 203              		.loc 1 269 0 is_stmt 1
 204 0080 EE22     		movs	r2, #238
 205 0082 1202     		lsls	r2, r2, #8
 206 0084 0E4B     		ldr	r3, .L11+4
 207 0086 1A60     		str	r2, [r3]
 270:Generated_Source\PSoC4/cyfitter_cfg.c **** 
 271:Generated_Source\PSoC4/cyfitter_cfg.c **** 		/* UDB_PA_2 Starting address: CYDEV_UDB_PA2_BASE */
 272:Generated_Source\PSoC4/cyfitter_cfg.c **** 		CY_SET_REG32((void *)(CYDEV_UDB_PA2_BASE), 0x00990000u);
 208              		.loc 1 272 0
 209 0088 9923     		movs	r3, #153
 210 008a 1B04     		lsls	r3, r3, #16
 211 008c 0D4A     		ldr	r2, .L11+8
 212 008e 1360     		str	r3, [r2]
 273:Generated_Source\PSoC4/cyfitter_cfg.c **** 
 274:Generated_Source\PSoC4/cyfitter_cfg.c **** 		/* UDB_PA_7 Starting address: CYDEV_UDB_PA7_BASE */
 275:Generated_Source\PSoC4/cyfitter_cfg.c **** 		CY_SET_REG32((void *)(CYDEV_UDB_PA7_BASE), 0x00990000u);
 213              		.loc 1 275 0
 214 0090 0D4A     		ldr	r2, .L11+12
 215 0092 1360     		str	r3, [r2]
 276:Generated_Source\PSoC4/cyfitter_cfg.c **** 
 277:Generated_Source\PSoC4/cyfitter_cfg.c **** 		/* Enable digital routing */
 278:Generated_Source\PSoC4/cyfitter_cfg.c **** 		CY_SET_XTND_REG8((void *)CYREG_UDB_UDB_BANK_CTL, (uint8)(CY_GET_XTND_REG8((void *)CYREG_UDB_UDB_B
 216              		.loc 1 278 0
 217 0094 0D4A     		ldr	r2, .L11+16
 218 0096 1178     		ldrb	r1, [r2]
 219 0098 0623     		movs	r3, #6
 220 009a 0B43     		orrs	r3, r1
ARM GAS  C:\Users\austc\AppData\Local\Temp\ccudoeE9.s 			page 10


 221 009c DBB2     		uxtb	r3, r3
 222 009e 1370     		strb	r3, [r2]
 223              	.LBE2:
 279:Generated_Source\PSoC4/cyfitter_cfg.c **** 	}
 280:Generated_Source\PSoC4/cyfitter_cfg.c **** 
 281:Generated_Source\PSoC4/cyfitter_cfg.c **** 	/* Perform second pass device configuration. These items must be configured in specific order afte
 282:Generated_Source\PSoC4/cyfitter_cfg.c **** 	/* IOPINS0_2 Starting address: CYDEV_GPIO_PRT2_BASE */
 283:Generated_Source\PSoC4/cyfitter_cfg.c **** 	CY_SET_REG32((void *)(CYDEV_GPIO_PRT2_BASE), 0x00000008u);
 224              		.loc 1 283 0
 225 00a0 0822     		movs	r2, #8
 226 00a2 0B4B     		ldr	r3, .L11+20
 227 00a4 1A60     		str	r2, [r3]
 284:Generated_Source\PSoC4/cyfitter_cfg.c **** 	CY_SET_REG32((void *)(CYREG_GPIO_PRT2_PC), 0x00000D80u);
 228              		.loc 1 284 0
 229 00a6 D823     		movs	r3, #216
 230 00a8 1B01     		lsls	r3, r3, #4
 231 00aa 0A4A     		ldr	r2, .L11+24
 232 00ac 1360     		str	r3, [r2]
 285:Generated_Source\PSoC4/cyfitter_cfg.c **** 
 286:Generated_Source\PSoC4/cyfitter_cfg.c **** 	/* IOPINS0_3 Starting address: CYDEV_GPIO_PRT3_BASE */
 287:Generated_Source\PSoC4/cyfitter_cfg.c **** 	CY_SET_REG32((void *)(CYREG_GPIO_PRT3_PC), 0x00000D80u);
 233              		.loc 1 287 0
 234 00ae 0A4A     		ldr	r2, .L11+28
 235 00b0 1360     		str	r3, [r2]
 288:Generated_Source\PSoC4/cyfitter_cfg.c **** 
 289:Generated_Source\PSoC4/cyfitter_cfg.c **** 
 290:Generated_Source\PSoC4/cyfitter_cfg.c **** 	/* Setup clocks based on selections from Clock DWR */
 291:Generated_Source\PSoC4/cyfitter_cfg.c **** 	ClockSetup();
 236              		.loc 1 291 0
 237 00b2 FFF7A5FF 		bl	ClockSetup
 238              	.LVL11:
 292:Generated_Source\PSoC4/cyfitter_cfg.c **** 
 293:Generated_Source\PSoC4/cyfitter_cfg.c **** 	/* Perform basic analog initialization to defaults */
 294:Generated_Source\PSoC4/cyfitter_cfg.c **** 	AnalogSetDefault();
 239              		.loc 1 294 0
 240 00b6 FFF7FEFF 		bl	AnalogSetDefault
 241              	.LVL12:
 295:Generated_Source\PSoC4/cyfitter_cfg.c **** 
 296:Generated_Source\PSoC4/cyfitter_cfg.c **** }
 242              		.loc 1 296 0
 243              		@ sp needed
 244              	.LVL13:
 245 00ba 10BD     		pop	{r4, pc}
 246              	.L12:
 247              		.align	2
 248              	.L11:
 249 00bc 00000000 		.word	.LANCHOR0
 250 00c0 00030240 		.word	1073873664
 251 00c4 20500F40 		.word	1074745376
 252 00c8 70500F40 		.word	1074745456
 253 00cc 00700F40 		.word	1074753536
 254 00d0 00020440 		.word	1074004480
 255 00d4 08020440 		.word	1074004488
 256 00d8 08030440 		.word	1074004744
 257              		.cfi_endproc
 258              	.LFE6:
 259              		.size	cyfitter_cfg, .-cyfitter_cfg
ARM GAS  C:\Users\austc\AppData\Local\Temp\ccudoeE9.s 			page 11


 260              		.section	.rodata
 261              		.align	2
 262              		.set	.LANCHOR0,. + 0
 263              		.type	cfg_memset_list.4948, %object
 264              		.size	cfg_memset_list.4948, 12
 265              	cfg_memset_list.4948:
 266 0000 00300F40 		.word	1074737152
 267 0004 0008     		.short	2048
 268 0006 00400F40 		.4byte	1074741248
 269 000a 0008     		.short	2048
 270              		.text
 271              	.Letext0:
 272              		.file 2 "c:\\program files (x86)\\cypress\\psoc creator\\4.2\\psoc creator\\import\\gnu\\arm\\5.4.
 273              		.file 3 "Generated_Source\\PSoC4\\cytypes.h"
 274              		.file 4 "Generated_Source\\PSoC4\\CyLib.h"
 275              		.section	.debug_info,"",%progbits
 276              	.Ldebug_info0:
 277 0000 8F020000 		.4byte	0x28f
 278 0004 0400     		.2byte	0x4
 279 0006 00000000 		.4byte	.Ldebug_abbrev0
 280 000a 04       		.byte	0x4
 281 000b 01       		.uleb128 0x1
 282 000c FC000000 		.4byte	.LASF29
 283 0010 0C       		.byte	0xc
 284 0011 5F020000 		.4byte	.LASF30
 285 0015 D2010000 		.4byte	.LASF31
 286 0019 00000000 		.4byte	.Ldebug_ranges0+0
 287 001d 00000000 		.4byte	0
 288 0021 00000000 		.4byte	.Ldebug_line0
 289 0025 02       		.uleb128 0x2
 290 0026 04       		.byte	0x4
 291 0027 05       		.byte	0x5
 292 0028 696E7400 		.ascii	"int\000"
 293 002c 03       		.uleb128 0x3
 294 002d 06000000 		.4byte	.LASF12
 295 0031 02       		.byte	0x2
 296 0032 D8       		.byte	0xd8
 297 0033 37000000 		.4byte	0x37
 298 0037 04       		.uleb128 0x4
 299 0038 04       		.byte	0x4
 300 0039 07       		.byte	0x7
 301 003a C3000000 		.4byte	.LASF0
 302 003e 04       		.uleb128 0x4
 303 003f 08       		.byte	0x8
 304 0040 05       		.byte	0x5
 305 0041 A0010000 		.4byte	.LASF1
 306 0045 04       		.uleb128 0x4
 307 0046 08       		.byte	0x8
 308 0047 04       		.byte	0x4
 309 0048 47020000 		.4byte	.LASF2
 310 004c 04       		.uleb128 0x4
 311 004d 01       		.byte	0x1
 312 004e 06       		.byte	0x6
 313 004f 53020000 		.4byte	.LASF3
 314 0053 04       		.uleb128 0x4
 315 0054 01       		.byte	0x1
 316 0055 08       		.byte	0x8
ARM GAS  C:\Users\austc\AppData\Local\Temp\ccudoeE9.s 			page 12


 317 0056 8D000000 		.4byte	.LASF4
 318 005a 04       		.uleb128 0x4
 319 005b 02       		.byte	0x2
 320 005c 05       		.byte	0x5
 321 005d B3010000 		.4byte	.LASF5
 322 0061 04       		.uleb128 0x4
 323 0062 02       		.byte	0x2
 324 0063 07       		.byte	0x7
 325 0064 48000000 		.4byte	.LASF6
 326 0068 04       		.uleb128 0x4
 327 0069 04       		.byte	0x4
 328 006a 05       		.byte	0x5
 329 006b 3E020000 		.4byte	.LASF7
 330 006f 04       		.uleb128 0x4
 331 0070 04       		.byte	0x4
 332 0071 07       		.byte	0x7
 333 0072 6B000000 		.4byte	.LASF8
 334 0076 04       		.uleb128 0x4
 335 0077 08       		.byte	0x8
 336 0078 07       		.byte	0x7
 337 0079 E5000000 		.4byte	.LASF9
 338 007d 04       		.uleb128 0x4
 339 007e 04       		.byte	0x4
 340 007f 07       		.byte	0x7
 341 0080 97010000 		.4byte	.LASF10
 342 0084 05       		.uleb128 0x5
 343 0085 04       		.byte	0x4
 344 0086 04       		.uleb128 0x4
 345 0087 01       		.byte	0x1
 346 0088 08       		.byte	0x8
 347 0089 AE010000 		.4byte	.LASF11
 348 008d 06       		.uleb128 0x6
 349 008e 7D000000 		.4byte	.LASF13
 350 0092 03       		.byte	0x3
 351 0093 E401     		.2byte	0x1e4
 352 0095 53000000 		.4byte	0x53
 353 0099 06       		.uleb128 0x6
 354 009a B5000000 		.4byte	.LASF14
 355 009e 03       		.byte	0x3
 356 009f E501     		.2byte	0x1e5
 357 00a1 61000000 		.4byte	0x61
 358 00a5 06       		.uleb128 0x6
 359 00a6 BC000000 		.4byte	.LASF15
 360 00aa 03       		.byte	0x3
 361 00ab E601     		.2byte	0x1e6
 362 00ad 6F000000 		.4byte	0x6f
 363 00b1 04       		.uleb128 0x4
 364 00b2 04       		.byte	0x4
 365 00b3 04       		.byte	0x4
 366 00b4 5B000000 		.4byte	.LASF16
 367 00b8 04       		.uleb128 0x4
 368 00b9 08       		.byte	0x8
 369 00ba 04       		.byte	0x4
 370 00bb A2000000 		.4byte	.LASF17
 371 00bf 06       		.uleb128 0x6
 372 00c0 66000000 		.4byte	.LASF18
 373 00c4 03       		.byte	0x3
ARM GAS  C:\Users\austc\AppData\Local\Temp\ccudoeE9.s 			page 13


 374 00c5 8E02     		.2byte	0x28e
 375 00c7 CB000000 		.4byte	0xcb
 376 00cb 07       		.uleb128 0x7
 377 00cc 8D000000 		.4byte	0x8d
 378 00d0 06       		.uleb128 0x6
 379 00d1 00000000 		.4byte	.LASF19
 380 00d5 03       		.byte	0x3
 381 00d6 9002     		.2byte	0x290
 382 00d8 DC000000 		.4byte	0xdc
 383 00dc 07       		.uleb128 0x7
 384 00dd A5000000 		.4byte	0xa5
 385 00e1 08       		.uleb128 0x8
 386 00e2 0D000000 		.4byte	.LASF32
 387 00e6 01       		.byte	0x1
 388 00e7 D6       		.byte	0xd6
 389 00e8 00000000 		.4byte	.LFB5
 390 00ec 20000000 		.4byte	.LFE5-.LFB5
 391 00f0 01       		.uleb128 0x1
 392 00f1 9C       		.byte	0x9c
 393 00f2 09       		.uleb128 0x9
 394 00f3 83000000 		.4byte	.LASF20
 395 00f7 01       		.byte	0x1
 396 00f8 4C       		.byte	0x4c
 397 00f9 00000000 		.4byte	.LFB1
 398 00fd 0C000000 		.4byte	.LFE1-.LFB1
 399 0101 01       		.uleb128 0x1
 400 0102 9C       		.byte	0x9c
 401 0103 3F010000 		.4byte	0x13f
 402 0107 0A       		.uleb128 0xa
 403 0108 7300     		.ascii	"s\000"
 404 010a 01       		.byte	0x1
 405 010b 4C       		.byte	0x4c
 406 010c 84000000 		.4byte	0x84
 407 0110 00000000 		.4byte	.LLST0
 408 0114 0A       		.uleb128 0xa
 409 0115 6E00     		.ascii	"n\000"
 410 0117 01       		.byte	0x1
 411 0118 4C       		.byte	0x4c
 412 0119 2C000000 		.4byte	0x2c
 413 011d 21000000 		.4byte	.LLST1
 414 0121 0B       		.uleb128 0xb
 415 0122 0A000000 		.4byte	.LVL2
 416 0126 68020000 		.4byte	0x268
 417 012a 0C       		.uleb128 0xc
 418 012b 01       		.uleb128 0x1
 419 012c 50       		.byte	0x50
 420 012d 03       		.uleb128 0x3
 421 012e F3       		.byte	0xf3
 422 012f 01       		.uleb128 0x1
 423 0130 50       		.byte	0x50
 424 0131 0C       		.uleb128 0xc
 425 0132 01       		.uleb128 0x1
 426 0133 51       		.byte	0x51
 427 0134 01       		.uleb128 0x1
 428 0135 30       		.byte	0x30
 429 0136 0C       		.uleb128 0xc
 430 0137 01       		.uleb128 0x1
ARM GAS  C:\Users\austc\AppData\Local\Temp\ccudoeE9.s 			page 14


 431 0138 52       		.byte	0x52
 432 0139 03       		.uleb128 0x3
 433 013a F3       		.byte	0xf3
 434 013b 01       		.uleb128 0x1
 435 013c 51       		.byte	0x51
 436 013d 00       		.byte	0
 437 013e 00       		.byte	0
 438 013f 09       		.uleb128 0x9
 439 0140 3D000000 		.4byte	.LASF21
 440 0144 01       		.byte	0x1
 441 0145 AA       		.byte	0xaa
 442 0146 00000000 		.4byte	.LFB4
 443 014a 54000000 		.4byte	.LFE4-.LFB4
 444 014e 01       		.uleb128 0x1
 445 014f 9C       		.byte	0x9c
 446 0150 8B010000 		.4byte	0x18b
 447 0154 0D       		.uleb128 0xd
 448 0155 0E000000 		.4byte	.LVL3
 449 0159 71020000 		.4byte	0x271
 450 015d 68010000 		.4byte	0x168
 451 0161 0C       		.uleb128 0xc
 452 0162 01       		.uleb128 0x1
 453 0163 50       		.byte	0x50
 454 0164 02       		.uleb128 0x2
 455 0165 08       		.byte	0x8
 456 0166 30       		.byte	0x30
 457 0167 00       		.byte	0
 458 0168 0D       		.uleb128 0xd
 459 0169 2A000000 		.4byte	.LVL4
 460 016d 7C020000 		.4byte	0x27c
 461 0171 7B010000 		.4byte	0x17b
 462 0175 0C       		.uleb128 0xc
 463 0176 01       		.uleb128 0x1
 464 0177 50       		.byte	0x50
 465 0178 01       		.uleb128 0x1
 466 0179 38       		.byte	0x38
 467 017a 00       		.byte	0
 468 017b 0B       		.uleb128 0xb
 469 017c 30000000 		.4byte	.LVL5
 470 0180 87020000 		.4byte	0x287
 471 0184 0C       		.uleb128 0xc
 472 0185 01       		.uleb128 0x1
 473 0186 50       		.byte	0x50
 474 0187 01       		.uleb128 0x1
 475 0188 38       		.byte	0x38
 476 0189 00       		.byte	0
 477 018a 00       		.byte	0
 478 018b 0E       		.uleb128 0xe
 479 018c D0000000 		.4byte	.LASF33
 480 0190 01       		.byte	0x1
 481 0191 F1       		.byte	0xf1
 482 0192 54000000 		.4byte	.LFB6
 483 0196 88000000 		.4byte	.LFE6-.LFB6
 484 019a 01       		.uleb128 0x1
 485 019b 9C       		.byte	0x9c
 486 019c 68020000 		.4byte	0x268
 487 01a0 0F       		.uleb128 0xf
ARM GAS  C:\Users\austc\AppData\Local\Temp\ccudoeE9.s 			page 15


 488 01a1 58000000 		.4byte	.LBB2
 489 01a5 48000000 		.4byte	.LBE2-.LBB2
 490 01a9 55020000 		.4byte	0x255
 491 01ad 10       		.uleb128 0x10
 492 01ae 06       		.byte	0x6
 493 01af 01       		.byte	0x1
 494 01b0 F8       		.byte	0xf8
 495 01b1 CE010000 		.4byte	0x1ce
 496 01b5 11       		.uleb128 0x11
 497 01b6 DD000000 		.4byte	.LASF22
 498 01ba 01       		.byte	0x1
 499 01bb F9       		.byte	0xf9
 500 01bc 84000000 		.4byte	0x84
 501 01c0 00       		.byte	0
 502 01c1 11       		.uleb128 0x11
 503 01c2 61000000 		.4byte	.LASF23
 504 01c6 01       		.byte	0x1
 505 01c7 FA       		.byte	0xfa
 506 01c8 99000000 		.4byte	0x99
 507 01cc 04       		.byte	0x4
 508 01cd 00       		.byte	0
 509 01ce 03       		.uleb128 0x3
 510 01cf 8A010000 		.4byte	.LASF24
 511 01d3 01       		.byte	0x1
 512 01d4 FB       		.byte	0xfb
 513 01d5 AD010000 		.4byte	0x1ad
 514 01d9 12       		.uleb128 0x12
 515 01da E9010000 		.4byte	0x1e9
 516 01de E9010000 		.4byte	0x1e9
 517 01e2 13       		.uleb128 0x13
 518 01e3 7D000000 		.4byte	0x7d
 519 01e7 01       		.byte	0x1
 520 01e8 00       		.byte	0
 521 01e9 14       		.uleb128 0x14
 522 01ea CE010000 		.4byte	0x1ce
 523 01ee 15       		.uleb128 0x15
 524 01ef 2D000000 		.4byte	.LASF25
 525 01f3 01       		.byte	0x1
 526 01f4 FD       		.byte	0xfd
 527 01f5 FF010000 		.4byte	0x1ff
 528 01f9 05       		.uleb128 0x5
 529 01fa 03       		.byte	0x3
 530 01fb 00000000 		.4byte	cfg_memset_list.4948
 531 01ff 14       		.uleb128 0x14
 532 0200 D9010000 		.4byte	0x1d9
 533 0204 16       		.uleb128 0x16
 534 0205 6900     		.ascii	"i\000"
 535 0207 01       		.byte	0x1
 536 0208 0301     		.2byte	0x103
 537 020a 8D000000 		.4byte	0x8d
 538 020e 4D000000 		.4byte	.LLST2
 539 0212 17       		.uleb128 0x17
 540 0213 5C000000 		.4byte	.LBB3
 541 0217 1C000000 		.4byte	.LBE3-.LBB3
 542 021b 16       		.uleb128 0x16
 543 021c 6D7300   		.ascii	"ms\000"
 544 021f 01       		.byte	0x1
ARM GAS  C:\Users\austc\AppData\Local\Temp\ccudoeE9.s 			page 16


 545 0220 0801     		.2byte	0x108
 546 0222 2A020000 		.4byte	0x22a
 547 0226 77000000 		.4byte	.LLST3
 548 022a 18       		.uleb128 0x18
 549 022b 04       		.byte	0x4
 550 022c E9010000 		.4byte	0x1e9
 551 0230 0B       		.uleb128 0xb
 552 0231 78000000 		.4byte	.LVL8
 553 0235 F2000000 		.4byte	0xf2
 554 0239 0C       		.uleb128 0xc
 555 023a 01       		.uleb128 0x1
 556 023b 51       		.byte	0x51
 557 023c 15       		.uleb128 0x15
 558 023d 74       		.byte	0x74
 559 023e 00       		.sleb128 0
 560 023f 31       		.byte	0x31
 561 0240 24       		.byte	0x24
 562 0241 74       		.byte	0x74
 563 0242 00       		.sleb128 0
 564 0243 22       		.byte	0x22
 565 0244 31       		.byte	0x31
 566 0245 24       		.byte	0x24
 567 0246 03       		.byte	0x3
 568 0247 04000000 		.4byte	.LANCHOR0+4
 569 024b 22       		.byte	0x22
 570 024c 94       		.byte	0x94
 571 024d 02       		.byte	0x2
 572 024e 0A       		.byte	0xa
 573 024f FFFF     		.2byte	0xffff
 574 0251 1A       		.byte	0x1a
 575 0252 00       		.byte	0
 576 0253 00       		.byte	0
 577 0254 00       		.byte	0
 578 0255 19       		.uleb128 0x19
 579 0256 B6000000 		.4byte	.LVL11
 580 025a 3F010000 		.4byte	0x13f
 581 025e 19       		.uleb128 0x19
 582 025f BA000000 		.4byte	.LVL12
 583 0263 E1000000 		.4byte	0xe1
 584 0267 00       		.byte	0
 585 0268 1A       		.uleb128 0x1a
 586 0269 9B000000 		.4byte	.LASF34
 587 026d 9B000000 		.4byte	.LASF34
 588 0271 1B       		.uleb128 0x1b
 589 0272 BD010000 		.4byte	.LASF26
 590 0276 BD010000 		.4byte	.LASF26
 591 027a 04       		.byte	0x4
 592 027b 6C       		.byte	0x6c
 593 027c 1B       		.uleb128 0x1b
 594 027d 1E000000 		.4byte	.LASF27
 595 0281 1E000000 		.4byte	.LASF27
 596 0285 04       		.byte	0x4
 597 0286 BD       		.byte	0xbd
 598 0287 1B       		.uleb128 0x1b
 599 0288 A9000000 		.4byte	.LASF28
 600 028c A9000000 		.4byte	.LASF28
 601 0290 04       		.byte	0x4
ARM GAS  C:\Users\austc\AppData\Local\Temp\ccudoeE9.s 			page 17


 602 0291 C3       		.byte	0xc3
 603 0292 00       		.byte	0
 604              		.section	.debug_abbrev,"",%progbits
 605              	.Ldebug_abbrev0:
 606 0000 01       		.uleb128 0x1
 607 0001 11       		.uleb128 0x11
 608 0002 01       		.byte	0x1
 609 0003 25       		.uleb128 0x25
 610 0004 0E       		.uleb128 0xe
 611 0005 13       		.uleb128 0x13
 612 0006 0B       		.uleb128 0xb
 613 0007 03       		.uleb128 0x3
 614 0008 0E       		.uleb128 0xe
 615 0009 1B       		.uleb128 0x1b
 616 000a 0E       		.uleb128 0xe
 617 000b 55       		.uleb128 0x55
 618 000c 17       		.uleb128 0x17
 619 000d 11       		.uleb128 0x11
 620 000e 01       		.uleb128 0x1
 621 000f 10       		.uleb128 0x10
 622 0010 17       		.uleb128 0x17
 623 0011 00       		.byte	0
 624 0012 00       		.byte	0
 625 0013 02       		.uleb128 0x2
 626 0014 24       		.uleb128 0x24
 627 0015 00       		.byte	0
 628 0016 0B       		.uleb128 0xb
 629 0017 0B       		.uleb128 0xb
 630 0018 3E       		.uleb128 0x3e
 631 0019 0B       		.uleb128 0xb
 632 001a 03       		.uleb128 0x3
 633 001b 08       		.uleb128 0x8
 634 001c 00       		.byte	0
 635 001d 00       		.byte	0
 636 001e 03       		.uleb128 0x3
 637 001f 16       		.uleb128 0x16
 638 0020 00       		.byte	0
 639 0021 03       		.uleb128 0x3
 640 0022 0E       		.uleb128 0xe
 641 0023 3A       		.uleb128 0x3a
 642 0024 0B       		.uleb128 0xb
 643 0025 3B       		.uleb128 0x3b
 644 0026 0B       		.uleb128 0xb
 645 0027 49       		.uleb128 0x49
 646 0028 13       		.uleb128 0x13
 647 0029 00       		.byte	0
 648 002a 00       		.byte	0
 649 002b 04       		.uleb128 0x4
 650 002c 24       		.uleb128 0x24
 651 002d 00       		.byte	0
 652 002e 0B       		.uleb128 0xb
 653 002f 0B       		.uleb128 0xb
 654 0030 3E       		.uleb128 0x3e
 655 0031 0B       		.uleb128 0xb
 656 0032 03       		.uleb128 0x3
 657 0033 0E       		.uleb128 0xe
 658 0034 00       		.byte	0
ARM GAS  C:\Users\austc\AppData\Local\Temp\ccudoeE9.s 			page 18


 659 0035 00       		.byte	0
 660 0036 05       		.uleb128 0x5
 661 0037 0F       		.uleb128 0xf
 662 0038 00       		.byte	0
 663 0039 0B       		.uleb128 0xb
 664 003a 0B       		.uleb128 0xb
 665 003b 00       		.byte	0
 666 003c 00       		.byte	0
 667 003d 06       		.uleb128 0x6
 668 003e 16       		.uleb128 0x16
 669 003f 00       		.byte	0
 670 0040 03       		.uleb128 0x3
 671 0041 0E       		.uleb128 0xe
 672 0042 3A       		.uleb128 0x3a
 673 0043 0B       		.uleb128 0xb
 674 0044 3B       		.uleb128 0x3b
 675 0045 05       		.uleb128 0x5
 676 0046 49       		.uleb128 0x49
 677 0047 13       		.uleb128 0x13
 678 0048 00       		.byte	0
 679 0049 00       		.byte	0
 680 004a 07       		.uleb128 0x7
 681 004b 35       		.uleb128 0x35
 682 004c 00       		.byte	0
 683 004d 49       		.uleb128 0x49
 684 004e 13       		.uleb128 0x13
 685 004f 00       		.byte	0
 686 0050 00       		.byte	0
 687 0051 08       		.uleb128 0x8
 688 0052 2E       		.uleb128 0x2e
 689 0053 00       		.byte	0
 690 0054 03       		.uleb128 0x3
 691 0055 0E       		.uleb128 0xe
 692 0056 3A       		.uleb128 0x3a
 693 0057 0B       		.uleb128 0xb
 694 0058 3B       		.uleb128 0x3b
 695 0059 0B       		.uleb128 0xb
 696 005a 27       		.uleb128 0x27
 697 005b 19       		.uleb128 0x19
 698 005c 11       		.uleb128 0x11
 699 005d 01       		.uleb128 0x1
 700 005e 12       		.uleb128 0x12
 701 005f 06       		.uleb128 0x6
 702 0060 40       		.uleb128 0x40
 703 0061 18       		.uleb128 0x18
 704 0062 9742     		.uleb128 0x2117
 705 0064 19       		.uleb128 0x19
 706 0065 00       		.byte	0
 707 0066 00       		.byte	0
 708 0067 09       		.uleb128 0x9
 709 0068 2E       		.uleb128 0x2e
 710 0069 01       		.byte	0x1
 711 006a 03       		.uleb128 0x3
 712 006b 0E       		.uleb128 0xe
 713 006c 3A       		.uleb128 0x3a
 714 006d 0B       		.uleb128 0xb
 715 006e 3B       		.uleb128 0x3b
ARM GAS  C:\Users\austc\AppData\Local\Temp\ccudoeE9.s 			page 19


 716 006f 0B       		.uleb128 0xb
 717 0070 27       		.uleb128 0x27
 718 0071 19       		.uleb128 0x19
 719 0072 11       		.uleb128 0x11
 720 0073 01       		.uleb128 0x1
 721 0074 12       		.uleb128 0x12
 722 0075 06       		.uleb128 0x6
 723 0076 40       		.uleb128 0x40
 724 0077 18       		.uleb128 0x18
 725 0078 9742     		.uleb128 0x2117
 726 007a 19       		.uleb128 0x19
 727 007b 01       		.uleb128 0x1
 728 007c 13       		.uleb128 0x13
 729 007d 00       		.byte	0
 730 007e 00       		.byte	0
 731 007f 0A       		.uleb128 0xa
 732 0080 05       		.uleb128 0x5
 733 0081 00       		.byte	0
 734 0082 03       		.uleb128 0x3
 735 0083 08       		.uleb128 0x8
 736 0084 3A       		.uleb128 0x3a
 737 0085 0B       		.uleb128 0xb
 738 0086 3B       		.uleb128 0x3b
 739 0087 0B       		.uleb128 0xb
 740 0088 49       		.uleb128 0x49
 741 0089 13       		.uleb128 0x13
 742 008a 02       		.uleb128 0x2
 743 008b 17       		.uleb128 0x17
 744 008c 00       		.byte	0
 745 008d 00       		.byte	0
 746 008e 0B       		.uleb128 0xb
 747 008f 898201   		.uleb128 0x4109
 748 0092 01       		.byte	0x1
 749 0093 11       		.uleb128 0x11
 750 0094 01       		.uleb128 0x1
 751 0095 31       		.uleb128 0x31
 752 0096 13       		.uleb128 0x13
 753 0097 00       		.byte	0
 754 0098 00       		.byte	0
 755 0099 0C       		.uleb128 0xc
 756 009a 8A8201   		.uleb128 0x410a
 757 009d 00       		.byte	0
 758 009e 02       		.uleb128 0x2
 759 009f 18       		.uleb128 0x18
 760 00a0 9142     		.uleb128 0x2111
 761 00a2 18       		.uleb128 0x18
 762 00a3 00       		.byte	0
 763 00a4 00       		.byte	0
 764 00a5 0D       		.uleb128 0xd
 765 00a6 898201   		.uleb128 0x4109
 766 00a9 01       		.byte	0x1
 767 00aa 11       		.uleb128 0x11
 768 00ab 01       		.uleb128 0x1
 769 00ac 31       		.uleb128 0x31
 770 00ad 13       		.uleb128 0x13
 771 00ae 01       		.uleb128 0x1
 772 00af 13       		.uleb128 0x13
ARM GAS  C:\Users\austc\AppData\Local\Temp\ccudoeE9.s 			page 20


 773 00b0 00       		.byte	0
 774 00b1 00       		.byte	0
 775 00b2 0E       		.uleb128 0xe
 776 00b3 2E       		.uleb128 0x2e
 777 00b4 01       		.byte	0x1
 778 00b5 3F       		.uleb128 0x3f
 779 00b6 19       		.uleb128 0x19
 780 00b7 03       		.uleb128 0x3
 781 00b8 0E       		.uleb128 0xe
 782 00b9 3A       		.uleb128 0x3a
 783 00ba 0B       		.uleb128 0xb
 784 00bb 3B       		.uleb128 0x3b
 785 00bc 0B       		.uleb128 0xb
 786 00bd 27       		.uleb128 0x27
 787 00be 19       		.uleb128 0x19
 788 00bf 11       		.uleb128 0x11
 789 00c0 01       		.uleb128 0x1
 790 00c1 12       		.uleb128 0x12
 791 00c2 06       		.uleb128 0x6
 792 00c3 40       		.uleb128 0x40
 793 00c4 18       		.uleb128 0x18
 794 00c5 9742     		.uleb128 0x2117
 795 00c7 19       		.uleb128 0x19
 796 00c8 01       		.uleb128 0x1
 797 00c9 13       		.uleb128 0x13
 798 00ca 00       		.byte	0
 799 00cb 00       		.byte	0
 800 00cc 0F       		.uleb128 0xf
 801 00cd 0B       		.uleb128 0xb
 802 00ce 01       		.byte	0x1
 803 00cf 11       		.uleb128 0x11
 804 00d0 01       		.uleb128 0x1
 805 00d1 12       		.uleb128 0x12
 806 00d2 06       		.uleb128 0x6
 807 00d3 01       		.uleb128 0x1
 808 00d4 13       		.uleb128 0x13
 809 00d5 00       		.byte	0
 810 00d6 00       		.byte	0
 811 00d7 10       		.uleb128 0x10
 812 00d8 13       		.uleb128 0x13
 813 00d9 01       		.byte	0x1
 814 00da 0B       		.uleb128 0xb
 815 00db 0B       		.uleb128 0xb
 816 00dc 3A       		.uleb128 0x3a
 817 00dd 0B       		.uleb128 0xb
 818 00de 3B       		.uleb128 0x3b
 819 00df 0B       		.uleb128 0xb
 820 00e0 01       		.uleb128 0x1
 821 00e1 13       		.uleb128 0x13
 822 00e2 00       		.byte	0
 823 00e3 00       		.byte	0
 824 00e4 11       		.uleb128 0x11
 825 00e5 0D       		.uleb128 0xd
 826 00e6 00       		.byte	0
 827 00e7 03       		.uleb128 0x3
 828 00e8 0E       		.uleb128 0xe
 829 00e9 3A       		.uleb128 0x3a
ARM GAS  C:\Users\austc\AppData\Local\Temp\ccudoeE9.s 			page 21


 830 00ea 0B       		.uleb128 0xb
 831 00eb 3B       		.uleb128 0x3b
 832 00ec 0B       		.uleb128 0xb
 833 00ed 49       		.uleb128 0x49
 834 00ee 13       		.uleb128 0x13
 835 00ef 38       		.uleb128 0x38
 836 00f0 0B       		.uleb128 0xb
 837 00f1 00       		.byte	0
 838 00f2 00       		.byte	0
 839 00f3 12       		.uleb128 0x12
 840 00f4 01       		.uleb128 0x1
 841 00f5 01       		.byte	0x1
 842 00f6 49       		.uleb128 0x49
 843 00f7 13       		.uleb128 0x13
 844 00f8 01       		.uleb128 0x1
 845 00f9 13       		.uleb128 0x13
 846 00fa 00       		.byte	0
 847 00fb 00       		.byte	0
 848 00fc 13       		.uleb128 0x13
 849 00fd 21       		.uleb128 0x21
 850 00fe 00       		.byte	0
 851 00ff 49       		.uleb128 0x49
 852 0100 13       		.uleb128 0x13
 853 0101 2F       		.uleb128 0x2f
 854 0102 0B       		.uleb128 0xb
 855 0103 00       		.byte	0
 856 0104 00       		.byte	0
 857 0105 14       		.uleb128 0x14
 858 0106 26       		.uleb128 0x26
 859 0107 00       		.byte	0
 860 0108 49       		.uleb128 0x49
 861 0109 13       		.uleb128 0x13
 862 010a 00       		.byte	0
 863 010b 00       		.byte	0
 864 010c 15       		.uleb128 0x15
 865 010d 34       		.uleb128 0x34
 866 010e 00       		.byte	0
 867 010f 03       		.uleb128 0x3
 868 0110 0E       		.uleb128 0xe
 869 0111 3A       		.uleb128 0x3a
 870 0112 0B       		.uleb128 0xb
 871 0113 3B       		.uleb128 0x3b
 872 0114 0B       		.uleb128 0xb
 873 0115 49       		.uleb128 0x49
 874 0116 13       		.uleb128 0x13
 875 0117 02       		.uleb128 0x2
 876 0118 18       		.uleb128 0x18
 877 0119 00       		.byte	0
 878 011a 00       		.byte	0
 879 011b 16       		.uleb128 0x16
 880 011c 34       		.uleb128 0x34
 881 011d 00       		.byte	0
 882 011e 03       		.uleb128 0x3
 883 011f 08       		.uleb128 0x8
 884 0120 3A       		.uleb128 0x3a
 885 0121 0B       		.uleb128 0xb
 886 0122 3B       		.uleb128 0x3b
ARM GAS  C:\Users\austc\AppData\Local\Temp\ccudoeE9.s 			page 22


 887 0123 05       		.uleb128 0x5
 888 0124 49       		.uleb128 0x49
 889 0125 13       		.uleb128 0x13
 890 0126 02       		.uleb128 0x2
 891 0127 17       		.uleb128 0x17
 892 0128 00       		.byte	0
 893 0129 00       		.byte	0
 894 012a 17       		.uleb128 0x17
 895 012b 0B       		.uleb128 0xb
 896 012c 01       		.byte	0x1
 897 012d 11       		.uleb128 0x11
 898 012e 01       		.uleb128 0x1
 899 012f 12       		.uleb128 0x12
 900 0130 06       		.uleb128 0x6
 901 0131 00       		.byte	0
 902 0132 00       		.byte	0
 903 0133 18       		.uleb128 0x18
 904 0134 0F       		.uleb128 0xf
 905 0135 00       		.byte	0
 906 0136 0B       		.uleb128 0xb
 907 0137 0B       		.uleb128 0xb
 908 0138 49       		.uleb128 0x49
 909 0139 13       		.uleb128 0x13
 910 013a 00       		.byte	0
 911 013b 00       		.byte	0
 912 013c 19       		.uleb128 0x19
 913 013d 898201   		.uleb128 0x4109
 914 0140 00       		.byte	0
 915 0141 11       		.uleb128 0x11
 916 0142 01       		.uleb128 0x1
 917 0143 31       		.uleb128 0x31
 918 0144 13       		.uleb128 0x13
 919 0145 00       		.byte	0
 920 0146 00       		.byte	0
 921 0147 1A       		.uleb128 0x1a
 922 0148 2E       		.uleb128 0x2e
 923 0149 00       		.byte	0
 924 014a 3F       		.uleb128 0x3f
 925 014b 19       		.uleb128 0x19
 926 014c 3C       		.uleb128 0x3c
 927 014d 19       		.uleb128 0x19
 928 014e 6E       		.uleb128 0x6e
 929 014f 0E       		.uleb128 0xe
 930 0150 03       		.uleb128 0x3
 931 0151 0E       		.uleb128 0xe
 932 0152 00       		.byte	0
 933 0153 00       		.byte	0
 934 0154 1B       		.uleb128 0x1b
 935 0155 2E       		.uleb128 0x2e
 936 0156 00       		.byte	0
 937 0157 3F       		.uleb128 0x3f
 938 0158 19       		.uleb128 0x19
 939 0159 3C       		.uleb128 0x3c
 940 015a 19       		.uleb128 0x19
 941 015b 6E       		.uleb128 0x6e
 942 015c 0E       		.uleb128 0xe
 943 015d 03       		.uleb128 0x3
ARM GAS  C:\Users\austc\AppData\Local\Temp\ccudoeE9.s 			page 23


 944 015e 0E       		.uleb128 0xe
 945 015f 3A       		.uleb128 0x3a
 946 0160 0B       		.uleb128 0xb
 947 0161 3B       		.uleb128 0x3b
 948 0162 0B       		.uleb128 0xb
 949 0163 00       		.byte	0
 950 0164 00       		.byte	0
 951 0165 00       		.byte	0
 952              		.section	.debug_loc,"",%progbits
 953              	.Ldebug_loc0:
 954              	.LLST0:
 955 0000 00000000 		.4byte	.LVL0
 956 0004 09000000 		.4byte	.LVL2-1
 957 0008 0100     		.2byte	0x1
 958 000a 50       		.byte	0x50
 959 000b 09000000 		.4byte	.LVL2-1
 960 000f 0C000000 		.4byte	.LFE1
 961 0013 0400     		.2byte	0x4
 962 0015 F3       		.byte	0xf3
 963 0016 01       		.uleb128 0x1
 964 0017 50       		.byte	0x50
 965 0018 9F       		.byte	0x9f
 966 0019 00000000 		.4byte	0
 967 001d 00000000 		.4byte	0
 968              	.LLST1:
 969 0021 00000000 		.4byte	.LVL0
 970 0025 06000000 		.4byte	.LVL1
 971 0029 0100     		.2byte	0x1
 972 002b 51       		.byte	0x51
 973 002c 06000000 		.4byte	.LVL1
 974 0030 09000000 		.4byte	.LVL2-1
 975 0034 0100     		.2byte	0x1
 976 0036 52       		.byte	0x52
 977 0037 09000000 		.4byte	.LVL2-1
 978 003b 0C000000 		.4byte	.LFE1
 979 003f 0400     		.2byte	0x4
 980 0041 F3       		.byte	0xf3
 981 0042 01       		.uleb128 0x1
 982 0043 51       		.byte	0x51
 983 0044 9F       		.byte	0x9f
 984 0045 00000000 		.4byte	0
 985 0049 00000000 		.4byte	0
 986              	.LLST2:
 987 004d 58000000 		.4byte	.LVL6
 988 0051 5C000000 		.4byte	.LVL7
 989 0055 0200     		.2byte	0x2
 990 0057 30       		.byte	0x30
 991 0058 9F       		.byte	0x9f
 992 0059 5C000000 		.4byte	.LVL7
 993 005d 7A000000 		.4byte	.LVL9
 994 0061 0100     		.2byte	0x1
 995 0063 54       		.byte	0x54
 996 0064 7C000000 		.4byte	.LVL10
 997 0068 BA000000 		.4byte	.LVL13
 998 006c 0100     		.2byte	0x1
 999 006e 54       		.byte	0x54
 1000 006f 00000000 		.4byte	0
ARM GAS  C:\Users\austc\AppData\Local\Temp\ccudoeE9.s 			page 24


 1001 0073 00000000 		.4byte	0
 1002              	.LLST3:
 1003 0077 5C000000 		.4byte	.LVL7
 1004 007b 7A000000 		.4byte	.LVL9
 1005 007f 0B00     		.2byte	0xb
 1006 0081 74       		.byte	0x74
 1007 0082 00       		.sleb128 0
 1008 0083 36       		.byte	0x36
 1009 0084 1E       		.byte	0x1e
 1010 0085 03       		.byte	0x3
 1011 0086 00000000 		.4byte	cfg_memset_list.4948
 1012 008a 22       		.byte	0x22
 1013 008b 9F       		.byte	0x9f
 1014 008c 7A000000 		.4byte	.LVL9
 1015 0090 7C000000 		.4byte	.LVL10
 1016 0094 0B00     		.2byte	0xb
 1017 0096 74       		.byte	0x74
 1018 0097 7F       		.sleb128 -1
 1019 0098 36       		.byte	0x36
 1020 0099 1E       		.byte	0x1e
 1021 009a 03       		.byte	0x3
 1022 009b 00000000 		.4byte	cfg_memset_list.4948
 1023 009f 22       		.byte	0x22
 1024 00a0 9F       		.byte	0x9f
 1025 00a1 00000000 		.4byte	0
 1026 00a5 00000000 		.4byte	0
 1027              		.section	.debug_aranges,"",%progbits
 1028 0000 34000000 		.4byte	0x34
 1029 0004 0200     		.2byte	0x2
 1030 0006 00000000 		.4byte	.Ldebug_info0
 1031 000a 04       		.byte	0x4
 1032 000b 00       		.byte	0
 1033 000c 0000     		.2byte	0
 1034 000e 0000     		.2byte	0
 1035 0010 00000000 		.4byte	.LFB5
 1036 0014 20000000 		.4byte	.LFE5-.LFB5
 1037 0018 00000000 		.4byte	.LFB1
 1038 001c 0C000000 		.4byte	.LFE1-.LFB1
 1039 0020 00000000 		.4byte	.LFB4
 1040 0024 54000000 		.4byte	.LFE4-.LFB4
 1041 0028 54000000 		.4byte	.LFB6
 1042 002c 88000000 		.4byte	.LFE6-.LFB6
 1043 0030 00000000 		.4byte	0
 1044 0034 00000000 		.4byte	0
 1045              		.section	.debug_ranges,"",%progbits
 1046              	.Ldebug_ranges0:
 1047 0000 00000000 		.4byte	.LFB5
 1048 0004 20000000 		.4byte	.LFE5
 1049 0008 00000000 		.4byte	.LFB1
 1050 000c 0C000000 		.4byte	.LFE1
 1051 0010 00000000 		.4byte	.LFB4
 1052 0014 54000000 		.4byte	.LFE4
 1053 0018 54000000 		.4byte	.LFB6
 1054 001c DC000000 		.4byte	.LFE6
 1055 0020 00000000 		.4byte	0
 1056 0024 00000000 		.4byte	0
 1057              		.section	.debug_line,"",%progbits
ARM GAS  C:\Users\austc\AppData\Local\Temp\ccudoeE9.s 			page 25


 1058              	.Ldebug_line0:
 1059 0000 3C010000 		.section	.debug_str,"MS",%progbits,1
 1059      0200D600 
 1059      00000201 
 1059      FB0E0D00 
 1059      01010101 
 1060              	.LASF19:
 1061 0000 72656733 		.ascii	"reg32\000"
 1061      3200
 1062              	.LASF12:
 1063 0006 73697A65 		.ascii	"size_t\000"
 1063      5F7400
 1064              	.LASF32:
 1065 000d 416E616C 		.ascii	"AnalogSetDefault\000"
 1065      6F675365 
 1065      74446566 
 1065      61756C74 
 1065      00
 1066              	.LASF27:
 1067 001e 4379496E 		.ascii	"CyIntSetVector\000"
 1067      74536574 
 1067      56656374 
 1067      6F7200
 1068              	.LASF25:
 1069 002d 6366675F 		.ascii	"cfg_memset_list\000"
 1069      6D656D73 
 1069      65745F6C 
 1069      69737400 
 1070              	.LASF21:
 1071 003d 436C6F63 		.ascii	"ClockSetup\000"
 1071      6B536574 
 1071      757000
 1072              	.LASF6:
 1073 0048 73686F72 		.ascii	"short unsigned int\000"
 1073      7420756E 
 1073      7369676E 
 1073      65642069 
 1073      6E7400
 1074              	.LASF16:
 1075 005b 666C6F61 		.ascii	"float\000"
 1075      7400
 1076              	.LASF23:
 1077 0061 73697A65 		.ascii	"size\000"
 1077      00
 1078              	.LASF18:
 1079 0066 72656738 		.ascii	"reg8\000"
 1079      00
 1080              	.LASF8:
 1081 006b 6C6F6E67 		.ascii	"long unsigned int\000"
 1081      20756E73 
 1081      69676E65 
 1081      6420696E 
 1081      7400
 1082              	.LASF13:
 1083 007d 75696E74 		.ascii	"uint8\000"
 1083      3800
 1084              	.LASF20:
ARM GAS  C:\Users\austc\AppData\Local\Temp\ccudoeE9.s 			page 26


 1085 0083 43594D45 		.ascii	"CYMEMZERO\000"
 1085      4D5A4552 
 1085      4F00
 1086              	.LASF4:
 1087 008d 756E7369 		.ascii	"unsigned char\000"
 1087      676E6564 
 1087      20636861 
 1087      7200
 1088              	.LASF34:
 1089 009b 6D656D73 		.ascii	"memset\000"
 1089      657400
 1090              	.LASF17:
 1091 00a2 646F7562 		.ascii	"double\000"
 1091      6C6500
 1092              	.LASF28:
 1093 00a9 4379496E 		.ascii	"CyIntEnable\000"
 1093      74456E61 
 1093      626C6500 
 1094              	.LASF14:
 1095 00b5 75696E74 		.ascii	"uint16\000"
 1095      313600
 1096              	.LASF15:
 1097 00bc 75696E74 		.ascii	"uint32\000"
 1097      333200
 1098              	.LASF0:
 1099 00c3 756E7369 		.ascii	"unsigned int\000"
 1099      676E6564 
 1099      20696E74 
 1099      00
 1100              	.LASF33:
 1101 00d0 63796669 		.ascii	"cyfitter_cfg\000"
 1101      74746572 
 1101      5F636667 
 1101      00
 1102              	.LASF22:
 1103 00dd 61646472 		.ascii	"address\000"
 1103      65737300 
 1104              	.LASF9:
 1105 00e5 6C6F6E67 		.ascii	"long long unsigned int\000"
 1105      206C6F6E 
 1105      6720756E 
 1105      7369676E 
 1105      65642069 
 1106              	.LASF29:
 1107 00fc 474E5520 		.ascii	"GNU C11 5.4.1 20160609 (release) [ARM/embedded-5-br"
 1107      43313120 
 1107      352E342E 
 1107      31203230 
 1107      31363036 
 1108 012f 616E6368 		.ascii	"anch revision 237715] -mcpu=cortex-m0 -mthumb -g -O"
 1108      20726576 
 1108      6973696F 
 1108      6E203233 
 1108      37373135 
 1109 0162 67202D66 		.ascii	"g -ffunction-sections -ffat-lto-objects\000"
 1109      66756E63 
 1109      74696F6E 
ARM GAS  C:\Users\austc\AppData\Local\Temp\ccudoeE9.s 			page 27


 1109      2D736563 
 1109      74696F6E 
 1110              	.LASF24:
 1111 018a 6366675F 		.ascii	"cfg_memset_t\000"
 1111      6D656D73 
 1111      65745F74 
 1111      00
 1112              	.LASF10:
 1113 0197 73697A65 		.ascii	"sizetype\000"
 1113      74797065 
 1113      00
 1114              	.LASF1:
 1115 01a0 6C6F6E67 		.ascii	"long long int\000"
 1115      206C6F6E 
 1115      6720696E 
 1115      7400
 1116              	.LASF11:
 1117 01ae 63686172 		.ascii	"char\000"
 1117      00
 1118              	.LASF5:
 1119 01b3 73686F72 		.ascii	"short int\000"
 1119      7420696E 
 1119      7400
 1120              	.LASF26:
 1121 01bd 43795379 		.ascii	"CySysClkWriteImoFreq\000"
 1121      73436C6B 
 1121      57726974 
 1121      65496D6F 
 1121      46726571 
 1122              	.LASF31:
 1123 01d2 433A5C55 		.ascii	"C:\\Users\\austc\\OneDrive\\Documents\\Altium\\Moto"
 1123      73657273 
 1123      5C617573 
 1123      74635C4F 
 1123      6E654472 
 1124 01ff 722D556E 		.ascii	"r-Unit-Firmware-A-2019-2020\\Motor Unit\\Blink Rev "
 1124      69742D46 
 1124      69726D77 
 1124      6172652D 
 1124      412D3230 
 1125 0230 33204465 		.ascii	"3 Debug.cydsn\000"
 1125      6275672E 
 1125      63796473 
 1125      6E00
 1126              	.LASF7:
 1127 023e 6C6F6E67 		.ascii	"long int\000"
 1127      20696E74 
 1127      00
 1128              	.LASF2:
 1129 0247 6C6F6E67 		.ascii	"long double\000"
 1129      20646F75 
 1129      626C6500 
 1130              	.LASF3:
 1131 0253 7369676E 		.ascii	"signed char\000"
 1131      65642063 
 1131      68617200 
 1132              	.LASF30:
ARM GAS  C:\Users\austc\AppData\Local\Temp\ccudoeE9.s 			page 28


 1133 025f 47656E65 		.ascii	"Generated_Source\\PSoC4\\cyfitter_cfg.c\000"
 1133      72617465 
 1133      645F536F 
 1133      75726365 
 1133      5C50536F 
 1134              		.ident	"GCC: (GNU Tools for ARM Embedded Processors) 5.4.1 20160609 (release) [ARM/embedded-5-bran
