ARM GAS  C:\Users\Austcha\AppData\Local\Temp\ccKXvAOF.s 			page 1


   1              		.syntax unified
   2              		.cpu cortex-m0
   3              		.fpu softvfp
   4              		.eabi_attribute 20, 1
   5              		.eabi_attribute 21, 1
   6              		.eabi_attribute 23, 3
   7              		.eabi_attribute 24, 1
   8              		.eabi_attribute 25, 1
   9              		.eabi_attribute 26, 1
  10              		.eabi_attribute 30, 1
  11              		.eabi_attribute 34, 0
  12              		.eabi_attribute 18, 4
  13              		.thumb
  14              		.syntax unified
  15              		.file	"PositionPID.c"
  16              		.text
  17              	.Ltext0:
  18              		.cfi_sections	.debug_frame
  19              	.Letext0:
  20              		.section	.debug_line,"",%progbits
  21              	.Ldebug_line0:
  22              		.section	.debug_str,"MS",%progbits,1
  23              	.LASF0:
  24 0000 433A5C55 		.ascii	"C:\\Users\\Austcha\\Documents\\Husky Robotics\\Moto"
  24      73657273 
  24      5C417573 
  24      74636861 
  24      5C446F63 
  25 002e 7220426F 		.ascii	"r Boards\\Rev3\\Motor-Unit-Firmware-A-2019-2020\\Mo"
  25      61726473 
  25      5C526576 
  25      335C4D6F 
  25      746F722D 
  26 005e 746F7220 		.ascii	"tor Unit\\Motor_Board_Rev3_CAN_Send.cydsn\000"
  26      556E6974 
  26      5C4D6F74 
  26      6F725F42 
  26      6F617264 
  27              	.LASF1:
  28 0087 506F7369 		.ascii	"PositionPID.c\000"
  28      74696F6E 
  28      5049442E 
  28      6300
  29              	.LASF2:
  30 0095 474E5520 		.ascii	"GNU C11 5.4.1 20160609 (release) [ARM/embedded-5-br"
  30      43313120 
  30      352E342E 
  30      31203230 
  30      31363036 
  31 00c8 616E6368 		.ascii	"anch revision 237715] -mcpu=cortex-m0 -mthumb -g -O"
  31      20726576 
  31      6973696F 
  31      6E203233 
  31      37373135 
  32 00fb 67202D66 		.ascii	"g -ffunction-sections -ffat-lto-objects\000"
  32      66756E63 
  32      74696F6E 
ARM GAS  C:\Users\Austcha\AppData\Local\Temp\ccKXvAOF.s 			page 2


  32      2D736563 
  32      74696F6E 
  33              		.ident	"GCC: (GNU Tools for ARM Embedded Processors) 5.4.1 20160609 (release) [ARM/embedded-5-bran
