Archive member included to satisfy reference by file (symbol)

.\CortexM0\ARM_GCC_541\Debug\Motor Board Rev2.a(CyLib.o)
                              .\CortexM0\ARM_GCC_541\Debug\cyfitter_cfg.o (CyIntEnable)
.\CortexM0\ARM_GCC_541\Debug\Motor Board Rev2.a(CyLFClk.o)
                              .\CortexM0\ARM_GCC_541\Debug\Motor Board Rev2.a(CyLib.o) (CySysClkWcoEnabled)
.\CortexM0\ARM_GCC_541\Debug\Motor Board Rev2.a(PWM_Motor.o)
                              .\CortexM0\ARM_GCC_541\Debug\main.o (PWM_Motor_Stop)
.\CortexM0\ARM_GCC_541\Debug\Motor Board Rev2.a(Pin_Direction.o)
                              .\CortexM0\ARM_GCC_541\Debug\main.o (Pin_Direction_Write)
.\CortexM0\ARM_GCC_541\Debug\Motor Board Rev2.a(isr_Limit_1.o)
                              .\CortexM0\ARM_GCC_541\Debug\main.o (isr_Limit_1_StartEx)
.\CortexM0\ARM_GCC_541\Debug\Motor Board Rev2.a(QuadDec.o)
                              .\CortexM0\ARM_GCC_541\Debug\main.o (QuadDec_GetCounter)
.\CortexM0\ARM_GCC_541\Debug\Motor Board Rev2.a(QuadDec_Cnt16.o)
                              .\CortexM0\ARM_GCC_541\Debug\Motor Board Rev2.a(QuadDec.o) (QuadDec_Cnt16_Stop)
.\CortexM0\ARM_GCC_541\Debug\Motor Board Rev2.a(Status_Reg_Switches.o)
                              .\CortexM0\ARM_GCC_541\Debug\main.o (Status_Reg_Switches_Read)
.\CortexM0\ARM_GCC_541\Debug\Motor Board Rev2.a(CAN.o)
                              .\CortexM0\ARM_GCC_541\Debug\main.o (CAN_GlobalIntEnable)
.\CortexM0\ARM_GCC_541\Debug\Motor Board Rev2.a(CAN_INT.o)
                              .\CortexM0\ARM_GCC_541\Debug\Motor Board Rev2.a(CAN.o) (CAN_ISR)
.\CortexM0\ARM_GCC_541\Debug\Motor Board Rev2.a(CAN_TX_RX_func.o)
                              .\CortexM0\ARM_GCC_541\Debug\main.o (CAN_SendMsg)
.\CortexM0\ARM_GCC_541\Debug\Motor Board Rev2.a(UART.o)
                              .\CortexM0\ARM_GCC_541\Debug\main.o (UART_Start)
.\CortexM0\ARM_GCC_541\Debug\Motor Board Rev2.a(UART_UART.o)
                              .\CortexM0\ARM_GCC_541\Debug\Motor Board Rev2.a(UART.o) (UART_UartInit)
.\CortexM0\ARM_GCC_541\Debug\Motor Board Rev2.a(Can_addr.o)
                              .\CortexM0\ARM_GCC_541\Debug\main.o (Can_addr_Read)
.\CortexM0\ARM_GCC_541\Debug\Motor Board Rev2.a(Timer_1.o)
                              .\CortexM0\ARM_GCC_541\Debug\main.o (Timer_1_ReadStatusRegister)
.\CortexM0\ARM_GCC_541\Debug\Motor Board Rev2.a(isr_period.o)
                              .\CortexM0\ARM_GCC_541\Debug\main.o (isr_period_StartEx)
.\CortexM0\ARM_GCC_541\Debug\Motor Board Rev2.a(Error.o)
                              .\CortexM0\ARM_GCC_541\Debug\main.o (Error_Write)
.\CortexM0\ARM_GCC_541\Debug\Motor Board Rev2.a(Test_LED.o)
                              .\CortexM0\ARM_GCC_541\Debug\main.o (Test_LED_Write)
.\CortexM0\ARM_GCC_541\Debug\Motor Board Rev2.a(CyBootAsmGnu.o)
                              .\CortexM0\ARM_GCC_541\Debug\Motor Board Rev2.a(CyLib.o) (CyDelayCycles)
.\CortexM0\ARM_GCC_541\Debug\Motor Board Rev2.a(CyFlash.o)
                              .\CortexM0\ARM_GCC_541\Debug\Motor Board Rev2.a(CyLib.o) (CySysFlashSetWaitCycles)
.\CortexM0\ARM_GCC_541\Debug\Motor Board Rev2.a(cyutils.o)
                              .\CortexM0\ARM_GCC_541\Debug\Motor Board Rev2.a(Timer_1.o) (CySetReg24)
.\CortexM0\ARM_GCC_541\Debug\Motor Board Rev2.a(UART_SPI_UART.o)
                              .\CortexM0\ARM_GCC_541\Debug\Motor Board Rev2.a(UART_UART.o) (UART_SpiUartReadRxData)
c:/program files (x86)/cypress/psoc creator/4.2/psoc creator/import/gnu/arm/5.4.1/bin/../lib/gcc/arm-none-eabi/5.4.1/armv6-m\libgcc.a(_udivsi3.o)
                              .\CortexM0\ARM_GCC_541\Debug\Motor Board Rev2.a(CyLib.o) (__aeabi_uidiv)
c:/program files (x86)/cypress/psoc creator/4.2/psoc creator/import/gnu/arm/5.4.1/bin/../lib/gcc/arm-none-eabi/5.4.1/armv6-m\libgcc.a(_divsi3.o)
                              .\CortexM0\ARM_GCC_541\Debug\main.o (__aeabi_idiv)
c:/program files (x86)/cypress/psoc creator/4.2/psoc creator/import/gnu/arm/5.4.1/bin/../lib/gcc/arm-none-eabi/5.4.1/armv6-m\libgcc.a(_dvmd_tls.o)
                              c:/program files (x86)/cypress/psoc creator/4.2/psoc creator/import/gnu/arm/5.4.1/bin/../lib/gcc/arm-none-eabi/5.4.1/armv6-m\libgcc.a(_udivsi3.o) (__aeabi_idiv0)
c:/program files (x86)/cypress/psoc creator/4.2/psoc creator/import/gnu/arm/5.4.1/bin/../lib/gcc/arm-none-eabi/5.4.1/armv6-m\libgcc.a(divdf3.o)
                              .\CortexM0\ARM_GCC_541\Debug\main.o (__aeabi_ddiv)
c:/program files (x86)/cypress/psoc creator/4.2/psoc creator/import/gnu/arm/5.4.1/bin/../lib/gcc/arm-none-eabi/5.4.1/armv6-m\libgcc.a(muldf3.o)
                              .\CortexM0\ARM_GCC_541\Debug\main.o (__aeabi_dmul)
c:/program files (x86)/cypress/psoc creator/4.2/psoc creator/import/gnu/arm/5.4.1/bin/../lib/gcc/arm-none-eabi/5.4.1/armv6-m\libgcc.a(fixdfsi.o)
                              .\CortexM0\ARM_GCC_541\Debug\main.o (__aeabi_d2iz)
[...]
Memory Configuration

Name             Origin             Length             Attributes
rom              0x00000000         0x00040000         xr
ram              0x20000000         0x00008000         xrw
*default*        0x00000000         0xffffffff

Linker script and memory map

LOAD c:/program files (x86)/cypress/psoc creator/4.2/psoc creator/import/gnu/arm/5.4.1/bin/../lib/gcc/arm-none-eabi/5.4.1/armv6-m/crti.o
LOAD c:/program files (x86)/cypress/psoc creator/4.2/psoc creator/import/gnu/arm/5.4.1/bin/../lib/gcc/arm-none-eabi/5.4.1/armv6-m/crtbegin.o
LOAD c:/program files (x86)/cypress/psoc creator/4.2/psoc creator/import/gnu/arm/5.4.1/bin/../lib/gcc/arm-none-eabi/5.4.1/../../../../arm-none-eabi/lib/armv6-m/crt0.o
START GROUP
LOAD .\CortexM0\ARM_GCC_541\Debug\main.o
LOAD .\CortexM0\ARM_GCC_541\Debug\cyfitter_cfg.o
LOAD .\CortexM0\ARM_GCC_541\Debug\cymetadata.o
LOAD .\CortexM0\ARM_GCC_541\Debug\Cm0Start.o
LOAD .\CortexM0\ARM_GCC_541\Debug\Motor Board Rev2.a
END GROUP
START GROUP
LOAD c:/program files (x86)/cypress/psoc creator/4.2/psoc creator/import/gnu/arm/5.4.1/bin/../lib/gcc/arm-none-eabi/5.4.1/armv6-m\libgcc.a
LOAD c:/program files (x86)/cypress/psoc creator/4.2/psoc creator/import/gnu/arm/5.4.1/bin/../lib/gcc/arm-none-eabi/5.4.1/../../../../arm-none-eabi/lib/armv6-m\libg_nano.a
LOAD c:/program files (x86)/cypress/psoc creator/4.2/psoc creator/import/gnu/arm/5.4.1/bin/../lib/gcc/arm-none-eabi/5.4.1/../../../../arm-none-eabi/lib/armv6-m\libc_nano.a
END GROUP
START GROUP
LOAD c:/program files (x86)/cypress/psoc creator/4.2/psoc creator/import/gnu/arm/5.4.1/bin/../lib/gcc/arm-none-eabi/5.4.1/armv6-m\libgcc.a
LOAD c:/program files (x86)/cypress/psoc creator/4.2/psoc creator/import/gnu/arm/5.4.1/bin/../lib/gcc/arm-none-eabi/5.4.1/../../../../arm-none-eabi/lib/armv6-m\libc_nano.a
END GROUP
LOAD c:/program files (x86)/cypress/psoc creator/4.2/psoc creator/import/gnu/arm/5.4.1/bin/../lib/gcc/arm-none-eabi/5.4.1/armv6-m/crtend.o
LOAD c:/program files (x86)/cypress/psoc creator/4.2/psoc creator/import/gnu/arm/5.4.1/bin/../lib/gcc/arm-none-eabi/5.4.1/armv6-m/crtn.o
START GROUP
LOAD c:/program files (x86)/cypress/psoc creator/4.2/psoc creator/import/gnu/arm/5.4.1/bin/../lib/gcc/arm-none-eabi/5.4.1/armv6-m\libgcc.a
LOAD c:/program files (x86)/cypress/psoc creator/4.2/psoc creator/import/gnu/arm/5.4.1/bin/../lib/gcc/arm-none-eabi/5.4.1/../../../../arm-none-eabi/lib/armv6-m\libc.a
LOAD c:/program files (x86)/cypress/psoc creator/4.2/psoc creator/import/gnu/arm/5.4.1/bin/../lib/gcc/arm-none-eabi/5.4.1/../../../../arm-none-eabi/lib/armv6-m\libnosys.a
END GROUP
                0x00000000                CY_APPL_ORIGIN = 0x0
                0x00000100                CY_FLASH_ROW_SIZE = 0x100
                0x00000001                CY_APPL_NUM = 0x1
                0x00000001                CY_APPL_MAX = 0x1
                0x00000040                CY_METADATA_SIZE = 0x40
                0x00000000                CY_APPL_LOADABLE = 0x0
                0x00000000                CY_CHECKSUM_EXCLUDE_SIZE = ALIGN (0x0, CY_FLASH_ROW_SIZE)
                0x00000000                CY_APP_FOR_STACK_AND_COPIER = 0x0
                [!provide]                PROVIDE (__cy_heap_start, _end)
                0x00000001                PROVIDE (__cy_region_num, ((__cy_regions_end - __cy_regions) / 0x10))
                0x20008000                PROVIDE (__cy_stack, (ORIGIN (ram) + LENGTH (ram)))
                [!provide]                PROVIDE (__cy_heap_end, (__cy_stack - 0x800))

.cybootloader   0x00000000        0x0
 *(.cybootloader)
                0x00000000                appl1_start = CY_APPL_ORIGIN?CY_APPL_ORIGIN:ALIGN (CY_FLASH_ROW_SIZE)
                0x0001ff00                appl2_start = (appl1_start + ALIGN ((((LENGTH (rom) - appl1_start) - (0x2 * CY_FLASH_ROW_SIZE)) / 0x2), CY_FLASH_ROW_SIZE))
                0x00000000                appl_start = (CY_APPL_NUM == 0x1)?appl1_start:appl2_start
                0x00000001                cy_project_type_bootloader = (appl_start == 0x0)?0x1:0x0
                0x00000000                cy_project_type_app_for_stack_and_copier = (CY_APP_FOR_STACK_AND_COPIER == 0x1)?0x1:0x0

.text           0x00000000     0x3a5a
 CREATE_OBJECT_SYMBOLS
                0x00000000                PROVIDE (__cy_interrupt_vector, RomVectors)
 *(.romvectors)
 .romvectors    0x00000000       0x10 .\CortexM0\ARM_GCC_541\Debug\Cm0Start.o
                0x00000000                RomVectors
                0x00000001                ASSERT ((. != __cy_interrupt_vector), No interrupt vector)
                0x00000001                ASSERT (CY_APPL_ORIGIN?(SIZEOF (.cybootloader) <= CY_APPL_ORIGIN):0x1, Wrong image location)
                0x00000010                PROVIDE (__cy_reset, Reset)
 *(.text.Reset)
 .text.Reset    0x00000010        0x8 .\CortexM0\ARM_GCC_541\Debug\Cm0Start.o
                0x00000010                Reset
                0x00000001                ASSERT ((. != __cy_reset), No reset code)
 *(.psocinit)
 .psocinit      0x00000018      0x30c .\CortexM0\ARM_GCC_541\Debug\cyfitter_cfg.o
                0x00000158                cyfitter_cfg
                0x00000324                . = MAX (., 0x100)
 *(.text .text.* .gnu.linkonce.t.*)
 .text          0x00000324       0x60 c:/program files (x86)/cypress/psoc creator/4.2/psoc creator/import/gnu/arm/5.4.1/bin/../lib/gcc/arm-none-eabi/5.4.1/armv6-m/crtbegin.o
 .text.ISR_CAN  0x00000384      0x260 .\CortexM0\ARM_GCC_541\Debug\main.o
                0x00000384                ISR_CAN
 .text.initialize
                0x000005e4       0x6c .\CortexM0\ARM_GCC_541\Debug\main.o
                0x000005e4                initialize
 .text.set_CAN_ID
                0x00000650       0x1c .\CortexM0\ARM_GCC_541\Debug\main.o
                0x00000650                set_CAN_ID
 .text.initialize_can_addr
                0x0000066c      0x1ac .\CortexM0\ARM_GCC_541\Debug\main.o
                0x0000066c                initialize_can_addr
 .text.set_PWM  0x00000818       0x98 .\CortexM0\ARM_GCC_541\Debug\main.o
                0x00000818                set_PWM
 .text.Period_Reset_Handler
                0x000008b0       0x64 .\CortexM0\ARM_GCC_541\Debug\main.o
                0x000008b0                Period_Reset_Handler
 .text.Pin_Limit_Handler
                0x00000914       0x3c .\CortexM0\ARM_GCC_541\Debug\main.o
                0x00000914                Pin_Limit_Handler
 .text.CAN_Send_Encoder
                0x00000950       0x8c .\CortexM0\ARM_GCC_541\Debug\main.o
                0x00000950                CAN_Send_Encoder
 .text.CAN_Send_Model
                0x000009dc       0x4c .\CortexM0\ARM_GCC_541\Debug\main.o
                0x000009dc                CAN_Send_Model
 .text.degrees_to_tick
                0x00000a28       0x48 .\CortexM0\ARM_GCC_541\Debug\main.o
                0x00000a28                degrees_to_tick
 .text.position_PID
                0x00000a70       0xe4 .\CortexM0\ARM_GCC_541\Debug\main.o
                0x00000a70                position_PID
 .text.set_Position
                0x00000b54       0x7c .\CortexM0\ARM_GCC_541\Debug\main.o
                0x00000b54                set_Position
 .text.main     0x00000bd0      0x1e0 .\CortexM0\ARM_GCC_541\Debug\main.o
                0x00000bd0                main
 .text.cfg_write_bytes32
                0x00000db0       0x34 .\CortexM0\ARM_GCC_541\Debug\cyfitter_cfg.o
 .text.CYMEMZERO
                0x00000de4        0xc .\CortexM0\ARM_GCC_541\Debug\cyfitter_cfg.o
 .text.SetAnalogRoutingPumps
                0x00000df0       0x20 .\CortexM0\ARM_GCC_541\Debug\cyfitter_cfg.o
                0x00000df0                SetAnalogRoutingPumps
 .text.AnalogSetDefault
                0x00000e10       0x5c .\CortexM0\ARM_GCC_541\Debug\cyfitter_cfg.o
 .text.IntDefaultHandler
                0x00000e6c       0x10 .\CortexM0\ARM_GCC_541\Debug\Cm0Start.o
                0x00000e6c                IntDefaultHandler
 .text._sbrk    0x00000e7c       0x30 .\CortexM0\ARM_GCC_541\Debug\Cm0Start.o
                0x00000e7c                _sbrk
 .text.Start_c  0x00000eac       0x48 .\CortexM0\ARM_GCC_541\Debug\Cm0Start.o
                0x00000eac                Start_c
 .text.initialize_psoc
                0x00000ef4       0x4c .\CortexM0\ARM_GCC_541\Debug\Cm0Start.o
                0x00000ef4                initialize_psoc
 .text.CySysClkImoDisableWcoLock
                0x00000f40       0x14 .\CortexM0\ARM_GCC_541\Debug\Motor Board Rev2.a(CyLib.o)
                0x00000f40                CySysClkImoDisableWcoLock
 .text.CySysClkImoGetWcoLock
                0x00000f54       0x14 .\CortexM0\ARM_GCC_541\Debug\Motor Board Rev2.a(CyLib.o)
                0x00000f54                CySysClkImoGetWcoLock
 .text.CySysClkImoEnableUsbLock
                0x00000f68       0xf4 .\CortexM0\ARM_GCC_541\Debug\Motor Board Rev2.a(CyLib.o)
                0x00000f68                CySysClkImoEnableUsbLock
 .text.CySysClkImoDisableUsbLock
                0x0000105c       0x90 .\CortexM0\ARM_GCC_541\Debug\Motor Board Rev2.a(CyLib.o)
                0x0000105c                CySysClkImoDisableUsbLock
 .text.CySysClkImoGetUsbLock
                0x000010ec       0x14 .\CortexM0\ARM_GCC_541\Debug\Motor Board Rev2.a(CyLib.o)
                0x000010ec                CySysClkImoGetUsbLock
 .text.CyIntEnable
                0x00001100       0x14 .\CortexM0\ARM_GCC_541\Debug\Motor Board Rev2.a(CyLib.o)
                0x00001100                CyIntEnable
 .text.CyIntDisable
                0x00001114       0x14 .\CortexM0\ARM_GCC_541\Debug\Motor Board Rev2.a(CyLib.o)
                0x00001114                CyIntDisable
 .text.CyHalt   0x00001128        0x4 .\CortexM0\ARM_GCC_541\Debug\Motor Board Rev2.a(CyLib.o)
                0x00001128                CyHalt
 .text.CyIntSetVector
                0x0000112c       0x24 .\CortexM0\ARM_GCC_541\Debug\Motor Board Rev2.a(CyLib.o)
                0x0000112c                CyIntSetVector
 .text.CyIntSetPriority
                0x00001150       0x4c .\CortexM0\ARM_GCC_541\Debug\Motor Board Rev2.a(CyLib.o)
                0x00001150                CyIntSetPriority
 .text.CyDelay  0x0000119c       0x30 .\CortexM0\ARM_GCC_541\Debug\Motor Board Rev2.a(CyLib.o)
                0x0000119c                CyDelay
 .text.CySysClkImoEnableWcoLock
                0x000011cc       0xfc .\CortexM0\ARM_GCC_541\Debug\Motor Board Rev2.a(CyLib.o)
                0x000011cc                CySysClkImoEnableWcoLock
 .text.CyDelayUs
                0x000012c8       0x14 .\CortexM0\ARM_GCC_541\Debug\Motor Board Rev2.a(CyLib.o)
                0x000012c8                CyDelayUs
 .text.CySysClkWriteImoFreq
                0x000012dc      0x1bc .\CortexM0\ARM_GCC_541\Debug\Motor Board Rev2.a(CyLib.o)
                0x000012dc                CySysClkWriteImoFreq
 .text.CySysWdtLocked
                0x00001498       0x14 .\CortexM0\ARM_GCC_541\Debug\Motor Board Rev2.a(CyLFClk.o)
 .text.CySysClkWcoEnabled
                0x000014ac       0x14 .\CortexM0\ARM_GCC_541\Debug\Motor Board Rev2.a(CyLFClk.o)
                0x000014ac                CySysClkWcoEnabled
 .text.CySysWdtLock
                0x000014c0       0x1c .\CortexM0\ARM_GCC_541\Debug\Motor Board Rev2.a(CyLFClk.o)
                0x000014c0                CySysWdtLock
 .text.CySysWdtUnlock
                0x000014dc       0x30 .\CortexM0\ARM_GCC_541\Debug\Motor Board Rev2.a(CyLFClk.o)
                0x000014dc                CySysWdtUnlock
 .text.CySysWdtClearInterrupt
                0x0000150c       0x4c .\CortexM0\ARM_GCC_541\Debug\Motor Board Rev2.a(CyLFClk.o)
                0x0000150c                CySysWdtClearInterrupt
 .text.CySysWdtIsr
                0x00001558       0xa4 .\CortexM0\ARM_GCC_541\Debug\Motor Board Rev2.a(CyLFClk.o)
                0x00001558                CySysWdtIsr
 .text.PWM_Motor_WriteCounter
                0x000015fc       0x10 .\CortexM0\ARM_GCC_541\Debug\Motor Board Rev2.a(PWM_Motor.o)
                0x000015fc                PWM_Motor_WriteCounter
 .text.PWM_Motor_WritePeriod
                0x0000160c       0x10 .\CortexM0\ARM_GCC_541\Debug\Motor Board Rev2.a(PWM_Motor.o)
                0x0000160c                PWM_Motor_WritePeriod
 .text.PWM_Motor_WriteCompare
                0x0000161c       0x10 .\CortexM0\ARM_GCC_541\Debug\Motor Board Rev2.a(PWM_Motor.o)
                0x0000161c                PWM_Motor_WriteCompare
 .text.PWM_Motor_TriggerCommand
                0x0000162c       0x1c .\CortexM0\ARM_GCC_541\Debug\Motor Board Rev2.a(PWM_Motor.o)
                0x0000162c                PWM_Motor_TriggerCommand
 .text.PWM_Motor_Enable
                0x00001648       0x24 .\CortexM0\ARM_GCC_541\Debug\Motor Board Rev2.a(PWM_Motor.o)
                0x00001648                PWM_Motor_Enable
 .text.PWM_Motor_SetInterruptMode
                0x0000166c        0xc .\CortexM0\ARM_GCC_541\Debug\Motor Board Rev2.a(PWM_Motor.o)
                0x0000166c                PWM_Motor_SetInterruptMode
 .text.PWM_Motor_Init
                0x00001678       0x44 .\CortexM0\ARM_GCC_541\Debug\Motor Board Rev2.a(PWM_Motor.o)
                0x00001678                PWM_Motor_Init
 .text.PWM_Motor_Start
                0x000016bc       0x20 .\CortexM0\ARM_GCC_541\Debug\Motor Board Rev2.a(PWM_Motor.o)
                0x000016bc                PWM_Motor_Start
 .text.Pin_Direction_Write
                0x000016dc       0x18 .\CortexM0\ARM_GCC_541\Debug\Motor Board Rev2.a(Pin_Direction.o)
                0x000016dc                Pin_Direction_Write
 .text.isr_Limit_1_SetVector
                0x000016f4        0xc .\CortexM0\ARM_GCC_541\Debug\Motor Board Rev2.a(isr_Limit_1.o)
                0x000016f4                isr_Limit_1_SetVector
 .text.isr_Limit_1_SetPriority
                0x00001700       0x20 .\CortexM0\ARM_GCC_541\Debug\Motor Board Rev2.a(isr_Limit_1.o)
                0x00001700                isr_Limit_1_SetPriority
 .text.isr_Limit_1_Enable
                0x00001720        0xc .\CortexM0\ARM_GCC_541\Debug\Motor Board Rev2.a(isr_Limit_1.o)
                0x00001720                isr_Limit_1_Enable
 .text.isr_Limit_1_Disable
                0x0000172c        0xc .\CortexM0\ARM_GCC_541\Debug\Motor Board Rev2.a(isr_Limit_1.o)
                0x0000172c                isr_Limit_1_Disable
 .text.isr_Limit_1_StartEx
                0x00001738       0x1c .\CortexM0\ARM_GCC_541\Debug\Motor Board Rev2.a(isr_Limit_1.o)
                0x00001738                isr_Limit_1_StartEx
 .text.QuadDec_GetCounter
                0x00001754       0x14 .\CortexM0\ARM_GCC_541\Debug\Motor Board Rev2.a(QuadDec.o)
                0x00001754                QuadDec_GetCounter
 .text.QuadDec_SetCounter
                0x00001768       0x24 .\CortexM0\ARM_GCC_541\Debug\Motor Board Rev2.a(QuadDec.o)
                0x00001768                QuadDec_SetCounter
 .text.QuadDec_GetEvents
                0x0000178c       0x10 .\CortexM0\ARM_GCC_541\Debug\Motor Board Rev2.a(QuadDec.o)
                0x0000178c                QuadDec_GetEvents
 .text.QuadDec_SetInterruptMask
                0x0000179c        0xc .\CortexM0\ARM_GCC_541\Debug\Motor Board Rev2.a(QuadDec.o)
                0x0000179c                QuadDec_SetInterruptMask
 .text.QuadDec_Enable
                0x000017a8       0x28 .\CortexM0\ARM_GCC_541\Debug\Motor Board Rev2.a(QuadDec.o)
                0x000017a8                QuadDec_Enable
 .text.QuadDec_Start
                0x000017d0       0x28 .\CortexM0\ARM_GCC_541\Debug\Motor Board Rev2.a(QuadDec.o)
                0x000017d0                QuadDec_Start
 .text.QuadDec_Cnt16_Enable
                0x000017f8       0x14 .\CortexM0\ARM_GCC_541\Debug\Motor Board Rev2.a(QuadDec_Cnt16.o)
                0x000017f8                QuadDec_Cnt16_Enable
 .text.QuadDec_Cnt16_SetInterruptMode
                0x0000180c        0xc .\CortexM0\ARM_GCC_541\Debug\Motor Board Rev2.a(QuadDec_Cnt16.o)
                0x0000180c                QuadDec_Cnt16_SetInterruptMode
 .text.QuadDec_Cnt16_ReadStatusRegister
                0x00001818        0xc .\CortexM0\ARM_GCC_541\Debug\Motor Board Rev2.a(QuadDec_Cnt16.o)
                0x00001818                QuadDec_Cnt16_ReadStatusRegister
 .text.QuadDec_Cnt16_WriteCounter
                0x00001824        0xc .\CortexM0\ARM_GCC_541\Debug\Motor Board Rev2.a(QuadDec_Cnt16.o)
                0x00001824                QuadDec_Cnt16_WriteCounter
 .text.QuadDec_Cnt16_ReadCounter
                0x00001830       0x14 .\CortexM0\ARM_GCC_541\Debug\Motor Board Rev2.a(QuadDec_Cnt16.o)
                0x00001830                QuadDec_Cnt16_ReadCounter
 .text.QuadDec_Cnt16_ReadCapture
                0x00001844        0xc .\CortexM0\ARM_GCC_541\Debug\Motor Board Rev2.a(QuadDec_Cnt16.o)
                0x00001844                QuadDec_Cnt16_ReadCapture
 .text.QuadDec_Cnt16_WritePeriod
                0x00001850        0xc .\CortexM0\ARM_GCC_541\Debug\Motor Board Rev2.a(QuadDec_Cnt16.o)
                0x00001850                QuadDec_Cnt16_WritePeriod
 .text.QuadDec_Cnt16_WriteCompare
                0x0000185c        0xc .\CortexM0\ARM_GCC_541\Debug\Motor Board Rev2.a(QuadDec_Cnt16.o)
                0x0000185c                QuadDec_Cnt16_WriteCompare
 .text.QuadDec_Cnt16_ClearFIFO
                0x00001868       0x14 .\CortexM0\ARM_GCC_541\Debug\Motor Board Rev2.a(QuadDec_Cnt16.o)
                0x00001868                QuadDec_Cnt16_ClearFIFO
 .text.QuadDec_Cnt16_Init
                0x0000187c       0x58 .\CortexM0\ARM_GCC_541\Debug\Motor Board Rev2.a(QuadDec_Cnt16.o)
                0x0000187c                QuadDec_Cnt16_Init
 .text.QuadDec_Cnt16_Start
                0x000018d4       0x20 .\CortexM0\ARM_GCC_541\Debug\Motor Board Rev2.a(QuadDec_Cnt16.o)
                0x000018d4                QuadDec_Cnt16_Start
 .text.Status_Reg_Switches_Read
                0x000018f4        0xc .\CortexM0\ARM_GCC_541\Debug\Motor Board Rev2.a(Status_Reg_Switches.o)
                0x000018f4                Status_Reg_Switches_Read
 .text.Status_Reg_Switches_InterruptEnable
                0x00001900       0x1c .\CortexM0\ARM_GCC_541\Debug\Motor Board Rev2.a(Status_Reg_Switches.o)
                0x00001900                Status_Reg_Switches_InterruptEnable
 .text.CAN_GlobalIntEnable
                0x0000191c       0x1c .\CortexM0\ARM_GCC_541\Debug\Motor Board Rev2.a(CAN.o)
                0x0000191c                CAN_GlobalIntEnable
 .text.CAN_Enable
                0x00001938       0x48 .\CortexM0\ARM_GCC_541\Debug\Motor Board Rev2.a(CAN.o)
                0x00001938                CAN_Enable
 .text.CAN_SetPreScaler
                0x00001980       0x38 .\CortexM0\ARM_GCC_541\Debug\Motor Board Rev2.a(CAN.o)
                0x00001980                CAN_SetPreScaler
 .text.CAN_SetArbiter
                0x000019b8       0x40 .\CortexM0\ARM_GCC_541\Debug\Motor Board Rev2.a(CAN.o)
                0x000019b8                CAN_SetArbiter
 .text.CAN_SetTsegSample
                0x000019f8       0xa0 .\CortexM0\ARM_GCC_541\Debug\Motor Board Rev2.a(CAN.o)
                0x000019f8                CAN_SetTsegSample
 .text.CAN_SetRestartType
                0x00001a98       0x38 .\CortexM0\ARM_GCC_541\Debug\Motor Board Rev2.a(CAN.o)
                0x00001a98                CAN_SetRestartType
 .text.CAN_SetEdgeMode
                0x00001ad0       0x38 .\CortexM0\ARM_GCC_541\Debug\Motor Board Rev2.a(CAN.o)
                0x00001ad0                CAN_SetEdgeMode
 .text.CAN_SetIrqMask
                0x00001b08       0x1c .\CortexM0\ARM_GCC_541\Debug\Motor Board Rev2.a(CAN.o)
                0x00001b08                CAN_SetIrqMask
 .text.CAN_RxBufConfig
                0x00001b24       0x98 .\CortexM0\ARM_GCC_541\Debug\Motor Board Rev2.a(CAN.o)
                0x00001b24                CAN_RxBufConfig
 .text.CAN_TxBufConfig
                0x00001bbc       0x58 .\CortexM0\ARM_GCC_541\Debug\Motor Board Rev2.a(CAN.o)
                0x00001bbc                CAN_TxBufConfig
 .text.CAN_RxTxBuffersConfig
                0x00001c14       0x54 .\CortexM0\ARM_GCC_541\Debug\Motor Board Rev2.a(CAN.o)
                0x00001c14                CAN_RxTxBuffersConfig
 .text.CAN_SetSwapDataEndianness
                0x00001c68       0x40 .\CortexM0\ARM_GCC_541\Debug\Motor Board Rev2.a(CAN.o)
                0x00001c68                CAN_SetSwapDataEndianness
 .text.CAN_Init
                0x00001ca8       0xe8 .\CortexM0\ARM_GCC_541\Debug\Motor Board Rev2.a(CAN.o)
                0x00001ca8                CAN_Init
 .text.CAN_Start
                0x00001d90       0x28 .\CortexM0\ARM_GCC_541\Debug\Motor Board Rev2.a(CAN.o)
                0x00001d90                CAN_Start
 .text.CAN_ISR  0x00001db8        0x4 .\CortexM0\ARM_GCC_541\Debug\Motor Board Rev2.a(CAN_INT.o)
                0x00001db8                CAN_ISR
 .text.CAN_SendMsg
                0x00001dbc      0x154 .\CortexM0\ARM_GCC_541\Debug\Motor Board Rev2.a(CAN_TX_RX_func.o)
                0x00001dbc                CAN_SendMsg
 .text.UART_ScbModePostEnable
                0x00001f10        0x8 .\CortexM0\ARM_GCC_541\Debug\Motor Board Rev2.a(UART.o)
 .text.UART_Init
                0x00001f18        0x8 .\CortexM0\ARM_GCC_541\Debug\Motor Board Rev2.a(UART.o)
                0x00001f18                UART_Init
 .text.UART_Enable
                0x00001f20       0x18 .\CortexM0\ARM_GCC_541\Debug\Motor Board Rev2.a(UART.o)
                0x00001f20                UART_Enable
 .text.UART_Start
                0x00001f38       0x20 .\CortexM0\ARM_GCC_541\Debug\Motor Board Rev2.a(UART.o)
                0x00001f38                UART_Start
 .text.UART_UartInit
                0x00001f58       0xa8 .\CortexM0\ARM_GCC_541\Debug\Motor Board Rev2.a(UART_UART.o)
                0x00001f58                UART_UartInit
 .text.UART_UartPostEnable
                0x00002000       0x24 .\CortexM0\ARM_GCC_541\Debug\Motor Board Rev2.a(UART_UART.o)
                0x00002000                UART_UartPostEnable
 .text.UART_UartPutString
                0x00002024       0x18 .\CortexM0\ARM_GCC_541\Debug\Motor Board Rev2.a(UART_UART.o)
                0x00002024                UART_UartPutString
 .text.Can_addr_Read
                0x0000203c        0xc .\CortexM0\ARM_GCC_541\Debug\Motor Board Rev2.a(Can_addr.o)
                0x0000203c                Can_addr_Read
 .text.Timer_1_Enable
                0x00002048       0x14 .\CortexM0\ARM_GCC_541\Debug\Motor Board Rev2.a(Timer_1.o)
                0x00002048                Timer_1_Enable
 .text.Timer_1_SetInterruptMode
                0x0000205c        0xc .\CortexM0\ARM_GCC_541\Debug\Motor Board Rev2.a(Timer_1.o)
                0x0000205c                Timer_1_SetInterruptMode
 .text.Timer_1_ReadStatusRegister
                0x00002068        0xc .\CortexM0\ARM_GCC_541\Debug\Motor Board Rev2.a(Timer_1.o)
                0x00002068                Timer_1_ReadStatusRegister
 .text.Timer_1_WritePeriod
                0x00002074       0x10 .\CortexM0\ARM_GCC_541\Debug\Motor Board Rev2.a(Timer_1.o)
                0x00002074                Timer_1_WritePeriod
 .text.Timer_1_ReadCapture
                0x00002084       0x10 .\CortexM0\ARM_GCC_541\Debug\Motor Board Rev2.a(Timer_1.o)
                0x00002084                Timer_1_ReadCapture
 .text.Timer_1_WriteCounter
                0x00002094       0x10 .\CortexM0\ARM_GCC_541\Debug\Motor Board Rev2.a(Timer_1.o)
                0x00002094                Timer_1_WriteCounter
 .text.Timer_1_ClearFIFO
                0x000020a4       0x14 .\CortexM0\ARM_GCC_541\Debug\Motor Board Rev2.a(Timer_1.o)
                0x000020a4                Timer_1_ClearFIFO
 .text.Timer_1_Init
                0x000020b8       0x38 .\CortexM0\ARM_GCC_541\Debug\Motor Board Rev2.a(Timer_1.o)
                0x000020b8                Timer_1_Init
 .text.Timer_1_Start
                0x000020f0       0x20 .\CortexM0\ARM_GCC_541\Debug\Motor Board Rev2.a(Timer_1.o)
                0x000020f0                Timer_1_Start
 .text.isr_period_SetVector
                0x00002110        0xc .\CortexM0\ARM_GCC_541\Debug\Motor Board Rev2.a(isr_period.o)
                0x00002110                isr_period_SetVector
 .text.isr_period_SetPriority
                0x0000211c       0x24 .\CortexM0\ARM_GCC_541\Debug\Motor Board Rev2.a(isr_period.o)
                0x0000211c                isr_period_SetPriority
 .text.isr_period_Enable
                0x00002140        0xc .\CortexM0\ARM_GCC_541\Debug\Motor Board Rev2.a(isr_period.o)
                0x00002140                isr_period_Enable
 .text.isr_period_Disable
                0x0000214c        0xc .\CortexM0\ARM_GCC_541\Debug\Motor Board Rev2.a(isr_period.o)
                0x0000214c                isr_period_Disable
 .text.isr_period_StartEx
                0x00002158       0x1c .\CortexM0\ARM_GCC_541\Debug\Motor Board Rev2.a(isr_period.o)
                0x00002158                isr_period_StartEx
 .text.Error_Write
                0x00002174       0x18 .\CortexM0\ARM_GCC_541\Debug\Motor Board Rev2.a(Error.o)
                0x00002174                Error_Write
 .text.Test_LED_Write
                0x0000218c       0x18 .\CortexM0\ARM_GCC_541\Debug\Motor Board Rev2.a(Test_LED.o)
                0x0000218c                Test_LED_Write
 *fill*         0x000021a4        0x4 
 .text          0x000021a8       0x20 .\CortexM0\ARM_GCC_541\Debug\Motor Board Rev2.a(CyBootAsmGnu.o)
                0x000021a8                CyDelayCycles
                0x000021ba                CyEnterCriticalSection
                0x000021c2                CyExitCriticalSection
 .text.CySysFlashSetWaitCycles
                0x000021c8       0x54 .\CortexM0\ARM_GCC_541\Debug\Motor Board Rev2.a(CyFlash.o)
                0x000021c8                CySysFlashSetWaitCycles
 .text.CySetReg24
                0x0000221c       0x14 .\CortexM0\ARM_GCC_541\Debug\Motor Board Rev2.a(cyutils.o)
                0x0000221c                CySetReg24
 .text.CyGetReg24
                0x00002230       0x14 .\CortexM0\ARM_GCC_541\Debug\Motor Board Rev2.a(cyutils.o)
                0x00002230                CyGetReg24
 .text.UART_SpiUartWriteTxData
                0x00002244       0x1c .\CortexM0\ARM_GCC_541\Debug\Motor Board Rev2.a(UART_SPI_UART.o)
                0x00002244                UART_SpiUartWriteTxData
 .text          0x00002260      0x114 c:/program files (x86)/cypress/psoc creator/4.2/psoc creator/import/gnu/arm/5.4.1/bin/../lib/gcc/arm-none-eabi/5.4.1/armv6-m\libgcc.a(_udivsi3.o)
                0x00002260                __aeabi_uidiv
                0x00002260                __udivsi3
                0x0000236c                __aeabi_uidivmod
 .text          0x00002374      0x1d4 c:/program files (x86)/cypress/psoc creator/4.2/psoc creator/import/gnu/arm/5.4.1/bin/../lib/gcc/arm-none-eabi/5.4.1/armv6-m\libgcc.a(_divsi3.o)
                0x00002374                __divsi3
                0x00002374                __aeabi_idiv
                0x00002540                __aeabi_idivmod
 .text          0x00002548        0x4 c:/program files (x86)/cypress/psoc creator/4.2/psoc creator/import/gnu/arm/5.4.1/bin/../lib/gcc/arm-none-eabi/5.4.1/armv6-m\libgcc.a(_dvmd_tls.o)
                0x00002548                __aeabi_idiv0
                0x00002548                __aeabi_ldiv0
 .text          0x0000254c      0x62c c:/program files (x86)/cypress/psoc creator/4.2/psoc creator/import/gnu/arm/5.4.1/bin/../lib/gcc/arm-none-eabi/5.4.1/armv6-m\libgcc.a(divdf3.o)
                0x0000254c                __aeabi_ddiv
 .text          0x00002b78      0x4f4 c:/program files (x86)/cypress/psoc creator/4.2/psoc creator/import/gnu/arm/5.4.1/bin/../lib/gcc/arm-none-eabi/5.4.1/armv6-m\libgcc.a(muldf3.o)
                0x00002b78                __aeabi_dmul
 .text          0x0000306c       0x6c c:/program files (x86)/cypress/psoc creator/4.2/psoc creator/import/gnu/arm/5.4.1/bin/../lib/gcc/arm-none-eabi/5.4.1/armv6-m\libgcc.a(fixdfsi.o)
                0x0000306c                __aeabi_d2iz
 .text          0x000030d8       0x84 c:/program files (x86)/cypress/psoc creator/4.2/psoc creator/import/gnu/arm/5.4.1/bin/../lib/gcc/arm-none-eabi/5.4.1/armv6-m\libgcc.a(floatsidf.o)
                0x000030d8                __aeabi_i2d
 .text          0x0000315c       0x3c c:/program files (x86)/cypress/psoc creator/4.2/psoc creator/import/gnu/arm/5.4.1/bin/../lib/gcc/arm-none-eabi/5.4.1/armv6-m\libgcc.a(_clzsi2.o)
                0x0000315c                __clzsi2
 .text.__errno  0x00003198        0xc c:/program files (x86)/cypress/psoc creator/4.2/psoc creator/import/gnu/arm/5.4.1/bin/../lib/gcc/arm-none-eabi/5.4.1/../../../../arm-none-eabi/lib/armv6-m\libg_nano.a(lib_a-errno.o)
                0x00003198                __errno
 .text.__libc_init_array
                0x000031a4       0x4c c:/program files (x86)/cypress/psoc creator/4.2/psoc creator/import/gnu/arm/5.4.1/bin/../lib/gcc/arm-none-eabi/5.4.1/../../../../arm-none-eabi/lib/armv6-m\libg_nano.a(lib_a-init.o)
                0x000031a4                __libc_init_array
 .text.memcpy   0x000031f0       0x12 c:/program files (x86)/cypress/psoc creator/4.2/psoc creator/import/gnu/arm/5.4.1/bin/../lib/gcc/arm-none-eabi/5.4.1/../../../../arm-none-eabi/lib/armv6-m\libg_nano.a(lib_a-memcpy-stub.o)
                0x000031f0                memcpy
 .text.memset   0x00003202       0x10 c:/program files (x86)/cypress/psoc creator/4.2/psoc creator/import/gnu/arm/5.4.1/bin/../lib/gcc/arm-none-eabi/5.4.1/../../../../arm-none-eabi/lib/armv6-m\libg_nano.a(lib_a-memset.o)
                0x00003202                memset
 *fill*         0x00003212        0x2 
 .text.sprintf  0x00003214       0x44 c:/program files (x86)/cypress/psoc creator/4.2/psoc creator/import/gnu/arm/5.4.1/bin/../lib/gcc/arm-none-eabi/5.4.1/../../../../arm-none-eabi/lib/armv6-m\libg_nano.a(lib_a-sprintf.o)
                0x00003214                siprintf
                0x00003214                sprintf
 .text.__ssputs_r
                0x00003258       0xc4 c:/program files (x86)/cypress/psoc creator/4.2/psoc creator/import/gnu/arm/5.4.1/bin/../lib/gcc/arm-none-eabi/5.4.1/../../../../arm-none-eabi/lib/armv6-m\libg_nano.a(lib_a-nano-svfprintf.o)
                0x00003258                __ssputs_r
 .text._svfprintf_r
                0x0000331c      0x1fc c:/program files (x86)/cypress/psoc creator/4.2/psoc creator/import/gnu/arm/5.4.1/bin/../lib/gcc/arm-none-eabi/5.4.1/../../../../arm-none-eabi/lib/armv6-m\libg_nano.a(lib_a-nano-svfprintf.o)
                0x0000331c                _svfiprintf_r
                0x0000331c                _svfprintf_r
 .text._printf_common
                0x00003518       0xdc c:/program files (x86)/cypress/psoc creator/4.2/psoc creator/import/gnu/arm/5.4.1/bin/../lib/gcc/arm-none-eabi/5.4.1/../../../../arm-none-eabi/lib/armv6-m\libg_nano.a(lib_a-nano-vfprintf_i.o)
                0x00003518                _printf_common
 .text._printf_i
                0x000035f4      0x244 c:/program files (x86)/cypress/psoc creator/4.2/psoc creator/import/gnu/arm/5.4.1/bin/../lib/gcc/arm-none-eabi/5.4.1/../../../../arm-none-eabi/lib/armv6-m\libg_nano.a(lib_a-nano-vfprintf_i.o)
                0x000035f4                _printf_i
 .text.memchr   0x00003838       0x16 c:/program files (x86)/cypress/psoc creator/4.2/psoc creator/import/gnu/arm/5.4.1/bin/../lib/gcc/arm-none-eabi/5.4.1/../../../../arm-none-eabi/lib/armv6-m\libg_nano.a(lib_a-memchr-stub.o)
                0x00003838                memchr
 .text.memmove  0x0000384e       0x2a c:/program files (x86)/cypress/psoc creator/4.2/psoc creator/import/gnu/arm/5.4.1/bin/../lib/gcc/arm-none-eabi/5.4.1/../../../../arm-none-eabi/lib/armv6-m\libg_nano.a(lib_a-memmove.o)
                0x0000384e                memmove
 .text._free_r  0x00003878       0x98 c:/program files (x86)/cypress/psoc creator/4.2/psoc creator/import/gnu/arm/5.4.1/bin/../lib/gcc/arm-none-eabi/5.4.1/../../../../arm-none-eabi/lib/armv6-m\libg_nano.a(lib_a-nano-freer.o)
                0x00003878                _free_r
 .text._malloc_r
                0x00003910       0xc0 c:/program files (x86)/cypress/psoc creator/4.2/psoc creator/import/gnu/arm/5.4.1/bin/../lib/gcc/arm-none-eabi/5.4.1/../../../../arm-none-eabi/lib/armv6-m\libg_nano.a(lib_a-nano-mallocr.o)
                0x00003910                _malloc_r
 .text._realloc_r
                0x000039d0       0x4c c:/program files (x86)/cypress/psoc creator/4.2/psoc creator/import/gnu/arm/5.4.1/bin/../lib/gcc/arm-none-eabi/5.4.1/../../../../arm-none-eabi/lib/armv6-m\libg_nano.a(lib_a-nano-reallocr.o)
                0x000039d0                _realloc_r
 .text._sbrk_r  0x00003a1c       0x24 c:/program files (x86)/cypress/psoc creator/4.2/psoc creator/import/gnu/arm/5.4.1/bin/../lib/gcc/arm-none-eabi/5.4.1/../../../../arm-none-eabi/lib/armv6-m\libg_nano.a(lib_a-sbrkr.o)
                0x00003a1c                _sbrk_r
 .text.__malloc_lock
                0x00003a40        0x2 c:/program files (x86)/cypress/psoc creator/4.2/psoc creator/import/gnu/arm/5.4.1/bin/../lib/gcc/arm-none-eabi/5.4.1/../../../../arm-none-eabi/lib/armv6-m\libg_nano.a(lib_a-mlock.o)
                0x00003a40                __malloc_lock
 .text.__malloc_unlock
                0x00003a42        0x2 c:/program files (x86)/cypress/psoc creator/4.2/psoc creator/import/gnu/arm/5.4.1/bin/../lib/gcc/arm-none-eabi/5.4.1/../../../../arm-none-eabi/lib/armv6-m\libg_nano.a(lib_a-mlock.o)
                0x00003a42                __malloc_unlock
 .text._malloc_usable_size_r
                0x00003a44       0x16 c:/program files (x86)/cypress/psoc creator/4.2/psoc creator/import/gnu/arm/5.4.1/bin/../lib/gcc/arm-none-eabi/5.4.1/../../../../arm-none-eabi/lib/armv6-m\libg_nano.a(lib_a-nano-msizer.o)
                0x00003a44                _malloc_usable_size_r
 *(.plt)
 *(.gnu.warning)
 *(.glue_7t)
 .glue_7t       0x00003a5a        0x0 linker stubs
 *(.glue_7)
 .glue_7        0x00003a5a        0x0 linker stubs
 *(.vfp11_veneer)
 .vfp11_veneer  0x00003a5a        0x0 linker stubs
 *(.bootloader)
 *(.ARM.extab* .gnu.linkonce.armextab.*)
 *(.gcc_except_table)

.v4_bx          0x00003a5c        0x0
 .v4_bx         0x00003a5c        0x0 linker stubs

.iplt           0x00003a5c        0x0
 .iplt          0x00003a5c        0x0 c:/program files (x86)/cypress/psoc creator/4.2/psoc creator/import/gnu/arm/5.4.1/bin/../lib/gcc/arm-none-eabi/5.4.1/armv6-m/crtbegin.o

.eh_frame_hdr
 *(.eh_frame_hdr)

.eh_frame       0x00003a5c        0x4
 *(.eh_frame)
 .eh_frame      0x00003a5c        0x0 c:/program files (x86)/cypress/psoc creator/4.2/psoc creator/import/gnu/arm/5.4.1/bin/../lib/gcc/arm-none-eabi/5.4.1/armv6-m/crtbegin.o
 .eh_frame      0x00003a5c        0x4 c:/program files (x86)/cypress/psoc creator/4.2/psoc creator/import/gnu/arm/5.4.1/bin/../lib/gcc/arm-none-eabi/5.4.1/armv6-m/crtend.o
                [!provide]                PROVIDE (__exidx_start, .)

.ARM.exidx
 *(.ARM.exidx* .gnu.linkonce.armexidx.*)
                0x00003a60                __exidx_end = .

.rodata         0x00003a60      0x9d8
 *(.rodata .rodata.* .gnu.linkonce.r.*)
 .rodata        0x00003a60       0x1c .\CortexM0\ARM_GCC_541\Debug\main.o
 .rodata.str1.4
                0x00003a7c      0x2c4 .\CortexM0\ARM_GCC_541\Debug\main.o
 .rodata        0x00003d40      0x464 .\CortexM0\ARM_GCC_541\Debug\cyfitter_cfg.o
 .rodata        0x000041a4       0x47 .\CortexM0\ARM_GCC_541\Debug\Motor Board Rev2.a(CyLib.o)
                0x000041a4                cyImoFreqMhz2Reg
                0x000041d4                cyImoFreqMhz2DpllOffset
 *fill*         0x000041eb        0x1 
 .rodata        0x000041ec      0x160 .\CortexM0\ARM_GCC_541\Debug\Motor Board Rev2.a(CAN.o)
 .rodata        0x0000434c       0x40 c:/program files (x86)/cypress/psoc creator/4.2/psoc creator/import/gnu/arm/5.4.1/bin/../lib/gcc/arm-none-eabi/5.4.1/armv6-m\libgcc.a(divdf3.o)
 .rodata        0x0000438c       0x40 c:/program files (x86)/cypress/psoc creator/4.2/psoc creator/import/gnu/arm/5.4.1/bin/../lib/gcc/arm-none-eabi/5.4.1/armv6-m\libgcc.a(muldf3.o)
 .rodata.str1.1
                0x000043cc        0x2 c:/program files (x86)/cypress/psoc creator/4.2/psoc creator/import/gnu/arm/5.4.1/bin/../lib/gcc/arm-none-eabi/5.4.1/../../../../arm-none-eabi/lib/armv6-m\libg_nano.a(lib_a-impure.o)
 .rodata.str1.1
                0x000043ce       0x11 c:/program files (x86)/cypress/psoc creator/4.2/psoc creator/import/gnu/arm/5.4.1/bin/../lib/gcc/arm-none-eabi/5.4.1/../../../../arm-none-eabi/lib/armv6-m\libg_nano.a(lib_a-nano-svfprintf.o)
 .rodata.str1.1
                0x000043df       0x22 c:/program files (x86)/cypress/psoc creator/4.2/psoc creator/import/gnu/arm/5.4.1/bin/../lib/gcc/arm-none-eabi/5.4.1/../../../../arm-none-eabi/lib/armv6-m\libg_nano.a(lib_a-nano-vfprintf_i.o)
                0x00004404                . = ALIGN (0x4)
 *fill*         0x00004401        0x3 
 *(.init)
 .init          0x00004404        0x4 c:/program files (x86)/cypress/psoc creator/4.2/psoc creator/import/gnu/arm/5.4.1/bin/../lib/gcc/arm-none-eabi/5.4.1/armv6-m/crti.o
                0x00004404                _init
 .init          0x00004408        0x8 c:/program files (x86)/cypress/psoc creator/4.2/psoc creator/import/gnu/arm/5.4.1/bin/../lib/gcc/arm-none-eabi/5.4.1/armv6-m/crtn.o
                0x00004410                . = ALIGN (0x4)
                0x00004410                __preinit_array_start = .
 *(.preinit_array)
                0x00004410                __preinit_array_end = .
                0x00004410                . = ALIGN (0x4)
                0x00004410                __init_array_start = .
 *(SORT(.init_array.*))
 *(.init_array)
 .init_array    0x00004410        0x4 c:/program files (x86)/cypress/psoc creator/4.2/psoc creator/import/gnu/arm/5.4.1/bin/../lib/gcc/arm-none-eabi/5.4.1/armv6-m/crtbegin.o
 .init_array    0x00004414        0x4 .\CortexM0\ARM_GCC_541\Debug\Cm0Start.o
                0x00004418                __init_array_end = .
                0x00004418                . = ALIGN (0x4)
 *(.fini)
 .fini          0x00004418        0x4 c:/program files (x86)/cypress/psoc creator/4.2/psoc creator/import/gnu/arm/5.4.1/bin/../lib/gcc/arm-none-eabi/5.4.1/armv6-m/crti.o
                0x00004418                _fini
 .fini          0x0000441c        0x8 c:/program files (x86)/cypress/psoc creator/4.2/psoc creator/import/gnu/arm/5.4.1/bin/../lib/gcc/arm-none-eabi/5.4.1/armv6-m/crtn.o
                0x00004424                . = ALIGN (0x4)
                0x00004424                __fini_array_start = .
 *(.fini_array)
 .fini_array    0x00004424        0x4 c:/program files (x86)/cypress/psoc creator/4.2/psoc creator/import/gnu/arm/5.4.1/bin/../lib/gcc/arm-none-eabi/5.4.1/armv6-m/crtbegin.o
 *(SORT(.fini_array.*))
                0x00004428                __fini_array_end = .
                0x00004428                . = ALIGN (0x4)
 *crtbegin.o(.ctors)
 *(EXCLUDE_FILE(*crtend.o) .ctors)
 *(SORT(.ctors.*))
 *crtend.o(.ctors)
                0x00004428                . = ALIGN (0x4)
 *crtbegin.o(.dtors)
 *(EXCLUDE_FILE(*crtend.o) .dtors)
 *(SORT(.dtors.*))
 *crtend.o(.dtors)
                0x00004428                . = ALIGN (0x4)
                0x00004428                __cy_regions = .
                0x00004428        0x4 LONG 0x4438 __cy_region_init_ram
                0x0000442c        0x4 LONG 0x200000c0 __cy_region_start_data
                0x00004430        0x4 LONG 0x98 __cy_region_init_size_ram
                0x00004434        0x4 LONG 0x160 __cy_region_zero_size_ram
                0x00004438                __cy_regions_end = .
                0x00004438                . = ALIGN (0x8)
                0x00004438                _etext = .

.cy_checksum_exclude
                0x00004438        0x0
 *(.cy_checksum_exclude)

.ramvectors     0x20000000       0xc0
                0x20000000                __cy_region_start_ram = .
 *(.ramvectors)
 .ramvectors    0x20000000       0xc0 .\CortexM0\ARM_GCC_541\Debug\Cm0Start.o
                0x20000000                CyRamVectors

.noinit
 *(.noinit)

.data           0x200000c0       0x98 load address 0x00004438
                0x200000c0                __cy_region_start_data = .
 *(.jcr)
 .jcr           0x200000c0        0x0 c:/program files (x86)/cypress/psoc creator/4.2/psoc creator/import/gnu/arm/5.4.1/bin/../lib/gcc/arm-none-eabi/5.4.1/armv6-m/crtbegin.o
 .jcr           0x200000c0        0x4 c:/program files (x86)/cypress/psoc creator/4.2/psoc creator/import/gnu/arm/5.4.1/bin/../lib/gcc/arm-none-eabi/5.4.1/armv6-m/crtend.o
 *(.got.plt)
 *(.got)
 *(.shdata)
 *(.data .data.* .gnu.linkonce.d.*)
 .data          0x200000c4        0xf .\CortexM0\ARM_GCC_541\Debug\main.o
                0x200000c4                uart_debug
                0x200000c8                CAN_RX_MAILBOX_0_SHIFT
                0x200000cc                CAN_RX_MAILBOX_0
                0x200000ce                mode
                0x200000cf                flipEncoder
                0x200000d0                CAN_RX_MAILBOX_1_SHIFT
                0x200000d2                send_data
 *fill*         0x200000d3        0x1 
 .data          0x200000d4        0x4 .\CortexM0\ARM_GCC_541\Debug\Cm0Start.o
 .data          0x200000d8       0x14 .\CortexM0\ARM_GCC_541\Debug\Motor Board Rev2.a(CyLib.o)
                0x200000d8                CySysClkPumpConfig
                0x200000dc                cydelay32kMs
                0x200000e0                cydelayFreqKhz
                0x200000e4                cydelayFreqMhz
                0x200000e8                cydelayFreqHz
 .data          0x200000ec        0x8 .\CortexM0\ARM_GCC_541\Debug\Motor Board Rev2.a(CyLFClk.o)
 .data.impure_data
                0x200000f4       0x60 c:/program files (x86)/cypress/psoc creator/4.2/psoc creator/import/gnu/arm/5.4.1/bin/../lib/gcc/arm-none-eabi/5.4.1/../../../../arm-none-eabi/lib/armv6-m\libg_nano.a(lib_a-impure.o)
 .data._impure_ptr
                0x20000154        0x4 c:/program files (x86)/cypress/psoc creator/4.2/psoc creator/import/gnu/arm/5.4.1/bin/../lib/gcc/arm-none-eabi/5.4.1/../../../../arm-none-eabi/lib/armv6-m\libg_nano.a(lib_a-impure.o)
                0x20000154                _impure_ptr
                0x20000158                . = ALIGN (0x8)
 *(.ram)
                0x20000158                _edata = .

.igot.plt       0x20000158        0x0 load address 0x000044d0
 .igot.plt      0x20000158        0x0 c:/program files (x86)/cypress/psoc creator/4.2/psoc creator/import/gnu/arm/5.4.1/bin/../lib/gcc/arm-none-eabi/5.4.1/armv6-m/crtbegin.o

.bss            0x20000158      0x160 load address 0x000044d0
                0x20000158                PROVIDE (__bss_start__, .)
 *(.shbss)
 *(.bss .bss.* .gnu.linkonce.b.*)
 .bss           0x20000158       0x1c c:/program files (x86)/cypress/psoc creator/4.2/psoc creator/import/gnu/arm/5.4.1/bin/../lib/gcc/arm-none-eabi/5.4.1/armv6-m/crtbegin.o
 .bss           0x20000174       0x24 .\CortexM0\ARM_GCC_541\Debug\main.o
                0x20000174                time_LED
                0x20000176                final_angle
                0x20000178                i
                0x2000017c                complete
                0x2000017d                model_req
                0x2000017e                CAN_RX_MAILBOX_1
                0x20000180                emergency
                0x20000184                message_id
                0x20000188                disable_limit
                0x20000189                invalidate
                0x2000018c                lastp
                0x20000190                maxV
                0x20000191                drive
                0x20000194                mailbox
 .bss           0x20000198       0x20 .\CortexM0\ARM_GCC_541\Debug\Motor Board Rev2.a(CyLib.o)
                0x20000198                CySysClkImoTrim4
                0x2000019c                CySysClkImoTrim5
                0x200001b4                CySysTickInitVar
 .bss           0x200001b8       0x28 .\CortexM0\ARM_GCC_541\Debug\Motor Board Rev2.a(CyLFClk.o)
 .bss           0x200001e0        0x1 .\CortexM0\ARM_GCC_541\Debug\Motor Board Rev2.a(PWM_Motor.o)
                0x200001e0                PWM_Motor_initVar
 .bss           0x200001e1        0x1 .\CortexM0\ARM_GCC_541\Debug\Motor Board Rev2.a(QuadDec.o)
                0x200001e1                QuadDec_initVar
 .bss           0x200001e2        0x1 .\CortexM0\ARM_GCC_541\Debug\Motor Board Rev2.a(QuadDec_Cnt16.o)
                0x200001e2                QuadDec_Cnt16_initVar
 .bss           0x200001e3        0x1 .\CortexM0\ARM_GCC_541\Debug\Motor Board Rev2.a(CAN.o)
                0x200001e3                CAN_initVar
 .bss           0x200001e4        0x4 .\CortexM0\ARM_GCC_541\Debug\Motor Board Rev2.a(UART.o)
                0x200001e4                UART_initVar
                0x200001e6                UART_IntrTxMask
 .bss           0x200001e8        0x1 .\CortexM0\ARM_GCC_541\Debug\Motor Board Rev2.a(Timer_1.o)
                0x200001e8                Timer_1_initVar
 *fill*         0x200001e9        0x3 
 .bss.__malloc_sbrk_start
                0x200001ec        0x4 c:/program files (x86)/cypress/psoc creator/4.2/psoc creator/import/gnu/arm/5.4.1/bin/../lib/gcc/arm-none-eabi/5.4.1/../../../../arm-none-eabi/lib/armv6-m\libg_nano.a(lib_a-nano-mallocr.o)
                0x200001ec                __malloc_sbrk_start
 .bss.__malloc_free_list
                0x200001f0        0x4 c:/program files (x86)/cypress/psoc creator/4.2/psoc creator/import/gnu/arm/5.4.1/bin/../lib/gcc/arm-none-eabi/5.4.1/../../../../arm-none-eabi/lib/armv6-m\libg_nano.a(lib_a-nano-mallocr.o)
                0x200001f0                __malloc_free_list
 *(COMMON)
 *fill*         0x200001f4        0x4 
 COMMON         0x200001f8       0xba .\CortexM0\ARM_GCC_541\Debug\main.o
                0x200001f8                kd
                0x200001fc                invalid_arg
                0x20000200                txData
                0x20000264                Can_rx_angle
                0x2000026c                message
                0x2000027c                GEAR_RATIO
                0x20000280                CAN_TIMEOUT
                0x20000284                pwm_compare
                0x20000288                ki
                0x2000028c                data
                0x20000298                ratio
                0x200002a0                stall
                0x200002a4                command_failed
                0x200002a8                kp
                0x200002ac                Can_rx_pwm
 *fill*         0x200002b2        0x2 
 COMMON         0x200002b4        0x4 c:/program files (x86)/cypress/psoc creator/4.2/psoc creator/import/gnu/arm/5.4.1/bin/../lib/gcc/arm-none-eabi/5.4.1/../../../../arm-none-eabi/lib/armv6-m\libg_nano.a(lib_a-reent.o)
                0x200002b4                errno
                0x200002b8                . = ALIGN (0x8)
 *(.ram.b)
                0x200002b8                _end = .
                0x200002b8                __end = .
                0x200002b8                PROVIDE (end, .)
                0x200002b8                PROVIDE (__bss_end__, .)
                0x00004438                __cy_region_init_ram = LOADADDR (.data)
                0x00000098                __cy_region_init_size_ram = (_edata - ADDR (.data))
                0x00000160                __cy_region_zero_size_ram = (_end - _edata)

.heap           0x200002b8       0x80 load address 0x000044d0
                0x200002b8                . = _end
                0x20000338                . = (. + 0x80)
 *fill*         0x200002b8       0x80 
                0x20000338                __cy_heap_limit = .

.stack          0x20007800      0x800
                0x20007800                __cy_stack_limit = .
                0x20008000                . = (. + 0x800)
 *fill*         0x20007800      0x800 
                0x00000001                ASSERT ((__cy_stack_limit >= __cy_heap_limit), region RAM overflowed with stack)
                0x00000000                cy_checksum_exclude_size = (CY_APPL_LOADABLE == 0x1)?SIZEOF (.cy_checksum_exclude):0x0
                0x00000001                ASSERT ((cy_checksum_exclude_size <= CY_CHECKSUM_EXCLUDE_SIZE), CY_BOOT: Section .cy_checksum_exclude size exceedes specified limit.)
                0x0003ffc0                cyloadermeta_start = (cy_project_type_bootloader || cy_project_type_app_for_stack_and_copier)?(LENGTH (rom) - CY_METADATA_SIZE):0xf0000000

.cyloadermeta
 *(.cyloadermeta)
                0x0003ffc0                cyloadablemeta_start = cy_project_type_app_for_stack_and_copier?((LENGTH (rom) - CY_FLASH_ROW_SIZE) - CY_METADATA_SIZE):((LENGTH (rom) - (CY_FLASH_ROW_SIZE * (CY_APPL_NUM - 0x1))) - CY_METADATA_SIZE)

.cyloadablemeta
 *(.cyloadablemeta)

.cyflashprotect
                0x90400000       0x80
 *(.cyflashprotect)
 .cyflashprotect
                0x90400000       0x80 .\CortexM0\ARM_GCC_541\Debug\cymetadata.o
                0x90400000                cy_meta_flashprotect

.cymeta         0x90500000        0xc
 *(.cymeta)
 .cymeta        0x90500000        0xc .\CortexM0\ARM_GCC_541\Debug\cymetadata.o
                0x90500000                cy_metadata

.cychipprotect  0x90600000        0x1
 *(.cychipprotect)
 .cychipprotect
                0x90600000        0x1 .\CortexM0\ARM_GCC_541\Debug\cymetadata.o
                0x90600000                cy_meta_chipprotect

.rel.dyn        0x000044d0        0x0 load address 0x90600004
 .rel.iplt      0x000044d0        0x0 c:/program files (x86)/cypress/psoc creator/4.2/psoc creator/import/gnu/arm/5.4.1/bin/../lib/gcc/arm-none-eabi/5.4.1/armv6-m/crtbegin.o

.stab
 *(.stab)

.stabstr
 *(.stabstr)

.debug
 *(.debug)

.line
 *(.line)

.debug_srcinfo
 *(.debug_srcinfo)

.debug_sfnames
 *(.debug_sfnames)

.debug_aranges  0x00000000      0xde0
 *(.debug_aranges)
 .debug_aranges
                0x00000000       0xa0 .\CortexM0\ARM_GCC_541\Debug\main.o
 .debug_aranges
                0x000000a0       0x48 .\CortexM0\ARM_GCC_541\Debug\cyfitter_cfg.o
 .debug_aranges
                0x000000e8       0x18 .\CortexM0\ARM_GCC_541\Debug\cymetadata.o
 .debug_aranges
                0x00000100       0x48 .\CortexM0\ARM_GCC_541\Debug\Cm0Start.o
 .debug_aranges
                0x00000148      0x260 .\CortexM0\ARM_GCC_541\Debug\Motor Board Rev2.a(CyLib.o)
 .debug_aranges
                0x000003a8      0x188 .\CortexM0\ARM_GCC_541\Debug\Motor Board Rev2.a(CyLFClk.o)
 .debug_aranges
                0x00000530      0x158 .\CortexM0\ARM_GCC_541\Debug\Motor Board Rev2.a(PWM_Motor.o)
 .debug_aranges
                0x00000688       0x48 .\CortexM0\ARM_GCC_541\Debug\Motor Board Rev2.a(Pin_Direction.o)
 .debug_aranges
                0x000006d0       0x80 .\CortexM0\ARM_GCC_541\Debug\Motor Board Rev2.a(isr_Limit_1.o)
 .debug_aranges
                0x00000750       0x60 .\CortexM0\ARM_GCC_541\Debug\Motor Board Rev2.a(QuadDec.o)
 .debug_aranges
                0x000007b0       0x98 .\CortexM0\ARM_GCC_541\Debug\Motor Board Rev2.a(QuadDec_Cnt16.o)
 .debug_aranges
                0x00000848       0x40 .\CortexM0\ARM_GCC_541\Debug\Motor Board Rev2.a(Status_Reg_Switches.o)
 .debug_aranges
                0x00000888       0xe8 .\CortexM0\ARM_GCC_541\Debug\Motor Board Rev2.a(CAN.o)
 .debug_aranges
                0x00000970       0x20 .\CortexM0\ARM_GCC_541\Debug\Motor Board Rev2.a(CAN_INT.o)
 .debug_aranges
                0x00000990       0xa0 .\CortexM0\ARM_GCC_541\Debug\Motor Board Rev2.a(CAN_TX_RX_func.o)
 .debug_aranges
                0x00000a30       0x58 .\CortexM0\ARM_GCC_541\Debug\Motor Board Rev2.a(UART.o)
 .debug_aranges
                0x00000a88       0x90 .\CortexM0\ARM_GCC_541\Debug\Motor Board Rev2.a(UART_UART.o)
 .debug_aranges
                0x00000b18       0x40 .\CortexM0\ARM_GCC_541\Debug\Motor Board Rev2.a(Can_addr.o)
 .debug_aranges
                0x00000b58       0x90 .\CortexM0\ARM_GCC_541\Debug\Motor Board Rev2.a(Timer_1.o)
 .debug_aranges
                0x00000be8       0x80 .\CortexM0\ARM_GCC_541\Debug\Motor Board Rev2.a(isr_period.o)
 .debug_aranges
                0x00000c68       0x48 .\CortexM0\ARM_GCC_541\Debug\Motor Board Rev2.a(Error.o)
 .debug_aranges
                0x00000cb0       0x48 .\CortexM0\ARM_GCC_541\Debug\Motor Board Rev2.a(Test_LED.o)
 .debug_aranges
                0x00000cf8       0x20 .\CortexM0\ARM_GCC_541\Debug\Motor Board Rev2.a(CyBootAsmGnu.o)
 .debug_aranges
                0x00000d18       0x40 .\CortexM0\ARM_GCC_541\Debug\Motor Board Rev2.a(CyFlash.o)
 .debug_aranges
                0x00000d58       0x28 .\CortexM0\ARM_GCC_541\Debug\Motor Board Rev2.a(cyutils.o)
 .debug_aranges
                0x00000d80       0x60 .\CortexM0\ARM_GCC_541\Debug\Motor Board Rev2.a(UART_SPI_UART.o)

.debug_pubnames
 *(.debug_pubnames)

.debug_info     0x00000000     0x7e71
 *(.debug_info .gnu.linkonce.wi.*)
 .debug_info    0x00000000     0x112e .\CortexM0\ARM_GCC_541\Debug\main.o
 .debug_info    0x0000112e      0x406 .\CortexM0\ARM_GCC_541\Debug\cyfitter_cfg.o
 .debug_info    0x00001534       0xf8 .\CortexM0\ARM_GCC_541\Debug\cymetadata.o
 .debug_info    0x0000162c      0x3a2 .\CortexM0\ARM_GCC_541\Debug\Cm0Start.o
 .debug_info    0x000019ce     0x178f .\CortexM0\ARM_GCC_541\Debug\Motor Board Rev2.a(CyLib.o)
 .debug_info    0x0000315d     0x1058 .\CortexM0\ARM_GCC_541\Debug\Motor Board Rev2.a(CyLFClk.o)
 .debug_info    0x000041b5      0x908 .\CortexM0\ARM_GCC_541\Debug\Motor Board Rev2.a(PWM_Motor.o)
 .debug_info    0x00004abd      0x19d .\CortexM0\ARM_GCC_541\Debug\Motor Board Rev2.a(Pin_Direction.o)
 .debug_info    0x00004c5a      0x305 .\CortexM0\ARM_GCC_541\Debug\Motor Board Rev2.a(isr_Limit_1.o)
 .debug_info    0x00004f5f      0x2d4 .\CortexM0\ARM_GCC_541\Debug\Motor Board Rev2.a(QuadDec.o)
 .debug_info    0x00005233      0x345 .\CortexM0\ARM_GCC_541\Debug\Motor Board Rev2.a(QuadDec_Cnt16.o)
 .debug_info    0x00005578      0x17f .\CortexM0\ARM_GCC_541\Debug\Motor Board Rev2.a(Status_Reg_Switches.o)
 .debug_info    0x000056f7      0x9c6 .\CortexM0\ARM_GCC_541\Debug\Motor Board Rev2.a(CAN.o)
 .debug_info    0x000060bd       0xa0 .\CortexM0\ARM_GCC_541\Debug\Motor Board Rev2.a(CAN_INT.o)
 .debug_info    0x0000615d      0x47a .\CortexM0\ARM_GCC_541\Debug\Motor Board Rev2.a(CAN_TX_RX_func.o)
 .debug_info    0x000065d7      0x23a .\CortexM0\ARM_GCC_541\Debug\Motor Board Rev2.a(UART.o)
 .debug_info    0x00006811      0x3b5 .\CortexM0\ARM_GCC_541\Debug\Motor Board Rev2.a(UART_UART.o)
 .debug_info    0x00006bc6      0x17f .\CortexM0\ARM_GCC_541\Debug\Motor Board Rev2.a(Can_addr.o)
 .debug_info    0x00006d45      0x386 .\CortexM0\ARM_GCC_541\Debug\Motor Board Rev2.a(Timer_1.o)
 .debug_info    0x000070cb      0x305 .\CortexM0\ARM_GCC_541\Debug\Motor Board Rev2.a(isr_period.o)
 .debug_info    0x000073d0      0x19d .\CortexM0\ARM_GCC_541\Debug\Motor Board Rev2.a(Error.o)
 .debug_info    0x0000756d      0x19d .\CortexM0\ARM_GCC_541\Debug\Motor Board Rev2.a(Test_LED.o)
 .debug_info    0x0000770a       0xaa .\CortexM0\ARM_GCC_541\Debug\Motor Board Rev2.a(CyBootAsmGnu.o)
 .debug_info    0x000077b4      0x352 .\CortexM0\ARM_GCC_541\Debug\Motor Board Rev2.a(CyFlash.o)
 .debug_info    0x00007b06      0x14b .\CortexM0\ARM_GCC_541\Debug\Motor Board Rev2.a(cyutils.o)
 .debug_info    0x00007c51      0x220 .\CortexM0\ARM_GCC_541\Debug\Motor Board Rev2.a(UART_SPI_UART.o)

.debug_abbrev   0x00000000     0x1fe9
 *(.debug_abbrev)
 .debug_abbrev  0x00000000      0x25c .\CortexM0\ARM_GCC_541\Debug\main.o
 .debug_abbrev  0x0000025c      0x1d8 .\CortexM0\ARM_GCC_541\Debug\cyfitter_cfg.o
 .debug_abbrev  0x00000434       0x5d .\CortexM0\ARM_GCC_541\Debug\cymetadata.o
 .debug_abbrev  0x00000491      0x1d7 .\CortexM0\ARM_GCC_541\Debug\Cm0Start.o
 .debug_abbrev  0x00000668      0x288 .\CortexM0\ARM_GCC_541\Debug\Motor Board Rev2.a(CyLib.o)
 .debug_abbrev  0x000008f0      0x248 .\CortexM0\ARM_GCC_541\Debug\Motor Board Rev2.a(CyLFClk.o)
 .debug_abbrev  0x00000b38      0x119 .\CortexM0\ARM_GCC_541\Debug\Motor Board Rev2.a(PWM_Motor.o)
 .debug_abbrev  0x00000c51       0xc8 .\CortexM0\ARM_GCC_541\Debug\Motor Board Rev2.a(Pin_Direction.o)
 .debug_abbrev  0x00000d19      0x19a .\CortexM0\ARM_GCC_541\Debug\Motor Board Rev2.a(isr_Limit_1.o)
 .debug_abbrev  0x00000eb3      0x151 .\CortexM0\ARM_GCC_541\Debug\Motor Board Rev2.a(QuadDec.o)
 .debug_abbrev  0x00001004      0x117 .\CortexM0\ARM_GCC_541\Debug\Motor Board Rev2.a(QuadDec_Cnt16.o)
 .debug_abbrev  0x0000111b       0xac .\CortexM0\ARM_GCC_541\Debug\Motor Board Rev2.a(Status_Reg_Switches.o)
 .debug_abbrev  0x000011c7      0x186 .\CortexM0\ARM_GCC_541\Debug\Motor Board Rev2.a(CAN.o)
 .debug_abbrev  0x0000134d       0x42 .\CortexM0\ARM_GCC_541\Debug\Motor Board Rev2.a(CAN_INT.o)
 .debug_abbrev  0x0000138f      0x171 .\CortexM0\ARM_GCC_541\Debug\Motor Board Rev2.a(CAN_TX_RX_func.o)
 .debug_abbrev  0x00001500       0xd5 .\CortexM0\ARM_GCC_541\Debug\Motor Board Rev2.a(UART.o)
 .debug_abbrev  0x000015d5      0x132 .\CortexM0\ARM_GCC_541\Debug\Motor Board Rev2.a(UART_UART.o)
 .debug_abbrev  0x00001707       0xac .\CortexM0\ARM_GCC_541\Debug\Motor Board Rev2.a(Can_addr.o)
 .debug_abbrev  0x000017b3      0x167 .\CortexM0\ARM_GCC_541\Debug\Motor Board Rev2.a(Timer_1.o)
 .debug_abbrev  0x0000191a      0x19a .\CortexM0\ARM_GCC_541\Debug\Motor Board Rev2.a(isr_period.o)
 .debug_abbrev  0x00001ab4       0xc8 .\CortexM0\ARM_GCC_541\Debug\Motor Board Rev2.a(Error.o)
 .debug_abbrev  0x00001b7c       0xc8 .\CortexM0\ARM_GCC_541\Debug\Motor Board Rev2.a(Test_LED.o)
 .debug_abbrev  0x00001c44       0x14 .\CortexM0\ARM_GCC_541\Debug\Motor Board Rev2.a(CyBootAsmGnu.o)
 .debug_abbrev  0x00001c58      0x182 .\CortexM0\ARM_GCC_541\Debug\Motor Board Rev2.a(CyFlash.o)
 .debug_abbrev  0x00001dda       0xc0 .\CortexM0\ARM_GCC_541\Debug\Motor Board Rev2.a(cyutils.o)
 .debug_abbrev  0x00001e9a      0x14f .\CortexM0\ARM_GCC_541\Debug\Motor Board Rev2.a(UART_SPI_UART.o)

.debug_line     0x00000000     0x33c0
 *(.debug_line)
 .debug_line    0x00000000      0x546 .\CortexM0\ARM_GCC_541\Debug\main.o
 .debug_line    0x00000546      0x1bf .\CortexM0\ARM_GCC_541\Debug\cyfitter_cfg.o
 .debug_line    0x00000705      0x141 .\CortexM0\ARM_GCC_541\Debug\cymetadata.o
 .debug_line    0x00000846      0x236 .\CortexM0\ARM_GCC_541\Debug\Cm0Start.o
 .debug_line    0x00000a7c      0x8cb .\CortexM0\ARM_GCC_541\Debug\Motor Board Rev2.a(CyLib.o)
 .debug_line    0x00001347      0x5d1 .\CortexM0\ARM_GCC_541\Debug\Motor Board Rev2.a(CyLFClk.o)
 .debug_line    0x00001918      0x382 .\CortexM0\ARM_GCC_541\Debug\Motor Board Rev2.a(PWM_Motor.o)
 .debug_line    0x00001c9a       0xc5 .\CortexM0\ARM_GCC_541\Debug\Motor Board Rev2.a(Pin_Direction.o)
 .debug_line    0x00001d5f      0x153 .\CortexM0\ARM_GCC_541\Debug\Motor Board Rev2.a(isr_Limit_1.o)
 .debug_line    0x00001eb2      0x123 .\CortexM0\ARM_GCC_541\Debug\Motor Board Rev2.a(QuadDec.o)
 .debug_line    0x00001fd5      0x196 .\CortexM0\ARM_GCC_541\Debug\Motor Board Rev2.a(QuadDec_Cnt16.o)
 .debug_line    0x0000216b       0xc2 .\CortexM0\ARM_GCC_541\Debug\Motor Board Rev2.a(Status_Reg_Switches.o)
 .debug_line    0x0000222d      0x3e7 .\CortexM0\ARM_GCC_541\Debug\Motor Board Rev2.a(CAN.o)
 .debug_line    0x00002614       0x53 .\CortexM0\ARM_GCC_541\Debug\Motor Board Rev2.a(CAN_INT.o)
 .debug_line    0x00002667      0x214 .\CortexM0\ARM_GCC_541\Debug\Motor Board Rev2.a(CAN_TX_RX_func.o)
 .debug_line    0x0000287b      0x108 .\CortexM0\ARM_GCC_541\Debug\Motor Board Rev2.a(UART.o)
 .debug_line    0x00002983      0x1cf .\CortexM0\ARM_GCC_541\Debug\Motor Board Rev2.a(UART_UART.o)
 .debug_line    0x00002b52       0xb7 .\CortexM0\ARM_GCC_541\Debug\Motor Board Rev2.a(Can_addr.o)
 .debug_line    0x00002c09      0x17b .\CortexM0\ARM_GCC_541\Debug\Motor Board Rev2.a(Timer_1.o)
 .debug_line    0x00002d84      0x156 .\CortexM0\ARM_GCC_541\Debug\Motor Board Rev2.a(isr_period.o)
 .debug_line    0x00002eda       0xbd .\CortexM0\ARM_GCC_541\Debug\Motor Board Rev2.a(Error.o)
 .debug_line    0x00002f97       0xc0 .\CortexM0\ARM_GCC_541\Debug\Motor Board Rev2.a(Test_LED.o)
 .debug_line    0x00003057       0x68 .\CortexM0\ARM_GCC_541\Debug\Motor Board Rev2.a(CyBootAsmGnu.o)
 .debug_line    0x000030bf      0x173 .\CortexM0\ARM_GCC_541\Debug\Motor Board Rev2.a(CyFlash.o)
 .debug_line    0x00003232       0x74 .\CortexM0\ARM_GCC_541\Debug\Motor Board Rev2.a(cyutils.o)
 .debug_line    0x000032a6      0x11a .\CortexM0\ARM_GCC_541\Debug\Motor Board Rev2.a(UART_SPI_UART.o)

.debug_frame    0x00000000     0x2628
 *(.debug_frame)
 .debug_frame   0x00000000      0x210 .\CortexM0\ARM_GCC_541\Debug\main.o
 .debug_frame   0x00000210       0xb8 .\CortexM0\ARM_GCC_541\Debug\cyfitter_cfg.o
 .debug_frame   0x000002c8       0xbc .\CortexM0\ARM_GCC_541\Debug\Cm0Start.o
 .debug_frame   0x00000384      0x6f4 .\CortexM0\ARM_GCC_541\Debug\Motor Board Rev2.a(CyLib.o)
 .debug_frame   0x00000a78      0x4a4 .\CortexM0\ARM_GCC_541\Debug\Motor Board Rev2.a(CyLFClk.o)
 .debug_frame   0x00000f1c      0x3a0 .\CortexM0\ARM_GCC_541\Debug\Motor Board Rev2.a(PWM_Motor.o)
 .debug_frame   0x000012bc       0x70 .\CortexM0\ARM_GCC_541\Debug\Motor Board Rev2.a(Pin_Direction.o)
 .debug_frame   0x0000132c      0x110 .\CortexM0\ARM_GCC_541\Debug\Motor Board Rev2.a(isr_Limit_1.o)
 .debug_frame   0x0000143c       0xdc .\CortexM0\ARM_GCC_541\Debug\Motor Board Rev2.a(QuadDec.o)
 .debug_frame   0x00001518      0x134 .\CortexM0\ARM_GCC_541\Debug\Motor Board Rev2.a(QuadDec_Cnt16.o)
 .debug_frame   0x0000164c       0x78 .\CortexM0\ARM_GCC_541\Debug\Motor Board Rev2.a(Status_Reg_Switches.o)
 .debug_frame   0x000016c4      0x238 .\CortexM0\ARM_GCC_541\Debug\Motor Board Rev2.a(CAN.o)
 .debug_frame   0x000018fc       0x20 .\CortexM0\ARM_GCC_541\Debug\Motor Board Rev2.a(CAN_INT.o)
 .debug_frame   0x0000191c      0x140 .\CortexM0\ARM_GCC_541\Debug\Motor Board Rev2.a(CAN_TX_RX_func.o)
 .debug_frame   0x00001a5c       0xd8 .\CortexM0\ARM_GCC_541\Debug\Motor Board Rev2.a(UART.o)
 .debug_frame   0x00001b34      0x144 .\CortexM0\ARM_GCC_541\Debug\Motor Board Rev2.a(UART_UART.o)
 .debug_frame   0x00001c78       0x78 .\CortexM0\ARM_GCC_541\Debug\Motor Board Rev2.a(Can_addr.o)
 .debug_frame   0x00001cf0      0x160 .\CortexM0\ARM_GCC_541\Debug\Motor Board Rev2.a(Timer_1.o)
 .debug_frame   0x00001e50      0x110 .\CortexM0\ARM_GCC_541\Debug\Motor Board Rev2.a(isr_period.o)
 .debug_frame   0x00001f60       0x70 .\CortexM0\ARM_GCC_541\Debug\Motor Board Rev2.a(Error.o)
 .debug_frame   0x00001fd0       0x70 .\CortexM0\ARM_GCC_541\Debug\Motor Board Rev2.a(Test_LED.o)
 .debug_frame   0x00002040       0x90 .\CortexM0\ARM_GCC_541\Debug\Motor Board Rev2.a(CyFlash.o)
 .debug_frame   0x000020d0       0x30 .\CortexM0\ARM_GCC_541\Debug\Motor Board Rev2.a(cyutils.o)
 .debug_frame   0x00002100       0xb0 .\CortexM0\ARM_GCC_541\Debug\Motor Board Rev2.a(UART_SPI_UART.o)
 .debug_frame   0x000021b0       0x20 c:/program files (x86)/cypress/psoc creator/4.2/psoc creator/import/gnu/arm/5.4.1/bin/../lib/gcc/arm-none-eabi/5.4.1/armv6-m\libgcc.a(_udivsi3.o)
 .debug_frame   0x000021d0       0x20 c:/program files (x86)/cypress/psoc creator/4.2/psoc creator/import/gnu/arm/5.4.1/bin/../lib/gcc/arm-none-eabi/5.4.1/armv6-m\libgcc.a(_divsi3.o)
 .debug_frame   0x000021f0       0x3c c:/program files (x86)/cypress/psoc creator/4.2/psoc creator/import/gnu/arm/5.4.1/bin/../lib/gcc/arm-none-eabi/5.4.1/armv6-m\libgcc.a(divdf3.o)
 .debug_frame   0x0000222c       0x3c c:/program files (x86)/cypress/psoc creator/4.2/psoc creator/import/gnu/arm/5.4.1/bin/../lib/gcc/arm-none-eabi/5.4.1/armv6-m\libgcc.a(muldf3.o)
 .debug_frame   0x00002268       0x2c c:/program files (x86)/cypress/psoc creator/4.2/psoc creator/import/gnu/arm/5.4.1/bin/../lib/gcc/arm-none-eabi/5.4.1/armv6-m\libgcc.a(fixdfsi.o)
 .debug_frame   0x00002294       0x2c c:/program files (x86)/cypress/psoc creator/4.2/psoc creator/import/gnu/arm/5.4.1/bin/../lib/gcc/arm-none-eabi/5.4.1/armv6-m\libgcc.a(floatsidf.o)
 .debug_frame   0x000022c0       0x20 c:/program files (x86)/cypress/psoc creator/4.2/psoc creator/import/gnu/arm/5.4.1/bin/../lib/gcc/arm-none-eabi/5.4.1/../../../../arm-none-eabi/lib/armv6-m\libg_nano.a(lib_a-errno.o)
 .debug_frame   0x000022e0       0x28 c:/program files (x86)/cypress/psoc creator/4.2/psoc creator/import/gnu/arm/5.4.1/bin/../lib/gcc/arm-none-eabi/5.4.1/../../../../arm-none-eabi/lib/armv6-m\libg_nano.a(lib_a-exit.o)
 .debug_frame   0x00002308       0x2c c:/program files (x86)/cypress/psoc creator/4.2/psoc creator/import/gnu/arm/5.4.1/bin/../lib/gcc/arm-none-eabi/5.4.1/../../../../arm-none-eabi/lib/armv6-m\libg_nano.a(lib_a-init.o)
 .debug_frame   0x00002334       0x28 c:/program files (x86)/cypress/psoc creator/4.2/psoc creator/import/gnu/arm/5.4.1/bin/../lib/gcc/arm-none-eabi/5.4.1/../../../../arm-none-eabi/lib/armv6-m\libg_nano.a(lib_a-memcpy-stub.o)
 .debug_frame   0x0000235c       0x20 c:/program files (x86)/cypress/psoc creator/4.2/psoc creator/import/gnu/arm/5.4.1/bin/../lib/gcc/arm-none-eabi/5.4.1/../../../../arm-none-eabi/lib/armv6-m\libg_nano.a(lib_a-memset.o)
 .debug_frame   0x0000237c       0x50 c:/program files (x86)/cypress/psoc creator/4.2/psoc creator/import/gnu/arm/5.4.1/bin/../lib/gcc/arm-none-eabi/5.4.1/../../../../arm-none-eabi/lib/armv6-m\libg_nano.a(lib_a-sprintf.o)
 .debug_frame   0x000023cc       0x74 c:/program files (x86)/cypress/psoc creator/4.2/psoc creator/import/gnu/arm/5.4.1/bin/../lib/gcc/arm-none-eabi/5.4.1/../../../../arm-none-eabi/lib/armv6-m\libg_nano.a(lib_a-nano-svfprintf.o)
 .debug_frame   0x00002440       0x54 c:/program files (x86)/cypress/psoc creator/4.2/psoc creator/import/gnu/arm/5.4.1/bin/../lib/gcc/arm-none-eabi/5.4.1/../../../../arm-none-eabi/lib/armv6-m\libg_nano.a(lib_a-nano-vfprintf_i.o)
 .debug_frame   0x00002494       0x20 c:/program files (x86)/cypress/psoc creator/4.2/psoc creator/import/gnu/arm/5.4.1/bin/../lib/gcc/arm-none-eabi/5.4.1/../../../../arm-none-eabi/lib/armv6-m\libg_nano.a(lib_a-memchr-stub.o)
 .debug_frame   0x000024b4       0x28 c:/program files (x86)/cypress/psoc creator/4.2/psoc creator/import/gnu/arm/5.4.1/bin/../lib/gcc/arm-none-eabi/5.4.1/../../../../arm-none-eabi/lib/armv6-m\libg_nano.a(lib_a-memmove.o)
 .debug_frame   0x000024dc       0x2c c:/program files (x86)/cypress/psoc creator/4.2/psoc creator/import/gnu/arm/5.4.1/bin/../lib/gcc/arm-none-eabi/5.4.1/../../../../arm-none-eabi/lib/armv6-m\libg_nano.a(lib_a-nano-freer.o)
 .debug_frame   0x00002508       0x2c c:/program files (x86)/cypress/psoc creator/4.2/psoc creator/import/gnu/arm/5.4.1/bin/../lib/gcc/arm-none-eabi/5.4.1/../../../../arm-none-eabi/lib/armv6-m\libg_nano.a(lib_a-nano-mallocr.o)
 .debug_frame   0x00002534       0x30 c:/program files (x86)/cypress/psoc creator/4.2/psoc creator/import/gnu/arm/5.4.1/bin/../lib/gcc/arm-none-eabi/5.4.1/../../../../arm-none-eabi/lib/armv6-m\libg_nano.a(lib_a-nano-reallocr.o)
 .debug_frame   0x00002564       0x2c c:/program files (x86)/cypress/psoc creator/4.2/psoc creator/import/gnu/arm/5.4.1/bin/../lib/gcc/arm-none-eabi/5.4.1/../../../../arm-none-eabi/lib/armv6-m\libg_nano.a(lib_a-sbrkr.o)
 .debug_frame   0x00002590       0x30 c:/program files (x86)/cypress/psoc creator/4.2/psoc creator/import/gnu/arm/5.4.1/bin/../lib/gcc/arm-none-eabi/5.4.1/../../../../arm-none-eabi/lib/armv6-m\libg_nano.a(lib_a-mlock.o)
 .debug_frame   0x000025c0       0x20 c:/program files (x86)/cypress/psoc creator/4.2/psoc creator/import/gnu/arm/5.4.1/bin/../lib/gcc/arm-none-eabi/5.4.1/../../../../arm-none-eabi/lib/armv6-m\libg_nano.a(lib_a-nano-msizer.o)
 .debug_frame   0x000025e0       0x48 c:/program files (x86)/cypress/psoc creator/4.2/psoc creator/import/gnu/arm/5.4.1/bin/../lib/gcc/arm-none-eabi/5.4.1/../../../../arm-none-eabi/lib/armv6-m\libg_nano.a(lib_a-reent.o)

.debug_str      0x00000000     0x3003
 *(.debug_str)
 .debug_str     0x00000000      0x63d .\CortexM0\ARM_GCC_541\Debug\main.o
                                0x6be (size before relaxing)
 .debug_str     0x0000063d      0x131 .\CortexM0\ARM_GCC_541\Debug\cyfitter_cfg.o
                                0x317 (size before relaxing)
 .debug_str     0x0000076e       0x63 .\CortexM0\ARM_GCC_541\Debug\cymetadata.o
                                0x1e2 (size before relaxing)
 .debug_str     0x000007d1      0x134 .\CortexM0\ARM_GCC_541\Debug\Cm0Start.o
                                0x31b (size before relaxing)
 .debug_str     0x00000905      0x90e .\CortexM0\ARM_GCC_541\Debug\Motor Board Rev2.a(CyLib.o)
                                0xb58 (size before relaxing)
 .debug_str     0x00001213      0x6d9 .\CortexM0\ARM_GCC_541\Debug\Motor Board Rev2.a(CyLFClk.o)
                                0x937 (size before relaxing)
 .debug_str     0x000018ec      0x450 .\CortexM0\ARM_GCC_541\Debug\Motor Board Rev2.a(PWM_Motor.o)
                                0x673 (size before relaxing)
 .debug_str     0x00001d3c       0xcf .\CortexM0\ARM_GCC_541\Debug\Motor Board Rev2.a(Pin_Direction.o)
                                0x288 (size before relaxing)
 .debug_str     0x00001e0b      0x135 .\CortexM0\ARM_GCC_541\Debug\Motor Board Rev2.a(isr_Limit_1.o)
                                0x358 (size before relaxing)
 .debug_str     0x00001f40      0x101 .\CortexM0\ARM_GCC_541\Debug\Motor Board Rev2.a(QuadDec.o)
                                0x337 (size before relaxing)
 .debug_str     0x00002041      0x1cb .\CortexM0\ARM_GCC_541\Debug\Motor Board Rev2.a(QuadDec_Cnt16.o)
                                0x40a (size before relaxing)
 .debug_str     0x0000220c       0x8d .\CortexM0\ARM_GCC_541\Debug\Motor Board Rev2.a(Status_Reg_Switches.o)
                                0x2ab (size before relaxing)
 .debug_str     0x00002299      0x2d9 .\CortexM0\ARM_GCC_541\Debug\Motor Board Rev2.a(CAN.o)
                                0x550 (size before relaxing)
 .debug_str     0x00002572       0x29 .\CortexM0\ARM_GCC_541\Debug\Motor Board Rev2.a(CAN_INT.o)
                                0x1be (size before relaxing)
 .debug_str     0x0000259b      0x1df .\CortexM0\ARM_GCC_541\Debug\Motor Board Rev2.a(CAN_TX_RX_func.o)
                                0x45d (size before relaxing)
 .debug_str     0x0000277a       0xf7 .\CortexM0\ARM_GCC_541\Debug\Motor Board Rev2.a(UART.o)
                                0x2b1 (size before relaxing)
 .debug_str     0x00002871      0x1d2 .\CortexM0\ARM_GCC_541\Debug\Motor Board Rev2.a(UART_UART.o)
                                0x3e2 (size before relaxing)
 .debug_str     0x00002a43       0x7a .\CortexM0\ARM_GCC_541\Debug\Motor Board Rev2.a(Can_addr.o)
                                0x269 (size before relaxing)
 .debug_str     0x00002abd      0x175 .\CortexM0\ARM_GCC_541\Debug\Motor Board Rev2.a(Timer_1.o)
                                0x38f (size before relaxing)
 .debug_str     0x00002c32      0x119 .\CortexM0\ARM_GCC_541\Debug\Motor Board Rev2.a(isr_period.o)
                                0x34a (size before relaxing)
 .debug_str     0x00002d4b       0x7b .\CortexM0\ARM_GCC_541\Debug\Motor Board Rev2.a(Error.o)
                                0x250 (size before relaxing)
 .debug_str     0x00002dc6       0x8d .\CortexM0\ARM_GCC_541\Debug\Motor Board Rev2.a(Test_LED.o)
                                0x265 (size before relaxing)
 .debug_str     0x00002e53       0xab .\CortexM0\ARM_GCC_541\Debug\Motor Board Rev2.a(CyFlash.o)
                                0x2ca (size before relaxing)
 .debug_str     0x00002efe       0x29 .\CortexM0\ARM_GCC_541\Debug\Motor Board Rev2.a(cyutils.o)
                                0x1d7 (size before relaxing)
 .debug_str     0x00002f27       0xdc .\CortexM0\ARM_GCC_541\Debug\Motor Board Rev2.a(UART_SPI_UART.o)
                                0x2e8 (size before relaxing)

.debug_loc      0x00000000     0x4737
 *(.debug_loc)
 .debug_loc     0x00000000      0x3c6 .\CortexM0\ARM_GCC_541\Debug\main.o
 .debug_loc     0x000003c6      0x136 .\CortexM0\ARM_GCC_541\Debug\cyfitter_cfg.o
 .debug_loc     0x000004fc      0x14f .\CortexM0\ARM_GCC_541\Debug\Cm0Start.o
 .debug_loc     0x0000064b     0x182f .\CortexM0\ARM_GCC_541\Debug\Motor Board Rev2.a(CyLib.o)
 .debug_loc     0x00001e7a      0xdb7 .\CortexM0\ARM_GCC_541\Debug\Motor Board Rev2.a(CyLFClk.o)
 .debug_loc     0x00002c31      0x547 .\CortexM0\ARM_GCC_541\Debug\Motor Board Rev2.a(PWM_Motor.o)
 .debug_loc     0x00003178       0xa2 .\CortexM0\ARM_GCC_541\Debug\Motor Board Rev2.a(Pin_Direction.o)
 .debug_loc     0x0000321a       0x82 .\CortexM0\ARM_GCC_541\Debug\Motor Board Rev2.a(isr_Limit_1.o)
 .debug_loc     0x0000329c       0xa0 .\CortexM0\ARM_GCC_541\Debug\Motor Board Rev2.a(QuadDec.o)
 .debug_loc     0x0000333c       0x3d .\CortexM0\ARM_GCC_541\Debug\Motor Board Rev2.a(QuadDec_Cnt16.o)
 .debug_loc     0x00003379       0x44 .\CortexM0\ARM_GCC_541\Debug\Motor Board Rev2.a(Status_Reg_Switches.o)
 .debug_loc     0x000033bd      0xa5e .\CortexM0\ARM_GCC_541\Debug\Motor Board Rev2.a(CAN.o)
 .debug_loc     0x00003e1b      0x17f .\CortexM0\ARM_GCC_541\Debug\Motor Board Rev2.a(CAN_TX_RX_func.o)
 .debug_loc     0x00003f9a       0x7e .\CortexM0\ARM_GCC_541\Debug\Motor Board Rev2.a(UART.o)
 .debug_loc     0x00004018      0x223 .\CortexM0\ARM_GCC_541\Debug\Motor Board Rev2.a(UART_UART.o)
 .debug_loc     0x0000423b       0x44 .\CortexM0\ARM_GCC_541\Debug\Motor Board Rev2.a(Can_addr.o)
 .debug_loc     0x0000427f       0x6b .\CortexM0\ARM_GCC_541\Debug\Motor Board Rev2.a(Timer_1.o)
 .debug_loc     0x000042ea       0x82 .\CortexM0\ARM_GCC_541\Debug\Motor Board Rev2.a(isr_period.o)
 .debug_loc     0x0000436c       0xa2 .\CortexM0\ARM_GCC_541\Debug\Motor Board Rev2.a(Error.o)
 .debug_loc     0x0000440e       0xa2 .\CortexM0\ARM_GCC_541\Debug\Motor Board Rev2.a(Test_LED.o)
 .debug_loc     0x000044b0      0x160 .\CortexM0\ARM_GCC_541\Debug\Motor Board Rev2.a(CyFlash.o)
 .debug_loc     0x00004610       0x91 .\CortexM0\ARM_GCC_541\Debug\Motor Board Rev2.a(cyutils.o)
 .debug_loc     0x000046a1       0x96 .\CortexM0\ARM_GCC_541\Debug\Motor Board Rev2.a(UART_SPI_UART.o)

.debug_macinfo
 *(.debug_macinfo)

.debug_ranges   0x00000000      0xc28
 *(.debug_ranges)
 .debug_ranges  0x00000000       0x90 .\CortexM0\ARM_GCC_541\Debug\main.o
 .debug_ranges  0x00000090       0x38 .\CortexM0\ARM_GCC_541\Debug\cyfitter_cfg.o
 .debug_ranges  0x000000c8       0x38 .\CortexM0\ARM_GCC_541\Debug\Cm0Start.o
 .debug_ranges  0x00000100      0x250 .\CortexM0\ARM_GCC_541\Debug\Motor Board Rev2.a(CyLib.o)
 .debug_ranges  0x00000350      0x178 .\CortexM0\ARM_GCC_541\Debug\Motor Board Rev2.a(CyLFClk.o)
 .debug_ranges  0x000004c8      0x148 .\CortexM0\ARM_GCC_541\Debug\Motor Board Rev2.a(PWM_Motor.o)
 .debug_ranges  0x00000610       0x38 .\CortexM0\ARM_GCC_541\Debug\Motor Board Rev2.a(Pin_Direction.o)
 .debug_ranges  0x00000648       0x70 .\CortexM0\ARM_GCC_541\Debug\Motor Board Rev2.a(isr_Limit_1.o)
 .debug_ranges  0x000006b8       0x50 .\CortexM0\ARM_GCC_541\Debug\Motor Board Rev2.a(QuadDec.o)
 .debug_ranges  0x00000708       0x88 .\CortexM0\ARM_GCC_541\Debug\Motor Board Rev2.a(QuadDec_Cnt16.o)
 .debug_ranges  0x00000790       0x30 .\CortexM0\ARM_GCC_541\Debug\Motor Board Rev2.a(Status_Reg_Switches.o)
 .debug_ranges  0x000007c0       0xd8 .\CortexM0\ARM_GCC_541\Debug\Motor Board Rev2.a(CAN.o)
 .debug_ranges  0x00000898       0x10 .\CortexM0\ARM_GCC_541\Debug\Motor Board Rev2.a(CAN_INT.o)
 .debug_ranges  0x000008a8       0x90 .\CortexM0\ARM_GCC_541\Debug\Motor Board Rev2.a(CAN_TX_RX_func.o)
 .debug_ranges  0x00000938       0x48 .\CortexM0\ARM_GCC_541\Debug\Motor Board Rev2.a(UART.o)
 .debug_ranges  0x00000980       0x80 .\CortexM0\ARM_GCC_541\Debug\Motor Board Rev2.a(UART_UART.o)
 .debug_ranges  0x00000a00       0x30 .\CortexM0\ARM_GCC_541\Debug\Motor Board Rev2.a(Can_addr.o)
 .debug_ranges  0x00000a30       0x80 .\CortexM0\ARM_GCC_541\Debug\Motor Board Rev2.a(Timer_1.o)
 .debug_ranges  0x00000ab0       0x70 .\CortexM0\ARM_GCC_541\Debug\Motor Board Rev2.a(isr_period.o)
 .debug_ranges  0x00000b20       0x38 .\CortexM0\ARM_GCC_541\Debug\Motor Board Rev2.a(Error.o)
 .debug_ranges  0x00000b58       0x38 .\CortexM0\ARM_GCC_541\Debug\Motor Board Rev2.a(Test_LED.o)
 .debug_ranges  0x00000b90       0x30 .\CortexM0\ARM_GCC_541\Debug\Motor Board Rev2.a(CyFlash.o)
 .debug_ranges  0x00000bc0       0x18 .\CortexM0\ARM_GCC_541\Debug\Motor Board Rev2.a(cyutils.o)
 .debug_ranges  0x00000bd8       0x50 .\CortexM0\ARM_GCC_541\Debug\Motor Board Rev2.a(UART_SPI_UART.o)

.comment        0x00000000       0x6e
 .comment       0x00000000       0x6e .\CortexM0\ARM_GCC_541\Debug\main.o
                                 0x6f (size before relaxing)
 .comment       0x0000006e       0x6f .\CortexM0\ARM_GCC_541\Debug\cyfitter_cfg.o
 .comment       0x0000006e       0x6f .\CortexM0\ARM_GCC_541\Debug\cymetadata.o
 .comment       0x0000006e       0x6f .\CortexM0\ARM_GCC_541\Debug\Cm0Start.o
 .comment       0x0000006e       0x6f .\CortexM0\ARM_GCC_541\Debug\Motor Board Rev2.a(CyLib.o)
 .comment       0x0000006e       0x6f .\CortexM0\ARM_GCC_541\Debug\Motor Board Rev2.a(CyLFClk.o)
 .comment       0x0000006e       0x6f .\CortexM0\ARM_GCC_541\Debug\Motor Board Rev2.a(PWM_Motor.o)
 .comment       0x0000006e       0x6f .\CortexM0\ARM_GCC_541\Debug\Motor Board Rev2.a(Pin_Direction.o)
 .comment       0x0000006e       0x6f .\CortexM0\ARM_GCC_541\Debug\Motor Board Rev2.a(isr_Limit_1.o)
 .comment       0x0000006e       0x6f .\CortexM0\ARM_GCC_541\Debug\Motor Board Rev2.a(QuadDec.o)
 .comment       0x0000006e       0x6f .\CortexM0\ARM_GCC_541\Debug\Motor Board Rev2.a(QuadDec_Cnt16.o)
 .comment       0x0000006e       0x6f .\CortexM0\ARM_GCC_541\Debug\Motor Board Rev2.a(Status_Reg_Switches.o)
 .comment       0x0000006e       0x6f .\CortexM0\ARM_GCC_541\Debug\Motor Board Rev2.a(CAN.o)
 .comment       0x0000006e       0x6f .\CortexM0\ARM_GCC_541\Debug\Motor Board Rev2.a(CAN_INT.o)
 .comment       0x0000006e       0x6f .\CortexM0\ARM_GCC_541\Debug\Motor Board Rev2.a(CAN_TX_RX_func.o)
 .comment       0x0000006e       0x6f .\CortexM0\ARM_GCC_541\Debug\Motor Board Rev2.a(UART.o)
 .comment       0x0000006e       0x6f .\CortexM0\ARM_GCC_541\Debug\Motor Board Rev2.a(UART_UART.o)
 .comment       0x0000006e       0x6f .\CortexM0\ARM_GCC_541\Debug\Motor Board Rev2.a(Can_addr.o)
 .comment       0x0000006e       0x6f .\CortexM0\ARM_GCC_541\Debug\Motor Board Rev2.a(Timer_1.o)
 .comment       0x0000006e       0x6f .\CortexM0\ARM_GCC_541\Debug\Motor Board Rev2.a(isr_period.o)
 .comment       0x0000006e       0x6f .\CortexM0\ARM_GCC_541\Debug\Motor Board Rev2.a(Error.o)
 .comment       0x0000006e       0x6f .\CortexM0\ARM_GCC_541\Debug\Motor Board Rev2.a(Test_LED.o)
 .comment       0x0000006e       0x6f .\CortexM0\ARM_GCC_541\Debug\Motor Board Rev2.a(CyFlash.o)
 .comment       0x0000006e       0x6f .\CortexM0\ARM_GCC_541\Debug\Motor Board Rev2.a(cyutils.o)
 .comment       0x0000006e       0x6f .\CortexM0\ARM_GCC_541\Debug\Motor Board Rev2.a(UART_SPI_UART.o)

.debug_weaknames
 *(.debug_weaknames)

.debug_funcnames
 *(.debug_funcnames)

.debug_typenames
 *(.debug_typenames)

.debug_varnames
 *(.debug_varnames)

.note.gnu.arm.ident
 *(.note.gnu.arm.ident)

.ARM.attributes
                0x00000000       0x28
 *(.ARM.attributes)
 .ARM.attributes
                0x00000000       0x1e c:/program files (x86)/cypress/psoc creator/4.2/psoc creator/import/gnu/arm/5.4.1/bin/../lib/gcc/arm-none-eabi/5.4.1/armv6-m/crti.o
 .ARM.attributes
                0x0000001e       0x2c c:/program files (x86)/cypress/psoc creator/4.2/psoc creator/import/gnu/arm/5.4.1/bin/../lib/gcc/arm-none-eabi/5.4.1/armv6-m/crtbegin.o
 .ARM.attributes
                0x0000004a       0x1b c:/program files (x86)/cypress/psoc creator/4.2/psoc creator/import/gnu/arm/5.4.1/bin/../lib/gcc/arm-none-eabi/5.4.1/../../../../arm-none-eabi/lib/armv6-m/crt0.o
 .ARM.attributes
                0x00000065       0x31 .\CortexM0\ARM_GCC_541\Debug\main.o
 .ARM.attributes
                0x00000096       0x31 .\CortexM0\ARM_GCC_541\Debug\cyfitter_cfg.o
 .ARM.attributes
                0x000000c7       0x31 .\CortexM0\ARM_GCC_541\Debug\cymetadata.o
 .ARM.attributes
                0x000000f8       0x31 .\CortexM0\ARM_GCC_541\Debug\Cm0Start.o
 .ARM.attributes
                0x00000129       0x31 .\CortexM0\ARM_GCC_541\Debug\Motor Board Rev2.a(CyLib.o)
 .ARM.attributes
                0x0000015a       0x31 .\CortexM0\ARM_GCC_541\Debug\Motor Board Rev2.a(CyLFClk.o)
 .ARM.attributes
                0x0000018b       0x31 .\CortexM0\ARM_GCC_541\Debug\Motor Board Rev2.a(PWM_Motor.o)
 .ARM.attributes
                0x000001bc       0x31 .\CortexM0\ARM_GCC_541\Debug\Motor Board Rev2.a(Pin_Direction.o)
 .ARM.attributes
                0x000001ed       0x31 .\CortexM0\ARM_GCC_541\Debug\Motor Board Rev2.a(isr_Limit_1.o)
 .ARM.attributes
                0x0000021e       0x31 .\CortexM0\ARM_GCC_541\Debug\Motor Board Rev2.a(QuadDec.o)
 .ARM.attributes
                0x0000024f       0x31 .\CortexM0\ARM_GCC_541\Debug\Motor Board Rev2.a(QuadDec_Cnt16.o)
 .ARM.attributes
                0x00000280       0x31 .\CortexM0\ARM_GCC_541\Debug\Motor Board Rev2.a(Status_Reg_Switches.o)
 .ARM.attributes
                0x000002b1       0x31 .\CortexM0\ARM_GCC_541\Debug\Motor Board Rev2.a(CAN.o)
 .ARM.attributes
                0x000002e2       0x31 .\CortexM0\ARM_GCC_541\Debug\Motor Board Rev2.a(CAN_INT.o)
 .ARM.attributes
                0x00000313       0x31 .\CortexM0\ARM_GCC_541\Debug\Motor Board Rev2.a(CAN_TX_RX_func.o)
 .ARM.attributes
                0x00000344       0x31 .\CortexM0\ARM_GCC_541\Debug\Motor Board Rev2.a(UART.o)
 .ARM.attributes
                0x00000375       0x31 .\CortexM0\ARM_GCC_541\Debug\Motor Board Rev2.a(UART_UART.o)
 .ARM.attributes
                0x000003a6       0x31 .\CortexM0\ARM_GCC_541\Debug\Motor Board Rev2.a(Can_addr.o)
 .ARM.attributes
                0x000003d7       0x31 .\CortexM0\ARM_GCC_541\Debug\Motor Board Rev2.a(Timer_1.o)
 .ARM.attributes
                0x00000408       0x31 .\CortexM0\ARM_GCC_541\Debug\Motor Board Rev2.a(isr_period.o)
 .ARM.attributes
                0x00000439       0x31 .\CortexM0\ARM_GCC_541\Debug\Motor Board Rev2.a(Error.o)
 .ARM.attributes
                0x0000046a       0x31 .\CortexM0\ARM_GCC_541\Debug\Motor Board Rev2.a(Test_LED.o)
 .ARM.attributes
                0x0000049b       0x21 .\CortexM0\ARM_GCC_541\Debug\Motor Board Rev2.a(CyBootAsmGnu.o)
 .ARM.attributes
                0x000004bc       0x31 .\CortexM0\ARM_GCC_541\Debug\Motor Board Rev2.a(CyFlash.o)
 .ARM.attributes
                0x000004ed       0x31 .\CortexM0\ARM_GCC_541\Debug\Motor Board Rev2.a(cyutils.o)
 .ARM.attributes
                0x0000051e       0x31 .\CortexM0\ARM_GCC_541\Debug\Motor Board Rev2.a(UART_SPI_UART.o)
 .ARM.attributes
                0x0000054f       0x1e c:/program files (x86)/cypress/psoc creator/4.2/psoc creator/import/gnu/arm/5.4.1/bin/../lib/gcc/arm-none-eabi/5.4.1/armv6-m\libgcc.a(_udivsi3.o)
 .ARM.attributes
                0x0000056d       0x1e c:/program files (x86)/cypress/psoc creator/4.2/psoc creator/import/gnu/arm/5.4.1/bin/../lib/gcc/arm-none-eabi/5.4.1/armv6-m\libgcc.a(_divsi3.o)
 .ARM.attributes
                0x0000058b       0x1e c:/program files (x86)/cypress/psoc creator/4.2/psoc creator/import/gnu/arm/5.4.1/bin/../lib/gcc/arm-none-eabi/5.4.1/armv6-m\libgcc.a(_dvmd_tls.o)
 .ARM.attributes
                0x000005a9       0x2c c:/program files (x86)/cypress/psoc creator/4.2/psoc creator/import/gnu/arm/5.4.1/bin/../lib/gcc/arm-none-eabi/5.4.1/armv6-m\libgcc.a(divdf3.o)
 .ARM.attributes
                0x000005d5       0x2c c:/program files (x86)/cypress/psoc creator/4.2/psoc creator/import/gnu/arm/5.4.1/bin/../lib/gcc/arm-none-eabi/5.4.1/armv6-m\libgcc.a(muldf3.o)
 .ARM.attributes
                0x00000601       0x2c c:/program files (x86)/cypress/psoc creator/4.2/psoc creator/import/gnu/arm/5.4.1/bin/../lib/gcc/arm-none-eabi/5.4.1/armv6-m\libgcc.a(fixdfsi.o)
 .ARM.attributes
                0x0000062d       0x2c c:/program files (x86)/cypress/psoc creator/4.2/psoc creator/import/gnu/arm/5.4.1/bin/../lib/gcc/arm-none-eabi/5.4.1/armv6-m\libgcc.a(floatsidf.o)
 .ARM.attributes
                0x00000659       0x1e c:/program files (x86)/cypress/psoc creator/4.2/psoc creator/import/gnu/arm/5.4.1/bin/../lib/gcc/arm-none-eabi/5.4.1/armv6-m\libgcc.a(_clzsi2.o)
 .ARM.attributes
                0x00000677       0x2c c:/program files (x86)/cypress/psoc creator/4.2/psoc creator/import/gnu/arm/5.4.1/bin/../lib/gcc/arm-none-eabi/5.4.1/../../../../arm-none-eabi/lib/armv6-m\libg_nano.a(lib_a-errno.o)
 .ARM.attributes
                0x000006a3       0x2c c:/program files (x86)/cypress/psoc creator/4.2/psoc creator/import/gnu/arm/5.4.1/bin/../lib/gcc/arm-none-eabi/5.4.1/../../../../arm-none-eabi/lib/armv6-m\libg_nano.a(lib_a-exit.o)
 .ARM.attributes
                0x000006cf       0x2c c:/program files (x86)/cypress/psoc creator/4.2/psoc creator/import/gnu/arm/5.4.1/bin/../lib/gcc/arm-none-eabi/5.4.1/../../../../arm-none-eabi/lib/armv6-m\libg_nano.a(lib_a-impure.o)
 .ARM.attributes
                0x000006fb       0x2c c:/program files (x86)/cypress/psoc creator/4.2/psoc creator/import/gnu/arm/5.4.1/bin/../lib/gcc/arm-none-eabi/5.4.1/../../../../arm-none-eabi/lib/armv6-m\libg_nano.a(lib_a-init.o)
 .ARM.attributes
                0x00000727       0x2c c:/program files (x86)/cypress/psoc creator/4.2/psoc creator/import/gnu/arm/5.4.1/bin/../lib/gcc/arm-none-eabi/5.4.1/../../../../arm-none-eabi/lib/armv6-m\libg_nano.a(lib_a-memcpy-stub.o)
 .ARM.attributes
                0x00000753       0x2c c:/program files (x86)/cypress/psoc creator/4.2/psoc creator/import/gnu/arm/5.4.1/bin/../lib/gcc/arm-none-eabi/5.4.1/../../../../arm-none-eabi/lib/armv6-m\libg_nano.a(lib_a-memset.o)
 .ARM.attributes
                0x0000077f       0x2c c:/program files (x86)/cypress/psoc creator/4.2/psoc creator/import/gnu/arm/5.4.1/bin/../lib/gcc/arm-none-eabi/5.4.1/../../../../arm-none-eabi/lib/armv6-m\libg_nano.a(lib_a-sprintf.o)
 .ARM.attributes
                0x000007ab       0x2c c:/program files (x86)/cypress/psoc creator/4.2/psoc creator/import/gnu/arm/5.4.1/bin/../lib/gcc/arm-none-eabi/5.4.1/../../../../arm-none-eabi/lib/armv6-m\libg_nano.a(lib_a-nano-svfprintf.o)
 .ARM.attributes
                0x000007d7       0x2c c:/program files (x86)/cypress/psoc creator/4.2/psoc creator/import/gnu/arm/5.4.1/bin/../lib/gcc/arm-none-eabi/5.4.1/../../../../arm-none-eabi/lib/armv6-m\libg_nano.a(lib_a-nano-vfprintf_i.o)
 .ARM.attributes
                0x00000803       0x2c c:/program files (x86)/cypress/psoc creator/4.2/psoc creator/import/gnu/arm/5.4.1/bin/../lib/gcc/arm-none-eabi/5.4.1/../../../../arm-none-eabi/lib/armv6-m\libg_nano.a(lib_a-memchr-stub.o)
 .ARM.attributes
                0x0000082f       0x2c c:/program files (x86)/cypress/psoc creator/4.2/psoc creator/import/gnu/arm/5.4.1/bin/../lib/gcc/arm-none-eabi/5.4.1/../../../../arm-none-eabi/lib/armv6-m\libg_nano.a(lib_a-memmove.o)
 .ARM.attributes
                0x0000085b       0x2c c:/program files (x86)/cypress/psoc creator/4.2/psoc creator/import/gnu/arm/5.4.1/bin/../lib/gcc/arm-none-eabi/5.4.1/../../../../arm-none-eabi/lib/armv6-m\libg_nano.a(lib_a-nano-freer.o)
 .ARM.attributes
                0x00000887       0x2c c:/program files (x86)/cypress/psoc creator/4.2/psoc creator/import/gnu/arm/5.4.1/bin/../lib/gcc/arm-none-eabi/5.4.1/../../../../arm-none-eabi/lib/armv6-m\libg_nano.a(lib_a-nano-mallocr.o)
 .ARM.attributes
                0x000008b3       0x2c c:/program files (x86)/cypress/psoc creator/4.2/psoc creator/import/gnu/arm/5.4.1/bin/../lib/gcc/arm-none-eabi/5.4.1/../../../../arm-none-eabi/lib/armv6-m\libg_nano.a(lib_a-nano-reallocr.o)
 .ARM.attributes
                0x000008df       0x2c c:/program files (x86)/cypress/psoc creator/4.2/psoc creator/import/gnu/arm/5.4.1/bin/../lib/gcc/arm-none-eabi/5.4.1/../../../../arm-none-eabi/lib/armv6-m\libg_nano.a(lib_a-sbrkr.o)
 .ARM.attributes
                0x0000090b       0x2c c:/program files (x86)/cypress/psoc creator/4.2/psoc creator/import/gnu/arm/5.4.1/bin/../lib/gcc/arm-none-eabi/5.4.1/../../../../arm-none-eabi/lib/armv6-m\libg_nano.a(lib_a-mlock.o)
 .ARM.attributes
                0x00000937       0x2c c:/program files (x86)/cypress/psoc creator/4.2/psoc creator/import/gnu/arm/5.4.1/bin/../lib/gcc/arm-none-eabi/5.4.1/../../../../arm-none-eabi/lib/armv6-m\libg_nano.a(lib_a-nano-msizer.o)
 .ARM.attributes
                0x00000963       0x2c c:/program files (x86)/cypress/psoc creator/4.2/psoc creator/import/gnu/arm/5.4.1/bin/../lib/gcc/arm-none-eabi/5.4.1/../../../../arm-none-eabi/lib/armv6-m\libg_nano.a(lib_a-reent.o)
 .ARM.attributes
                0x0000098f       0x2c c:/program files (x86)/cypress/psoc creator/4.2/psoc creator/import/gnu/arm/5.4.1/bin/../lib/gcc/arm-none-eabi/5.4.1/armv6-m/crtend.o
 .ARM.attributes
                0x000009bb       0x1e c:/program files (x86)/cypress/psoc creator/4.2/psoc creator/import/gnu/arm/5.4.1/bin/../lib/gcc/arm-none-eabi/5.4.1/armv6-m/crtn.o

/DISCARD/
 *(.note.GNU-stack)
OUTPUT(C:\Users\austc\OneDrive\Documents\GitHub\Electronics2018-19\Psoc Arm\Motor Board Rev2.cydsn\CortexM0\ARM_GCC_541\Debug\Motor Board Rev2.elf elf32-littlearm)
